{"version":"3.3.0","waypoints":[],"basicEventTypesWithKeywords":{"d":[]},"useNormalEventsAsCompatibleEvents":true,"basicBeatmapEvents":[{"b":8.0,"t":3,"i":5,"f":1.0},{"b":8.0,"t":2,"i":5,"f":1.0},{"b":9.0,"t":3,"i":8,"f":0},{"b":9.0,"t":2,"i":8,"f":0},{"b":9.5,"t":3,"i":5,"f":1.0},{"b":9.5,"t":2,"i":5,"f":1.0},{"b":10.5,"t":2,"i":8,"f":0},{"b":10.5,"t":3,"i":8,"f":0},{"b":12.0,"t":3,"i":5,"f":1.0},{"b":12.0,"t":2,"i":5,"f":1.0},{"b":12.0,"t":6,"i":0,"f":0},{"b":13.0,"t":2,"i":8,"f":0},{"b":13.0,"t":3,"i":8,"f":0},{"b":13.5,"t":3,"i":5,"f":1.0},{"b":13.5,"t":2,"i":5,"f":1.0},{"b":14.5,"t":2,"i":8,"f":0},{"b":14.5,"t":3,"i":8,"f":0},{"b":16.0,"t":3,"i":5,"f":1.0},{"b":16.0,"t":2,"i":5,"f":1.0},{"b":17.0,"t":3,"i":8,"f":0},{"b":17.0,"t":2,"i":8,"f":0},{"b":17.5,"t":2,"i":5,"f":1.0},{"b":17.5,"t":3,"i":5,"f":1.0},{"b":18.0,"t":6,"i":8,"f":1.0},{"b":18.125,"t":6,"i":8,"f":0},{"b":18.25,"t":6,"i":8,"f":1.0},{"b":18.375,"t":6,"i":8,"f":0},{"b":18.5,"t":3,"i":8,"f":0},{"b":18.5,"t":2,"i":8,"f":0},{"b":18.5,"t":6,"i":8,"f":1.0},{"b":18.625,"t":6,"i":8,"f":0},{"b":18.75,"t":6,"i":8,"f":1.0},{"b":18.875,"t":6,"i":8,"f":0},{"b":19.0,"t":6,"i":8,"f":1.0},{"b":19.125,"t":6,"i":8,"f":0},{"b":19.25,"t":6,"i":8,"f":1.0},{"b":19.375,"t":6,"i":8,"f":0},{"b":19.5,"t":6,"i":8,"f":1.0},{"b":19.625,"t":6,"i":8,"f":0},{"b":19.75,"t":6,"i":8,"f":1.0},{"b":19.875,"t":6,"i":8,"f":0},{"b":20.0,"t":2,"i":5,"f":1.0},{"b":20.0,"t":3,"i":5,"f":1.0},{"b":20.25,"t":3,"i":8,"f":0},{"b":20.25,"t":2,"i":8,"f":0},{"b":20.5,"t":3,"i":5,"f":1.0},{"b":20.5,"t":2,"i":5,"f":1.0},{"b":21.0,"t":3,"i":8,"f":0},{"b":21.0,"t":2,"i":8,"f":0},{"b":21.5,"t":3,"i":5,"f":1.0},{"b":21.5,"t":2,"i":5,"f":1.0},{"b":22.0,"t":3,"i":8,"f":0},{"b":22.0,"t":2,"i":8,"f":0},{"b":22.5,"t":2,"i":5,"f":1.0},{"b":22.5,"t":3,"i":5,"f":1.0},{"b":23.5,"t":3,"i":8,"f":0},{"b":23.5,"t":2,"i":8,"f":0},{"b":56.0,"t":4,"i":5,"f":1.0},{"b":56.0,"t":3,"i":5,"f":1.0},{"b":56.0,"t":2,"i":5,"f":1.0},{"b":56.5,"t":1,"i":1,"f":1.0},{"b":56.75,"t":1,"i":4,"f":0.5},{"b":57.0,"t":2,"i":8,"f":0},{"b":57.0,"t":1,"i":1,"f":1.0},{"b":57.0,"t":3,"i":8,"f":0},{"b":57.25,"t":1,"i":4,"f":0.5},{"b":57.5,"t":1,"i":1,"f":1.0},{"b":57.5,"t":2,"i":5,"f":1.0},{"b":57.5,"t":3,"i":5,"f":1.0},{"b":57.75,"t":1,"i":4,"f":0.5},{"b":58.0,"t":1,"i":1,"f":1.0},{"b":58.5,"t":1,"i":4,"f":0},{"b":58.5,"t":3,"i":8,"f":0},{"b":58.5,"t":2,"i":8,"f":0},{"b":59.0,"t":1,"i":1,"f":1.0},{"b":59.25,"t":1,"i":4,"f":0.5},{"b":59.5,"t":1,"i":1,"f":1.0},{"b":60.0,"t":1,"i":4,"f":0},{"b":60.0,"t":2,"i":5,"f":1.0},{"b":60.0,"t":3,"i":5,"f":1.0},{"b":60.5,"t":1,"i":1,"f":1.0},{"b":61.0,"t":2,"i":8,"f":0},{"b":61.0,"t":3,"i":8,"f":0},{"b":61.0,"t":1,"i":4,"f":0},{"b":61.5,"t":2,"i":5,"f":1.0},{"b":61.5,"t":3,"i":5,"f":1.0},{"b":61.5,"t":1,"i":1,"f":1.0},{"b":61.75,"t":1,"i":4,"f":0.5},{"b":62.0,"t":1,"i":1,"f":1.0},{"b":62.5,"t":2,"i":8,"f":0},{"b":62.5,"t":3,"i":8,"f":0},{"b":62.5,"t":1,"i":4,"f":0},{"b":63.0,"t":1,"i":1,"f":1.0},{"b":63.5,"t":1,"i":4,"f":0},{"b":64.0,"t":1,"i":1,"f":1.0},{"b":64.0,"t":2,"i":5,"f":1.0},{"b":64.0,"t":3,"i":5,"f":1.0},{"b":64.5,"t":1,"i":4,"f":0},{"b":65.0,"t":2,"i":8,"f":0},{"b":65.0,"t":3,"i":8,"f":0},{"b":65.0,"t":1,"i":1,"f":1.0},{"b":65.25,"t":1,"i":4,"f":0.5},{"b":65.5,"t":1,"i":1,"f":1.0},{"b":65.5,"t":3,"i":5,"f":1.0},{"b":65.5,"t":2,"i":5,"f":1.0},{"b":66.0,"t":1,"i":4,"f":0},{"b":66.5,"t":1,"i":1,"f":1.0},{"b":66.5,"t":3,"i":8,"f":0},{"b":66.5,"t":2,"i":8,"f":0},{"b":67.0,"t":1,"i":4,"f":0},{"b":67.5,"i":5,"f":0.5,"t":0},{"b":67.5625,"i":8,"t":0,"f":0},{"b":67.625,"i":8,"f":0.5,"t":0},{"b":67.6875,"i":8,"t":0,"f":0},{"b":67.75,"i":8,"f":0.5,"t":0},{"b":67.8125,"i":8,"t":0,"f":0},{"b":67.875,"i":8,"f":0.5,"t":0},{"b":67.9375,"i":8,"t":0,"f":0},{"b":68.0,"t":3,"i":5,"f":1.0},{"b":68.0,"t":2,"i":5,"f":1.0},{"b":68.0,"i":8,"f":0.5,"t":0},{"b":68.75,"i":8,"t":0,"f":0},{"b":69.0,"i":5,"f":0.5,"t":0},{"b":69.0,"t":2,"i":8,"f":0},{"b":69.0,"t":3,"i":8,"f":0},{"b":69.25,"i":8,"t":0,"f":0},{"b":69.5,"t":3,"i":5,"f":1.0},{"b":69.5,"t":2,"i":5,"f":1.0},{"b":69.5,"i":5,"f":0.5,"t":0},{"b":70.5,"t":2,"i":8,"f":0},{"b":70.5,"t":3,"i":8,"f":0},{"b":71.0,"i":8,"t":0,"f":0},{"b":72.0,"t":3,"i":5,"f":1.0},{"b":72.0,"t":2,"i":5,"f":1.0},{"b":72.5,"t":1,"i":5,"f":1.0},{"b":72.75,"t":1,"i":8,"f":0},{"b":73.0,"t":3,"i":8,"f":0},{"b":73.0,"t":1,"i":5,"f":1.0},{"b":73.0,"t":2,"i":8,"f":0},{"b":73.25,"t":1,"i":8,"f":0},{"b":73.5,"t":2,"i":5,"f":1.0},{"b":73.5,"t":3,"i":5,"f":1.0},{"b":73.5,"t":1,"i":5,"f":1.0},{"b":73.75,"t":1,"i":8,"f":0},{"b":74.0,"t":1,"i":5,"f":1.0},{"b":74.25,"t":1,"i":8,"f":0},{"b":74.5,"t":1,"i":5,"f":1.0},{"b":74.5,"t":2,"i":8,"f":0},{"b":74.5,"t":3,"i":8,"f":0},{"b":74.75,"t":1,"i":8,"f":0},{"b":75.0,"t":1,"i":5,"f":1.0},{"b":75.25,"t":1,"i":8,"f":0},{"b":75.5,"t":1,"i":5,"f":1.0},{"b":75.75,"t":1,"i":8,"f":0},{"b":76.0,"t":3,"i":5,"f":1.0},{"b":76.0,"t":2,"i":5,"f":1.0},{"b":76.5,"t":1,"i":5,"f":1.0},{"b":77.0,"t":3,"i":8,"f":0},{"b":77.0,"t":1,"i":8,"f":0},{"b":77.0,"t":2,"i":8,"f":0},{"b":77.5,"t":2,"i":5,"f":1.0},{"b":77.5,"t":3,"i":5,"f":1.0},{"b":77.5,"t":1,"i":5,"f":1.0},{"b":77.75,"t":1,"i":8,"f":0},{"b":78.0,"t":1,"i":5,"f":1.0},{"b":78.25,"t":1,"i":8,"f":0},{"b":78.5,"t":2,"i":8,"f":0},{"b":78.5,"t":3,"i":8,"f":0},{"b":79.0,"t":1,"i":5,"f":1.0},{"b":79.5,"t":1,"i":8,"f":0},{"b":80.0,"t":2,"i":5,"f":1.0},{"b":80.0,"t":1,"i":5,"f":1.0},{"b":80.0,"t":3,"i":5,"f":1.0},{"b":80.5,"t":1,"i":8,"f":0},{"b":81.0,"t":2,"i":8,"f":0},{"b":81.0,"t":3,"i":8,"f":0},{"b":81.0,"t":1,"i":5,"f":1.0},{"b":81.25,"t":1,"i":8,"f":0},{"b":81.5,"t":3,"i":5,"f":1.0},{"b":81.5,"t":1,"i":5,"f":1.0},{"b":81.5,"t":2,"i":5,"f":1.0},{"b":81.75,"t":1,"i":8,"f":0},{"b":82.5,"t":3,"i":8,"f":0},{"b":82.5,"t":1,"i":5,"f":1.0},{"b":82.5,"t":2,"i":8,"f":0},{"b":83.0,"t":1,"i":8,"f":0},{"b":83.5,"i":5,"f":0.5,"t":0},{"b":83.5625,"i":8,"t":0,"f":0},{"b":83.625,"i":8,"f":0.5,"t":0},{"b":83.6875,"i":8,"t":0,"f":0},{"b":83.75,"i":8,"f":0.5,"t":0},{"b":83.8125,"i":8,"t":0,"f":0},{"b":83.875,"i":8,"f":0.5,"t":0},{"b":83.9375,"i":8,"t":0,"f":0},{"b":84.0,"i":8,"f":0.5,"t":0},{"b":84.0,"t":2,"i":5,"f":1.0},{"b":84.0,"t":3,"i":5,"f":1.0},{"b":84.75,"i":8,"t":0,"f":0},{"b":85.0,"t":2,"i":8,"f":0},{"b":85.0,"t":3,"i":8,"f":0},{"b":85.0,"i":5,"f":0.5,"t":0},{"b":85.25,"i":8,"t":0,"f":0},{"b":85.5,"t":2,"i":5,"f":1.0},{"b":85.5,"i":5,"f":0.5,"t":0},{"b":85.5,"t":3,"i":5,"f":1.0},{"b":86.5,"t":3,"i":8,"f":0},{"b":86.5,"t":2,"i":8,"f":0},{"b":87.0,"i":8,"t":0,"f":0},{"b":88.0,"t":2,"i":5,"f":1.0},{"b":88.0,"t":4,"i":1,"f":1.0},{"b":88.0,"t":3,"i":5,"f":1.0},{"b":88.5,"t":1,"i":5,"f":1.0},{"b":88.75,"t":1,"i":8,"f":0},{"b":89.0,"t":3,"i":8,"f":0},{"b":89.0,"t":2,"i":8,"f":0},{"b":89.0,"t":1,"i":5,"f":1.0},{"b":89.25,"t":1,"i":8,"f":0},{"b":89.5,"t":1,"i":5,"f":1.0},{"b":89.75,"t":1,"i":8,"f":0},{"b":90.0,"t":2,"i":5,"f":1.0},{"b":90.0,"t":3,"i":5,"f":1.0},{"b":90.0,"t":1,"i":5,"f":1.0},{"b":90.25,"t":1,"i":8,"f":0},{"b":91.0,"t":2,"i":8,"f":0},{"b":91.0,"t":1,"i":5,"f":1.0},{"b":91.0,"t":3,"i":8,"f":0},{"b":91.25,"t":1,"i":8,"f":0},{"b":91.5,"t":1,"i":5,"f":1.0},{"b":91.75,"t":1,"i":8,"f":0},{"b":92.0,"t":3,"i":5,"f":1.0},{"b":92.0,"t":2,"i":5,"f":1.0},{"b":92.5,"t":1,"i":5,"f":1.0},{"b":92.75,"t":1,"i":8,"f":0},{"b":93.0,"t":2,"i":8,"f":0},{"b":93.0,"t":3,"i":8,"f":0},{"b":93.5,"t":1,"i":5,"f":1.0},{"b":93.75,"t":1,"i":8,"f":0},{"b":94.0,"t":2,"i":5,"f":1.0},{"b":94.0,"t":1,"i":5,"f":1.0},{"b":94.0,"t":3,"i":5,"f":1.0},{"b":94.5,"t":1,"i":8,"f":0},{"b":95.0,"t":3,"i":8,"f":0},{"b":95.0,"t":1,"i":5,"f":1.0},{"b":95.0,"t":2,"i":8,"f":0},{"b":95.5,"t":1,"i":8,"f":0},{"b":96.0,"t":2,"i":5,"f":1.0},{"b":96.0,"t":3,"i":5,"f":1.0},{"b":96.0,"t":1,"i":5,"f":1.0},{"b":96.5,"t":1,"i":8,"f":0},{"b":97.0,"t":1,"i":5,"f":1.0},{"b":97.0,"t":2,"i":8,"f":0},{"b":97.0,"t":3,"i":8,"f":0},{"b":97.25,"t":1,"i":8,"f":0},{"b":97.5,"t":1,"i":5,"f":1.0},{"b":97.75,"t":1,"i":8,"f":0},{"b":98.0,"t":2,"i":5,"f":1.0},{"b":98.0,"t":3,"i":5,"f":1.0},{"b":98.5,"t":1,"i":5,"f":1.0},{"b":99.0,"t":2,"i":8,"f":0},{"b":99.0,"t":3,"i":8,"f":0},{"b":99.0,"t":1,"i":8,"f":0},{"b":99.5,"i":5,"f":0.5,"t":0},{"b":99.5625,"i":8,"t":0,"f":0},{"b":99.625,"i":8,"f":0.5,"t":0},{"b":99.6875,"i":8,"t":0,"f":0},{"b":99.75,"i":8,"f":0.5,"t":0},{"b":99.8125,"i":8,"t":0,"f":0},{"b":99.875,"i":8,"f":0.5,"t":0},{"b":99.9375,"i":8,"t":0,"f":0},{"b":100.0,"t":2,"i":5,"f":1.0},{"b":100.0,"t":3,"i":5,"f":1.0},{"b":100.0,"i":8,"f":0.5,"t":0},{"b":100.75,"i":8,"t":0,"f":0},{"b":101.0,"i":5,"f":0.5,"t":0},{"b":101.0,"t":2,"i":8,"f":0},{"b":101.0,"t":3,"i":8,"f":0},{"b":101.25,"i":8,"t":0,"f":0},{"b":101.5,"i":5,"f":0.5,"t":0},{"b":102.0,"t":2,"i":5,"f":1.0},{"b":102.0,"t":3,"i":5,"f":1.0},{"b":103.0,"t":2,"i":8,"f":0},{"b":103.0,"t":3,"i":8,"f":0},{"b":103.0,"i":8,"t":0,"f":0},{"b":104.0,"t":3,"i":5,"f":1.0},{"b":104.0,"t":2,"i":5,"f":1.0},{"b":104.5,"t":1,"i":5,"f":1.0},{"b":104.75,"t":1,"i":8,"f":0},{"b":105.0,"t":1,"i":5,"f":1.0},{"b":105.0,"t":3,"i":8,"f":0},{"b":105.0,"t":2,"i":8,"f":0},{"b":105.25,"t":1,"i":8,"f":0},{"b":105.5,"t":1,"i":5,"f":1.0},{"b":105.75,"t":1,"i":8,"f":0},{"b":106.0,"t":2,"i":5,"f":1.0},{"b":106.0,"t":1,"i":5,"f":1.0},{"b":106.0,"t":3,"i":5,"f":1.0},{"b":106.25,"t":1,"i":8,"f":0},{"b":107.0,"t":2,"i":8,"f":0},{"b":107.0,"t":1,"i":5,"f":1.0},{"b":107.0,"t":3,"i":8,"f":0},{"b":107.25,"t":1,"i":8,"f":0},{"b":107.5,"t":1,"i":5,"f":1.0},{"b":107.75,"t":1,"i":8,"f":0},{"b":108.0,"t":3,"i":5,"f":1.0},{"b":108.0,"t":2,"i":5,"f":1.0},{"b":108.5,"t":1,"i":5,"f":1.0},{"b":108.75,"t":1,"i":8,"f":0},{"b":109.0,"t":3,"i":8,"f":0},{"b":109.0,"t":2,"i":8,"f":0},{"b":109.5,"t":1,"i":5,"f":1.0},{"b":109.75,"t":1,"i":8,"f":0},{"b":110.0,"t":1,"i":5,"f":1.0},{"b":110.0,"t":2,"i":5,"f":1.0},{"b":110.0,"t":3,"i":5,"f":1.0},{"b":110.25,"t":1,"i":8,"f":0},{"b":111.0,"i":5,"f":1.0,"t":0},{"b":111.0,"t":1,"i":5,"f":1.0},{"b":111.0,"t":2,"i":8,"f":0},{"b":111.0,"t":3,"i":8,"f":0},{"b":111.5,"t":1,"i":8,"f":0},{"b":111.5,"i":8,"t":0,"f":0},{"b":112.0,"i":5,"f":1.0,"t":0},{"b":112.0,"t":1,"i":5,"f":1.0},{"b":112.0,"t":3,"i":5,"f":1.0},{"b":112.0,"t":2,"i":5,"f":1.0},{"b":112.5,"t":3,"i":8,"f":0},{"b":112.5,"i":8,"t":0,"f":0},{"b":112.5,"t":1,"i":8,"f":0},{"b":112.5,"t":2,"i":8,"f":0},{"b":113.0,"t":3,"i":5,"f":1.0},{"b":113.0,"t":1,"i":5,"f":1.0},{"b":113.0,"t":2,"i":5,"f":1.0},{"b":113.0,"i":5,"f":1.0,"t":0},{"b":113.25,"t":1,"i":8,"f":0},{"b":113.25,"t":2,"i":8,"f":0},{"b":113.25,"i":8,"t":0,"f":0},{"b":113.25,"t":3,"i":8,"f":0},{"b":113.5,"t":2,"i":5,"f":1.0},{"b":113.5,"i":5,"f":1.0,"t":0},{"b":113.5,"t":1,"i":5,"f":1.0},{"b":113.5,"t":3,"i":5,"f":1.0},{"b":114.0,"i":8,"t":0,"f":0},{"b":114.0,"t":3,"i":8,"f":0},{"b":114.0,"t":1,"i":8,"f":0},{"b":114.0,"t":2,"i":8,"f":0},{"b":114.5,"t":2,"i":5,"f":1.0},{"b":114.5,"i":5,"f":1.0,"t":0},{"b":114.5,"t":1,"i":5,"f":1.0},{"b":114.5,"t":3,"i":5,"f":1.0},{"b":115.5,"i":8,"t":0,"f":0},{"b":115.5,"t":2,"i":8,"f":0},{"b":115.5,"t":3,"i":8,"f":0},{"b":115.5,"t":1,"i":8,"f":0},{"b":116.0,"t":1,"i":5,"f":1.0},{"b":116.0,"t":3,"i":5,"f":1.0},{"b":116.0,"i":5,"f":1.0,"t":0},{"b":116.0,"t":4,"i":1,"f":1.0},{"b":116.0,"t":2,"i":5,"f":1.0},{"b":117.0,"t":1,"i":8,"f":0},{"b":117.0,"t":2,"i":8,"f":0},{"b":117.0,"i":8,"t":0,"f":0},{"b":117.0,"t":3,"i":8,"f":0},{"b":117.5,"t":2,"i":5,"f":1.0},{"b":117.5,"t":3,"i":5,"f":1.0},{"b":118.25,"t":2,"i":8,"f":0},{"b":118.25,"t":3,"i":8,"f":0},{"b":118.5,"t":2,"i":5,"f":1.0},{"b":118.5,"t":3,"i":5,"f":1.0},{"b":120.0,"t":2,"i":8,"f":0},{"b":120.0,"t":3,"i":8,"f":0},{"b":120.0,"t":4,"i":12,"f":1.0},{"b":121.0,"t":1,"i":5,"f":1.0},{"b":121.25,"t":1,"i":8,"f":0},{"b":121.5,"t":1,"i":5,"f":1.0},{"b":121.75,"t":1,"i":8,"f":0},{"b":122.5,"t":1,"i":5,"f":1.0},{"b":122.75,"t":1,"i":8,"f":0},{"b":123.0,"t":1,"i":5,"f":1.0},{"b":123.25,"t":1,"i":8,"f":0},{"b":124.0,"t":1,"i":5,"f":1.0},{"b":124.5,"t":1,"i":8,"f":0},{"b":125.0,"t":1,"i":5,"f":1.0},{"b":125.25,"t":1,"i":8,"f":0},{"b":125.5,"t":1,"i":5,"f":1.0},{"b":125.75,"t":1,"i":8,"f":0},{"b":127.0,"t":1,"i":5,"f":1.0},{"b":128.0,"t":1,"i":8,"f":0},{"b":129.0,"t":1,"i":5,"f":1.0},{"b":129.25,"t":1,"i":8,"f":0},{"b":129.5,"t":1,"i":5,"f":1.0},{"b":129.75,"t":1,"i":8,"f":0},{"b":130.0,"t":1,"i":5,"f":1.0},{"b":130.5,"t":1,"i":8,"f":0},{"b":131.0,"t":1,"i":5,"f":1.0},{"b":131.5,"t":1,"i":8,"f":0},{"b":132.0,"t":1,"i":5,"f":1.0},{"b":132.5,"t":1,"i":8,"f":0},{"b":133.0,"t":1,"i":5,"f":1.0},{"b":133.25,"t":1,"i":8,"f":0},{"b":133.5,"t":1,"i":5,"f":1.0},{"b":134.5,"t":1,"i":8,"f":0},{"b":135.0,"t":1,"i":5,"f":1.0},{"b":136.0,"t":1,"i":8,"f":0},{"b":137.0,"t":1,"i":5,"f":1.0},{"b":137.25,"t":1,"i":8,"f":0},{"b":137.5,"t":1,"i":5,"f":1.0},{"b":137.75,"t":1,"i":8,"f":0},{"b":138.0,"t":1,"i":9,"f":1.0},{"b":138.0,"i":9,"f":1.0,"t":0},{"b":138.5,"t":1,"i":12,"f":0},{"b":138.5,"i":12,"t":0,"f":0},{"b":139.0,"t":1,"i":9,"f":1.0},{"b":139.0,"i":9,"f":1.0,"t":0},{"b":139.5,"t":1,"i":12,"f":0},{"b":139.5,"i":12,"t":0,"f":0},{"b":140.0,"i":9,"f":1.0,"t":0},{"b":140.0,"t":1,"i":9,"f":1.0},{"b":140.5,"i":12,"t":0,"f":0},{"b":140.5,"t":1,"i":12,"f":0},{"b":141.0,"i":9,"f":1.0,"t":0},{"b":141.0,"t":1,"i":9,"f":1.0},{"b":141.25,"i":12,"t":0,"f":0},{"b":141.25,"t":1,"i":12,"f":0},{"b":141.5,"i":9,"f":1.0,"t":0},{"b":141.5,"t":1,"i":9,"f":1.0},{"b":142.0,"t":1,"i":12,"f":0},{"b":142.0,"i":12,"t":0,"f":0},{"b":142.5,"t":1,"i":9,"f":1.0},{"b":142.5,"i":9,"f":1.0,"t":0},{"b":143.5,"i":12,"t":0,"f":0},{"b":143.5,"t":1,"i":12,"f":0},{"b":144.0,"t":1,"i":9,"f":1.0},{"b":144.0,"i":9,"f":1.0,"t":0},{"b":144.5,"t":1,"i":12,"f":0},{"b":144.5,"i":12,"t":0,"f":0},{"b":145.0,"t":1,"i":9,"f":1.0},{"b":145.0,"i":9,"f":1.0,"t":0},{"b":145.25,"i":12,"t":0,"f":0},{"b":145.25,"t":1,"i":12,"f":0},{"b":145.5,"i":9,"f":1.0,"t":0},{"b":145.5,"t":1,"i":9,"f":1.0},{"b":146.0,"i":12,"t":0,"f":0},{"b":146.0,"t":1,"i":12,"f":0},{"b":146.5,"t":1,"i":9,"f":1.0},{"b":146.5,"i":9,"f":1.0,"t":0},{"b":146.75,"t":1,"i":12,"f":0},{"b":146.75,"i":12,"t":0,"f":0},{"b":147.0,"t":1,"i":9,"f":1.0},{"b":147.0,"i":9,"f":1.0,"t":0},{"b":147.5,"i":12,"t":0,"f":0},{"b":147.5,"t":1,"i":12,"f":0},{"b":152.0,"t":3,"i":5,"f":1.0},{"b":152.0,"t":2,"i":5,"f":1.0},{"b":152.0,"t":4,"i":9,"f":1.0},{"b":153.0,"t":3,"i":8,"f":0},{"b":153.0,"t":2,"i":8,"f":0},{"b":153.0,"t":1,"i":5,"f":1.0},{"b":153.5,"t":3,"i":5,"f":1.0},{"b":153.5,"t":2,"i":5,"f":1.0},{"b":154.0,"t":1,"i":8,"f":0},{"b":154.5,"t":2,"i":8,"f":0},{"b":154.5,"t":3,"i":8,"f":0},{"b":155.0,"t":1,"i":5,"f":1.0},{"b":155.5,"t":1,"i":8,"f":0},{"b":156.0,"t":2,"i":5,"f":1.0},{"b":156.0,"t":1,"i":5,"f":1.0},{"b":156.0,"t":3,"i":5,"f":1.0},{"b":156.5,"t":1,"i":8,"f":0},{"b":157.0,"t":2,"i":8,"f":0},{"b":157.0,"t":3,"i":8,"f":0},{"b":157.0,"t":1,"i":5,"f":1.0},{"b":157.25,"t":1,"i":8,"f":0},{"b":157.5,"t":1,"i":5,"f":1.0},{"b":157.5,"t":2,"i":5,"f":1.0},{"b":157.5,"t":3,"i":5,"f":1.0},{"b":157.75,"t":1,"i":8,"f":0},{"b":158.5,"t":1,"i":5,"f":1.0},{"b":158.5,"t":2,"i":8,"f":0},{"b":158.5,"t":3,"i":8,"f":0},{"b":158.75,"t":1,"i":8,"f":0},{"b":159.0,"t":1,"i":5,"f":1.0},{"b":159.25,"t":1,"i":8,"f":0},{"b":160.0,"t":3,"i":5,"f":1.0},{"b":160.0,"t":2,"i":5,"f":1.0},{"b":161.0,"t":2,"i":8,"f":0},{"b":161.0,"t":1,"i":5,"f":1.0},{"b":161.0,"t":3,"i":8,"f":0},{"b":161.5,"t":2,"i":5,"f":1.0},{"b":161.5,"t":1,"i":8,"f":0},{"b":161.5,"t":3,"i":5,"f":1.0},{"b":162.0,"t":1,"i":5,"f":1.0},{"b":162.5,"t":3,"i":8,"f":0},{"b":162.5,"t":2,"i":8,"f":0},{"b":162.5,"t":1,"i":8,"f":0},{"b":163.0,"t":1,"i":5,"f":1.0},{"b":163.5,"t":1,"i":8,"f":0},{"b":164.0,"t":2,"i":5,"f":1.0},{"b":164.0,"t":1,"i":5,"f":1.0},{"b":164.0,"t":3,"i":5,"f":1.0},{"b":164.333328,"t":1,"i":8,"f":0},{"b":164.666672,"t":1,"i":5,"f":1.0},{"b":165.0,"t":2,"i":8,"f":0},{"b":165.0,"t":3,"i":8,"f":0},{"b":165.0,"t":1,"i":8,"f":0},{"b":165.333328,"t":1,"i":5,"f":1.0},{"b":165.5,"t":2,"i":5,"f":1.0},{"b":165.5,"t":3,"i":5,"f":1.0},{"b":165.666656,"t":1,"i":8,"f":0},{"b":166.5,"t":3,"i":8,"f":0},{"b":166.5,"t":2,"i":8,"f":0},{"b":167.0,"t":1,"i":5,"f":1.0},{"b":168.0,"t":1,"i":8,"f":0},{"b":168.0,"t":2,"i":5,"f":1.0},{"b":168.0,"t":3,"i":5,"f":1.0},{"b":168.0,"t":4,"i":4,"f":1.0},{"b":169.0,"t":1,"i":5,"f":1.0},{"b":169.0,"t":2,"i":8,"f":0},{"b":169.0,"t":3,"i":8,"f":0},{"b":169.0,"t":4,"i":4,"f":0},{"b":169.25,"t":1,"i":8,"f":0},{"b":169.5,"t":1,"i":5,"f":1.0},{"b":169.75,"t":1,"i":8,"f":0},{"b":170.0,"t":1,"i":5,"f":1.0},{"b":170.25,"t":1,"i":8,"f":0},{"b":170.5,"t":1,"i":5,"f":1.0},{"b":170.75,"t":1,"i":8,"f":0},{"b":171.0,"t":1,"i":5,"f":1.0},{"b":171.25,"t":1,"i":8,"f":0},{"b":171.5,"t":1,"i":5,"f":1.0},{"b":171.75,"t":1,"i":8,"f":0},{"b":172.0,"t":1,"i":5,"f":1.0},{"b":172.25,"t":1,"i":8,"f":0},{"b":172.5,"t":1,"i":8,"f":0},{"b":173.0,"t":1,"i":5,"f":1.0},{"b":173.25,"t":1,"i":8,"f":0},{"b":173.5,"t":1,"i":5,"f":1.0},{"b":174.5,"t":1,"i":8,"f":0},{"b":175.0,"t":1,"i":5,"f":1.0},{"b":176.0,"t":4,"i":1,"f":1.0},{"b":176.0,"t":3,"i":5,"f":1.0},{"b":176.0,"t":1,"i":8,"f":0},{"b":176.0,"t":2,"i":5,"f":1.0},{"b":177.0,"t":1,"i":5,"f":1.0},{"b":177.0,"t":2,"i":8,"f":0},{"b":177.0,"t":4,"i":4,"f":0},{"b":177.0,"t":3,"i":8,"f":0},{"b":177.25,"t":1,"i":8,"f":0},{"b":177.5,"t":1,"i":5,"f":1.0},{"b":177.75,"t":1,"i":8,"f":0},{"b":178.0,"t":1,"i":5,"f":1.0},{"b":178.25,"t":1,"i":8,"f":0},{"b":178.5,"t":1,"i":5,"f":1.0},{"b":178.75,"t":1,"i":8,"f":0},{"b":179.0,"t":1,"i":5,"f":1.0},{"b":179.0,"t":4,"i":1,"f":1.0},{"b":179.0,"t":3,"i":5,"f":1.0},{"b":179.0,"t":2,"i":5,"f":1.0},{"b":179.25,"t":1,"i":8,"f":0},{"b":179.5,"t":1,"i":5,"f":1.0},{"b":179.75,"t":1,"i":8,"f":0},{"b":180.0,"t":4,"i":4,"f":0},{"b":180.0,"t":2,"i":8,"f":0},{"b":180.0,"t":3,"i":8,"f":0},{"b":180.0,"t":1,"i":5,"f":1.0},{"b":180.5,"t":1,"i":8,"f":0},{"b":181.0,"t":1,"i":5,"f":1.0},{"b":181.5,"t":1,"i":8,"f":0},{"b":182.0,"t":2,"i":5,"f":1.0},{"b":182.0,"t":4,"i":1,"f":1.0},{"b":182.0,"t":3,"i":5,"f":1.0},{"b":182.5,"t":1,"i":5,"f":1.0},{"b":183.0,"t":2,"i":8,"f":0},{"b":183.0,"t":3,"i":8,"f":0},{"b":183.0,"t":4,"i":4,"f":0},{"b":183.0,"t":1,"i":8,"f":0},{"b":184.0,"t":3,"i":5,"f":1.0},{"b":184.0,"t":2,"i":5,"f":1.0},{"b":185.0,"t":3,"i":8,"f":0},{"b":185.0,"t":1,"i":5,"f":1.0},{"b":185.0,"t":2,"i":8,"f":0},{"b":185.25,"t":1,"i":8,"f":0},{"b":185.5,"t":1,"i":5,"f":1.0},{"b":185.75,"t":1,"i":8,"f":0},{"b":186.0,"t":1,"i":5,"f":1.0},{"b":186.25,"t":1,"i":8,"f":0},{"b":186.5,"t":1,"i":5,"f":1.0},{"b":186.75,"t":1,"i":8,"f":0},{"b":187.0,"t":1,"i":5,"f":1.0},{"b":187.25,"t":1,"i":8,"f":0},{"b":187.5,"t":1,"i":5,"f":1.0},{"b":187.75,"t":1,"i":8,"f":0},{"b":188.0,"t":1,"i":5,"f":1.0},{"b":188.0,"t":3,"i":5,"f":1.0},{"b":188.0,"t":2,"i":5,"f":1.0},{"b":188.5,"t":1,"i":8,"f":0},{"b":189.0,"t":2,"i":8,"f":0},{"b":189.0,"t":3,"i":8,"f":0},{"b":189.0,"t":1,"i":5,"f":1.0},{"b":189.25,"t":1,"i":8,"f":0},{"b":189.5,"t":1,"i":5,"f":1.0},{"b":189.75,"t":1,"i":8,"f":0},{"b":190.5,"t":1,"i":5,"f":1.0},{"b":191.5,"t":1,"i":8,"f":0},{"b":192.0,"t":1,"i":5,"f":1.0},{"b":196.0,"t":1,"i":8,"f":0},{"b":197.0,"t":1,"i":5,"f":1.0},{"b":197.25,"t":1,"i":8,"f":0},{"b":197.5,"t":1,"i":5,"f":1.0},{"b":197.75,"t":1,"i":8,"f":0},{"b":198.0,"t":1,"i":5,"f":1.0},{"b":198.25,"t":1,"i":8,"f":0},{"b":198.5,"t":1,"i":5,"f":1.0},{"b":198.75,"t":1,"i":8,"f":0},{"b":199.5,"i":9,"f":1.0,"t":0},{"b":199.5,"t":3,"i":5,"f":1.0},{"b":199.5,"t":1,"i":5,"f":1.0},{"b":199.5,"t":4,"i":1,"f":1.0},{"b":199.5,"t":2,"i":5,"f":1.0},{"b":200.5,"t":2,"i":8,"f":0},{"b":200.5,"t":3,"i":8,"f":0},{"b":202.0,"t":3,"i":5,"f":1.0},{"b":202.0,"t":2,"i":5,"f":1.0},{"b":203.0,"t":3,"i":8,"f":0},{"b":203.0,"t":2,"i":8,"f":0},{"b":204.0,"t":2,"i":5,"f":1.0},{"b":204.0,"t":3,"i":5,"f":1.0},{"b":204.0,"t":1,"i":8,"f":0},{"b":205.0,"t":2,"i":8,"f":0},{"b":205.0,"t":3,"i":8,"f":0},{"b":206.0,"t":3,"i":5,"f":1.0},{"b":206.0,"t":2,"i":5,"f":1.0},{"b":206.0,"t":1,"i":5,"f":1.0},{"b":206.25,"t":1,"i":8,"f":0},{"b":206.5,"t":1,"i":5,"f":1.0},{"b":206.75,"t":1,"i":8,"f":0},{"b":207.0,"t":2,"i":8,"f":0},{"b":207.0,"t":3,"i":8,"f":0},{"b":207.5,"t":1,"i":5,"f":1.0},{"b":208.0,"t":2,"i":5,"f":1.0},{"b":208.0,"t":3,"i":5,"f":1.0},{"b":208.0,"t":1,"i":8,"f":0},{"b":208.5,"t":1,"i":5,"f":1.0},{"b":208.75,"t":1,"i":8,"f":0},{"b":209.0,"t":3,"i":8,"f":0},{"b":209.0,"t":2,"i":8,"f":0},{"b":209.0,"t":1,"i":5,"f":1.0},{"b":209.25,"t":1,"i":8,"f":0},{"b":209.5,"t":1,"i":5,"f":1.0},{"b":209.75,"t":1,"i":8,"f":0},{"b":210.0,"t":3,"i":5,"f":1.0},{"b":210.0,"t":1,"i":5,"f":1.0},{"b":210.0,"t":2,"i":5,"f":1.0},{"b":210.5,"t":1,"i":8,"f":0},{"b":211.0,"t":1,"i":5,"f":1.0},{"b":211.0,"t":3,"i":8,"f":0},{"b":211.0,"t":2,"i":8,"f":0},{"b":211.5,"t":1,"i":8,"f":0},{"b":212.0,"t":3,"i":5,"f":1.0},{"b":212.0,"t":2,"i":5,"f":1.0},{"b":212.0,"t":1,"i":5,"f":1.0},{"b":212.5,"t":1,"i":8,"f":0},{"b":213.0,"t":1,"i":5,"f":1.0},{"b":213.0,"t":3,"i":8,"f":0},{"b":213.0,"t":2,"i":8,"f":0},{"b":213.25,"t":1,"i":8,"f":0},{"b":213.5,"t":1,"i":5,"f":1.0},{"b":213.75,"t":1,"i":8,"f":0},{"b":214.0,"t":2,"i":5,"f":1.0},{"b":214.0,"t":3,"i":5,"f":1.0},{"b":214.0,"t":1,"i":5,"f":1.0},{"b":214.25,"t":1,"i":8,"f":0},{"b":214.5,"t":1,"i":5,"f":1.0},{"b":214.75,"t":1,"i":8,"f":0},{"b":215.0,"t":2,"i":8,"f":0},{"b":215.0,"t":3,"i":8,"f":0},{"b":215.0,"i":9,"f":1.0,"t":0},{"b":215.25,"i":12,"f":0.5,"t":0},{"b":215.5,"t":3,"i":5,"f":1.0},{"b":215.5,"t":2,"i":5,"f":1.0},{"b":215.5,"i":9,"f":1.0,"t":0},{"b":215.5,"t":1,"i":5,"f":1.0},{"b":216.5,"t":2,"i":8,"f":0},{"b":216.5,"t":3,"i":8,"f":0},{"b":218.0,"t":2,"i":5,"f":1.0},{"b":218.0,"t":3,"i":5,"f":1.0},{"b":218.5,"t":1,"i":8,"f":0},{"b":219.0,"t":1,"i":5,"f":1.0},{"b":219.0,"t":3,"i":8,"f":0},{"b":219.0,"t":2,"i":8,"f":0},{"b":219.25,"t":1,"i":8,"f":0},{"b":219.5,"t":1,"i":5,"f":1.0},{"b":219.75,"t":1,"i":8,"f":0},{"b":220.0,"t":3,"i":5,"f":1.0},{"b":220.0,"t":2,"i":5,"f":1.0},{"b":220.5,"t":1,"i":5,"f":1.0},{"b":221.0,"t":2,"i":8,"f":0},{"b":221.0,"t":3,"i":8,"f":0},{"b":221.0,"t":1,"i":8,"f":0},{"b":221.5,"t":1,"i":5,"f":1.0},{"b":222.0,"t":1,"i":8,"f":0},{"b":222.0,"t":2,"i":5,"f":1.0},{"b":222.0,"t":3,"i":5,"f":1.0},{"b":222.5,"t":1,"i":5,"f":1.0},{"b":223.0,"t":2,"i":8,"f":0},{"b":223.0,"t":3,"i":8,"f":0},{"b":223.0,"t":1,"i":8,"f":0},{"b":223.5,"t":1,"i":5,"f":1.0},{"b":224.0,"t":1,"i":8,"f":0},{"b":224.0,"t":3,"i":5,"f":1.0},{"b":224.0,"t":2,"i":5,"f":1.0},{"b":224.5,"t":1,"i":5,"f":1.0},{"b":224.75,"t":1,"i":8,"f":0},{"b":225.0,"t":1,"i":5,"f":1.0},{"b":225.0,"t":2,"i":8,"f":0},{"b":225.0,"t":3,"i":8,"f":0},{"b":225.25,"t":1,"i":8,"f":0},{"b":225.5,"t":1,"i":5,"f":1.0},{"b":225.75,"t":1,"i":8,"f":0},{"b":226.0,"t":1,"i":5,"f":1.0},{"b":226.0,"t":2,"i":5,"f":1.0},{"b":226.0,"t":3,"i":5,"f":1.0},{"b":226.5,"t":1,"i":8,"f":0},{"b":227.0,"t":3,"i":8,"f":0},{"b":227.0,"t":1,"i":5,"f":1.0},{"b":227.0,"t":2,"i":8,"f":0},{"b":227.5,"t":1,"i":8,"f":0},{"b":228.0,"t":1,"i":5,"f":1.0},{"b":228.0,"t":2,"i":5,"f":1.0},{"b":228.0,"t":3,"i":5,"f":1.0},{"b":228.5,"t":1,"i":8,"f":0},{"b":229.0,"t":2,"i":8,"f":0},{"b":229.0,"t":3,"i":8,"f":0},{"b":229.0,"t":1,"i":5,"f":1.0},{"b":229.25,"t":1,"i":8,"f":0},{"b":229.5,"t":1,"i":5,"f":1.0},{"b":229.75,"t":1,"i":8,"f":0},{"b":230.0,"t":3,"i":5,"f":1.0},{"b":230.0,"t":2,"i":5,"f":1.0},{"b":230.0,"t":1,"i":5,"f":1.0},{"b":230.25,"t":1,"i":8,"f":0},{"b":230.5,"t":1,"i":5,"f":1.0},{"b":230.75,"t":1,"i":8,"f":0},{"b":231.0,"t":3,"i":8,"f":0},{"b":231.0,"t":2,"i":8,"f":0},{"b":231.0,"i":9,"f":1.0,"t":0},{"b":231.25,"i":12,"f":0.5,"t":0},{"b":231.5,"t":1,"i":5,"f":1.0},{"b":231.5,"t":3,"i":5,"f":1.0},{"b":231.5,"i":9,"f":1.0,"t":0},{"b":231.5,"t":2,"i":5,"f":1.0},{"b":232.5,"t":2,"i":8,"f":0},{"b":232.5,"t":3,"i":8,"f":0},{"b":234.0,"t":2,"i":5,"f":1.0},{"b":234.0,"t":3,"i":5,"f":1.0},{"b":235.0,"t":2,"i":8,"f":0},{"b":235.0,"t":3,"i":8,"f":0},{"b":236.0,"t":3,"i":5,"f":1.0},{"b":236.0,"t":2,"i":5,"f":1.0},{"b":237.0,"t":3,"i":8,"f":0},{"b":237.0,"t":2,"i":8,"f":0},{"b":237.0,"t":1,"i":8,"f":0},{"b":238.0,"t":3,"i":5,"f":1.0},{"b":238.0,"t":2,"i":5,"f":1.0},{"b":238.0,"t":1,"i":5,"f":1.0},{"b":238.25,"t":1,"i":8,"f":0},{"b":238.5,"t":1,"i":5,"f":1.0},{"b":238.75,"t":1,"i":8,"f":0},{"b":239.0,"t":3,"i":8,"f":0},{"b":239.0,"t":2,"i":8,"f":0},{"b":239.0,"t":1,"i":5,"f":1.0},{"b":239.25,"t":1,"i":8,"f":0},{"b":239.5,"t":1,"i":5,"f":1.0},{"b":239.75,"t":1,"i":8,"f":0},{"b":240.0,"t":3,"i":5,"f":1.0},{"b":240.0,"t":2,"i":5,"f":1.0},{"b":240.5,"t":1,"i":5,"f":1.0},{"b":240.75,"t":1,"i":8,"f":0},{"b":241.0,"t":2,"i":8,"f":0},{"b":241.0,"t":3,"i":8,"f":0},{"b":241.0,"t":1,"i":5,"f":1.0},{"b":241.25,"t":1,"i":8,"f":0},{"b":242.0,"t":3,"i":5,"f":1.0},{"b":242.0,"t":2,"i":5,"f":1.0},{"b":242.0,"t":1,"i":5,"f":1.0},{"b":242.25,"t":1,"i":8,"f":0},{"b":242.5,"t":1,"i":5,"f":1.0},{"b":242.75,"t":1,"i":8,"f":0},{"b":243.0,"t":2,"i":8,"f":0},{"b":243.0,"t":3,"i":8,"f":0},{"b":243.5,"t":1,"i":5,"f":1.0},{"b":243.75,"t":1,"i":8,"f":0},{"b":244.0,"t":3,"i":5,"f":1.0},{"b":244.0,"t":2,"i":5,"f":1.0},{"b":244.0,"t":1,"i":5,"f":1.0},{"b":244.25,"t":1,"i":8,"f":0},{"b":245.0,"t":1,"i":5,"f":1.0},{"b":245.0,"t":2,"i":8,"f":0},{"b":245.0,"t":3,"i":8,"f":0},{"b":245.25,"t":1,"i":8,"f":0},{"b":246.0,"t":1,"i":5,"f":1.0},{"b":246.0,"t":3,"i":5,"f":1.0},{"b":246.0,"t":2,"i":5,"f":1.0},{"b":246.25,"t":1,"i":8,"f":0},{"b":246.5,"t":1,"i":5,"f":1.0},{"b":246.75,"t":1,"i":8,"f":0},{"b":247.0,"t":3,"i":8,"f":0},{"b":247.0,"t":2,"i":8,"f":0},{"b":247.5,"t":1,"i":5,"f":1.0},{"b":247.75,"t":1,"i":8,"f":0},{"b":248.0,"t":3,"i":5,"f":1.0},{"b":248.0,"t":2,"i":5,"f":1.0},{"b":248.0,"i":5,"f":1.0,"t":0},{"b":248.25,"t":3,"i":8,"f":0},{"b":248.25,"t":2,"i":8,"f":0},{"b":248.25,"i":8,"t":0,"f":0},{"b":248.5,"t":3,"i":5,"f":1.0},{"b":248.5,"t":2,"i":5,"f":1.0},{"b":248.5,"i":5,"f":1.0,"t":0},{"b":248.75,"i":8,"t":0,"f":0},{"b":248.75,"t":3,"i":8,"f":0},{"b":248.75,"t":2,"i":8,"f":0},{"b":249.0,"i":5,"f":1.0,"t":0},{"b":249.0,"t":3,"i":5,"f":1.0},{"b":249.0,"t":2,"i":5,"f":1.0},{"b":249.25,"t":2,"i":8,"f":0},{"b":249.25,"t":3,"i":8,"f":0},{"b":249.25,"i":8,"t":0,"f":0},{"b":249.5,"i":5,"f":1.0,"t":0},{"b":249.5,"t":3,"i":5,"f":1.0},{"b":249.5,"t":2,"i":5,"f":1.0},{"b":249.75,"t":3,"i":8,"f":0},{"b":249.75,"t":2,"i":8,"f":0},{"b":249.75,"i":8,"t":0,"f":0},{"b":250.0,"t":3,"i":5,"f":1.0},{"b":250.0,"i":5,"f":1.0,"t":0},{"b":250.0,"t":2,"i":5,"f":1.0},{"b":250.0,"t":1,"i":5,"f":1.0},{"b":250.25,"i":8,"t":0,"f":0},{"b":250.25,"t":2,"i":8,"f":0},{"b":250.25,"t":3,"i":8,"f":0},{"b":250.5,"i":5,"f":1.0,"t":0},{"b":250.5,"t":1,"i":8,"f":0},{"b":250.5,"t":3,"i":5,"f":1.0},{"b":250.5,"t":2,"i":5,"f":1.0},{"b":250.75,"t":3,"i":8,"f":0},{"b":250.75,"t":2,"i":8,"f":0},{"b":250.75,"i":8,"t":0,"f":0},{"b":251.0,"t":3,"i":5,"f":1.0},{"b":251.0,"i":5,"f":1.0,"t":0},{"b":251.0,"t":1,"i":5,"f":1.0},{"b":251.0,"t":2,"i":5,"f":1.0},{"b":251.25,"t":2,"i":8,"f":0},{"b":251.25,"t":3,"i":8,"f":0},{"b":251.25,"i":8,"t":0,"f":0},{"b":251.5,"t":2,"i":5,"f":1.0},{"b":251.5,"t":3,"i":5,"f":1.0},{"b":251.5,"i":5,"f":1.0,"t":0},{"b":251.5,"t":1,"i":8,"f":0},{"b":251.75,"i":8,"t":0,"f":0},{"b":251.75,"t":3,"i":8,"f":0},{"b":251.75,"t":2,"i":8,"f":0},{"b":252.0,"t":1,"i":5,"f":1.0},{"b":252.0,"i":5,"f":1.0,"t":0},{"b":252.0,"t":2,"i":5,"f":1.0},{"b":252.0,"t":3,"i":5,"f":1.0},{"b":252.25,"i":8,"t":0,"f":0},{"b":252.25,"t":2,"i":8,"f":0},{"b":252.25,"t":3,"i":8,"f":0},{"b":252.5,"t":1,"i":8,"f":0},{"b":252.5,"t":2,"i":5,"f":1.0},{"b":252.5,"i":5,"f":1.0,"t":0},{"b":252.5,"t":3,"i":5,"f":1.0},{"b":252.75,"t":2,"i":8,"f":0},{"b":252.75,"t":3,"i":8,"f":0},{"b":252.75,"i":8,"t":0,"f":0},{"b":253.0,"i":5,"f":1.0,"t":0},{"b":253.0,"t":1,"i":5,"f":1.0},{"b":253.0,"t":2,"i":5,"f":1.0},{"b":253.0,"t":3,"i":5,"f":1.0},{"b":253.25,"t":3,"i":8,"f":0},{"b":253.25,"i":8,"t":0,"f":0},{"b":253.25,"t":1,"i":8,"f":0},{"b":253.25,"t":2,"i":8,"f":0},{"b":253.5,"i":5,"f":1.0,"t":0},{"b":253.5,"t":1,"i":5,"f":1.0},{"b":253.5,"t":2,"i":5,"f":1.0},{"b":253.5,"t":3,"i":5,"f":1.0},{"b":253.75,"i":8,"t":0,"f":0},{"b":253.75,"t":1,"i":8,"f":0},{"b":253.75,"t":2,"i":8,"f":0},{"b":253.75,"t":3,"i":8,"f":0},{"b":254.0,"t":2,"i":5,"f":1.0},{"b":254.0,"t":3,"i":5,"f":1.0},{"b":254.0,"i":5,"f":1.0,"t":0},{"b":254.25,"t":3,"i":8,"f":0},{"b":254.25,"i":8,"t":0,"f":0},{"b":254.25,"t":2,"i":8,"f":0},{"b":254.5,"t":3,"i":5,"f":1.0},{"b":254.5,"t":1,"i":5,"f":1.0},{"b":254.5,"i":5,"f":1.0,"t":0},{"b":254.5,"t":2,"i":5,"f":1.0},{"b":254.75,"i":8,"t":0,"f":0},{"b":254.75,"t":1,"i":8,"f":0},{"b":254.75,"t":3,"i":8,"f":0},{"b":254.75,"t":2,"i":8,"f":0},{"b":255.0,"t":2,"i":5,"f":1.0},{"b":255.0,"i":5,"f":1.0,"t":0},{"b":255.0,"t":3,"i":5,"f":1.0},{"b":255.25,"i":8,"t":0,"f":0},{"b":255.25,"t":3,"i":8,"f":0},{"b":255.25,"t":2,"i":8,"f":0},{"b":255.5,"t":2,"i":5,"f":1.0},{"b":255.5,"t":3,"i":5,"f":1.0},{"b":255.5,"i":5,"f":1.0,"t":0},{"b":255.5,"t":1,"i":5,"f":1.0},{"b":255.75,"t":2,"i":8,"f":0},{"b":255.75,"t":3,"i":8,"f":0},{"b":255.75,"i":8,"t":0,"f":0},{"b":255.75,"t":1,"i":8,"f":0},{"b":256.0,"t":3,"i":5,"f":1.0},{"b":256.0,"i":5,"f":1.0,"t":0},{"b":256.0,"t":4,"i":1,"f":1.0},{"b":256.0,"t":2,"i":5,"f":1.0},{"b":256.25,"i":8,"t":0,"f":0},{"b":256.25,"t":2,"i":8,"f":0},{"b":256.25,"t":3,"i":8,"f":0},{"b":256.5,"t":4,"i":4,"f":0},{"b":258.0,"t":4,"i":1,"f":1.0},{"b":258.0,"t":3,"i":5,"f":1.0},{"b":258.0,"i":1,"f":1.0,"t":0},{"b":258.0,"t":1,"i":1,"f":1.0},{"b":258.0,"t":2,"i":5,"f":1.0},{"b":258.25,"t":1,"i":4,"f":0},{"b":258.25,"t":3,"i":8,"f":0},{"b":258.25,"t":2,"i":8,"f":0},{"b":258.25,"i":4,"t":0,"f":0},{"b":258.25,"t":4,"i":4,"f":0},{"b":258.5,"i":1,"f":1.0,"t":0},{"b":258.5,"t":3,"i":5,"f":1.0},{"b":258.5,"t":4,"i":1,"f":1.0},{"b":258.5,"t":1,"i":1,"f":1.0},{"b":258.5,"t":2,"i":5,"f":1.0},{"b":258.75,"t":1,"i":4,"f":0},{"b":258.75,"t":2,"i":8,"f":0},{"b":258.75,"t":3,"i":8,"f":0},{"b":258.75,"i":4,"t":0,"f":0},{"b":258.75,"t":4,"i":4,"f":0},{"b":259.5,"t":4,"i":1,"f":1.0},{"b":259.5,"t":1,"i":1,"f":1.0},{"b":259.5,"t":3,"i":5,"f":1.0},{"b":259.5,"t":2,"i":5,"f":1.0},{"b":259.5,"i":1,"f":1.0,"t":0},{"b":259.75,"t":2,"i":8,"f":0},{"b":259.75,"t":3,"i":8,"f":0},{"b":260.0,"t":4,"i":4,"f":0},{"b":260.0,"i":4,"t":0,"f":0},{"b":260.0,"t":1,"i":4,"f":0},{"b":264.0,"t":4,"i":9,"f":1.0},{"b":264.0,"t":2,"i":5,"f":1.0},{"b":264.0,"t":3,"i":5,"f":1.0},{"b":265.0,"t":3,"i":8,"f":0},{"b":265.0,"t":2,"i":8,"f":0},{"b":265.5,"t":3,"i":5,"f":1.0},{"b":265.5,"t":2,"i":5,"f":1.0},{"b":267.0,"t":2,"i":8,"f":0},{"b":267.0,"t":3,"i":8,"f":0},{"b":268.0,"t":3,"i":5,"f":1.0},{"b":268.0,"t":2,"i":5,"f":1.0},{"b":269.0,"t":3,"i":8,"f":0},{"b":269.0,"t":2,"i":8,"f":0},{"b":269.5,"t":3,"i":5,"f":1.0},{"b":269.5,"t":2,"i":5,"f":1.0},{"b":271.0,"t":2,"i":8,"f":0},{"b":271.0,"t":3,"i":8,"f":0},{"b":272.0,"t":2,"i":5,"f":1.0},{"b":272.0,"t":3,"i":5,"f":1.0},{"b":273.0,"t":2,"i":8,"f":0},{"b":273.0,"t":3,"i":8,"f":0},{"b":273.5,"t":2,"i":5,"f":1.0},{"b":273.5,"t":3,"i":5,"f":1.0},{"b":275.0,"t":2,"i":8,"f":0},{"b":275.0,"t":3,"i":8,"f":0},{"b":276.0,"t":2,"i":5,"f":1.0},{"b":276.0,"t":3,"i":5,"f":1.0},{"b":276.25,"t":3,"i":8,"f":0},{"b":276.25,"t":2,"i":8,"f":0},{"b":276.5,"t":2,"i":5,"f":1.0},{"b":276.5,"t":3,"i":5,"f":1.0},{"b":276.75,"t":2,"i":8,"f":0},{"b":276.75,"t":3,"i":8,"f":0},{"b":277.5,"t":2,"i":5,"f":1.0},{"b":277.5,"t":3,"i":5,"f":1.0},{"b":278.0,"t":3,"i":8,"f":0},{"b":278.0,"t":2,"i":8,"f":0},{"b":278.5,"t":3,"i":5,"f":1.0},{"b":278.5,"t":2,"i":5,"f":1.0},{"b":279.0,"t":1,"i":5,"f":1.0},{"b":279.0,"t":2,"i":8,"f":0},{"b":279.0,"t":3,"i":8,"f":0},{"b":279.5,"t":1,"i":8,"f":0},{"b":280.0,"t":2,"i":5,"f":1.0},{"b":280.0,"t":4,"i":1,"f":1.0},{"b":280.0,"t":3,"i":5,"f":1.0},{"b":280.0,"t":1,"i":5,"f":1.0},{"b":280.75,"t":1,"i":8,"f":0},{"b":281.0,"t":3,"i":8,"f":0},{"b":281.0,"t":2,"i":8,"f":0},{"b":281.5,"t":1,"i":5,"f":1.0},{"b":282.0,"t":2,"i":5,"f":1.0},{"b":282.0,"t":3,"i":5,"f":1.0},{"b":282.25,"t":1,"i":8,"f":0},{"b":283.0,"t":1,"i":5,"f":1.0},{"b":283.0,"t":2,"i":8,"f":0},{"b":283.0,"t":3,"i":8,"f":0},{"b":283.75,"t":1,"i":8,"f":0},{"b":284.0,"t":3,"i":5,"f":1.0},{"b":284.0,"t":2,"i":5,"f":1.0},{"b":284.5,"t":1,"i":5,"f":1.0},{"b":285.0,"t":2,"i":8,"f":0},{"b":285.0,"t":3,"i":8,"f":0},{"b":285.25,"t":1,"i":8,"f":0},{"b":286.0,"t":1,"i":5,"f":1.0},{"b":286.0,"t":3,"i":5,"f":1.0},{"b":286.0,"t":2,"i":5,"f":1.0},{"b":286.25,"t":1,"i":8,"f":0},{"b":286.5,"t":1,"i":5,"f":1.0},{"b":286.75,"t":1,"i":8,"f":0},{"b":287.0,"t":2,"i":8,"f":0},{"b":287.0,"t":3,"i":8,"f":0},{"b":287.0,"t":1,"i":5,"f":1.0},{"b":287.25,"t":1,"i":8,"f":0},{"b":287.5,"t":1,"i":5,"f":1.0},{"b":287.75,"t":1,"i":8,"f":0},{"b":288.0,"t":3,"i":5,"f":1.0},{"b":288.0,"t":2,"i":5,"f":1.0},{"b":289.0,"t":2,"i":8,"f":0},{"b":289.0,"t":1,"i":5,"f":1.0},{"b":289.0,"t":3,"i":8,"f":0},{"b":289.75,"t":1,"i":8,"f":0},{"b":290.0,"t":3,"i":5,"f":1.0},{"b":290.0,"t":2,"i":5,"f":1.0},{"b":290.5,"t":1,"i":5,"f":1.0},{"b":291.0,"t":2,"i":8,"f":0},{"b":291.0,"t":3,"i":8,"f":0},{"b":291.25,"t":1,"i":8,"f":0},{"b":292.0,"t":2,"i":5,"f":1.0},{"b":292.0,"t":3,"i":5,"f":1.0},{"b":292.0,"t":1,"i":5,"f":1.0},{"b":292.75,"t":1,"i":8,"f":0},{"b":293.0,"t":2,"i":8,"f":0},{"b":293.0,"t":3,"i":8,"f":0},{"b":293.5,"t":1,"i":5,"f":1.0},{"b":294.0,"t":2,"i":5,"f":1.0},{"b":294.0,"t":3,"i":5,"f":1.0},{"b":294.25,"t":1,"i":8,"f":0},{"b":295.0,"t":1,"i":5,"f":1.0},{"b":295.0,"t":2,"i":8,"f":0},{"b":295.0,"t":3,"i":8,"f":0},{"b":295.75,"t":1,"i":8,"f":0},{"b":296.0,"t":3,"i":5,"f":1.0},{"b":296.0,"t":2,"i":5,"f":1.0},{"b":296.5,"t":1,"i":5,"f":1.0},{"b":297.0,"t":2,"i":8,"f":0},{"b":297.0,"t":3,"i":8,"f":0},{"b":297.25,"t":1,"i":8,"f":0},{"b":298.0,"t":2,"i":5,"f":1.0},{"b":298.0,"t":3,"i":5,"f":1.0},{"b":298.0,"t":1,"i":5,"f":1.0},{"b":298.75,"t":1,"i":8,"f":0},{"b":299.0,"t":2,"i":8,"f":0},{"b":299.0,"t":3,"i":8,"f":0},{"b":299.5,"t":1,"i":5,"f":1.0},{"b":300.0,"t":3,"i":5,"f":1.0},{"b":300.0,"t":2,"i":5,"f":1.0},{"b":300.25,"t":1,"i":8,"f":0},{"b":300.5,"t":1,"i":5,"f":1.0},{"b":301.0,"t":2,"i":8,"f":0},{"b":301.0,"t":3,"i":8,"f":0},{"b":301.0,"t":1,"i":8,"f":0},{"b":301.5,"t":1,"i":5,"f":1.0},{"b":302.0,"t":1,"i":8,"f":0},{"b":302.0,"t":2,"i":5,"f":1.0},{"b":302.0,"t":3,"i":5,"f":1.0},{"b":302.5,"t":1,"i":5,"f":1.0},{"b":302.75,"t":1,"i":8,"f":0},{"b":303.0,"t":3,"i":8,"f":0},{"b":303.0,"t":1,"i":5,"f":1.0},{"b":303.0,"t":2,"i":8,"f":0},{"b":303.25,"t":1,"i":8,"f":0},{"b":304.0,"t":3,"i":5,"f":1.0},{"b":304.0,"t":1,"i":5,"f":1.0},{"b":304.0,"t":2,"i":5,"f":1.0},{"b":304.5,"t":1,"i":8,"f":0},{"b":305.0,"t":3,"i":8,"f":0},{"b":305.0,"t":1,"i":5,"f":1.0},{"b":305.0,"t":2,"i":8,"f":0},{"b":305.25,"t":1,"i":8,"f":0},{"b":305.5,"t":1,"i":5,"f":1.0},{"b":305.75,"t":1,"i":8,"f":0},{"b":306.0,"t":3,"i":5,"f":1.0},{"b":306.0,"t":2,"i":5,"f":1.0},{"b":306.5,"t":1,"i":5,"f":1.0},{"b":306.75,"t":1,"i":8,"f":0},{"b":307.0,"t":1,"i":5,"f":1.0},{"b":307.0,"t":3,"i":8,"f":0},{"b":307.0,"t":2,"i":8,"f":0},{"b":307.25,"t":1,"i":8,"f":0},{"b":307.5,"t":1,"i":5,"f":1.0},{"b":307.75,"t":1,"i":8,"f":0},{"b":308.0,"t":4,"i":0,"f":0},{"b":308.0,"t":1,"i":5,"f":1.0},{"b":311.5,"t":1,"i":8,"f":0},{"b":311.75,"t":4,"i":8,"f":1.0},{"b":312.0,"t":3,"i":5,"f":1.0},{"b":312.0,"t":4,"i":1,"f":1.0},{"b":312.0,"t":2,"i":5,"f":1.0},{"b":312.5,"t":1,"i":5,"f":1.0},{"b":312.75,"t":1,"i":8,"f":0},{"b":313.0,"t":2,"i":8,"f":0},{"b":313.0,"t":3,"i":8,"f":0},{"b":313.0,"t":1,"i":5,"f":1.0},{"b":313.25,"t":1,"i":8,"f":0},{"b":313.5,"t":1,"i":5,"f":1.0},{"b":313.75,"t":1,"i":8,"f":0},{"b":314.0,"t":2,"i":5,"f":1.0},{"b":314.0,"t":1,"i":5,"f":1.0},{"b":314.0,"t":3,"i":5,"f":1.0},{"b":314.25,"t":1,"i":8,"f":0},{"b":315.0,"t":3,"i":8,"f":0},{"b":315.0,"t":1,"i":5,"f":1.0},{"b":315.0,"t":2,"i":8,"f":0},{"b":315.25,"t":1,"i":8,"f":0},{"b":315.5,"t":1,"i":5,"f":1.0},{"b":315.75,"t":1,"i":8,"f":0},{"b":316.0,"t":2,"i":5,"f":1.0},{"b":316.0,"t":3,"i":5,"f":1.0},{"b":316.5,"t":1,"i":5,"f":1.0},{"b":316.75,"t":1,"i":8,"f":0},{"b":317.0,"t":3,"i":8,"f":0},{"b":317.0,"t":2,"i":8,"f":0},{"b":317.5,"t":1,"i":5,"f":1.0},{"b":317.75,"t":1,"i":8,"f":0},{"b":318.0,"t":2,"i":5,"f":1.0},{"b":318.0,"t":3,"i":5,"f":1.0},{"b":318.0,"t":1,"i":5,"f":1.0},{"b":318.5,"t":1,"i":8,"f":0},{"b":319.0,"t":2,"i":8,"f":0},{"b":319.0,"t":1,"i":5,"f":1.0},{"b":319.0,"t":3,"i":8,"f":0},{"b":319.5,"t":1,"i":8,"f":0},{"b":320.0,"t":2,"i":5,"f":1.0},{"b":320.0,"t":1,"i":5,"f":1.0},{"b":320.0,"t":3,"i":5,"f":1.0},{"b":320.5,"t":1,"i":8,"f":0},{"b":321.0,"t":2,"i":8,"f":0},{"b":321.0,"t":3,"i":8,"f":0},{"b":321.0,"t":1,"i":5,"f":1.0},{"b":321.25,"t":1,"i":8,"f":0},{"b":321.5,"t":1,"i":5,"f":1.0},{"b":321.75,"t":1,"i":8,"f":0},{"b":322.0,"t":3,"i":5,"f":1.0},{"b":322.0,"t":2,"i":5,"f":1.0},{"b":322.5,"t":1,"i":5,"f":1.0},{"b":323.0,"t":3,"i":8,"f":0},{"b":323.0,"t":1,"i":8,"f":0},{"b":323.0,"t":2,"i":8,"f":0},{"b":323.5,"i":5,"f":0.5,"t":0},{"b":323.5625,"i":8,"t":0,"f":0},{"b":323.625,"i":8,"f":0.5,"t":0},{"b":323.6875,"i":8,"t":0,"f":0},{"b":323.75,"i":8,"f":0.5,"t":0},{"b":323.8125,"i":8,"t":0,"f":0},{"b":323.875,"i":8,"f":0.5,"t":0},{"b":323.9375,"i":8,"t":0,"f":0},{"b":324.0,"i":8,"f":0.5,"t":0},{"b":324.0,"t":2,"i":5,"f":1.0},{"b":324.0,"t":3,"i":5,"f":1.0},{"b":324.75,"i":8,"t":0,"f":0},{"b":325.0,"t":2,"i":8,"f":0},{"b":325.0,"t":3,"i":8,"f":0},{"b":325.0,"i":5,"f":0.5,"t":0},{"b":325.25,"i":8,"t":0,"f":0},{"b":325.5,"i":5,"f":0.5,"t":0},{"b":326.0,"t":3,"i":5,"f":1.0},{"b":326.0,"t":2,"i":5,"f":1.0},{"b":327.0,"t":3,"i":8,"f":0},{"b":327.0,"t":2,"i":8,"f":0},{"b":327.0,"i":8,"t":0,"f":0},{"b":328.0,"t":3,"i":5,"f":1.0},{"b":328.0,"t":2,"i":5,"f":1.0},{"b":328.5,"t":1,"i":5,"f":1.0},{"b":328.75,"t":1,"i":8,"f":0},{"b":329.0,"t":1,"i":5,"f":1.0},{"b":329.0,"t":2,"i":8,"f":0},{"b":329.0,"t":3,"i":8,"f":0},{"b":329.25,"t":1,"i":8,"f":0},{"b":329.5,"t":1,"i":5,"f":1.0},{"b":329.75,"t":1,"i":8,"f":0},{"b":330.0,"t":1,"i":5,"f":1.0},{"b":330.0,"t":2,"i":5,"f":1.0},{"b":330.0,"t":3,"i":5,"f":1.0},{"b":330.25,"t":1,"i":8,"f":0},{"b":331.0,"t":2,"i":8,"f":0},{"b":331.0,"t":3,"i":8,"f":0},{"b":331.0,"t":1,"i":5,"f":1.0},{"b":331.25,"t":1,"i":8,"f":0},{"b":331.5,"t":1,"i":5,"f":1.0},{"b":331.75,"t":1,"i":8,"f":0},{"b":332.0,"t":2,"i":5,"f":1.0},{"b":332.0,"t":3,"i":5,"f":1.0},{"b":332.5,"t":1,"i":5,"f":1.0},{"b":332.75,"t":1,"i":8,"f":0},{"b":333.0,"t":3,"i":8,"f":0},{"b":333.0,"t":2,"i":8,"f":0},{"b":333.5,"t":1,"i":5,"f":1.0},{"b":333.75,"t":1,"i":8,"f":0},{"b":334.0,"t":3,"i":5,"f":1.0},{"b":334.0,"t":2,"i":5,"f":1.0},{"b":334.0,"t":1,"i":5,"f":1.0},{"b":334.25,"t":1,"i":8,"f":0},{"b":335.0,"t":3,"i":8,"f":0},{"b":335.0,"t":2,"i":8,"f":0},{"b":335.0,"t":1,"i":5,"f":1.0},{"b":335.0,"i":5,"f":1.0,"t":0},{"b":335.5,"t":1,"i":8,"f":0},{"b":335.5,"i":8,"t":0,"f":0},{"b":336.0,"t":3,"i":5,"f":1.0},{"b":336.0,"t":2,"i":5,"f":1.0},{"b":336.0,"t":1,"i":5,"f":1.0},{"b":336.0,"i":5,"f":1.0,"t":0},{"b":336.25,"t":1,"i":8,"f":0},{"b":336.5,"t":2,"i":8,"f":0},{"b":336.5,"i":8,"t":0,"f":0},{"b":336.5,"t":3,"i":8,"f":0},{"b":336.5,"t":1,"i":5,"f":1.0},{"b":336.75,"t":1,"i":8,"f":0},{"b":337.0,"t":1,"i":5,"f":1.0},{"b":337.0,"t":2,"i":5,"f":1.0},{"b":337.0,"t":3,"i":5,"f":1.0},{"b":337.0,"i":5,"f":1.0,"t":0},{"b":337.25,"i":8,"t":0,"f":0},{"b":337.25,"t":1,"i":8,"f":0},{"b":337.25,"t":3,"i":8,"f":0},{"b":337.25,"t":2,"i":8,"f":0},{"b":337.5,"t":1,"i":5,"f":1.0},{"b":337.5,"t":3,"i":5,"f":1.0},{"b":337.5,"i":5,"f":1.0,"t":0},{"b":337.5,"t":2,"i":5,"f":1.0},{"b":337.75,"t":1,"i":8,"f":0},{"b":338.0,"t":2,"i":8,"f":0},{"b":338.0,"i":8,"t":0,"f":0},{"b":338.0,"t":3,"i":8,"f":0},{"b":338.0,"t":1,"i":5,"f":1.0},{"b":338.25,"t":1,"i":8,"f":0},{"b":338.5,"i":5,"f":1.0,"t":0},{"b":338.5,"t":2,"i":5,"f":1.0},{"b":338.5,"t":1,"i":5,"f":1.0},{"b":338.5,"t":3,"i":5,"f":1.0},{"b":339.5,"t":3,"i":8,"f":0},{"b":339.5,"i":8,"t":0,"f":0},{"b":339.5,"t":2,"i":8,"f":0},{"b":339.5,"t":1,"i":8,"f":0},{"b":340.0,"t":4,"i":1,"f":1.0},{"b":340.0,"t":1,"i":5,"f":1.0},{"b":341.5,"t":1,"i":8,"f":0},{"b":344.0,"t":1,"i":5,"f":1.0},{"b":344.0,"t":4,"i":8,"f":1.0},{"b":344.333344,"t":1,"i":8,"f":0},{"b":344.5,"t":2,"i":5,"f":1.0},{"b":344.5,"t":3,"i":5,"f":1.0},{"b":344.666656,"t":1,"i":5,"f":1.0},{"b":344.75,"t":2,"i":8,"f":0},{"b":344.75,"t":3,"i":8,"f":0},{"b":345.0,"t":2,"i":5,"f":1.0},{"b":345.0,"t":1,"i":8,"f":0},{"b":345.0,"t":3,"i":5,"f":1.0},{"b":345.25,"t":3,"i":8,"f":0},{"b":345.25,"t":2,"i":8,"f":0},{"b":345.333344,"t":1,"i":5,"f":1.0},{"b":345.6667,"t":1,"i":8,"f":0},{"b":346.0,"t":1,"i":5,"f":1.0},{"b":346.333344,"t":1,"i":8,"f":0},{"b":346.5,"t":3,"i":5,"f":1.0},{"b":346.5,"t":2,"i":5,"f":1.0},{"b":346.666656,"t":1,"i":5,"f":1.0},{"b":346.75,"t":3,"i":8,"f":0},{"b":346.75,"t":2,"i":8,"f":0},{"b":347.0,"t":2,"i":5,"f":1.0},{"b":347.0,"t":3,"i":5,"f":1.0},{"b":347.0,"t":1,"i":8,"f":0},{"b":347.25,"t":3,"i":8,"f":0},{"b":347.25,"t":2,"i":8,"f":0},{"b":347.333344,"t":1,"i":5,"f":1.0},{"b":347.6667,"t":1,"i":8,"f":0},{"b":348.0,"t":1,"i":5,"f":1.0},{"b":348.0,"t":2,"i":5,"f":1.0},{"b":348.0,"t":3,"i":5,"f":1.0},{"b":349.0,"t":3,"i":8,"f":0},{"b":349.0,"t":2,"i":8,"f":0},{"b":351.0,"t":1,"i":8,"f":0},{"b":352.0,"t":1,"i":5,"f":1.0},{"b":353.0,"t":1,"i":8,"f":0},{"b":353.5,"t":1,"i":5,"f":1.0},{"b":354.5,"t":1,"i":8,"f":0},{"b":355.0,"t":1,"i":5,"f":1.0},{"b":355.5,"t":1,"i":8,"f":0},{"b":356.0,"t":3,"i":5,"f":1.0},{"b":356.0,"t":1,"i":5,"f":1.0},{"b":356.0,"t":2,"i":5,"f":1.0},{"b":357.0,"t":2,"i":8,"f":0},{"b":357.0,"t":3,"i":8,"f":0},{"b":359.0,"t":1,"i":8,"f":0},{"b":360.0,"t":1,"i":5,"f":1.0},{"b":361.0,"t":1,"i":8,"f":0},{"b":361.5,"t":1,"i":5,"f":1.0},{"b":362.5,"t":1,"i":8,"f":0},{"b":363.0,"t":1,"i":5,"f":1.0},{"b":363.5,"t":1,"i":8,"f":0},{"b":364.0,"t":2,"i":5,"f":1.0},{"b":364.0,"t":3,"i":5,"f":1.0},{"b":364.0,"t":1,"i":5,"f":1.0},{"b":365.0,"t":2,"i":8,"f":0},{"b":365.0,"t":3,"i":8,"f":0},{"b":367.0,"t":1,"i":8,"f":0},{"b":368.0,"t":1,"i":5,"f":1.0},{"b":368.25,"t":1,"i":8,"f":0},{"b":369.0,"t":1,"i":8,"f":0},{"b":369.5,"t":1,"i":5,"f":1.0},{"b":370.5,"t":1,"i":8,"f":0},{"b":371.0,"t":1,"i":5,"f":1.0},{"b":371.5,"t":1,"i":8,"f":0},{"b":372.0,"t":1,"i":5,"f":1.0},{"b":372.0,"t":3,"i":5,"f":1.0},{"b":372.0,"t":2,"i":5,"f":1.0},{"b":373.0,"t":2,"i":8,"f":0},{"b":373.0,"t":3,"i":8,"f":0},{"b":373.5,"t":3,"i":5,"f":1.0},{"b":373.5,"t":2,"i":5,"f":1.0},{"b":374.0,"t":2,"i":8,"f":0},{"b":374.0,"t":3,"i":8,"f":0},{"b":374.5,"t":3,"i":5,"f":1.0},{"b":374.5,"t":2,"i":5,"f":1.0},{"b":375.0,"t":2,"i":8,"f":0},{"b":375.0,"t":3,"i":8,"f":0},{"b":375.0,"t":1,"i":8,"f":0},{"b":375.5,"t":3,"i":5,"f":1.0},{"b":375.5,"t":2,"i":5,"f":1.0},{"b":375.75,"t":3,"i":8,"f":0},{"b":375.75,"t":2,"i":8,"f":0},{"b":376.0,"t":1,"i":5,"f":1.0},{"b":377.0,"t":1,"i":8,"f":0},{"b":377.5,"t":1,"i":5,"f":1.0},{"b":377.5,"t":2,"i":5,"f":1.0},{"b":377.5,"t":3,"i":5,"f":1.0},{"b":378.0,"t":2,"i":8,"f":0},{"b":378.0,"t":3,"i":8,"f":0},{"b":378.5,"t":1,"i":8,"f":0},{"b":378.5,"t":2,"i":5,"f":1.0},{"b":378.5,"t":3,"i":5,"f":1.0},{"b":378.75,"t":3,"i":8,"f":0},{"b":378.75,"t":2,"i":8,"f":0},{"b":379.0,"t":3,"i":5,"f":1.0},{"b":379.0,"t":1,"i":5,"f":1.0},{"b":379.0,"t":2,"i":5,"f":1.0},{"b":379.5,"t":3,"i":8,"f":0},{"b":379.5,"t":2,"i":8,"f":0},{"b":379.5,"t":1,"i":8,"f":0},{"b":380.0,"t":2,"i":5,"f":1.0},{"b":380.0,"t":3,"i":5,"f":1.0},{"b":380.0,"t":1,"i":5,"f":1.0},{"b":381.0,"t":2,"i":8,"f":0},{"b":381.0,"t":3,"i":8,"f":0},{"b":381.5,"t":2,"i":5,"f":1.0},{"b":381.5,"t":3,"i":5,"f":1.0},{"b":382.0,"t":2,"i":8,"f":0},{"b":382.0,"t":1,"i":8,"f":0},{"b":382.0,"t":3,"i":8,"f":0},{"b":382.5,"t":3,"i":5,"f":1.0},{"b":382.5,"t":2,"i":5,"f":1.0},{"b":383.0,"t":3,"i":8,"f":0},{"b":383.0,"t":2,"i":8,"f":0},{"b":383.5,"t":3,"i":5,"f":1.0},{"b":383.5,"t":2,"i":5,"f":1.0},{"b":383.75,"t":3,"i":8,"f":0},{"b":383.75,"t":2,"i":8,"f":0},{"b":384.0,"t":1,"i":5,"f":1.0},{"b":385.0,"t":1,"i":8,"f":0},{"b":385.5,"t":1,"i":5,"f":1.0},{"b":385.5,"t":3,"i":5,"f":1.0},{"b":385.5,"t":2,"i":5,"f":1.0},{"b":386.0,"t":3,"i":8,"f":0},{"b":386.0,"t":2,"i":8,"f":0},{"b":386.5,"t":1,"i":8,"f":0},{"b":386.5,"t":2,"i":5,"f":1.0},{"b":386.5,"t":3,"i":5,"f":1.0},{"b":386.75,"t":2,"i":8,"f":0},{"b":386.75,"t":3,"i":8,"f":0},{"b":387.0,"t":3,"i":5,"f":1.0},{"b":387.0,"t":1,"i":5,"f":1.0},{"b":387.0,"t":2,"i":5,"f":1.0},{"b":387.5,"t":3,"i":8,"f":0},{"b":387.5,"t":2,"i":8,"f":0},{"b":387.5,"t":1,"i":8,"f":0},{"b":388.0,"t":3,"i":5,"f":1.0},{"b":388.0,"t":1,"i":5,"f":1.0},{"b":388.0,"t":2,"i":5,"f":1.0},{"b":389.0,"t":2,"i":8,"f":0},{"b":389.0,"t":3,"i":8,"f":0},{"b":389.5,"t":2,"i":5,"f":1.0},{"b":389.5,"t":3,"i":5,"f":1.0},{"b":390.0,"t":3,"i":8,"f":0},{"b":390.0,"t":1,"i":8,"f":0},{"b":390.0,"t":2,"i":8,"f":0},{"b":390.5,"t":3,"i":5,"f":1.0},{"b":390.5,"t":2,"i":5,"f":1.0},{"b":391.0,"t":3,"i":8,"f":0},{"b":391.0,"t":2,"i":8,"f":0},{"b":391.5,"t":3,"i":5,"f":1.0},{"b":391.5,"t":2,"i":5,"f":1.0},{"b":391.75,"t":3,"i":8,"f":0},{"b":391.75,"t":2,"i":8,"f":0},{"b":392.0,"t":1,"i":5,"f":1.0},{"b":393.0,"t":1,"i":8,"f":0},{"b":393.5,"t":1,"i":5,"f":1.0},{"b":393.5,"t":2,"i":5,"f":1.0},{"b":393.5,"t":3,"i":5,"f":1.0},{"b":394.0,"t":2,"i":8,"f":0},{"b":394.0,"t":3,"i":8,"f":0},{"b":394.5,"t":2,"i":5,"f":1.0},{"b":394.5,"t":1,"i":8,"f":0},{"b":394.5,"t":3,"i":5,"f":1.0},{"b":394.75,"t":2,"i":8,"f":0},{"b":394.75,"t":3,"i":8,"f":0},{"b":395.0,"t":3,"i":5,"f":1.0},{"b":395.0,"t":2,"i":5,"f":1.0},{"b":395.0,"t":1,"i":5,"f":1.0},{"b":395.5,"t":1,"i":8,"f":0},{"b":395.5,"t":2,"i":8,"f":0},{"b":395.5,"t":3,"i":8,"f":0},{"b":396.0,"t":1,"i":5,"f":1.0},{"b":396.0,"t":2,"i":5,"f":1.0},{"b":396.0,"t":3,"i":5,"f":1.0},{"b":396.25,"t":1,"i":8,"f":0},{"b":396.5,"t":1,"i":5,"f":1.0},{"b":397.0,"t":1,"i":8,"f":0},{"b":397.0,"t":3,"i":8,"f":0},{"b":397.0,"t":2,"i":8,"f":0},{"b":397.25,"t":1,"i":5,"f":1.0},{"b":397.5,"t":2,"i":5,"f":1.0},{"b":397.5,"t":3,"i":5,"f":1.0},{"b":397.5,"t":1,"i":8,"f":0},{"b":398.0,"t":2,"i":8,"f":0},{"b":398.0,"t":3,"i":8,"f":0},{"b":398.5,"t":2,"i":5,"f":1.0},{"b":398.5,"t":3,"i":5,"f":1.0},{"b":399.0,"t":3,"i":8,"f":0},{"b":399.0,"t":2,"i":8,"f":0},{"b":399.5,"t":2,"i":5,"f":1.0},{"b":399.5,"t":3,"i":5,"f":1.0},{"b":399.75,"t":3,"i":8,"f":0},{"b":399.75,"t":2,"i":8,"f":0},{"b":400.0,"t":1,"i":5,"f":1.0},{"b":401.0,"t":1,"i":8,"f":0},{"b":401.5,"t":1,"i":5,"f":1.0},{"b":401.5,"t":3,"i":5,"f":1.0},{"b":401.5,"t":2,"i":5,"f":1.0},{"b":402.0,"t":3,"i":8,"f":0},{"b":402.0,"t":2,"i":8,"f":0},{"b":402.5,"t":1,"i":8,"f":0},{"b":402.5,"t":2,"i":5,"f":1.0},{"b":402.5,"t":3,"i":5,"f":1.0},{"b":402.75,"t":3,"i":8,"f":0},{"b":402.75,"t":2,"i":8,"f":0},{"b":403.0,"t":3,"i":5,"f":1.0},{"b":403.0,"t":1,"i":5,"f":1.0},{"b":403.0,"t":2,"i":5,"f":1.0},{"b":403.5,"t":3,"i":8,"f":0},{"b":403.5,"t":1,"i":8,"f":0},{"b":403.5,"t":2,"i":8,"f":0},{"b":404.0,"t":3,"i":5,"f":1.0},{"b":404.0,"t":2,"i":5,"f":1.0},{"b":404.0,"t":4,"i":5,"f":1.0},{"b":404.0,"t":1,"i":5,"f":1.0},{"b":404.5,"t":4,"i":8,"f":0},{"b":404.5,"t":3,"i":8,"f":0},{"b":404.5,"t":2,"i":8,"f":0},{"b":405.0,"t":4,"i":5,"f":1.0},{"b":405.0,"t":3,"i":5,"f":1.0},{"b":405.0,"t":2,"i":5,"f":1.0},{"b":405.5,"t":4,"i":8,"f":0},{"b":405.5,"t":2,"i":8,"f":0},{"b":405.5,"t":3,"i":8,"f":0},{"b":406.0,"t":4,"i":5,"f":1.0},{"b":406.0,"t":3,"i":5,"f":1.0},{"b":406.0,"t":2,"i":5,"f":1.0},{"b":406.5,"t":2,"i":8,"f":0},{"b":406.5,"t":4,"i":8,"f":0},{"b":406.5,"t":3,"i":8,"f":0},{"b":407.0,"t":2,"i":5,"f":1.0},{"b":407.0,"t":4,"i":5,"f":1.0},{"b":407.0,"t":3,"i":5,"f":1.0},{"b":407.5,"t":1,"i":8,"f":0},{"b":407.5,"t":4,"i":8,"f":0},{"b":407.5,"t":2,"i":8,"f":0},{"b":407.5,"t":3,"i":8,"f":0},{"b":408.0,"t":4,"i":5,"f":1.0},{"b":408.0,"t":1,"i":5,"f":1.0},{"b":408.0,"t":2,"i":5,"f":1.0},{"b":408.0,"t":3,"i":5,"f":1.0},{"b":408.333344,"t":1,"i":8,"f":0},{"b":408.5,"t":3,"i":8,"f":0},{"b":408.5,"t":2,"i":8,"f":0},{"b":408.5,"t":4,"i":8,"f":0},{"b":408.666656,"t":1,"i":5,"f":1.0},{"b":409.0,"t":2,"i":5,"f":1.0},{"b":409.0,"t":3,"i":5,"f":1.0},{"b":409.0,"t":1,"i":8,"f":0},{"b":409.0,"t":4,"i":5,"f":1.0},{"b":409.333344,"t":1,"i":5,"f":1.0},{"b":409.5,"t":3,"i":8,"f":0},{"b":409.5,"t":2,"i":8,"f":0},{"b":409.5,"t":4,"i":8,"f":0},{"b":409.6667,"t":1,"i":8,"f":0},{"b":410.0,"t":1,"i":5,"f":1.0},{"b":410.0,"t":4,"i":5,"f":1.0},{"b":410.0,"t":3,"i":5,"f":1.0},{"b":410.0,"t":2,"i":5,"f":1.0},{"b":410.333344,"t":1,"i":8,"f":0},{"b":410.5,"t":2,"i":8,"f":0},{"b":410.5,"t":4,"i":8,"f":0},{"b":410.5,"t":3,"i":8,"f":0},{"b":410.666656,"t":1,"i":5,"f":1.0},{"b":411.0,"t":1,"i":8,"f":0},{"b":411.0,"t":3,"i":5,"f":1.0},{"b":411.0,"t":4,"i":5,"f":1.0},{"b":411.0,"t":2,"i":5,"f":1.0},{"b":411.333344,"t":1,"i":5,"f":1.0},{"b":411.5,"t":4,"i":8,"f":0},{"b":411.5,"t":2,"i":8,"f":0},{"b":411.5,"t":3,"i":8,"f":0},{"b":411.6667,"t":1,"i":8,"f":0},{"b":412.0,"t":1,"i":5,"f":1.0},{"b":412.0,"t":2,"i":5,"f":1.0},{"b":412.0,"t":4,"i":5,"f":1.0},{"b":412.0,"t":3,"i":5,"f":1.0},{"b":412.5,"t":3,"i":8,"f":0},{"b":412.5,"t":4,"i":8,"f":0},{"b":412.5,"t":2,"i":8,"f":0},{"b":420.0,"t":1,"i":8,"f":0},{"b":424.0,"t":1,"i":5,"f":1.0},{"b":424.0,"t":4,"i":12,"f":1.0},{"b":425.0,"t":1,"i":8,"f":0},{"b":426.5,"t":1,"i":5,"f":1.0},{"b":426.75,"t":1,"i":8,"f":0},{"b":427.0,"t":1,"i":5,"f":1.0},{"b":427.25,"t":1,"i":8,"f":0},{"b":427.5,"t":1,"i":5,"f":1.0},{"b":427.75,"t":1,"i":8,"f":0},{"b":428.0,"t":1,"i":5,"f":1.0},{"b":428.25,"t":1,"i":8,"f":0},{"b":429.0,"t":1,"i":5,"f":1.0},{"b":429.25,"t":1,"i":8,"f":0},{"b":429.5,"t":1,"i":5,"f":1.0},{"b":429.75,"t":1,"i":8,"f":0},{"b":431.0,"t":1,"i":5,"f":1.0},{"b":431.25,"t":1,"i":8,"f":0},{"b":434.5,"t":1,"i":5,"f":1.0},{"b":434.75,"t":1,"i":8,"f":0},{"b":435.0,"t":1,"i":5,"f":1.0},{"b":435.25,"t":1,"i":8,"f":0},{"b":435.5,"t":1,"i":5,"f":1.0},{"b":435.75,"t":1,"i":8,"f":0},{"b":436.0,"t":1,"i":5,"f":1.0},{"b":436.25,"t":1,"i":8,"f":0},{"b":437.0,"t":1,"i":5,"f":1.0},{"b":437.25,"t":1,"i":8,"f":0},{"b":437.5,"t":1,"i":5,"f":1.0},{"b":437.75,"t":1,"i":8,"f":0},{"b":439.0,"t":1,"i":5,"f":1.0},{"b":439.25,"t":1,"i":8,"f":0},{"b":442.0,"t":1,"i":9,"f":1.0},{"b":442.0,"i":9,"f":1.0,"t":0},{"b":442.5,"i":12,"t":0,"f":0},{"b":442.5,"t":1,"i":12,"f":0},{"b":443.0,"t":1,"i":9,"f":1.0},{"b":443.0,"i":9,"f":1.0,"t":0},{"b":443.5,"i":12,"t":0,"f":0},{"b":443.5,"t":1,"i":12,"f":0},{"b":444.0,"t":1,"i":9,"f":1.0},{"b":444.0,"i":9,"f":1.0,"t":0},{"b":444.5,"t":1,"i":12,"f":0},{"b":444.5,"i":12,"t":0,"f":0},{"b":445.0,"i":9,"f":1.0,"t":0},{"b":445.0,"t":1,"i":9,"f":1.0},{"b":445.25,"t":1,"i":12,"f":0},{"b":445.25,"i":12,"t":0,"f":0},{"b":445.5,"i":9,"f":1.0,"t":0},{"b":445.5,"t":1,"i":9,"f":1.0},{"b":446.0,"t":1,"i":12,"f":0},{"b":446.0,"i":12,"t":0,"f":0},{"b":446.5,"t":1,"i":9,"f":1.0},{"b":446.5,"i":9,"f":1.0,"t":0},{"b":447.5,"i":12,"t":0,"f":0},{"b":447.5,"t":1,"i":12,"f":0},{"b":448.0,"i":9,"f":1.0,"t":0},{"b":448.0,"t":1,"i":9,"f":1.0},{"b":448.5,"i":12,"t":0,"f":0},{"b":448.5,"t":1,"i":12,"f":0},{"b":449.0,"i":9,"f":1.0,"t":0},{"b":449.0,"t":1,"i":9,"f":1.0},{"b":449.25,"i":12,"t":0,"f":0},{"b":449.25,"t":1,"i":12,"f":0},{"b":449.5,"i":9,"f":1.0,"t":0},{"b":449.5,"t":1,"i":9,"f":1.0},{"b":450.0,"i":12,"t":0,"f":0},{"b":450.0,"t":1,"i":12,"f":0},{"b":450.5,"i":9,"f":1.0,"t":0},{"b":450.5,"t":1,"i":9,"f":1.0},{"b":450.75,"t":1,"i":12,"f":0},{"b":450.75,"i":12,"t":0,"f":0},{"b":451.0,"t":1,"i":9,"f":1.0},{"b":451.0,"i":9,"f":1.0,"t":0},{"b":451.5,"i":12,"t":0,"f":0},{"b":451.5,"t":1,"i":12,"f":0},{"b":456.0,"t":4,"i":9,"f":1.0},{"b":456.0,"t":2,"i":5,"f":1.0},{"b":456.0,"t":3,"i":5,"f":1.0},{"b":457.0,"t":2,"i":8,"f":0},{"b":457.0,"t":3,"i":8,"f":0},{"b":457.0,"t":1,"i":5,"f":1.0},{"b":457.5,"t":2,"i":5,"f":1.0},{"b":457.5,"t":3,"i":5,"f":1.0},{"b":458.0,"t":1,"i":8,"f":0},{"b":458.5,"t":2,"i":8,"f":0},{"b":458.5,"t":3,"i":8,"f":0},{"b":459.0,"t":1,"i":5,"f":1.0},{"b":459.5,"t":1,"i":8,"f":0},{"b":460.0,"t":2,"i":5,"f":1.0},{"b":460.0,"t":3,"i":5,"f":1.0},{"b":460.0,"t":1,"i":5,"f":1.0},{"b":460.5,"t":1,"i":8,"f":0},{"b":461.0,"t":2,"i":8,"f":0},{"b":461.0,"t":3,"i":8,"f":0},{"b":461.0,"t":1,"i":5,"f":1.0},{"b":461.25,"t":1,"i":8,"f":0},{"b":461.5,"t":1,"i":5,"f":1.0},{"b":461.5,"t":3,"i":5,"f":1.0},{"b":461.5,"t":2,"i":5,"f":1.0},{"b":461.75,"t":1,"i":8,"f":0},{"b":462.5,"t":1,"i":5,"f":1.0},{"b":462.5,"t":2,"i":8,"f":0},{"b":462.5,"t":3,"i":8,"f":0},{"b":462.75,"t":1,"i":8,"f":0},{"b":463.0,"t":1,"i":5,"f":1.0},{"b":463.25,"t":1,"i":8,"f":0},{"b":464.0,"t":3,"i":5,"f":1.0},{"b":464.0,"t":2,"i":5,"f":1.0},{"b":465.0,"t":3,"i":8,"f":0},{"b":465.0,"t":2,"i":8,"f":0},{"b":465.0,"t":1,"i":5,"f":1.0},{"b":465.5,"t":3,"i":5,"f":1.0},{"b":465.5,"t":2,"i":5,"f":1.0},{"b":465.5,"t":1,"i":8,"f":0},{"b":466.0,"t":1,"i":5,"f":1.0},{"b":466.5,"t":3,"i":8,"f":0},{"b":466.5,"t":2,"i":8,"f":0},{"b":466.5,"t":1,"i":8,"f":0},{"b":467.0,"t":1,"i":5,"f":1.0},{"b":467.5,"t":1,"i":8,"f":0},{"b":468.0,"t":1,"i":5,"f":1.0},{"b":468.0,"t":2,"i":5,"f":1.0},{"b":468.0,"t":3,"i":5,"f":1.0},{"b":468.3333,"t":1,"i":8,"f":0},{"b":468.6667,"t":1,"i":5,"f":1.0},{"b":469.0,"t":2,"i":8,"f":0},{"b":469.0,"t":1,"i":8,"f":0},{"b":469.0,"t":3,"i":8,"f":0},{"b":469.3333,"t":1,"i":5,"f":1.0},{"b":469.5,"t":3,"i":5,"f":1.0},{"b":469.5,"t":2,"i":5,"f":1.0},{"b":469.666656,"t":1,"i":8,"f":0},{"b":470.5,"t":3,"i":8,"f":0},{"b":470.5,"t":2,"i":8,"f":0},{"b":471.0,"t":1,"i":5,"f":1.0},{"b":472.0,"t":1,"i":8,"f":0},{"b":472.0,"t":4,"i":4,"f":1.0},{"b":472.0,"t":3,"i":5,"f":1.0},{"b":472.0,"t":2,"i":5,"f":1.0},{"b":473.0,"t":3,"i":8,"f":0},{"b":473.0,"t":1,"i":5,"f":1.0},{"b":473.0,"t":4,"i":4,"f":0},{"b":473.0,"t":2,"i":8,"f":0},{"b":473.25,"t":1,"i":8,"f":0},{"b":473.5,"t":1,"i":5,"f":1.0},{"b":473.75,"t":1,"i":8,"f":0},{"b":474.0,"t":1,"i":5,"f":1.0},{"b":474.25,"t":1,"i":8,"f":0},{"b":474.5,"t":1,"i":5,"f":1.0},{"b":474.75,"t":1,"i":8,"f":0},{"b":475.0,"t":1,"i":5,"f":1.0},{"b":475.25,"t":1,"i":8,"f":0},{"b":475.5,"t":1,"i":5,"f":1.0},{"b":475.75,"t":1,"i":8,"f":0},{"b":476.0,"t":1,"i":5,"f":1.0},{"b":476.25,"t":1,"i":8,"f":0},{"b":476.5,"t":1,"i":8,"f":0},{"b":477.0,"t":1,"i":5,"f":1.0},{"b":477.25,"t":1,"i":8,"f":0},{"b":477.5,"t":1,"i":5,"f":1.0},{"b":478.5,"t":1,"i":8,"f":0},{"b":479.0,"t":1,"i":5,"f":1.0},{"b":480.0,"t":1,"i":8,"f":0},{"b":480.0,"t":2,"i":5,"f":1.0},{"b":480.0,"t":3,"i":5,"f":1.0},{"b":480.0,"t":4,"i":1,"f":1.0},{"b":481.0,"t":1,"i":5,"f":1.0},{"b":481.0,"t":2,"i":8,"f":0},{"b":481.0,"t":4,"i":4,"f":0},{"b":481.0,"t":3,"i":8,"f":0},{"b":481.25,"t":1,"i":8,"f":0},{"b":481.5,"t":1,"i":5,"f":1.0},{"b":481.75,"t":1,"i":8,"f":0},{"b":482.0,"t":1,"i":5,"f":1.0},{"b":482.25,"t":1,"i":8,"f":0},{"b":482.5,"t":1,"i":5,"f":1.0},{"b":482.75,"t":1,"i":8,"f":0},{"b":483.0,"t":2,"i":5,"f":1.0},{"b":483.0,"t":3,"i":5,"f":1.0},{"b":483.0,"t":1,"i":5,"f":1.0},{"b":483.0,"t":4,"i":1,"f":1.0},{"b":483.25,"t":1,"i":8,"f":0},{"b":483.5,"t":1,"i":5,"f":1.0},{"b":483.75,"t":1,"i":8,"f":0},{"b":484.0,"t":3,"i":8,"f":0},{"b":484.0,"t":1,"i":5,"f":1.0},{"b":484.0,"t":4,"i":4,"f":0},{"b":484.0,"t":2,"i":8,"f":0},{"b":484.5,"t":1,"i":8,"f":0},{"b":485.0,"t":1,"i":5,"f":1.0},{"b":485.5,"t":1,"i":8,"f":0},{"b":486.0,"t":2,"i":5,"f":1.0},{"b":486.0,"t":3,"i":5,"f":1.0},{"b":486.0,"t":4,"i":1,"f":1.0},{"b":486.5,"t":1,"i":5,"f":1.0},{"b":487.0,"t":4,"i":4,"f":0},{"b":487.0,"t":2,"i":8,"f":0},{"b":487.0,"t":3,"i":8,"f":0},{"b":487.0,"t":1,"i":8,"f":0},{"b":488.0,"t":2,"i":5,"f":1.0},{"b":488.0,"t":3,"i":5,"f":1.0},{"b":489.0,"t":3,"i":8,"f":0},{"b":489.0,"t":2,"i":8,"f":0},{"b":489.0,"t":1,"i":5,"f":1.0},{"b":489.25,"t":1,"i":8,"f":0},{"b":489.5,"t":1,"i":5,"f":1.0},{"b":489.75,"t":1,"i":8,"f":0},{"b":490.0,"t":1,"i":5,"f":1.0},{"b":490.25,"t":1,"i":8,"f":0},{"b":490.5,"t":1,"i":5,"f":1.0},{"b":490.75,"t":1,"i":8,"f":0},{"b":491.0,"t":1,"i":5,"f":1.0},{"b":491.25,"t":1,"i":8,"f":0},{"b":491.5,"t":1,"i":5,"f":1.0},{"b":491.75,"t":1,"i":8,"f":0},{"b":492.0,"t":1,"i":5,"f":1.0},{"b":492.0,"t":2,"i":5,"f":1.0},{"b":492.0,"t":3,"i":5,"f":1.0},{"b":492.5,"t":1,"i":8,"f":0},{"b":493.0,"t":2,"i":8,"f":0},{"b":493.0,"t":3,"i":8,"f":0},{"b":493.0,"t":1,"i":5,"f":1.0},{"b":493.25,"t":1,"i":8,"f":0},{"b":493.5,"t":1,"i":5,"f":1.0},{"b":493.75,"t":1,"i":8,"f":0},{"b":494.5,"t":1,"i":5,"f":1.0},{"b":495.5,"t":1,"i":8,"f":0},{"b":496.0,"t":1,"i":5,"f":1.0},{"b":504.0,"t":1,"i":8,"f":0},{"b":509.0,"t":1,"i":5,"f":1.0},{"b":509.25,"t":1,"i":8,"f":0},{"b":509.5,"t":1,"i":5,"f":1.0},{"b":509.75,"t":1,"i":8,"f":0},{"b":510.0,"t":1,"i":5,"f":1.0},{"b":510.25,"t":1,"i":8,"f":0},{"b":510.5,"t":1,"i":5,"f":1.0},{"b":510.75,"t":1,"i":8,"f":0},{"b":511.5,"t":1,"i":5,"f":1.0},{"b":513.0,"t":3,"i":5,"f":1.0},{"b":513.0,"t":2,"i":5,"f":1.0},{"b":513.5,"t":3,"i":8,"f":0},{"b":513.5,"t":2,"i":8,"f":0},{"b":514.0,"t":3,"i":5,"f":1.0},{"b":514.0,"t":2,"i":5,"f":1.0},{"b":514.5,"t":3,"i":8,"f":0},{"b":514.5,"t":2,"i":8,"f":0},{"b":515.0,"t":2,"i":5,"f":1.0},{"b":515.0,"t":3,"i":5,"f":1.0},{"b":515.5,"t":3,"i":8,"f":0},{"b":515.5,"t":2,"i":8,"f":0},{"b":516.0,"t":3,"i":5,"f":1.0},{"b":516.0,"t":2,"i":5,"f":1.0},{"b":516.5,"t":3,"i":8,"f":0},{"b":516.5,"t":2,"i":8,"f":0},{"b":517.0,"t":3,"i":5,"f":1.0},{"b":517.0,"t":1,"i":8,"f":0},{"b":517.0,"t":2,"i":5,"f":1.0},{"b":517.5,"t":3,"i":8,"f":0},{"b":517.5,"t":2,"i":8,"f":0},{"b":518.0,"t":2,"i":5,"f":1.0},{"b":518.0,"t":3,"i":5,"f":1.0},{"b":518.0,"t":1,"i":5,"f":1.0},{"b":518.25,"t":2,"i":8,"f":0},{"b":518.25,"t":3,"i":8,"f":0},{"b":518.25,"t":1,"i":8,"f":0},{"b":518.5,"t":1,"i":5,"f":1.0},{"b":518.5,"t":2,"i":5,"f":1.0},{"b":518.5,"t":3,"i":5,"f":1.0},{"b":518.75,"t":2,"i":8,"f":0},{"b":518.75,"t":3,"i":8,"f":0},{"b":518.75,"t":1,"i":8,"f":0},{"b":519.0,"t":3,"i":5,"f":1.0},{"b":519.0,"t":2,"i":5,"f":1.0},{"b":519.25,"t":2,"i":8,"f":0},{"b":519.25,"t":3,"i":8,"f":0},{"b":519.5,"t":4,"i":1,"f":1.0},{"b":519.5,"t":1,"i":5,"f":1.0},{"b":519.5,"i":9,"f":1.0,"t":0},{"b":520.0,"t":2,"i":5,"f":1.0},{"b":520.0,"t":3,"i":5,"f":1.0},{"b":520.0,"t":1,"i":8,"f":0},{"b":520.5,"t":1,"i":5,"f":1.0},{"b":520.75,"t":1,"i":8,"f":0},{"b":521.0,"t":3,"i":8,"f":0},{"b":521.0,"t":1,"i":5,"f":1.0},{"b":521.0,"t":2,"i":8,"f":0},{"b":521.25,"t":1,"i":8,"f":0},{"b":521.5,"t":1,"i":5,"f":1.0},{"b":521.75,"t":1,"i":8,"f":0},{"b":522.0,"t":2,"i":5,"f":1.0},{"b":522.0,"t":3,"i":5,"f":1.0},{"b":522.0,"t":1,"i":5,"f":1.0},{"b":522.5,"t":1,"i":8,"f":0},{"b":523.0,"t":3,"i":8,"f":0},{"b":523.0,"t":2,"i":8,"f":0},{"b":523.0,"t":1,"i":5,"f":1.0},{"b":523.5,"t":1,"i":8,"f":0},{"b":524.0,"t":1,"i":5,"f":1.0},{"b":524.0,"t":2,"i":5,"f":1.0},{"b":524.0,"t":3,"i":5,"f":1.0},{"b":524.5,"t":1,"i":8,"f":0},{"b":525.0,"t":1,"i":5,"f":1.0},{"b":525.0,"t":3,"i":8,"f":0},{"b":525.0,"t":2,"i":8,"f":0},{"b":525.25,"t":1,"i":8,"f":0},{"b":525.5,"t":1,"i":5,"f":1.0},{"b":525.75,"t":1,"i":8,"f":0},{"b":526.0,"t":3,"i":5,"f":1.0},{"b":526.0,"t":2,"i":5,"f":1.0},{"b":526.0,"t":1,"i":5,"f":1.0},{"b":526.25,"t":1,"i":8,"f":0},{"b":526.5,"t":1,"i":5,"f":1.0},{"b":526.75,"t":1,"i":8,"f":0},{"b":527.0,"t":3,"i":8,"f":0},{"b":527.0,"t":2,"i":8,"f":0},{"b":527.0,"i":9,"f":1.0,"t":0},{"b":527.25,"i":12,"f":0.5,"t":0},{"b":527.5,"t":3,"i":5,"f":1.0},{"b":527.5,"t":2,"i":5,"f":1.0},{"b":527.5,"i":9,"f":1.0,"t":0},{"b":527.5,"t":1,"i":5,"f":1.0},{"b":528.5,"t":3,"i":8,"f":0},{"b":528.5,"t":2,"i":8,"f":0},{"b":530.0,"t":2,"i":5,"f":1.0},{"b":530.0,"t":3,"i":5,"f":1.0},{"b":530.5,"t":1,"i":8,"f":0},{"b":531.0,"t":3,"i":8,"f":0},{"b":531.0,"t":1,"i":5,"f":1.0},{"b":531.0,"t":2,"i":8,"f":0},{"b":531.25,"t":1,"i":8,"f":0},{"b":531.5,"t":1,"i":5,"f":1.0},{"b":531.75,"t":1,"i":8,"f":0},{"b":532.0,"t":3,"i":5,"f":1.0},{"b":532.0,"t":2,"i":5,"f":1.0},{"b":532.5,"t":1,"i":5,"f":1.0},{"b":533.0,"t":3,"i":8,"f":0},{"b":533.0,"t":1,"i":8,"f":0},{"b":533.0,"t":2,"i":8,"f":0},{"b":533.5,"t":1,"i":5,"f":1.0},{"b":534.0,"t":1,"i":8,"f":0},{"b":534.0,"t":3,"i":5,"f":1.0},{"b":534.0,"t":2,"i":5,"f":1.0},{"b":534.5,"t":1,"i":5,"f":1.0},{"b":535.0,"t":3,"i":8,"f":0},{"b":535.0,"t":2,"i":8,"f":0},{"b":535.0,"t":1,"i":8,"f":0},{"b":535.5,"t":1,"i":5,"f":1.0},{"b":536.0,"t":2,"i":5,"f":1.0},{"b":536.0,"t":3,"i":5,"f":1.0},{"b":536.0,"t":1,"i":8,"f":0},{"b":536.5,"t":1,"i":5,"f":1.0},{"b":536.75,"t":1,"i":8,"f":0},{"b":537.0,"t":2,"i":8,"f":0},{"b":537.0,"t":1,"i":5,"f":1.0},{"b":537.0,"t":3,"i":8,"f":0},{"b":537.25,"t":1,"i":8,"f":0},{"b":537.5,"t":1,"i":5,"f":1.0},{"b":537.75,"t":1,"i":8,"f":0},{"b":538.0,"t":3,"i":5,"f":1.0},{"b":538.0,"t":2,"i":5,"f":1.0},{"b":538.0,"t":1,"i":5,"f":1.0},{"b":538.5,"t":1,"i":8,"f":0},{"b":539.0,"t":1,"i":5,"f":1.0},{"b":539.0,"t":2,"i":8,"f":0},{"b":539.0,"t":3,"i":8,"f":0},{"b":539.5,"t":1,"i":8,"f":0},{"b":540.0,"t":1,"i":5,"f":1.0},{"b":540.0,"t":2,"i":5,"f":1.0},{"b":540.0,"t":3,"i":5,"f":1.0},{"b":540.5,"t":1,"i":8,"f":0},{"b":541.0,"t":2,"i":8,"f":0},{"b":541.0,"t":3,"i":8,"f":0},{"b":541.0,"t":1,"i":5,"f":1.0},{"b":541.25,"t":1,"i":8,"f":0},{"b":541.5,"t":1,"i":5,"f":1.0},{"b":541.75,"t":1,"i":8,"f":0},{"b":542.0,"t":3,"i":5,"f":1.0},{"b":542.0,"t":2,"i":5,"f":1.0},{"b":542.0,"t":1,"i":5,"f":1.0},{"b":542.25,"t":1,"i":8,"f":0},{"b":542.5,"t":1,"i":5,"f":1.0},{"b":542.75,"t":1,"i":8,"f":0},{"b":543.0,"t":2,"i":8,"f":0},{"b":543.0,"t":3,"i":8,"f":0},{"b":543.0,"i":9,"f":1.0,"t":0},{"b":543.25,"i":12,"f":0.5,"t":0},{"b":543.5,"i":9,"f":1.0,"t":0},{"b":543.5,"t":3,"i":5,"f":1.0},{"b":543.5,"t":2,"i":5,"f":1.0},{"b":543.5,"t":1,"i":5,"f":1.0},{"b":544.5,"t":2,"i":8,"f":0},{"b":544.5,"t":3,"i":8,"f":0},{"b":546.0,"t":3,"i":5,"f":1.0},{"b":546.0,"t":2,"i":5,"f":1.0},{"b":547.0,"t":3,"i":8,"f":0},{"b":547.0,"t":2,"i":8,"f":0},{"b":548.0,"t":2,"i":5,"f":1.0},{"b":548.0,"t":3,"i":5,"f":1.0},{"b":549.0,"t":1,"i":8,"f":0},{"b":549.0,"t":2,"i":8,"f":0},{"b":549.0,"t":3,"i":8,"f":0},{"b":550.0,"t":3,"i":5,"f":1.0},{"b":550.0,"t":2,"i":5,"f":1.0},{"b":550.0,"t":1,"i":5,"f":1.0},{"b":550.25,"t":1,"i":8,"f":0},{"b":550.5,"t":1,"i":5,"f":1.0},{"b":550.75,"t":1,"i":8,"f":0},{"b":551.0,"t":2,"i":8,"f":0},{"b":551.0,"t":3,"i":8,"f":0},{"b":551.0,"t":1,"i":5,"f":1.0},{"b":551.25,"t":1,"i":8,"f":0},{"b":551.5,"t":1,"i":5,"f":1.0},{"b":551.75,"t":1,"i":8,"f":0},{"b":552.0,"t":2,"i":5,"f":1.0},{"b":552.0,"t":3,"i":5,"f":1.0},{"b":552.5,"t":1,"i":5,"f":1.0},{"b":552.75,"t":1,"i":8,"f":0},{"b":553.0,"t":1,"i":5,"f":1.0},{"b":553.0,"t":2,"i":8,"f":0},{"b":553.0,"t":3,"i":8,"f":0},{"b":553.25,"t":1,"i":8,"f":0},{"b":554.0,"t":2,"i":5,"f":1.0},{"b":554.0,"t":1,"i":5,"f":1.0},{"b":554.0,"t":3,"i":5,"f":1.0},{"b":554.25,"t":1,"i":8,"f":0},{"b":554.5,"t":1,"i":5,"f":1.0},{"b":554.75,"t":1,"i":8,"f":0},{"b":555.0,"t":2,"i":8,"f":0},{"b":555.0,"t":3,"i":8,"f":0},{"b":555.5,"t":1,"i":5,"f":1.0},{"b":555.75,"t":1,"i":8,"f":0},{"b":556.0,"t":3,"i":5,"f":1.0},{"b":556.0,"t":1,"i":5,"f":1.0},{"b":556.0,"t":2,"i":5,"f":1.0},{"b":556.25,"t":1,"i":8,"f":0},{"b":557.0,"t":1,"i":5,"f":1.0},{"b":557.0,"t":3,"i":8,"f":0},{"b":557.0,"t":2,"i":8,"f":0},{"b":557.25,"t":1,"i":8,"f":0},{"b":558.0,"t":2,"i":5,"f":1.0},{"b":558.0,"t":1,"i":5,"f":1.0},{"b":558.0,"t":3,"i":5,"f":1.0},{"b":558.25,"t":1,"i":8,"f":0},{"b":558.5,"t":1,"i":5,"f":1.0},{"b":558.75,"t":1,"i":8,"f":0},{"b":559.0,"t":2,"i":8,"f":0},{"b":559.0,"t":3,"i":8,"f":0},{"b":559.5,"t":1,"i":5,"f":1.0},{"b":559.75,"t":1,"i":8,"f":0},{"b":560.0,"t":2,"i":5,"f":1.0},{"b":560.0,"t":3,"i":5,"f":1.0},{"b":561.0,"t":2,"i":8,"f":0},{"b":561.0,"t":3,"i":8,"f":0},{"b":562.0,"t":1,"i":5,"f":1.0},{"b":562.0,"t":2,"i":5,"f":1.0},{"b":562.0,"t":3,"i":5,"f":1.0},{"b":562.5,"t":1,"i":8,"f":0},{"b":563.0,"t":3,"i":8,"f":0},{"b":563.0,"t":2,"i":8,"f":0},{"b":563.0,"t":1,"i":5,"f":1.0},{"b":563.5,"t":1,"i":8,"f":0},{"b":564.0,"t":1,"i":5,"f":1.0},{"b":564.0,"t":2,"i":5,"f":1.0},{"b":564.0,"t":3,"i":5,"f":1.0},{"b":564.5,"t":1,"i":8,"f":0},{"b":565.0,"t":1,"i":5,"f":1.0},{"b":565.0,"t":3,"i":8,"f":0},{"b":565.0,"t":2,"i":8,"f":0},{"b":565.25,"t":1,"i":8,"f":0},{"b":565.5,"t":1,"i":5,"f":1.0},{"b":565.75,"t":1,"i":8,"f":0},{"b":566.0,"t":2,"i":5,"f":1.0},{"b":566.0,"t":3,"i":5,"f":1.0},{"b":566.5,"t":1,"i":5,"f":1.0},{"b":566.75,"t":1,"i":8,"f":0},{"b":567.0,"t":2,"i":8,"f":0},{"b":567.0,"t":3,"i":8,"f":0},{"b":567.5,"t":1,"i":5,"f":1.0},{"b":568.0,"t":3,"i":5,"f":1.0},{"b":568.0,"t":2,"i":5,"f":1.0},{"b":569.0,"t":3,"i":8,"f":0},{"b":569.0,"t":2,"i":8,"f":0},{"b":570.0,"t":2,"i":5,"f":1.0},{"b":570.0,"t":3,"i":5,"f":1.0},{"b":571.0,"t":3,"i":8,"f":0},{"b":571.0,"t":2,"i":8,"f":0},{"b":572.0,"t":3,"i":5,"f":1.0},{"b":572.0,"t":2,"i":5,"f":1.0},{"b":572.0,"t":1,"i":8,"f":0},{"b":573.0,"t":3,"i":8,"f":0},{"b":573.0,"t":1,"i":5,"f":1.0},{"b":573.0,"t":2,"i":8,"f":0},{"b":573.25,"t":1,"i":8,"f":0},{"b":573.5,"t":1,"i":5,"f":1.0},{"b":573.75,"t":1,"i":8,"f":0},{"b":574.0,"t":1,"i":5,"f":1.0},{"b":574.0,"t":3,"i":5,"f":1.0},{"b":574.0,"t":2,"i":5,"f":1.0},{"b":574.25,"t":1,"i":8,"f":0},{"b":574.5,"t":1,"i":5,"f":1.0},{"b":574.75,"t":1,"i":8,"f":0},{"b":575.0,"i":9,"f":1.0,"t":0},{"b":575.0,"t":3,"i":8,"f":0},{"b":575.0,"t":2,"i":8,"f":0},{"b":575.25,"i":12,"f":0.5,"t":0},{"b":575.5,"t":1,"i":5,"f":1.0},{"b":575.5,"i":9,"f":1.0,"t":0},{"b":576.0,"t":2,"i":5,"f":1.0},{"b":576.0,"t":3,"i":5,"f":1.0},{"b":577.0,"t":3,"i":8,"f":0},{"b":577.0,"t":2,"i":8,"f":0},{"b":578.0,"t":3,"i":5,"f":1.0},{"b":578.0,"t":2,"i":5,"f":1.0},{"b":579.0,"t":2,"i":8,"f":0},{"b":579.0,"t":3,"i":8,"f":0},{"b":580.0,"t":3,"i":5,"f":1.0},{"b":580.0,"t":1,"i":8,"f":0},{"b":580.0,"t":2,"i":5,"f":1.0},{"b":581.0,"t":2,"i":8,"f":0},{"b":581.0,"t":3,"i":8,"f":0},{"b":582.0,"t":2,"i":5,"f":1.0},{"b":582.0,"t":1,"i":5,"f":1.0},{"b":582.0,"t":3,"i":5,"f":1.0},{"b":582.25,"t":1,"i":8,"f":0},{"b":582.5,"t":1,"i":5,"f":1.0},{"b":582.75,"t":1,"i":8,"f":0},{"b":583.0,"t":2,"i":8,"f":0},{"b":583.0,"t":3,"i":8,"f":0},{"b":583.0,"t":1,"i":5,"f":1.0},{"b":583.25,"t":1,"i":8,"f":0},{"b":583.5,"t":1,"i":5,"f":1.0},{"b":583.75,"t":1,"i":8,"f":0},{"b":584.0,"t":3,"i":5,"f":1.0},{"b":584.0,"t":2,"i":5,"f":1.0},{"b":584.5,"t":1,"i":5,"f":1.0},{"b":584.75,"t":1,"i":8,"f":0},{"b":585.0,"t":3,"i":8,"f":0},{"b":585.0,"t":2,"i":8,"f":0},{"b":585.0,"t":1,"i":5,"f":1.0},{"b":585.25,"t":1,"i":8,"f":0},{"b":586.0,"t":1,"i":5,"f":1.0},{"b":586.0,"t":3,"i":5,"f":1.0},{"b":586.0,"t":2,"i":5,"f":1.0},{"b":586.25,"t":1,"i":8,"f":0},{"b":586.5,"t":1,"i":5,"f":1.0},{"b":586.75,"t":1,"i":8,"f":0},{"b":587.0,"t":2,"i":8,"f":0},{"b":587.0,"t":3,"i":8,"f":0},{"b":587.5,"t":1,"i":5,"f":1.0},{"b":587.75,"t":1,"i":8,"f":0},{"b":588.0,"t":2,"i":5,"f":1.0},{"b":588.0,"t":3,"i":5,"f":1.0},{"b":588.0,"t":1,"i":5,"f":1.0},{"b":588.25,"t":1,"i":8,"f":0},{"b":589.0,"t":2,"i":8,"f":0},{"b":589.0,"t":3,"i":8,"f":0},{"b":589.0,"t":1,"i":5,"f":1.0},{"b":589.25,"t":1,"i":8,"f":0},{"b":590.0,"t":3,"i":5,"f":1.0},{"b":590.0,"t":1,"i":5,"f":1.0},{"b":590.0,"t":2,"i":5,"f":1.0},{"b":590.25,"t":1,"i":8,"f":0},{"b":590.5,"t":1,"i":5,"f":1.0},{"b":590.75,"t":1,"i":8,"f":0},{"b":591.0,"t":3,"i":8,"f":0},{"b":591.0,"t":2,"i":8,"f":0},{"b":591.5,"t":1,"i":5,"f":1.0},{"b":591.75,"t":1,"i":8,"f":0},{"b":592.0,"i":5,"f":1.0,"t":0},{"b":592.0,"t":2,"i":5,"f":1.0},{"b":592.0,"t":3,"i":5,"f":1.0},{"b":592.25,"i":8,"t":0,"f":0},{"b":592.25,"t":2,"i":8,"f":0},{"b":592.25,"t":3,"i":8,"f":0},{"b":592.5,"i":5,"f":1.0,"t":0},{"b":592.5,"t":2,"i":5,"f":1.0},{"b":592.5,"t":3,"i":5,"f":1.0},{"b":592.75,"t":3,"i":8,"f":0},{"b":592.75,"t":2,"i":8,"f":0},{"b":592.75,"i":8,"t":0,"f":0},{"b":593.0,"i":5,"f":1.0,"t":0},{"b":593.0,"t":3,"i":5,"f":1.0},{"b":593.0,"t":2,"i":5,"f":1.0},{"b":593.25,"t":3,"i":8,"f":0},{"b":593.25,"i":8,"t":0,"f":0},{"b":593.25,"t":2,"i":8,"f":0},{"b":593.5,"t":3,"i":5,"f":1.0},{"b":593.5,"i":5,"f":1.0,"t":0},{"b":593.5,"t":2,"i":5,"f":1.0},{"b":593.75,"t":3,"i":8,"f":0},{"b":593.75,"t":2,"i":8,"f":0},{"b":593.75,"i":8,"t":0,"f":0},{"b":594.0,"t":3,"i":5,"f":1.0},{"b":594.0,"i":5,"f":1.0,"t":0},{"b":594.0,"t":1,"i":5,"f":1.0},{"b":594.0,"t":2,"i":5,"f":1.0},{"b":594.25,"t":2,"i":8,"f":0},{"b":594.25,"t":3,"i":8,"f":0},{"b":594.25,"i":8,"t":0,"f":0},{"b":594.5,"t":3,"i":5,"f":1.0},{"b":594.5,"i":5,"f":1.0,"t":0},{"b":594.5,"t":1,"i":8,"f":0},{"b":594.5,"t":2,"i":5,"f":1.0},{"b":594.75,"i":8,"t":0,"f":0},{"b":594.75,"t":2,"i":8,"f":0},{"b":594.75,"t":3,"i":8,"f":0},{"b":595.0,"t":2,"i":5,"f":1.0},{"b":595.0,"t":3,"i":5,"f":1.0},{"b":595.0,"t":1,"i":5,"f":1.0},{"b":595.0,"i":5,"f":1.0,"t":0},{"b":595.25,"i":8,"t":0,"f":0},{"b":595.25,"t":2,"i":8,"f":0},{"b":595.25,"t":3,"i":8,"f":0},{"b":595.5,"i":5,"f":1.0,"t":0},{"b":595.5,"t":2,"i":5,"f":1.0},{"b":595.5,"t":3,"i":5,"f":1.0},{"b":595.5,"t":1,"i":8,"f":0},{"b":595.75,"t":3,"i":8,"f":0},{"b":595.75,"t":2,"i":8,"f":0},{"b":595.75,"i":8,"t":0,"f":0},{"b":596.0,"t":3,"i":5,"f":1.0},{"b":596.0,"t":1,"i":5,"f":1.0},{"b":596.0,"t":2,"i":5,"f":1.0},{"b":596.0,"i":5,"f":1.0,"t":0},{"b":596.25,"t":3,"i":8,"f":0},{"b":596.25,"i":8,"t":0,"f":0},{"b":596.25,"t":2,"i":8,"f":0},{"b":596.5,"t":3,"i":5,"f":1.0},{"b":596.5,"t":2,"i":5,"f":1.0},{"b":596.5,"t":1,"i":8,"f":0},{"b":596.5,"i":5,"f":1.0,"t":0},{"b":596.75,"t":3,"i":8,"f":0},{"b":596.75,"t":2,"i":8,"f":0},{"b":596.75,"i":8,"t":0,"f":0},{"b":597.0,"t":3,"i":5,"f":1.0},{"b":597.0,"t":1,"i":5,"f":1.0},{"b":597.0,"i":5,"f":1.0,"t":0},{"b":597.0,"t":2,"i":5,"f":1.0},{"b":597.25,"t":1,"i":8,"f":0},{"b":597.25,"i":8,"t":0,"f":0},{"b":597.25,"t":3,"i":8,"f":0},{"b":597.25,"t":2,"i":8,"f":0},{"b":597.5,"i":5,"f":1.0,"t":0},{"b":597.5,"t":1,"i":5,"f":1.0},{"b":597.5,"t":3,"i":5,"f":1.0},{"b":597.5,"t":2,"i":5,"f":1.0},{"b":597.75,"i":8,"t":0,"f":0},{"b":597.75,"t":2,"i":8,"f":0},{"b":597.75,"t":1,"i":8,"f":0},{"b":597.75,"t":3,"i":8,"f":0},{"b":598.0,"i":5,"f":1.0,"t":0},{"b":598.0,"t":3,"i":5,"f":1.0},{"b":598.0,"t":2,"i":5,"f":1.0},{"b":598.25,"i":8,"t":0,"f":0},{"b":598.25,"t":3,"i":8,"f":0},{"b":598.25,"t":2,"i":8,"f":0},{"b":598.5,"i":5,"f":1.0,"t":0},{"b":598.5,"t":1,"i":5,"f":1.0},{"b":598.5,"t":3,"i":5,"f":1.0},{"b":598.5,"t":2,"i":5,"f":1.0},{"b":598.75,"i":8,"t":0,"f":0},{"b":598.75,"t":1,"i":8,"f":0},{"b":598.75,"t":3,"i":8,"f":0},{"b":598.75,"t":2,"i":8,"f":0},{"b":599.0,"i":5,"f":1.0,"t":0},{"b":599.0,"t":2,"i":5,"f":1.0},{"b":599.0,"t":3,"i":5,"f":1.0},{"b":599.25,"i":8,"t":0,"f":0},{"b":599.25,"t":2,"i":8,"f":0},{"b":599.25,"t":3,"i":8,"f":0},{"b":599.5,"t":3,"i":5,"f":1.0},{"b":599.5,"t":2,"i":5,"f":1.0},{"b":599.5,"i":5,"f":1.0,"t":0},{"b":599.5,"t":1,"i":5,"f":1.0},{"b":599.75,"t":2,"i":8,"f":0},{"b":599.75,"t":1,"i":8,"f":0},{"b":599.75,"t":3,"i":8,"f":0},{"b":599.75,"i":8,"t":0,"f":0},{"b":600.0,"t":3,"i":5,"f":1.0},{"b":600.0,"t":2,"i":5,"f":1.0},{"b":600.0,"t":4,"i":1,"f":1.0},{"b":600.0,"i":5,"f":1.0,"t":0},{"b":600.25,"t":3,"i":8,"f":0},{"b":600.25,"t":2,"i":8,"f":0},{"b":600.25,"i":8,"t":0,"f":0},{"b":600.5,"t":4,"i":4,"f":0},{"b":602.0,"t":1,"i":1,"f":1.0},{"b":602.0,"t":4,"i":1,"f":1.0},{"b":602.0,"t":3,"i":5,"f":1.0},{"b":602.0,"i":1,"f":1.0,"t":0},{"b":602.0,"t":2,"i":5,"f":1.0},{"b":602.25,"i":4,"t":0,"f":0},{"b":602.25,"t":3,"i":8,"f":0},{"b":602.25,"t":2,"i":8,"f":0},{"b":602.25,"t":4,"i":4,"f":0},{"b":602.25,"t":1,"i":4,"f":0},{"b":602.5,"t":2,"i":5,"f":1.0},{"b":602.5,"t":3,"i":5,"f":1.0},{"b":602.5,"t":4,"i":1,"f":1.0},{"b":602.5,"t":1,"i":1,"f":1.0},{"b":602.5,"i":1,"f":1.0,"t":0},{"b":602.75,"t":3,"i":8,"f":0},{"b":602.75,"t":4,"i":4,"f":0},{"b":602.75,"t":2,"i":8,"f":0},{"b":602.75,"i":4,"t":0,"f":0},{"b":602.75,"t":1,"i":4,"f":0},{"b":603.5,"t":3,"i":5,"f":1.0},{"b":603.5,"i":1,"f":1.0,"t":0},{"b":603.5,"t":2,"i":5,"f":1.0},{"b":603.5,"t":4,"i":1,"f":1.0},{"b":603.5,"t":1,"i":1,"f":1.0},{"b":603.75,"t":3,"i":8,"f":0},{"b":603.75,"t":2,"i":8,"f":0},{"b":604.0,"i":4,"t":0,"f":0},{"b":604.0,"t":4,"i":4,"f":0},{"b":604.0,"t":1,"i":4,"f":0},{"b":608.0,"t":3,"i":5,"f":1.0},{"b":608.0,"t":2,"i":5,"f":1.0},{"b":609.0,"t":2,"i":8,"f":0},{"b":609.0,"t":3,"i":8,"f":0},{"b":609.5,"t":3,"i":5,"f":1.0},{"b":609.5,"t":2,"i":5,"f":1.0},{"b":610.5,"t":2,"i":8,"f":0},{"b":610.5,"t":3,"i":8,"f":0},{"b":612.0,"t":3,"i":5,"f":1.0},{"b":612.0,"t":2,"i":5,"f":1.0},{"b":613.0,"t":2,"i":8,"f":0},{"b":613.0,"t":3,"i":8,"f":0},{"b":613.5,"t":3,"i":5,"f":1.0},{"b":613.5,"t":2,"i":5,"f":1.0},{"b":614.5,"t":3,"i":8,"f":0},{"b":614.5,"t":2,"i":8,"f":0},{"b":616.0,"t":3,"i":5,"f":1.0},{"b":616.0,"t":2,"i":5,"f":1.0},{"b":617.0,"t":3,"i":8,"f":0},{"b":617.0,"t":2,"i":8,"f":0},{"b":617.5,"t":3,"i":5,"f":1.0},{"b":617.5,"t":2,"i":5,"f":1.0},{"b":618.5,"t":3,"i":8,"f":0},{"b":618.5,"t":2,"i":8,"f":0},{"b":620.0,"t":3,"i":5,"f":1.0},{"b":620.0,"t":2,"i":5,"f":1.0},{"b":621.0,"t":2,"i":8,"f":0},{"b":621.0,"t":3,"i":8,"f":0},{"b":621.5,"t":2,"i":5,"f":1.0},{"b":621.5,"t":3,"i":5,"f":1.0},{"b":622.5,"t":3,"i":8,"f":0},{"b":622.5,"t":2,"i":8,"f":0},{"b":632.0,"t":4,"i":5,"f":1.0},{"b":632.0,"t":2,"i":5,"f":1.0},{"b":632.0,"t":3,"i":5,"f":1.0},{"b":633.0,"t":2,"i":8,"f":0},{"b":633.0,"t":4,"i":8,"f":0},{"b":633.0,"t":3,"i":8,"f":0}],"colorBoostBeatmapEvents":[],"_fxEventsCollection":{"_fl":[],"_il":[]},"lightColorEventBoxGroups":[{"b":8.0,"g":3,"e":[{"f":{"f":1,"p":1},"d":1,"t":1,"w":0,"b":0,"r":0,"i":0,"l":[{"b":1.0,"c":1,"s":0,"f":0,"sb":0,"sf":0,"i":0}]}]},{"b":8.0,"g":2,"e":[{"f":{"f":1,"p":1},"d":1,"t":1,"w":0,"b":0,"r":0,"i":0,"l":[{"b":1.0,"c":1,"s":0,"f":0,"sb":0,"sf":0,"i":0}]}]},{"b":8.25,"g":2,"e":[{"f":{"f":1,"p":1},"d":1,"t":1,"w":0,"b":0,"r":0,"i":0,"l":[{"b":0,"c":1,"s":0,"f":0,"sb":0,"sf":0,"i":0}]}]},{"b":8.25,"g":3,"e":[{"f":{"f":1,"p":1},"d":1,"t":1,"w":0,"b":0,"r":0,"i":0,"l":[{"b":0,"c":1,"s":0,"f":0,"sb":0,"sf":0,"i":0}]}]},{"b":8.5,"g":3,"e":[{"f":{"f":1,"p":1},"d":1,"t":1,"w":0,"b":0,"r":0,"i":0,"l":[{"b":1.0,"c":1,"s":0,"f":0,"sb":0,"sf":0,"i":0}]}]},{"b":8.5,"g":2,"e":[{"f":{"f":1,"p":1},"d":1,"t":1,"w":0,"b":0,"r":0,"i":0,"l":[{"b":1.0,"c":1,"s":0,"f":0,"sb":0,"sf":0,"i":0}]}]},{"b":8.75,"g":3,"e":[{"f":{"f":1,"p":1},"d":1,"t":1,"w":0,"b":0,"r":0,"i":0,"l":[{"b":0,"c":1,"s":0,"f":0,"sb":0,"sf":0,"i":0}]}]},{"b":8.75,"g":2,"e":[{"f":{"f":1,"p":1},"d":1,"t":1,"w":0,"b":0,"r":0,"i":0,"l":[{"b":0,"c":1,"s":0,"f":0,"sb":0,"sf":0,"i":0}]}]},{"b":9.0,"g":3,"e":[{"f":{"f":1,"p":1},"d":1,"t":1,"w":0,"b":0,"r":0,"i":0,"l":[{"b":1.0,"c":1,"s":0,"f":0,"sb":0,"sf":0,"i":0}]}]},{"b":9.0,"g":2,"e":[{"f":{"f":1,"p":1},"d":1,"t":1,"w":0,"b":0,"r":0,"i":0,"l":[{"b":1.0,"c":1,"s":0,"f":0,"sb":0,"sf":0,"i":0}]}]},{"b":9.25,"g":3,"e":[{"f":{"f":1,"p":1},"d":1,"t":1,"w":0,"b":0,"r":0,"i":0,"l":[{"b":0,"c":1,"s":0,"f":0,"sb":0,"sf":0,"i":0}]}]},{"b":9.25,"g":2,"e":[{"f":{"f":1,"p":1},"d":1,"t":1,"w":0,"b":0,"r":0,"i":0,"l":[{"b":0,"c":1,"s":0,"f":0,"sb":0,"sf":0,"i":0}]}]},{"b":9.5,"g":3,"e":[{"f":{"f":1,"p":1},"d":1,"t":1,"w":0,"b":0,"r":0,"i":0,"l":[{"b":1.0,"c":1,"s":0,"f":0,"sb":0,"sf":0,"i":0}]}]},{"b":9.5,"g":2,"e":[{"f":{"f":1,"p":1},"d":1,"t":1,"w":0,"b":0,"r":0,"i":0,"l":[{"b":1.0,"c":1,"s":0,"f":0,"sb":0,"sf":0,"i":0}]}]},{"b":9.75,"g":3,"e":[{"f":{"f":1,"p":1},"d":1,"t":1,"w":0,"b":0,"r":0,"i":0,"l":[{"b":0,"c":1,"s":0,"f":0,"sb":0,"sf":0,"i":0}]}]},{"b":9.75,"g":2,"e":[{"f":{"f":1,"p":1},"d":1,"t":1,"w":0,"b":0,"r":0,"i":0,"l":[{"b":0,"c":1,"s":0,"f":0,"sb":0,"sf":0,"i":0}]}]},{"b":10.5,"g":2,"e":[{"f":{"f":1,"p":1},"d":1,"t":1,"w":0,"b":0,"r":0,"i":0,"l":[{"b":1.0,"c":1,"s":0,"f":0,"sb":0,"sf":0,"i":0}]}]},{"b":11.0,"g":3,"e":[{"f":{"f":1,"p":1},"d":1,"t":1,"w":0,"b":0,"r":0,"i":0,"l":[{"b":1.0,"c":1,"s":0,"f":0,"sb":0,"sf":0,"i":0}]}]},{"b":11.0,"g":2,"e":[{"f":{"f":1,"p":1},"d":1,"t":1,"w":0,"b":0,"r":0,"i":0,"l":[{"b":0,"c":1,"s":0,"f":0,"sb":0,"sf":0,"i":0}]}]},{"b":11.5,"g":2,"e":[{"f":{"f":1,"p":1},"d":1,"t":1,"w":0,"b":0,"r":0,"i":0,"l":[{"b":1.0,"c":1,"s":0,"f":0,"sb":0,"sf":0,"i":0}]}]},{"b":11.5,"g":3,"e":[{"f":{"f":1,"p":1},"d":1,"t":1,"w":0,"b":0,"r":0,"i":0,"l":[{"b":0,"c":1,"s":0,"f":0,"sb":0,"sf":0,"i":0}]}]},{"b":12.0,"g":2,"e":[{"f":{"f":1,"p":1},"d":1,"t":1,"w":0,"b":0,"r":0,"i":0,"l":[{"b":1.0,"c":1,"s":0,"f":0,"sb":0,"sf":0,"i":0}]}]},{"b":12.0,"g":3,"e":[{"f":{"f":1,"p":1},"d":1,"t":1,"w":0,"b":0,"r":0,"i":0,"l":[{"b":1.0,"c":1,"s":0,"f":0,"sb":0,"sf":0,"i":0}]}]},{"b":12.25,"g":2,"e":[{"f":{"f":1,"p":1},"d":1,"t":1,"w":0,"b":0,"r":0,"i":0,"l":[{"b":0,"c":1,"s":0,"f":0,"sb":0,"sf":0,"i":0}]}]},{"b":12.25,"g":3,"e":[{"f":{"f":1,"p":1},"d":1,"t":1,"w":0,"b":0,"r":0,"i":0,"l":[{"b":0,"c":1,"s":0,"f":0,"sb":0,"sf":0,"i":0}]}]},{"b":12.5,"g":2,"e":[{"f":{"f":1,"p":1},"d":1,"t":1,"w":0,"b":0,"r":0,"i":0,"l":[{"b":1.0,"c":1,"s":0,"f":0,"sb":0,"sf":0,"i":0}]}]},{"b":12.5,"g":3,"e":[{"f":{"f":1,"p":1},"d":1,"t":1,"w":0,"b":0,"r":0,"i":0,"l":[{"b":1.0,"c":1,"s":0,"f":0,"sb":0,"sf":0,"i":0}]}]},{"b":12.75,"g":2,"e":[{"f":{"f":1,"p":1},"d":1,"t":1,"w":0,"b":0,"r":0,"i":0,"l":[{"b":0,"c":1,"s":0,"f":0,"sb":0,"sf":0,"i":0}]}]},{"b":12.75,"g":3,"e":[{"f":{"f":1,"p":1},"d":1,"t":1,"w":0,"b":0,"r":0,"i":0,"l":[{"b":0,"c":1,"s":0,"f":0,"sb":0,"sf":0,"i":0}]}]},{"b":13.0,"g":2,"e":[{"f":{"f":1,"p":1},"d":1,"t":1,"w":0,"b":0,"r":0,"i":0,"l":[{"b":1.0,"c":1,"s":0,"f":0,"sb":0,"sf":0,"i":0}]}]},{"b":13.0,"g":3,"e":[{"f":{"f":1,"p":1},"d":1,"t":1,"w":0,"b":0,"r":0,"i":0,"l":[{"b":1.0,"c":1,"s":0,"f":0,"sb":0,"sf":0,"i":0}]}]},{"b":13.25,"g":2,"e":[{"f":{"f":1,"p":1},"d":1,"t":1,"w":0,"b":0,"r":0,"i":0,"l":[{"b":0,"c":1,"s":0,"f":0,"sb":0,"sf":0,"i":0}]}]},{"b":13.25,"g":3,"e":[{"f":{"f":1,"p":1},"d":1,"t":1,"w":0,"b":0,"r":0,"i":0,"l":[{"b":0,"c":1,"s":0,"f":0,"sb":0,"sf":0,"i":0}]}]},{"b":13.5,"g":2,"e":[{"f":{"f":1,"p":1},"d":1,"t":1,"w":0,"b":0,"r":0,"i":0,"l":[{"b":1.0,"c":1,"s":0,"f":0,"sb":0,"sf":0,"i":0}]}]},{"b":13.5,"g":3,"e":[{"f":{"f":1,"p":1},"d":1,"t":1,"w":0,"b":0,"r":0,"i":0,"l":[{"b":1.0,"c":1,"s":0,"f":0,"sb":0,"sf":0,"i":0}]}]},{"b":13.75,"g":2,"e":[{"f":{"f":1,"p":1},"d":1,"t":1,"w":0,"b":0,"r":0,"i":0,"l":[{"b":0,"c":1,"s":0,"f":0,"sb":0,"sf":0,"i":0}]}]},{"b":13.75,"g":3,"e":[{"f":{"f":1,"p":1},"d":1,"t":1,"w":0,"b":0,"r":0,"i":0,"l":[{"b":0,"c":1,"s":0,"f":0,"sb":0,"sf":0,"i":0}]}]},{"b":14.5,"g":3,"e":[{"f":{"f":1,"p":1},"d":1,"t":1,"w":0,"b":0,"r":0,"i":0,"l":[{"b":1.0,"c":1,"s":0,"f":0,"sb":0,"sf":0,"i":0}]}]},{"b":15.0,"g":2,"e":[{"f":{"f":1,"p":1},"d":1,"t":1,"w":0,"b":0,"r":0,"i":0,"l":[{"b":1.0,"c":1,"s":0,"f":0,"sb":0,"sf":0,"i":0}]}]},{"b":15.0,"g":3,"e":[{"f":{"f":1,"p":1},"d":1,"t":1,"w":0,"b":0,"r":0,"i":0,"l":[{"b":0,"c":1,"s":0,"f":0,"sb":0,"sf":0,"i":0}]}]},{"b":15.5,"g":3,"e":[{"f":{"f":1,"p":1},"d":1,"t":1,"w":0,"b":0,"r":0,"i":0,"l":[{"b":1.0,"c":1,"s":0,"f":0,"sb":0,"sf":0,"i":0}]}]},{"b":15.5,"g":2,"e":[{"f":{"f":1,"p":1},"d":1,"t":1,"w":0,"b":0,"r":0,"i":0,"l":[{"b":0,"c":1,"s":0,"f":0,"sb":0,"sf":0,"i":0}]}]},{"b":16.0,"g":2,"e":[{"f":{"f":1,"p":1},"d":1,"t":1,"w":0,"b":0,"r":0,"i":0,"l":[{"b":1.0,"c":1,"s":0,"f":0,"sb":0,"sf":0,"i":0}]}]},{"b":16.0,"g":3,"e":[{"f":{"f":1,"p":1},"d":1,"t":1,"w":0,"b":0,"r":0,"i":0,"l":[{"b":1.0,"c":1,"s":0,"f":0,"sb":0,"sf":0,"i":0}]}]},{"b":16.25,"g":2,"e":[{"f":{"f":1,"p":1},"d":1,"t":1,"w":0,"b":0,"r":0,"i":0,"l":[{"b":0,"c":1,"s":0,"f":0,"sb":0,"sf":0,"i":0}]}]},{"b":16.25,"g":3,"e":[{"f":{"f":1,"p":1},"d":1,"t":1,"w":0,"b":0,"r":0,"i":0,"l":[{"b":0,"c":1,"s":0,"f":0,"sb":0,"sf":0,"i":0}]}]},{"b":16.5,"g":2,"e":[{"f":{"f":1,"p":1},"d":1,"t":1,"w":0,"b":0,"r":0,"i":0,"l":[{"b":1.0,"c":1,"s":0,"f":0,"sb":0,"sf":0,"i":0}]}]},{"b":16.5,"g":3,"e":[{"f":{"f":1,"p":1},"d":1,"t":1,"w":0,"b":0,"r":0,"i":0,"l":[{"b":1.0,"c":1,"s":0,"f":0,"sb":0,"sf":0,"i":0}]}]},{"b":16.75,"g":2,"e":[{"f":{"f":1,"p":1},"d":1,"t":1,"w":0,"b":0,"r":0,"i":0,"l":[{"b":0,"c":1,"s":0,"f":0,"sb":0,"sf":0,"i":0}]}]},{"b":16.75,"g":3,"e":[{"f":{"f":1,"p":1},"d":1,"t":1,"w":0,"b":0,"r":0,"i":0,"l":[{"b":0,"c":1,"s":0,"f":0,"sb":0,"sf":0,"i":0}]}]},{"b":17.0,"g":2,"e":[{"f":{"f":1,"p":1},"d":1,"t":1,"w":0,"b":0,"r":0,"i":0,"l":[{"b":1.0,"c":1,"s":0,"f":0,"sb":0,"sf":0,"i":0}]}]},{"b":17.0,"g":3,"e":[{"f":{"f":1,"p":1},"d":1,"t":1,"w":0,"b":0,"r":0,"i":0,"l":[{"b":1.0,"c":1,"s":0,"f":0,"sb":0,"sf":0,"i":0}]}]},{"b":17.25,"g":2,"e":[{"f":{"f":1,"p":1},"d":1,"t":1,"w":0,"b":0,"r":0,"i":0,"l":[{"b":0,"c":1,"s":0,"f":0,"sb":0,"sf":0,"i":0}]}]},{"b":17.25,"g":3,"e":[{"f":{"f":1,"p":1},"d":1,"t":1,"w":0,"b":0,"r":0,"i":0,"l":[{"b":0,"c":1,"s":0,"f":0,"sb":0,"sf":0,"i":0}]}]},{"b":17.5,"g":2,"e":[{"f":{"f":1,"p":1},"d":1,"t":1,"w":0,"b":0,"r":0,"i":0,"l":[{"b":1.0,"c":1,"s":0,"f":0,"sb":0,"sf":0,"i":0}]}]},{"b":17.5,"g":3,"e":[{"f":{"f":1,"p":1},"d":1,"t":1,"w":0,"b":0,"r":0,"i":0,"l":[{"b":1.0,"c":1,"s":0,"f":0,"sb":0,"sf":0,"i":0}]}]},{"b":17.75,"g":2,"e":[{"f":{"f":1,"p":1},"d":1,"t":1,"w":0,"b":0,"r":0,"i":0,"l":[{"b":0,"c":1,"s":0,"f":0,"sb":0,"sf":0,"i":0}]}]},{"b":17.75,"g":3,"e":[{"f":{"f":1,"p":1},"d":1,"t":1,"w":0,"b":0,"r":0,"i":0,"l":[{"b":0,"c":1,"s":0,"f":0,"sb":0,"sf":0,"i":0}]}]},{"b":18.5,"g":2,"e":[{"f":{"f":1,"p":1},"d":1,"t":1,"w":0,"b":0,"r":0,"i":0,"l":[{"b":1.0,"c":1,"s":0,"f":0,"sb":0,"sf":0,"i":0}]}]},{"b":19.0,"g":2,"e":[{"f":{"f":1,"p":1},"d":1,"t":1,"w":0,"b":0,"r":0,"i":0,"l":[{"b":0,"c":1,"s":0,"f":0,"sb":0,"sf":0,"i":0}]}]},{"b":19.0,"g":3,"e":[{"f":{"f":1,"p":1},"d":1,"t":1,"w":0,"b":0,"r":0,"i":0,"l":[{"b":1.0,"c":1,"s":0,"f":0,"sb":0,"sf":0,"i":0}]}]},{"b":19.5,"g":2,"e":[{"f":{"f":1,"p":1},"d":1,"t":1,"w":0,"b":0,"r":0,"i":0,"l":[{"b":1.0,"c":1,"s":0,"f":0,"sb":0,"sf":0,"i":0}]}]},{"b":19.5,"g":3,"e":[{"f":{"f":1,"p":1},"d":1,"t":1,"w":0,"b":0,"r":0,"i":0,"l":[{"b":0,"c":1,"s":0,"f":0,"sb":0,"sf":0,"i":0}]}]},{"b":20.0,"g":2,"e":[{"f":{"f":1,"p":1},"d":1,"t":1,"w":0,"b":0,"r":0,"i":0,"l":[{"b":0,"c":1,"s":0,"f":0,"sb":0,"sf":0,"i":0}]}]},{"b":22.5,"g":2,"e":[{"f":{"f":1,"p":1},"d":1,"t":1,"w":0,"b":0,"r":0,"i":0,"l":[{"b":1.0,"c":1,"s":0,"f":0,"sb":0,"sf":0,"i":0}]}]},{"b":22.5,"g":3,"e":[{"f":{"f":1,"p":1},"d":1,"t":1,"w":0,"b":0,"r":0,"i":0,"l":[{"b":1.0,"c":1,"s":0,"f":0,"sb":0,"sf":0,"i":0}]}]},{"b":22.5,"g":6,"e":[{"f":{"f":1,"p":1},"d":1,"t":1,"w":0,"b":0,"r":0,"i":0,"l":[{"b":1.0,"c":1,"s":0,"f":0,"sb":0,"sf":0,"i":0}]}]},{"b":22.5,"g":7,"e":[{"f":{"f":1,"p":1},"d":1,"t":1,"w":0,"b":0,"r":0,"i":0,"l":[{"b":1.0,"c":1,"s":0,"f":0,"sb":0,"sf":0,"i":0}]}]},{"b":23.75,"g":2,"e":[{"f":{"f":1,"p":1},"d":1,"t":1,"w":0,"b":0,"r":0,"i":0,"l":[{"b":0,"c":1,"s":0,"f":0,"sb":0,"sf":0,"i":0}]}]},{"b":23.75,"g":3,"e":[{"f":{"f":1,"p":1},"d":1,"t":1,"w":0,"b":0,"r":0,"i":0,"l":[{"b":0,"c":1,"s":0,"f":0,"sb":0,"sf":0,"i":0}]}]},{"b":23.75,"g":6,"e":[{"f":{"f":1,"p":1},"d":1,"t":1,"w":0,"b":0,"r":0,"i":0,"l":[{"b":0,"c":1,"s":0,"f":0,"sb":0,"sf":0,"i":0}]}]},{"b":23.75,"g":7,"e":[{"f":{"f":1,"p":1},"d":1,"t":1,"w":0,"b":0,"r":0,"i":0,"l":[{"b":0,"c":1,"s":0,"f":0,"sb":0,"sf":0,"i":0}]}]},{"b":24.0,"g":2,"e":[{"f":{"f":2},"d":1,"t":1,"w":0,"b":0,"r":0,"i":0,"l":[{"b":1.0,"c":1,"s":0,"f":0,"sb":0,"sf":0,"i":0},{"b":1.5,"c":1,"s":0,"f":0,"sb":0,"sf":0,"i":0},{"b":1.0,"c":1,"s":0,"f":0,"sb":0,"sf":0,"i":0},{"b":6.0,"c":1,"s":0,"f":0,"sb":0,"sf":0,"i":0}]},{"f":{"f":2,"p":1},"d":1,"t":1,"w":0,"b":0,"r":0,"i":0,"l":[{"b":1.0,"c":1,"s":0,"f":0,"sb":0,"sf":0,"i":0},{"b":1.375,"c":1,"s":0,"f":0,"sb":0,"sf":0,"i":0}]},{"f":{"f":2,"p":2},"d":1,"t":1,"w":0,"b":0,"r":0,"i":0,"l":[{"b":1.0,"c":1,"s":0,"f":0,"sb":0,"sf":0,"i":0},{"b":1.25,"c":1,"s":0,"f":0,"sb":0,"sf":0,"i":0}]},{"f":{"f":2,"p":3},"d":1,"t":1,"w":0,"b":0,"r":0,"i":0,"l":[{"b":1.0,"c":1,"s":0,"f":0,"sb":0,"sf":0,"i":0},{"b":1.125,"c":1,"s":0,"f":0,"sb":0,"sf":0,"i":0}]},{"f":{"f":2,"p":4},"d":1,"t":1,"w":0,"b":0,"r":0,"i":0,"l":[{"b":1.0,"c":1,"s":0,"f":0,"sb":0,"sf":0,"i":0},{"b":1.0,"c":1,"s":0,"f":0,"sb":0,"sf":0,"i":0}]}]},{"b":24.0,"g":3,"e":[{"f":{"f":2},"d":1,"t":1,"w":0,"b":0,"r":0,"i":0,"l":[{"b":1.0,"c":1,"s":0,"f":0,"sb":0,"sf":0,"i":0},{"b":1.625,"c":1,"s":0,"f":0,"sb":0,"sf":0,"i":0},{"b":1.0,"c":1,"s":0,"f":0,"sb":0,"sf":0,"i":0},{"b":1.875,"c":1,"s":0,"f":0,"sb":0,"sf":0,"i":0},{"b":1.0,"c":1,"s":0,"f":0,"sb":0,"sf":0,"i":0},{"b":2.125,"c":1,"s":0,"f":0,"sb":0,"sf":0,"i":0},{"b":1.0,"c":1,"s":0,"f":0,"sb":0,"sf":0,"i":0},{"b":2.375,"c":1,"s":0,"f":0,"sb":0,"sf":0,"i":0},{"b":1.0,"c":1,"s":0,"f":0,"sb":0,"sf":0,"i":0},{"b":2.625,"c":1,"s":0,"f":0,"sb":0,"sf":0,"i":0},{"b":1.0,"c":1,"s":0,"f":0,"sb":0,"sf":0,"i":0},{"b":2.875,"c":1,"s":0,"f":0,"sb":0,"sf":0,"i":0},{"b":1.0,"c":1,"s":0,"f":0,"sb":0,"sf":0,"i":0},{"b":3.125,"c":1,"s":0,"f":0,"sb":0,"sf":0,"i":0},{"b":1.0,"c":1,"s":0,"f":0,"sb":0,"sf":0,"i":0},{"b":3.375,"c":1,"s":0,"f":0,"sb":0,"sf":0,"i":0},{"b":1.0,"c":1,"s":0,"f":0,"sb":0,"sf":0,"i":0},{"b":3.625,"c":1,"s":0,"f":0,"sb":0,"sf":0,"i":0},{"b":1.0,"c":1,"s":0,"f":0,"sb":0,"sf":0,"i":0},{"b":3.875,"c":1,"s":0,"f":0,"sb":0,"sf":0,"i":0},{"b":1.0,"c":1,"s":0,"f":0,"sb":0,"sf":0,"i":0},{"b":4.125,"c":1,"s":0,"f":0,"sb":0,"sf":0,"i":0},{"b":1.0,"c":1,"s":0,"f":0,"sb":0,"sf":0,"i":0},{"b":4.375,"c":1,"s":0,"f":0,"sb":0,"sf":0,"i":0},{"b":1.0,"c":1,"s":0,"f":0,"sb":0,"sf":0,"i":0},{"b":4.625,"c":1,"s":0,"f":0,"sb":0,"sf":0,"i":0},{"b":1.0,"c":1,"s":0,"f":0,"sb":0,"sf":0,"i":0},{"b":4.875,"c":1,"s":0,"f":0,"sb":0,"sf":0,"i":0},{"b":1.0,"c":1,"s":0,"f":0,"sb":0,"sf":0,"i":0},{"b":7.0,"c":1,"s":0,"f":0,"sb":0,"sf":0,"i":0}]},{"f":{"f":2,"p":1},"d":1,"t":1,"w":0,"b":0,"r":0,"i":0,"l":[{"b":1.0,"c":1,"s":0,"f":0,"sb":0,"sf":0,"i":0},{"b":7.5,"c":1,"s":0,"f":0,"sb":0,"sf":0,"i":0},{"b":1.0,"c":1,"s":0,"f":0,"sb":0,"sf":0,"i":0},{"b":27.0,"c":1,"s":0,"f":0,"sb":0,"sf":0,"i":0}]},{"f":{"f":2,"p":2},"d":1,"t":1,"w":0,"b":0,"r":0,"i":0,"l":[{"b":1.0,"c":1,"s":0,"f":0,"sb":0,"sf":0,"i":0},{"b":7.625,"c":1,"s":0,"f":0,"sb":0,"sf":0,"i":0},{"b":1.0,"c":1,"s":0,"f":0,"sb":0,"sf":0,"i":0},{"b":7.875,"c":1,"s":0,"f":0,"sb":0,"sf":0,"i":0},{"b":1.0,"c":1,"s":0,"f":0,"sb":0,"sf":0,"i":0},{"b":8.125,"c":1,"s":0,"f":0,"sb":0,"sf":0,"i":0},{"b":1.0,"c":1,"s":0,"f":0,"sb":0,"sf":0,"i":0},{"b":8.375,"c":1,"s":0,"f":0,"sb":0,"sf":0,"i":0},{"b":1.0,"c":1,"s":0,"f":0,"sb":0,"sf":0,"i":0},{"b":8.625,"c":1,"s":0,"f":0,"sb":0,"sf":0,"i":0},{"b":1.0,"c":1,"s":0,"f":0,"sb":0,"sf":0,"i":0},{"b":8.875,"c":1,"s":0,"f":0,"sb":0,"sf":0,"i":0},{"b":1.0,"c":1,"s":0,"f":0,"sb":0,"sf":0,"i":0},{"b":9.125,"c":1,"s":0,"f":0,"sb":0,"sf":0,"i":0},{"b":1.0,"c":1,"s":0,"f":0,"sb":0,"sf":0,"i":0},{"b":9.375,"c":1,"s":0,"f":0,"sb":0,"sf":0,"i":0},{"b":1.0,"c":1,"s":0,"f":0,"sb":0,"sf":0,"i":0},{"b":9.625,"c":1,"s":0,"f":0,"sb":0,"sf":0,"i":0},{"b":1.0,"c":1,"s":0,"f":0,"sb":0,"sf":0,"i":0},{"b":9.875,"c":1,"s":0,"f":0,"sb":0,"sf":0,"i":0},{"b":1.0,"c":1,"s":0,"f":0,"sb":0,"sf":0,"i":0},{"b":10.125,"c":1,"s":0,"f":0,"sb":0,"sf":0,"i":0},{"b":1.0,"c":1,"s":0,"f":0,"sb":0,"sf":0,"i":0},{"b":10.375,"c":1,"s":0,"f":0,"sb":0,"sf":0,"i":0},{"b":1.0,"c":1,"s":0,"f":0,"sb":0,"sf":0,"i":0},{"b":10.625,"c":1,"s":0,"f":0,"sb":0,"sf":0,"i":0},{"b":1.0,"c":1,"s":0,"f":0,"sb":0,"sf":0,"i":0},{"b":10.875,"c":1,"s":0,"f":0,"sb":0,"sf":0,"i":0},{"b":1.0,"c":1,"s":0,"f":0,"sb":0,"sf":0,"i":0},{"b":15.625,"c":1,"s":0,"f":0,"sb":0,"sf":0,"i":0},{"b":1.0,"c":1,"s":0,"f":0,"sb":0,"sf":0,"i":0},{"b":15.875,"c":1,"s":0,"f":0,"sb":0,"sf":0,"i":0},{"b":1.0,"c":1,"s":0,"f":0,"sb":0,"sf":0,"i":0},{"b":16.125,"c":1,"s":0,"f":0,"sb":0,"sf":0,"i":0},{"b":1.0,"c":1,"s":0,"f":0,"sb":0,"sf":0,"i":0},{"b":16.375,"c":1,"s":0,"f":0,"sb":0,"sf":0,"i":0},{"b":1.0,"c":1,"s":0,"f":0,"sb":0,"sf":0,"i":0},{"b":16.625,"c":1,"s":0,"f":0,"sb":0,"sf":0,"i":0},{"b":1.0,"c":1,"s":0,"f":0,"sb":0,"sf":0,"i":0},{"b":16.875,"c":1,"s":0,"f":0,"sb":0,"sf":0,"i":0},{"b":1.0,"c":1,"s":0,"f":0,"sb":0,"sf":0,"i":0},{"b":17.125,"c":1,"s":0,"f":0,"sb":0,"sf":0,"i":0},{"b":1.0,"c":1,"s":0,"f":0,"sb":0,"sf":0,"i":0},{"b":17.375,"c":1,"s":0,"f":0,"sb":0,"sf":0,"i":0},{"b":1.0,"c":1,"s":0,"f":0,"sb":0,"sf":0,"i":0},{"b":17.625,"c":1,"s":0,"f":0,"sb":0,"sf":0,"i":0},{"b":1.0,"c":1,"s":0,"f":0,"sb":0,"sf":0,"i":0},{"b":17.875,"c":1,"s":0,"f":0,"sb":0,"sf":0,"i":0},{"b":1.0,"c":1,"s":0,"f":0,"sb":0,"sf":0,"i":0},{"b":18.125,"c":1,"s":0,"f":0,"sb":0,"sf":0,"i":0},{"b":1.0,"c":1,"s":0,"f":0,"sb":0,"sf":0,"i":0},{"b":18.375,"c":1,"s":0,"f":0,"sb":0,"sf":0,"i":0},{"b":1.0,"c":1,"s":0,"f":0,"sb":0,"sf":0,"i":0},{"b":18.625,"c":1,"s":0,"f":0,"sb":0,"sf":0,"i":0},{"b":1.0,"c":1,"s":0,"f":0,"sb":0,"sf":0,"i":0},{"b":18.875,"c":1,"s":0,"f":0,"sb":0,"sf":0,"i":0},{"b":1.0,"c":1,"s":0,"f":0,"sb":0,"sf":0,"i":0},{"b":23.625,"c":1,"s":0,"f":0,"sb":0,"sf":0,"i":0},{"b":1.0,"c":1,"s":0,"f":0,"sb":0,"sf":0,"i":0},{"b":23.875,"c":1,"s":0,"f":0,"sb":0,"sf":0,"i":0},{"b":1.0,"c":1,"s":0,"f":0,"sb":0,"sf":0,"i":0},{"b":24.125,"c":1,"s":0,"f":0,"sb":0,"sf":0,"i":0},{"b":1.0,"c":1,"s":0,"f":0,"sb":0,"sf":0,"i":0},{"b":24.375,"c":1,"s":0,"f":0,"sb":0,"sf":0,"i":0},{"b":1.0,"c":1,"s":0,"f":0,"sb":0,"sf":0,"i":0},{"b":24.625,"c":1,"s":0,"f":0,"sb":0,"sf":0,"i":0},{"b":1.0,"c":1,"s":0,"f":0,"sb":0,"sf":0,"i":0},{"b":24.875,"c":1,"s":0,"f":0,"sb":0,"sf":0,"i":0},{"b":1.0,"c":1,"s":0,"f":0,"sb":0,"sf":0,"i":0},{"b":25.125,"c":1,"s":0,"f":0,"sb":0,"sf":0,"i":0},{"b":1.0,"c":1,"s":0,"f":0,"sb":0,"sf":0,"i":0},{"b":25.375,"c":1,"s":0,"f":0,"sb":0,"sf":0,"i":0},{"b":1.0,"c":1,"s":0,"f":0,"sb":0,"sf":0,"i":0},{"b":25.625,"c":1,"s":0,"f":0,"sb":0,"sf":0,"i":0},{"b":1.0,"c":1,"s":0,"f":0,"sb":0,"sf":0,"i":0},{"b":25.875,"c":1,"s":0,"f":0,"sb":0,"sf":0,"i":0},{"b":1.0,"c":1,"s":0,"f":0,"sb":0,"sf":0,"i":0},{"b":26.125,"c":1,"s":0,"f":0,"sb":0,"sf":0,"i":0},{"b":1.0,"c":1,"s":0,"f":0,"sb":0,"sf":0,"i":0},{"b":26.375,"c":1,"s":0,"f":0,"sb":0,"sf":0,"i":0},{"b":1.0,"c":1,"s":0,"f":0,"sb":0,"sf":0,"i":0},{"b":27.5,"c":1,"s":0,"f":0,"sb":0,"sf":0,"i":0},{"b":1.0,"c":1,"s":0,"f":0,"sb":0,"sf":0,"i":0},{"b":28.625,"c":1,"s":0,"f":0,"sb":0,"sf":0,"i":0},{"b":1.0,"c":1,"s":0,"f":0,"sb":0,"sf":0,"i":0},{"b":28.875,"c":1,"s":0,"f":0,"sb":0,"sf":0,"i":0},{"b":1.0,"c":1,"s":0,"f":0,"sb":0,"sf":0,"i":0},{"b":29.125,"c":1,"s":0,"f":0,"sb":0,"sf":0,"i":0},{"b":1.0,"c":1,"s":0,"f":0,"sb":0,"sf":0,"i":0},{"b":29.375,"c":1,"s":0,"f":0,"sb":0,"sf":0,"i":0},{"b":1.0,"c":1,"s":0,"f":0,"sb":0,"sf":0,"i":0},{"b":29.625,"c":1,"s":0,"f":0,"sb":0,"sf":0,"i":0},{"b":1.0,"c":1,"s":0,"f":0,"sb":0,"sf":0,"i":0},{"b":29.875,"c":1,"s":0,"f":0,"sb":0,"sf":0,"i":0},{"b":1.0,"c":1,"s":0,"f":0,"sb":0,"sf":0,"i":0},{"b":30.125,"c":1,"s":0,"f":0,"sb":0,"sf":0,"i":0},{"b":1.0,"c":1,"s":0,"f":0,"sb":0,"sf":0,"i":0},{"b":30.375,"c":1,"s":0,"f":0,"sb":0,"sf":0,"i":0},{"b":1.0,"c":1,"s":0,"f":0,"sb":0,"sf":0,"i":0},{"b":30.625,"c":1,"s":0,"f":0,"sb":0,"sf":0,"i":0},{"b":1.0,"c":1,"s":0,"f":0,"sb":0,"sf":0,"i":0},{"b":30.875,"c":1,"s":0,"f":0,"sb":0,"sf":0,"i":0},{"b":1.0,"c":1,"s":0,"f":0,"sb":0,"sf":0,"i":0},{"b":31.125,"c":1,"s":0,"f":0,"sb":0,"sf":0,"i":0},{"b":1.0,"c":1,"s":0,"f":0,"sb":0,"sf":0,"i":0},{"b":31.375,"c":1,"s":0,"f":0,"sb":0,"sf":0,"i":0},{"b":1.0,"c":1,"s":0,"f":0,"sb":0,"sf":0,"i":0},{"b":31.625,"c":1,"s":0,"f":0,"sb":0,"sf":0,"i":0},{"b":1.0,"c":1,"s":0,"f":0,"sb":0,"sf":0,"i":0},{"b":31.875,"c":1,"s":0,"f":0,"sb":0,"sf":0,"i":0}]},{"f":{"f":2,"p":3},"d":1,"t":1,"w":0,"b":0,"r":0,"i":0,"l":[{"b":1.0,"c":1,"s":0,"f":0,"sb":0,"sf":0,"i":0},{"b":14.0,"c":1,"s":0,"f":0,"sb":0,"sf":0,"i":0},{"b":1.0,"c":1,"s":0,"f":0,"sb":0,"sf":0,"i":0},{"b":15.5,"c":1,"s":0,"f":0,"sb":0,"sf":0,"i":0},{"b":1.0,"c":1,"s":0,"f":0,"sb":0,"sf":0,"i":0},{"b":22.0,"c":1,"s":0,"f":0,"sb":0,"sf":0,"i":0},{"b":1.0,"c":1,"s":0,"f":0,"sb":0,"sf":0,"i":0},{"b":23.5,"c":1,"s":0,"f":0,"sb":0,"sf":0,"i":0},{"b":1.0,"c":1,"s":0,"f":0,"sb":0,"sf":0,"i":0},{"b":27.625,"c":1,"s":0,"f":0,"sb":0,"sf":0,"i":0},{"b":1.0,"c":1,"s":0,"f":0,"sb":0,"sf":0,"i":0},{"b":27.875,"c":1,"s":0,"f":0,"sb":0,"sf":0,"i":0},{"b":1.0,"c":1,"s":0,"f":0,"sb":0,"sf":0,"i":0},{"b":28.125,"c":1,"s":0,"f":0,"sb":0,"sf":0,"i":0},{"b":1.0,"c":1,"s":0,"f":0,"sb":0,"sf":0,"i":0},{"b":28.375,"c":1,"s":0,"f":0,"sb":0,"sf":0,"i":0}]},{"f":{"f":2,"p":4},"d":1,"t":1,"w":0,"b":0,"r":0,"i":0,"l":[{"b":1.0,"c":1,"s":0,"f":0,"sb":0,"sf":0,"i":0},{"b":15.0,"c":1,"s":0,"f":0,"sb":0,"sf":0,"i":0},{"b":1.0,"c":1,"s":0,"f":0,"sb":0,"sf":0,"i":0},{"b":23.0,"c":1,"s":0,"f":0,"sb":0,"sf":0,"i":0}]}]},{"b":24.0,"g":9,"e":[{"f":{"f":1,"p":1},"d":1,"t":1,"w":0,"b":0,"r":0,"i":0,"l":[{"b":0.5,"c":0,"s":0,"f":0,"sb":0,"sf":0,"i":0}]}]},{"b":24.0,"g":8,"e":[{"f":{"f":1,"p":1},"d":1,"t":1,"w":0,"b":0,"r":0,"i":0,"l":[{"b":0.5,"c":0,"s":0,"f":0,"sb":0,"sf":0,"i":0}]}]},{"b":25.0,"g":6,"e":[{"f":{"f":1,"p":1},"d":1,"t":1,"w":0,"b":0,"r":0,"i":0,"l":[{"b":0.5,"c":1,"s":0,"f":0,"sb":0,"sf":0,"i":0}]}]},{"b":25.0,"g":7,"e":[{"f":{"f":1,"p":1},"d":1,"t":1,"w":0,"b":0,"r":0,"i":0,"l":[{"b":0.5,"c":1,"s":0,"f":0,"sb":0,"sf":0,"i":0}]}]},{"b":25.5,"g":6,"e":[{"f":{"f":1,"p":1},"d":1,"t":1,"w":0,"b":0,"r":0,"i":0,"l":[{"b":0,"c":1,"s":0,"f":0,"sb":0,"sf":0,"i":0}]}]},{"b":25.5,"g":7,"e":[{"f":{"f":1,"p":1},"d":1,"t":1,"w":0,"b":0,"r":0,"i":0,"l":[{"b":0,"c":1,"s":0,"f":0,"sb":0,"sf":0,"i":0}]}]},{"b":27.0,"g":6,"e":[{"f":{"f":1,"p":1},"d":1,"t":1,"w":0,"b":0,"r":0,"i":0,"l":[{"b":0.5,"c":1,"s":0,"f":0,"sb":0,"sf":0,"i":0}]}]},{"b":27.0,"g":7,"e":[{"f":{"f":1,"p":1},"d":1,"t":1,"w":0,"b":0,"r":0,"i":0,"l":[{"b":0.5,"c":1,"s":0,"f":0,"sb":0,"sf":0,"i":0}]}]},{"b":27.5,"g":6,"e":[{"f":{"f":1,"p":1},"d":1,"t":1,"w":0,"b":0,"r":0,"i":0,"l":[{"b":0,"c":1,"s":0,"f":0,"sb":0,"sf":0,"i":0}]}]},{"b":27.5,"g":7,"e":[{"f":{"f":1,"p":1},"d":1,"t":1,"w":0,"b":0,"r":0,"i":0,"l":[{"b":0,"c":1,"s":0,"f":0,"sb":0,"sf":0,"i":0}]}]},{"b":29.0,"g":6,"e":[{"f":{"f":1,"p":1},"d":1,"t":1,"w":0,"b":0,"r":0,"i":0,"l":[{"b":0.5,"c":1,"s":0,"f":0,"sb":0,"sf":0,"i":0}]}]},{"b":29.0,"g":7,"e":[{"f":{"f":1,"p":1},"d":1,"t":1,"w":0,"b":0,"r":0,"i":0,"l":[{"b":0.5,"c":1,"s":0,"f":0,"sb":0,"sf":0,"i":0}]}]},{"b":29.5,"g":6,"e":[{"f":{"f":1,"p":1},"d":1,"t":1,"w":0,"b":0,"r":0,"i":0,"l":[{"b":0,"c":1,"s":0,"f":0,"sb":0,"sf":0,"i":0}]}]},{"b":29.5,"g":7,"e":[{"f":{"f":1,"p":1},"d":1,"t":1,"w":0,"b":0,"r":0,"i":0,"l":[{"b":0,"c":1,"s":0,"f":0,"sb":0,"sf":0,"i":0}]}]},{"b":31.0,"g":6,"e":[{"f":{"f":1,"p":1},"d":1,"t":1,"w":0,"b":0,"r":0,"i":0,"l":[{"b":0.5,"c":1,"s":0,"f":0,"sb":0,"sf":0,"i":0}]}]},{"b":31.0,"g":7,"e":[{"f":{"f":1,"p":1},"d":1,"t":1,"w":0,"b":0,"r":0,"i":0,"l":[{"b":0.5,"c":1,"s":0,"f":0,"sb":0,"sf":0,"i":0}]}]},{"b":31.5,"g":6,"e":[{"f":{"f":1,"p":1},"d":1,"t":1,"w":0,"b":0,"r":0,"i":0,"l":[{"b":0,"c":1,"s":0,"f":0,"sb":0,"sf":0,"i":0}]}]},{"b":31.5,"g":7,"e":[{"f":{"f":1,"p":1},"d":1,"t":1,"w":0,"b":0,"r":0,"i":0,"l":[{"b":0,"c":1,"s":0,"f":0,"sb":0,"sf":0,"i":0}]}]},{"b":33.0,"g":6,"e":[{"f":{"f":1,"p":1},"d":1,"t":1,"w":0,"b":0,"r":0,"i":0,"l":[{"b":0.5,"c":1,"s":0,"f":0,"sb":0,"sf":0,"i":0}]}]},{"b":33.0,"g":7,"e":[{"f":{"f":1,"p":1},"d":1,"t":1,"w":0,"b":0,"r":0,"i":0,"l":[{"b":0.5,"c":1,"s":0,"f":0,"sb":0,"sf":0,"i":0}]}]},{"b":33.5,"g":6,"e":[{"f":{"f":1,"p":1},"d":1,"t":1,"w":0,"b":0,"r":0,"i":0,"l":[{"b":0,"c":1,"s":0,"f":0,"sb":0,"sf":0,"i":0}]}]},{"b":33.5,"g":7,"e":[{"f":{"f":1,"p":1},"d":1,"t":1,"w":0,"b":0,"r":0,"i":0,"l":[{"b":0,"c":1,"s":0,"f":0,"sb":0,"sf":0,"i":0}]}]},{"b":35.0,"g":6,"e":[{"f":{"f":1,"p":1},"d":1,"t":1,"w":0,"b":0,"r":0,"i":0,"l":[{"b":0.5,"c":1,"s":0,"f":0,"sb":0,"sf":0,"i":0}]}]},{"b":35.0,"g":7,"e":[{"f":{"f":1,"p":1},"d":1,"t":1,"w":0,"b":0,"r":0,"i":0,"l":[{"b":0.5,"c":1,"s":0,"f":0,"sb":0,"sf":0,"i":0}]}]},{"b":35.5,"g":6,"e":[{"f":{"f":1,"p":1},"d":1,"t":1,"w":0,"b":0,"r":0,"i":0,"l":[{"b":0,"c":1,"s":0,"f":0,"sb":0,"sf":0,"i":0}]}]},{"b":35.5,"g":7,"e":[{"f":{"f":1,"p":1},"d":1,"t":1,"w":0,"b":0,"r":0,"i":0,"l":[{"b":0,"c":1,"s":0,"f":0,"sb":0,"sf":0,"i":0}]}]},{"b":37.0,"g":6,"e":[{"f":{"f":1,"p":1},"d":1,"t":1,"w":0,"b":0,"r":0,"i":0,"l":[{"b":0.5,"c":1,"s":0,"f":0,"sb":0,"sf":0,"i":0}]}]},{"b":37.0,"g":7,"e":[{"f":{"f":1,"p":1},"d":1,"t":1,"w":0,"b":0,"r":0,"i":0,"l":[{"b":0.5,"c":1,"s":0,"f":0,"sb":0,"sf":0,"i":0}]}]},{"b":37.5,"g":6,"e":[{"f":{"f":1,"p":1},"d":1,"t":1,"w":0,"b":0,"r":0,"i":0,"l":[{"b":0,"c":1,"s":0,"f":0,"sb":0,"sf":0,"i":0}]}]},{"b":37.5,"g":7,"e":[{"f":{"f":1,"p":1},"d":1,"t":1,"w":0,"b":0,"r":0,"i":0,"l":[{"b":0,"c":1,"s":0,"f":0,"sb":0,"sf":0,"i":0}]}]},{"b":39.0,"g":6,"e":[{"f":{"f":1,"p":1},"d":1,"t":1,"w":0,"b":0,"r":0,"i":0,"l":[{"b":0.5,"c":1,"s":0,"f":0,"sb":0,"sf":0,"i":0}]}]},{"b":39.0,"g":7,"e":[{"f":{"f":1,"p":1},"d":1,"t":1,"w":0,"b":0,"r":0,"i":0,"l":[{"b":0.5,"c":1,"s":0,"f":0,"sb":0,"sf":0,"i":0}]}]},{"b":39.5,"g":6,"e":[{"f":{"f":1,"p":1},"d":1,"t":1,"w":0,"b":0,"r":0,"i":0,"l":[{"b":0,"c":1,"s":0,"f":0,"sb":0,"sf":0,"i":0}]}]},{"b":39.5,"g":7,"e":[{"f":{"f":1,"p":1},"d":1,"t":1,"w":0,"b":0,"r":0,"i":0,"l":[{"b":0,"c":1,"s":0,"f":0,"sb":0,"sf":0,"i":0}]}]},{"b":41.0,"g":6,"e":[{"f":{"f":1,"p":1},"d":1,"t":1,"w":0,"b":0,"r":0,"i":0,"l":[{"b":0.5,"c":1,"s":0,"f":0,"sb":0,"sf":0,"i":0}]}]},{"b":41.0,"g":7,"e":[{"f":{"f":1,"p":1},"d":1,"t":1,"w":0,"b":0,"r":0,"i":0,"l":[{"b":0.5,"c":1,"s":0,"f":0,"sb":0,"sf":0,"i":0}]}]},{"b":41.25,"g":6,"e":[{"f":{"f":1,"p":1},"d":1,"t":1,"w":0,"b":0,"r":0,"i":0,"l":[{"b":0,"c":1,"s":0,"f":0,"sb":0,"sf":0,"i":0}]}]},{"b":41.5,"g":6,"e":[{"f":{"f":1,"p":1},"d":1,"t":1,"w":0,"b":0,"r":0,"i":0,"l":[{"b":0,"c":1,"s":0,"f":0,"sb":0,"sf":0,"i":0}]}]},{"b":41.5,"g":7,"e":[{"f":{"f":1,"p":1},"d":1,"t":1,"w":0,"b":0,"r":0,"i":0,"l":[{"b":0,"c":1,"s":0,"f":0,"sb":0,"sf":0,"i":0}]}]},{"b":43.0,"g":6,"e":[{"f":{"f":1,"p":1},"d":1,"t":1,"w":0,"b":0,"r":0,"i":0,"l":[{"b":0.5,"c":1,"s":0,"f":0,"sb":0,"sf":0,"i":0}]}]},{"b":43.0,"g":7,"e":[{"f":{"f":1,"p":1},"d":1,"t":1,"w":0,"b":0,"r":0,"i":0,"l":[{"b":0.5,"c":1,"s":0,"f":0,"sb":0,"sf":0,"i":0}]}]},{"b":43.5,"g":6,"e":[{"f":{"f":1,"p":1},"d":1,"t":1,"w":0,"b":0,"r":0,"i":0,"l":[{"b":0,"c":1,"s":0,"f":0,"sb":0,"sf":0,"i":0}]}]},{"b":43.5,"g":7,"e":[{"f":{"f":1,"p":1},"d":1,"t":1,"w":0,"b":0,"r":0,"i":0,"l":[{"b":0,"c":1,"s":0,"f":0,"sb":0,"sf":0,"i":0}]}]},{"b":45.0,"g":6,"e":[{"f":{"f":1,"p":1},"d":1,"t":1,"w":0,"b":0,"r":0,"i":0,"l":[{"b":0.5,"c":1,"s":0,"f":0,"sb":0,"sf":0,"i":0}]}]},{"b":45.0,"g":7,"e":[{"f":{"f":1,"p":1},"d":1,"t":1,"w":0,"b":0,"r":0,"i":0,"l":[{"b":0.5,"c":1,"s":0,"f":0,"sb":0,"sf":0,"i":0}]}]},{"b":45.5,"g":6,"e":[{"f":{"f":1,"p":1},"d":1,"t":1,"w":0,"b":0,"r":0,"i":0,"l":[{"b":0,"c":1,"s":0,"f":0,"sb":0,"sf":0,"i":0}]}]},{"b":45.5,"g":7,"e":[{"f":{"f":1,"p":1},"d":1,"t":1,"w":0,"b":0,"r":0,"i":0,"l":[{"b":0,"c":1,"s":0,"f":0,"sb":0,"sf":0,"i":0}]}]},{"b":47.0,"g":6,"e":[{"f":{"f":1,"p":1},"d":1,"t":1,"w":0,"b":0,"r":0,"i":0,"l":[{"b":0.5,"c":1,"s":0,"f":0,"sb":0,"sf":0,"i":0}]}]},{"b":47.0,"g":7,"e":[{"f":{"f":1,"p":1},"d":1,"t":1,"w":0,"b":0,"r":0,"i":0,"l":[{"b":0.5,"c":1,"s":0,"f":0,"sb":0,"sf":0,"i":0}]}]},{"b":47.5,"g":6,"e":[{"f":{"f":1,"p":1},"d":1,"t":1,"w":0,"b":0,"r":0,"i":0,"l":[{"b":0,"c":1,"s":0,"f":0,"sb":0,"sf":0,"i":0}]}]},{"b":47.5,"g":7,"e":[{"f":{"f":1,"p":1},"d":1,"t":1,"w":0,"b":0,"r":0,"i":0,"l":[{"b":0,"c":1,"s":0,"f":0,"sb":0,"sf":0,"i":0}]}]},{"b":49.0,"g":6,"e":[{"f":{"f":1,"p":1},"d":1,"t":1,"w":0,"b":0,"r":0,"i":0,"l":[{"b":0.5,"c":1,"s":0,"f":0,"sb":0,"sf":0,"i":0}]}]},{"b":49.0,"g":7,"e":[{"f":{"f":1,"p":1},"d":1,"t":1,"w":0,"b":0,"r":0,"i":0,"l":[{"b":0.5,"c":1,"s":0,"f":0,"sb":0,"sf":0,"i":0}]}]},{"b":49.5,"g":6,"e":[{"f":{"f":1,"p":1},"d":1,"t":1,"w":0,"b":0,"r":0,"i":0,"l":[{"b":0,"c":1,"s":0,"f":0,"sb":0,"sf":0,"i":0}]}]},{"b":49.5,"g":7,"e":[{"f":{"f":1,"p":1},"d":1,"t":1,"w":0,"b":0,"r":0,"i":0,"l":[{"b":0,"c":1,"s":0,"f":0,"sb":0,"sf":0,"i":0}]}]},{"b":51.0,"g":6,"e":[{"f":{"f":1,"p":1},"d":1,"t":1,"w":0,"b":0,"r":0,"i":0,"l":[{"b":0.5,"c":1,"s":0,"f":0,"sb":0,"sf":0,"i":0}]}]},{"b":51.0,"g":7,"e":[{"f":{"f":1,"p":1},"d":1,"t":1,"w":0,"b":0,"r":0,"i":0,"l":[{"b":0.5,"c":1,"s":0,"f":0,"sb":0,"sf":0,"i":0}]}]},{"b":51.5,"g":6,"e":[{"f":{"f":1,"p":1},"d":1,"t":1,"w":0,"b":0,"r":0,"i":0,"l":[{"b":0,"c":1,"s":0,"f":0,"sb":0,"sf":0,"i":0}]}]},{"b":51.5,"g":7,"e":[{"f":{"f":1,"p":1},"d":1,"t":1,"w":0,"b":0,"r":0,"i":0,"l":[{"b":0,"c":1,"s":0,"f":0,"sb":0,"sf":0,"i":0}]}]},{"b":52.0,"g":6,"e":[{"f":{"f":1,"p":1,"n":2,"s":-1145143420},"w":4.0,"d":1,"t":1,"b":0,"r":0,"i":0,"l":[{"b":1.0,"c":1,"s":0,"f":0,"sb":0,"sf":0,"i":0}]}]},{"b":52.0,"g":7,"e":[{"f":{"f":1,"p":1,"n":2,"s":-977214501},"w":4.0,"d":1,"t":1,"b":0,"r":0,"i":0,"l":[{"b":1.0,"c":1,"s":0,"f":0,"sb":0,"sf":0,"i":0}]}]},{"b":55.75,"g":8,"e":[{"f":{"f":1,"p":1},"d":1,"t":1,"w":0,"b":0,"r":0,"i":0,"l":[{"b":0,"c":0,"s":0,"f":0,"sb":0,"sf":0,"i":0}]}]},{"b":55.75,"g":9,"e":[{"f":{"f":1,"p":1},"d":1,"t":1,"w":0,"b":0,"r":0,"i":0,"l":[{"b":0,"c":0,"s":0,"f":0,"sb":0,"sf":0,"i":0}]}]},{"b":56.0,"g":9,"e":[{"f":{"f":2},"d":1,"t":1,"w":0,"b":0,"r":0,"i":0,"l":[{"b":1.0,"c":2,"s":0,"f":0,"sb":0,"sf":0,"i":0},{"b":5.5,"c":2,"s":0,"f":0,"sb":0,"sf":0,"i":0},{"b":1.0,"c":2,"s":0,"f":0,"sb":0,"sf":0,"i":0},{"b":7.5,"c":2,"s":0,"f":0,"sb":0,"sf":0,"i":0},{"b":1.0,"c":2,"s":0,"f":0,"sb":0,"sf":0,"i":0},{"b":14.0,"c":2,"s":0,"f":0,"sb":0,"sf":0,"i":0},{"b":1.0,"c":2,"s":0,"f":0,"sb":0,"sf":0,"i":0},{"b":15.0,"c":2,"s":0,"f":0,"sb":0,"sf":0,"i":0},{"b":1.0,"c":2,"s":0,"f":0,"sb":0,"sf":0,"i":0},{"b":22.5,"c":2,"s":0,"f":0,"sb":0,"sf":0,"i":0}]},{"f":{"f":2,"p":1},"d":1,"t":1,"w":0,"b":0,"r":0,"i":0,"l":[{"b":1.0,"c":2,"s":0,"f":0,"sb":0,"sf":0,"i":0},{"b":6.0,"c":2,"s":0,"f":0,"sb":0,"sf":0,"i":0},{"b":1.0,"c":2,"s":0,"f":0,"sb":0,"sf":0,"i":0},{"b":7.0,"c":2,"s":0,"f":0,"sb":0,"sf":0,"i":0},{"b":1.0,"c":2,"s":0,"f":0,"sb":0,"sf":0,"i":0},{"b":14.5,"c":2,"s":0,"f":0,"sb":0,"sf":0,"i":0}]},{"f":{"f":2,"p":2},"d":1,"t":1,"w":0,"b":0,"r":0,"i":0,"l":[{"b":1.0,"c":2,"s":0,"f":0,"sb":0,"sf":0,"i":0},{"b":6.5,"c":2,"s":0,"f":0,"sb":0,"sf":0,"i":0}]},{"f":{"f":2,"p":3},"d":1,"t":1,"w":0,"b":0,"r":0,"i":0,"l":[]}]},{"b":56.0,"g":8,"e":[{"f":{"f":2},"d":1,"t":1,"w":0,"b":0,"r":0,"i":0,"l":[{"b":1.0,"c":2,"s":0,"f":0,"sb":0,"sf":0,"i":0},{"b":0.25,"c":2,"s":0,"f":0,"sb":0,"sf":0,"i":0},{"b":1.0,"c":2,"s":0,"f":0,"sb":0,"sf":0,"i":0},{"b":0.75,"c":2,"s":0,"f":0,"sb":0,"sf":0,"i":0},{"b":1.0,"c":2,"s":0,"f":0,"sb":0,"sf":0,"i":0},{"b":1.25,"c":2,"s":0,"f":0,"sb":0,"sf":0,"i":0},{"b":1.0,"c":2,"s":0,"f":0,"sb":0,"sf":0,"i":0},{"b":1.75,"c":2,"s":0,"f":0,"sb":0,"sf":0,"i":0},{"b":1.0,"c":2,"s":0,"f":0,"sb":0,"sf":0,"i":0},{"b":2.75,"c":2,"s":0,"f":0,"sb":0,"sf":0,"i":0},{"b":1.0,"c":2,"s":0,"f":0,"sb":0,"sf":0,"i":0},{"b":3.25,"c":2,"s":0,"f":0,"sb":0,"sf":0,"i":0},{"b":1.0,"c":2,"s":0,"f":0,"sb":0,"sf":0,"i":0},{"b":4.75,"c":2,"s":0,"f":0,"sb":0,"sf":0,"i":0},{"b":1.0,"c":2,"s":0,"f":0,"sb":0,"sf":0,"i":0},{"b":8.0,"c":2,"s":0,"f":0,"sb":0,"sf":0,"i":0},{"b":1.0,"c":2,"s":0,"f":0,"sb":0,"sf":0,"i":0},{"b":13.5,"c":2,"s":0,"f":0,"sb":0,"sf":0,"i":0},{"b":1.0,"c":2,"s":0,"f":0,"sb":0,"sf":0,"i":0},{"b":15.5,"c":2,"s":0,"f":0,"sb":0,"sf":0,"i":0},{"b":1.0,"c":2,"s":0,"f":0,"sb":0,"sf":0,"i":0},{"b":22.0,"c":2,"s":0,"f":0,"sb":0,"sf":0,"i":0},{"b":1.0,"c":2,"s":0,"f":0,"sb":0,"sf":0,"i":0},{"b":23.0,"c":2,"s":0,"f":0,"sb":0,"sf":0,"i":0},{"b":1.0,"c":2,"s":0,"f":0,"sb":0,"sf":0,"i":0},{"b":30.5,"c":2,"s":0,"f":0,"sb":0,"sf":0,"i":0}]},{"f":{"f":2,"p":1},"d":1,"t":1,"w":0,"b":0,"r":0,"i":0,"l":[{"b":1.0,"c":2,"s":0,"f":0,"sb":0,"sf":0,"i":0},{"b":8.25,"c":2,"s":0,"f":0,"sb":0,"sf":0,"i":0},{"b":1.0,"c":2,"s":0,"f":0,"sb":0,"sf":0,"i":0},{"b":8.75,"c":2,"s":0,"f":0,"sb":0,"sf":0,"i":0},{"b":1.0,"c":2,"s":0,"f":0,"sb":0,"sf":0,"i":0},{"b":9.25,"c":2,"s":0,"f":0,"sb":0,"sf":0,"i":0},{"b":1.0,"c":2,"s":0,"f":0,"sb":0,"sf":0,"i":0},{"b":9.75,"c":2,"s":0,"f":0,"sb":0,"sf":0,"i":0},{"b":1.0,"c":2,"s":0,"f":0,"sb":0,"sf":0,"i":0},{"b":10.75,"c":2,"s":0,"f":0,"sb":0,"sf":0,"i":0},{"b":1.0,"c":2,"s":0,"f":0,"sb":0,"sf":0,"i":0},{"b":11.25,"c":2,"s":0,"f":0,"sb":0,"sf":0,"i":0},{"b":1.0,"c":2,"s":0,"f":0,"sb":0,"sf":0,"i":0},{"b":12.75,"c":2,"s":0,"f":0,"sb":0,"sf":0,"i":0},{"b":1.0,"c":2,"s":0,"f":0,"sb":0,"sf":0,"i":0},{"b":16.0,"c":2,"s":0,"f":0,"sb":0,"sf":0,"i":0},{"b":1.0,"c":2,"s":0,"f":0,"sb":0,"sf":0,"i":0},{"b":21.5,"c":2,"s":0,"f":0,"sb":0,"sf":0,"i":0},{"b":1.0,"c":2,"s":0,"f":0,"sb":0,"sf":0,"i":0},{"b":23.5,"c":2,"s":0,"f":0,"sb":0,"sf":0,"i":0},{"b":1.0,"c":2,"s":0,"f":0,"sb":0,"sf":0,"i":0},{"b":30.0,"c":2,"s":0,"f":0,"sb":0,"sf":0,"i":0},{"b":1.0,"c":2,"s":0,"f":0,"sb":0,"sf":0,"i":0},{"b":31.0,"c":2,"s":0,"f":0,"sb":0,"sf":0,"i":0}]},{"f":{"f":2,"p":2},"d":1,"t":1,"w":0,"b":0,"r":0,"i":0,"l":[{"b":1.0,"c":2,"s":0,"f":0,"sb":0,"sf":0,"i":0},{"b":16.25,"c":2,"s":0,"f":0,"sb":0,"sf":0,"i":0},{"b":1.0,"c":2,"s":0,"f":0,"sb":0,"sf":0,"i":0},{"b":16.75,"c":2,"s":0,"f":0,"sb":0,"sf":0,"i":0},{"b":1.0,"c":2,"s":0,"f":0,"sb":0,"sf":0,"i":0},{"b":17.25,"c":2,"s":0,"f":0,"sb":0,"sf":0,"i":0},{"b":1.0,"c":2,"s":0,"f":0,"sb":0,"sf":0,"i":0},{"b":17.75,"c":2,"s":0,"f":0,"sb":0,"sf":0,"i":0},{"b":1.0,"c":2,"s":0,"f":0,"sb":0,"sf":0,"i":0},{"b":18.75,"c":2,"s":0,"f":0,"sb":0,"sf":0,"i":0},{"b":1.0,"c":2,"s":0,"f":0,"sb":0,"sf":0,"i":0},{"b":19.25,"c":2,"s":0,"f":0,"sb":0,"sf":0,"i":0},{"b":1.0,"c":2,"s":0,"f":0,"sb":0,"sf":0,"i":0},{"b":20.75,"c":2,"s":0,"f":0,"sb":0,"sf":0,"i":0},{"b":1.0,"c":2,"s":0,"f":0,"sb":0,"sf":0,"i":0},{"b":24.0,"c":2,"s":0,"f":0,"sb":0,"sf":0,"i":0},{"b":1.0,"c":2,"s":0,"f":0,"sb":0,"sf":0,"i":0},{"b":29.5,"c":2,"s":0,"f":0,"sb":0,"sf":0,"i":0},{"b":1.0,"c":2,"s":0,"f":0,"sb":0,"sf":0,"i":0},{"b":31.5,"c":2,"s":0,"f":0,"sb":0,"sf":0,"i":0}]},{"f":{"f":2,"p":3},"d":1,"t":1,"w":0,"b":0,"r":0,"i":0,"l":[{"b":1.0,"c":2,"s":0,"f":0,"sb":0,"sf":0,"i":0},{"b":24.25,"c":2,"s":0,"f":0,"sb":0,"sf":0,"i":0},{"b":1.0,"c":2,"s":0,"f":0,"sb":0,"sf":0,"i":0},{"b":24.75,"c":2,"s":0,"f":0,"sb":0,"sf":0,"i":0},{"b":1.0,"c":2,"s":0,"f":0,"sb":0,"sf":0,"i":0},{"b":25.25,"c":2,"s":0,"f":0,"sb":0,"sf":0,"i":0},{"b":1.0,"c":2,"s":0,"f":0,"sb":0,"sf":0,"i":0},{"b":25.75,"c":2,"s":0,"f":0,"sb":0,"sf":0,"i":0},{"b":1.0,"c":2,"s":0,"f":0,"sb":0,"sf":0,"i":0},{"b":26.75,"c":2,"s":0,"f":0,"sb":0,"sf":0,"i":0},{"b":1.0,"c":2,"s":0,"f":0,"sb":0,"sf":0,"i":0},{"b":27.25,"c":2,"s":0,"f":0,"sb":0,"sf":0,"i":0},{"b":1.0,"c":2,"s":0,"f":0,"sb":0,"sf":0,"i":0},{"b":28.75,"c":2,"s":0,"f":0,"sb":0,"sf":0,"i":0},{"b":1.0,"c":2,"s":0,"f":0,"sb":0,"sf":0,"i":0},{"b":32.0,"c":2,"s":0,"f":0,"sb":0,"sf":0,"i":0}]}]},{"b":56.0,"g":0,"e":[{"f":{"f":1,"p":1},"d":1,"t":1,"w":0,"b":0,"r":0,"i":0,"l":[{"b":0.5,"c":2,"s":0,"f":0,"sb":0,"sf":0,"i":0}]}]},{"b":56.0,"g":1,"e":[{"f":{"f":1,"p":1},"d":1,"t":1,"w":0,"b":0,"r":0,"i":0,"l":[{"b":0.5,"c":2,"s":0,"f":0,"sb":0,"sf":0,"i":0}]}]},{"b":56.0,"g":6,"e":[{"f":{"f":1,"p":1},"d":1,"t":1,"w":0,"b":0,"r":0,"i":0,"l":[{"b":0,"c":1,"s":0,"f":0,"sb":0,"sf":0,"i":0}]}]},{"b":56.0,"g":7,"e":[{"f":{"f":1,"p":1},"d":1,"t":1,"w":0,"b":0,"r":0,"i":0,"l":[{"b":0,"c":1,"s":0,"f":0,"sb":0,"sf":0,"i":0}]}]},{"b":86.0,"g":6,"e":[{"f":{"f":1,"p":1,"n":2,"s":514568982},"w":2.0,"d":1,"t":1,"b":0,"r":0,"i":0,"l":[{"b":1.0,"c":1,"s":0,"f":0,"sb":0,"sf":0,"i":0}]}]},{"b":86.0,"g":7,"e":[{"f":{"f":1,"p":1,"n":2,"s":2127001182},"w":2.0,"d":1,"t":1,"b":0,"r":0,"i":0,"l":[{"b":1.0,"c":1,"s":0,"f":0,"sb":0,"sf":0,"i":0}]}]},{"b":88.0,"g":6,"e":[{"f":{"f":1,"p":1},"d":1,"t":1,"w":0,"b":0,"r":0,"i":0,"l":[{"b":0,"c":1,"s":0,"f":0,"sb":0,"sf":0,"i":0}]}]},{"b":88.0,"g":7,"e":[{"f":{"f":1,"p":1},"d":1,"t":1,"w":0,"b":0,"r":0,"i":0,"l":[{"b":0,"c":1,"s":0,"f":0,"sb":0,"sf":0,"i":0}]}]},{"b":88.0,"g":9,"e":[{"f":{"f":2},"d":1,"t":1,"w":0,"b":0,"r":0,"i":0,"l":[{"b":1.0,"c":2,"s":0,"f":0,"sb":0,"sf":0,"i":0},{"b":2.0,"c":2,"s":0,"f":0,"sb":0,"sf":0,"i":0},{"b":1.0,"c":2,"s":0,"f":0,"sb":0,"sf":0,"i":0},{"b":6.5,"c":2,"s":0,"f":0,"sb":0,"sf":0,"i":0}]},{"f":{"f":2,"p":1},"d":1,"t":1,"w":0,"b":0,"r":0,"i":0,"l":[{"b":1.0,"c":2,"s":0,"f":0,"sb":0,"sf":0,"i":0},{"b":1.5,"c":2,"s":0,"f":0,"sb":0,"sf":0,"i":0},{"b":1.0,"c":2,"s":0,"f":0,"sb":0,"sf":0,"i":0},{"b":3.0,"c":2,"s":0,"f":0,"sb":0,"sf":0,"i":0},{"b":1.0,"c":2,"s":0,"f":0,"sb":0,"sf":0,"i":0},{"b":6.0,"c":2,"s":0,"f":0,"sb":0,"sf":0,"i":0}]},{"f":{"f":2,"p":2},"d":1,"t":1,"w":0,"b":0,"r":0,"i":0,"l":[{"b":1.0,"c":2,"s":0,"f":0,"sb":0,"sf":0,"i":0},{"b":1.0,"c":2,"s":0,"f":0,"sb":0,"sf":0,"i":0},{"b":1.0,"c":2,"s":0,"f":0,"sb":0,"sf":0,"i":0},{"b":5.5,"c":2,"s":0,"f":0,"sb":0,"sf":0,"i":0}]},{"f":{"f":2,"p":3},"d":1,"t":1,"w":0,"b":0,"r":0,"i":0,"l":[{"b":1.0,"c":2,"s":0,"f":0,"sb":0,"sf":0,"i":0},{"b":0.5,"c":2,"s":0,"f":0,"sb":0,"sf":0,"i":0},{"b":1.0,"c":2,"s":0,"f":0,"sb":0,"sf":0,"i":0},{"b":5.0,"c":2,"s":0,"f":0,"sb":0,"sf":0,"i":0}]}]},{"b":89.0,"g":6,"e":[{"f":{"f":1,"p":1},"d":1,"t":1,"w":0,"b":0,"r":0,"i":0,"l":[{"b":0.5,"c":1,"s":0,"f":0,"sb":0,"sf":0,"i":0}]}]},{"b":89.0,"g":7,"e":[{"f":{"f":1,"p":1},"d":1,"t":1,"w":0,"b":0,"r":0,"i":0,"l":[{"b":0.5,"c":1,"s":0,"f":0,"sb":0,"sf":0,"i":0}]}]},{"b":89.5,"g":6,"e":[{"f":{"f":1,"p":1},"d":1,"t":1,"w":0,"b":0,"r":0,"i":0,"l":[{"b":0,"c":1,"s":0,"f":0,"sb":0,"sf":0,"i":0}]}]},{"b":89.5,"g":7,"e":[{"f":{"f":1,"p":1},"d":1,"t":1,"w":0,"b":0,"r":0,"i":0,"l":[{"b":0,"c":1,"s":0,"f":0,"sb":0,"sf":0,"i":0}]}]},{"b":91.0,"g":6,"e":[{"f":{"f":1,"p":1},"d":1,"t":1,"w":0,"b":0,"r":0,"i":0,"l":[{"b":0.5,"c":1,"s":0,"f":0,"sb":0,"sf":0,"i":0}]}]},{"b":91.0,"g":7,"e":[{"f":{"f":1,"p":1},"d":1,"t":1,"w":0,"b":0,"r":0,"i":0,"l":[{"b":0.5,"c":1,"s":0,"f":0,"sb":0,"sf":0,"i":0}]}]},{"b":91.5,"g":6,"e":[{"f":{"f":1,"p":1},"d":1,"t":1,"w":0,"b":0,"r":0,"i":0,"l":[{"b":0,"c":1,"s":0,"f":0,"sb":0,"sf":0,"i":0}]}]},{"b":91.5,"g":7,"e":[{"f":{"f":1,"p":1},"d":1,"t":1,"w":0,"b":0,"r":0,"i":0,"l":[{"b":0,"c":1,"s":0,"f":0,"sb":0,"sf":0,"i":0}]}]},{"b":93.0,"g":6,"e":[{"f":{"f":1,"p":1},"d":1,"t":1,"w":0,"b":0,"r":0,"i":0,"l":[{"b":0.5,"c":1,"s":0,"f":0,"sb":0,"sf":0,"i":0}]}]},{"b":93.0,"g":7,"e":[{"f":{"f":1,"p":1},"d":1,"t":1,"w":0,"b":0,"r":0,"i":0,"l":[{"b":0.5,"c":1,"s":0,"f":0,"sb":0,"sf":0,"i":0}]}]},{"b":93.5,"g":6,"e":[{"f":{"f":1,"p":1},"d":1,"t":1,"w":0,"b":0,"r":0,"i":0,"l":[{"b":0,"c":1,"s":0,"f":0,"sb":0,"sf":0,"i":0}]}]},{"b":93.5,"g":7,"e":[{"f":{"f":1,"p":1},"d":1,"t":1,"w":0,"b":0,"r":0,"i":0,"l":[{"b":0,"c":1,"s":0,"f":0,"sb":0,"sf":0,"i":0}]}]},{"b":94.5,"g":8,"e":[{"f":{"f":2,"r":1},"d":1,"t":1,"w":0,"b":0,"r":0,"i":0,"l":[{"b":1.0,"c":2,"s":0,"f":0,"sb":0,"sf":0,"i":0},{"b":2.0,"c":2,"s":0,"f":0,"sb":0,"sf":0,"i":0}]},{"f":{"f":2,"p":1,"r":1},"d":1,"t":1,"w":0,"b":0,"r":0,"i":0,"l":[{"b":1.0,"c":2,"s":0,"f":0,"sb":0,"sf":0,"i":0},{"b":1.5,"c":2,"s":0,"f":0,"sb":0,"sf":0,"i":0},{"b":1.0,"c":2,"s":0,"f":0,"sb":0,"sf":0,"i":0},{"b":2.5,"c":2,"s":0,"f":0,"sb":0,"sf":0,"i":0}]},{"f":{"f":2,"p":2,"r":1},"d":1,"t":1,"w":0,"b":0,"r":0,"i":0,"l":[{"b":1.0,"c":2,"s":0,"f":0,"sb":0,"sf":0,"i":0},{"b":1.0,"c":2,"s":0,"f":0,"sb":0,"sf":0,"i":0}]},{"f":{"f":2,"p":3,"r":1},"d":1,"t":1,"w":0,"b":0,"r":0,"i":0,"l":[{"b":1.0,"c":2,"s":0,"f":0,"sb":0,"sf":0,"i":0},{"b":0.5,"c":2,"s":0,"f":0,"sb":0,"sf":0,"i":0}]}]},{"b":95.0,"g":6,"e":[{"f":{"f":1,"p":1},"d":1,"t":1,"w":0,"b":0,"r":0,"i":0,"l":[{"b":0.5,"c":1,"s":0,"f":0,"sb":0,"sf":0,"i":0}]}]},{"b":95.0,"g":7,"e":[{"f":{"f":1,"p":1},"d":1,"t":1,"w":0,"b":0,"r":0,"i":0,"l":[{"b":0.5,"c":1,"s":0,"f":0,"sb":0,"sf":0,"i":0}]}]},{"b":95.5,"g":6,"e":[{"f":{"f":1,"p":1},"d":1,"t":1,"w":0,"b":0,"r":0,"i":0,"l":[{"b":0,"c":1,"s":0,"f":0,"sb":0,"sf":0,"i":0}]}]},{"b":95.5,"g":7,"e":[{"f":{"f":1,"p":1},"d":1,"t":1,"w":0,"b":0,"r":0,"i":0,"l":[{"b":0,"c":1,"s":0,"f":0,"sb":0,"sf":0,"i":0}]}]},{"b":97.0,"g":6,"e":[{"f":{"f":1,"p":1},"d":1,"t":1,"w":0,"b":0,"r":0,"i":0,"l":[{"b":0.5,"c":1,"s":0,"f":0,"sb":0,"sf":0,"i":0}]}]},{"b":97.0,"g":7,"e":[{"f":{"f":1,"p":1},"d":1,"t":1,"w":0,"b":0,"r":0,"i":0,"l":[{"b":0.5,"c":1,"s":0,"f":0,"sb":0,"sf":0,"i":0}]}]},{"b":97.0,"g":9,"e":[{"f":{"f":2},"d":1,"t":1,"w":0,"b":0,"r":0,"i":0,"l":[{"b":1.0,"c":2,"s":0,"f":0,"sb":0,"sf":0,"i":0},{"b":0.5,"c":2,"s":0,"f":0,"sb":0,"sf":0,"i":0}]},{"f":{"f":2,"p":1},"d":1,"t":1,"w":0,"b":0,"r":0,"i":0,"l":[]},{"f":{"f":2,"p":2},"d":1,"t":1,"w":0,"b":0,"r":0,"i":0,"l":[]},{"f":{"f":2,"p":3},"d":1,"t":1,"w":0,"b":0,"r":0,"i":0,"l":[]}]},{"b":97.5,"g":6,"e":[{"f":{"f":1,"p":1},"d":1,"t":1,"w":0,"b":0,"r":0,"i":0,"l":[{"b":0,"c":1,"s":0,"f":0,"sb":0,"sf":0,"i":0}]}]},{"b":97.5,"g":7,"e":[{"f":{"f":1,"p":1},"d":1,"t":1,"w":0,"b":0,"r":0,"i":0,"l":[{"b":0,"c":1,"s":0,"f":0,"sb":0,"sf":0,"i":0}]}]},{"b":97.5,"g":8,"e":[{"f":{"f":2},"d":1,"t":1,"w":0,"b":0,"r":0,"i":0,"l":[{"b":1.0,"c":2,"s":0,"f":0,"sb":0,"sf":0,"i":0},{"b":0.5,"c":2,"s":0,"f":0,"sb":0,"sf":0,"i":0},{"b":1.0,"c":2,"s":0,"f":0,"sb":0,"sf":0,"i":0},{"b":1.5,"c":2,"s":0,"f":0,"sb":0,"sf":0,"i":0}]},{"f":{"f":2,"p":1},"d":1,"t":1,"w":0,"b":0,"r":0,"i":0,"l":[{"b":1.0,"c":2,"s":0,"f":0,"sb":0,"sf":0,"i":0},{"b":1.0,"c":2,"s":0,"f":0,"sb":0,"sf":0,"i":0}]},{"f":{"f":2,"p":2},"d":1,"t":1,"w":0,"b":0,"r":0,"i":0,"l":[]},{"f":{"f":2,"p":3},"d":1,"t":1,"w":0,"b":0,"r":0,"i":0,"l":[]}]},{"b":99.0,"g":6,"e":[{"f":{"f":1,"p":1},"d":1,"t":1,"w":0,"b":0,"r":0,"i":0,"l":[{"b":0.5,"c":1,"s":0,"f":0,"sb":0,"sf":0,"i":0}]}]},{"b":99.0,"g":7,"e":[{"f":{"f":1,"p":1},"d":1,"t":1,"w":0,"b":0,"r":0,"i":0,"l":[{"b":0.5,"c":1,"s":0,"f":0,"sb":0,"sf":0,"i":0}]}]},{"b":99.0,"g":9,"e":[{"f":{"f":2},"d":1,"t":1,"w":0,"b":0,"r":0,"i":0,"l":[{"b":1.0,"c":2,"s":0,"f":0,"sb":0,"sf":0,"i":0},{"b":0.5,"c":2,"s":0,"f":0,"sb":0,"sf":0,"i":0},{"b":1.0,"c":2,"s":0,"f":0,"sb":0,"sf":0,"i":0},{"b":4.5,"c":2,"s":0,"f":0,"sb":0,"sf":0,"i":0}]},{"f":{"f":2,"p":1},"d":1,"t":1,"w":0,"b":0,"r":0,"i":0,"l":[{"b":1.0,"c":2,"s":0,"f":0,"sb":0,"sf":0,"i":0},{"b":1.0,"c":2,"s":0,"f":0,"sb":0,"sf":0,"i":0},{"b":1.0,"c":2,"s":0,"f":0,"sb":0,"sf":0,"i":0},{"b":2.5,"c":2,"s":0,"f":0,"sb":0,"sf":0,"i":0},{"b":1.0,"c":2,"s":0,"f":0,"sb":0,"sf":0,"i":0},{"b":4.0,"c":2,"s":0,"f":0,"sb":0,"sf":0,"i":0}]},{"f":{"f":2,"p":2},"d":1,"t":1,"w":0,"b":0,"r":0,"i":0,"l":[{"b":1.0,"c":2,"s":0,"f":0,"sb":0,"sf":0,"i":0},{"b":2.0,"c":2,"s":0,"f":0,"sb":0,"sf":0,"i":0},{"b":1.0,"c":2,"s":0,"f":0,"sb":0,"sf":0,"i":0},{"b":3.5,"c":2,"s":0,"f":0,"sb":0,"sf":0,"i":0}]},{"f":{"f":2,"p":3},"d":1,"t":1,"w":0,"b":0,"r":0,"i":0,"l":[{"b":1.0,"c":2,"s":0,"f":0,"sb":0,"sf":0,"i":0},{"b":1.5,"c":2,"s":0,"f":0,"sb":0,"sf":0,"i":0},{"b":1.0,"c":2,"s":0,"f":0,"sb":0,"sf":0,"i":0},{"b":3.0,"c":2,"s":0,"f":0,"sb":0,"sf":0,"i":0}]}]},{"b":99.5,"g":6,"e":[{"f":{"f":1,"p":1},"d":1,"t":1,"w":0,"b":0,"r":0,"i":0,"l":[{"b":0,"c":1,"s":0,"f":0,"sb":0,"sf":0,"i":0}]}]},{"b":99.5,"g":7,"e":[{"f":{"f":1,"p":1},"d":1,"t":1,"w":0,"b":0,"r":0,"i":0,"l":[{"b":0,"c":1,"s":0,"f":0,"sb":0,"sf":0,"i":0}]}]},{"b":101.0,"g":6,"e":[{"f":{"f":1,"p":1},"d":1,"t":1,"w":0,"b":0,"r":0,"i":0,"l":[{"b":0.5,"c":1,"s":0,"f":0,"sb":0,"sf":0,"i":0}]}]},{"b":101.0,"g":7,"e":[{"f":{"f":1,"p":1},"d":1,"t":1,"w":0,"b":0,"r":0,"i":0,"l":[{"b":0.5,"c":1,"s":0,"f":0,"sb":0,"sf":0,"i":0}]}]},{"b":101.5,"g":6,"e":[{"f":{"f":1,"p":1},"d":1,"t":1,"w":0,"b":0,"r":0,"i":0,"l":[{"b":0,"c":1,"s":0,"f":0,"sb":0,"sf":0,"i":0}]}]},{"b":101.5,"g":7,"e":[{"f":{"f":1,"p":1},"d":1,"t":1,"w":0,"b":0,"r":0,"i":0,"l":[{"b":0,"c":1,"s":0,"f":0,"sb":0,"sf":0,"i":0}]}]},{"b":103.0,"g":6,"e":[{"f":{"f":1,"p":1},"d":1,"t":1,"w":0,"b":0,"r":0,"i":0,"l":[{"b":0.5,"c":1,"s":0,"f":0,"sb":0,"sf":0,"i":0}]}]},{"b":103.0,"g":7,"e":[{"f":{"f":1,"p":1},"d":1,"t":1,"w":0,"b":0,"r":0,"i":0,"l":[{"b":0.5,"c":1,"s":0,"f":0,"sb":0,"sf":0,"i":0}]}]},{"b":103.5,"g":6,"e":[{"f":{"f":1,"p":1},"d":1,"t":1,"w":0,"b":0,"r":0,"i":0,"l":[{"b":0,"c":1,"s":0,"f":0,"sb":0,"sf":0,"i":0}]}]},{"b":103.5,"g":7,"e":[{"f":{"f":1,"p":1},"d":1,"t":1,"w":0,"b":0,"r":0,"i":0,"l":[{"b":0,"c":1,"s":0,"f":0,"sb":0,"sf":0,"i":0}]}]},{"b":103.5,"g":8,"e":[{"f":{"f":2,"r":1},"d":1,"t":1,"w":0,"b":0,"r":0,"i":0,"l":[{"b":1.0,"c":2,"s":0,"f":0,"sb":0,"sf":0,"i":0},{"b":1.5,"c":2,"s":0,"f":0,"sb":0,"sf":0,"i":0},{"b":1.0,"c":2,"s":0,"f":0,"sb":0,"sf":0,"i":0},{"b":5.0,"c":2,"s":0,"f":0,"sb":0,"sf":0,"i":0}]},{"f":{"f":2,"p":1,"r":1},"d":1,"t":1,"w":0,"b":0,"r":0,"i":0,"l":[{"b":1.0,"c":2,"s":0,"f":0,"sb":0,"sf":0,"i":0},{"b":1.0,"c":2,"s":0,"f":0,"sb":0,"sf":0,"i":0},{"b":1.0,"c":2,"s":0,"f":0,"sb":0,"sf":0,"i":0},{"b":2.0,"c":2,"s":0,"f":0,"sb":0,"sf":0,"i":0},{"b":1.0,"c":2,"s":0,"f":0,"sb":0,"sf":0,"i":0},{"b":5.5,"c":2,"s":0,"f":0,"sb":0,"sf":0,"i":0}]},{"f":{"f":2,"p":2,"r":1},"d":1,"t":1,"w":0,"b":0,"r":0,"i":0,"l":[{"b":1.0,"c":2,"s":0,"f":0,"sb":0,"sf":0,"i":0},{"b":2.5,"c":2,"s":0,"f":0,"sb":0,"sf":0,"i":0},{"b":1.0,"c":2,"s":0,"f":0,"sb":0,"sf":0,"i":0},{"b":6.0,"c":2,"s":0,"f":0,"sb":0,"sf":0,"i":0}]},{"f":{"f":2,"p":3,"r":1},"d":1,"t":1,"w":0,"b":0,"r":0,"i":0,"l":[{"b":1.0,"c":2,"s":0,"f":0,"sb":0,"sf":0,"i":0},{"b":0.5,"c":2,"s":0,"f":0,"sb":0,"sf":0,"i":0},{"b":1.0,"c":2,"s":0,"f":0,"sb":0,"sf":0,"i":0},{"b":4.5,"c":2,"s":0,"f":0,"sb":0,"sf":0,"i":0},{"b":1.0,"c":2,"s":0,"f":0,"sb":0,"sf":0,"i":0},{"b":6.5,"c":2,"s":0,"f":0,"sb":0,"sf":0,"i":0}]}]},{"b":105.0,"g":6,"e":[{"f":{"f":1,"p":1},"d":1,"t":1,"w":0,"b":0,"r":0,"i":0,"l":[{"b":0.5,"c":1,"s":0,"f":0,"sb":0,"sf":0,"i":0}]}]},{"b":105.0,"g":7,"e":[{"f":{"f":1,"p":1},"d":1,"t":1,"w":0,"b":0,"r":0,"i":0,"l":[{"b":0.5,"c":1,"s":0,"f":0,"sb":0,"sf":0,"i":0}]}]},{"b":105.5,"g":6,"e":[{"f":{"f":1,"p":1},"d":1,"t":1,"w":0,"b":0,"r":0,"i":0,"l":[{"b":0,"c":1,"s":0,"f":0,"sb":0,"sf":0,"i":0}]}]},{"b":105.5,"g":7,"e":[{"f":{"f":1,"p":1},"d":1,"t":1,"w":0,"b":0,"r":0,"i":0,"l":[{"b":0,"c":1,"s":0,"f":0,"sb":0,"sf":0,"i":0}]}]},{"b":107.0,"g":6,"e":[{"f":{"f":1,"p":1},"d":1,"t":1,"w":0,"b":0,"r":0,"i":0,"l":[{"b":0.5,"c":1,"s":0,"f":0,"sb":0,"sf":0,"i":0}]}]},{"b":107.0,"g":7,"e":[{"f":{"f":1,"p":1},"d":1,"t":1,"w":0,"b":0,"r":0,"i":0,"l":[{"b":0.5,"c":1,"s":0,"f":0,"sb":0,"sf":0,"i":0}]}]},{"b":107.5,"g":6,"e":[{"f":{"f":1,"p":1},"d":1,"t":1,"w":0,"b":0,"r":0,"i":0,"l":[{"b":0,"c":1,"s":0,"f":0,"sb":0,"sf":0,"i":0}]}]},{"b":107.5,"g":7,"e":[{"f":{"f":1,"p":1},"d":1,"t":1,"w":0,"b":0,"r":0,"i":0,"l":[{"b":0,"c":1,"s":0,"f":0,"sb":0,"sf":0,"i":0}]}]},{"b":109.0,"g":6,"e":[{"f":{"f":1,"p":1},"d":1,"t":1,"w":0,"b":0,"r":0,"i":0,"l":[{"b":0.5,"c":1,"s":0,"f":0,"sb":0,"sf":0,"i":0}]}]},{"b":109.0,"g":7,"e":[{"f":{"f":1,"p":1},"d":1,"t":1,"w":0,"b":0,"r":0,"i":0,"l":[{"b":0.5,"c":1,"s":0,"f":0,"sb":0,"sf":0,"i":0}]}]},{"b":109.5,"g":6,"e":[{"f":{"f":1,"p":1},"d":1,"t":1,"w":0,"b":0,"r":0,"i":0,"l":[{"b":0,"c":1,"s":0,"f":0,"sb":0,"sf":0,"i":0}]}]},{"b":109.5,"g":7,"e":[{"f":{"f":1,"p":1},"d":1,"t":1,"w":0,"b":0,"r":0,"i":0,"l":[{"b":0,"c":1,"s":0,"f":0,"sb":0,"sf":0,"i":0}]}]},{"b":110.0,"g":6,"e":[{"f":{"f":1,"p":1,"n":2,"s":-369977633},"w":2.0,"d":1,"t":1,"b":0,"r":0,"i":0,"l":[{"b":1.0,"c":1,"s":0,"f":0,"sb":0,"sf":0,"i":0}]}]},{"b":110.0,"g":7,"e":[{"f":{"f":1,"p":1,"n":2,"s":1414411418},"w":2.0,"d":1,"t":1,"b":0,"r":0,"i":0,"l":[{"b":1.0,"c":1,"s":0,"f":0,"sb":0,"sf":0,"i":0}]}]},{"b":110.0,"g":9,"e":[{"f":{"f":2},"d":1,"t":1,"w":0,"b":0,"r":0,"i":0,"l":[{"b":1.0,"c":2,"s":0,"f":0,"sb":0,"sf":0,"i":0},{"b":0.5,"c":2,"s":0,"f":0,"sb":0,"sf":0,"i":0}]},{"f":{"f":2,"p":1},"d":1,"t":1,"w":0,"b":0,"r":0,"i":0,"l":[{"b":1.0,"c":2,"s":0,"f":0,"sb":0,"sf":0,"i":0},{"b":1.0,"c":2,"s":0,"f":0,"sb":0,"sf":0,"i":0}]},{"f":{"f":2,"p":2},"d":1,"t":1,"w":0,"b":0,"r":0,"i":0,"l":[{"b":1.0,"c":2,"s":0,"f":0,"sb":0,"sf":0,"i":0},{"b":1.75,"c":2,"s":0,"f":0,"sb":0,"sf":0,"i":0}]},{"f":{"f":2,"p":3},"d":1,"t":1,"w":0,"b":0,"r":0,"i":0,"l":[]}]},{"b":112.0,"g":6,"e":[{"f":{"f":1,"p":1},"d":1,"t":1,"w":0,"b":0,"r":0,"i":0,"l":[{"b":0,"c":1,"s":0,"f":0,"sb":0,"sf":0,"i":0}]}]},{"b":112.0,"g":7,"e":[{"f":{"f":1,"p":1},"d":1,"t":1,"w":0,"b":0,"r":0,"i":0,"l":[{"b":0,"c":1,"s":0,"f":0,"sb":0,"sf":0,"i":0}]}]},{"b":112.0,"g":8,"e":[{"f":{"f":1,"p":1},"d":1,"t":1,"w":0,"b":0,"r":0,"i":0,"l":[{"b":1.0,"c":2,"s":0,"f":0,"sb":0,"sf":0,"i":0}]}]},{"b":112.0,"g":9,"e":[{"f":{"f":1,"p":1},"d":1,"t":1,"w":0,"b":0,"r":0,"i":0,"l":[{"b":1.0,"c":2,"s":0,"f":0,"sb":0,"sf":0,"i":0}]}]},{"b":112.5,"g":8,"e":[{"f":{"f":1,"p":1},"d":1,"t":1,"w":0,"b":0,"r":0,"i":0,"l":[{"b":0,"c":2,"s":0,"f":0,"sb":0,"sf":0,"i":0}]}]},{"b":112.5,"g":9,"e":[{"f":{"f":1,"p":1},"d":1,"t":1,"w":0,"b":0,"r":0,"i":0,"l":[{"b":0,"c":2,"s":0,"f":0,"sb":0,"sf":0,"i":0}]}]},{"b":113.0,"g":8,"e":[{"f":{"f":1,"p":1},"d":1,"t":1,"w":0,"b":0,"r":0,"i":0,"l":[{"b":1.0,"c":2,"s":0,"f":0,"sb":0,"sf":0,"i":0}]}]},{"b":113.0,"g":9,"e":[{"f":{"f":1,"p":1},"d":1,"t":1,"w":0,"b":0,"r":0,"i":0,"l":[{"b":1.0,"c":2,"s":0,"f":0,"sb":0,"sf":0,"i":0}]}]},{"b":113.25,"g":8,"e":[{"f":{"f":1,"p":1},"d":1,"t":1,"w":0,"b":0,"r":0,"i":0,"l":[{"b":0,"c":2,"s":0,"f":0,"sb":0,"sf":0,"i":0}]}]},{"b":113.25,"g":9,"e":[{"f":{"f":1,"p":1},"d":1,"t":1,"w":0,"b":0,"r":0,"i":0,"l":[{"b":0,"c":2,"s":0,"f":0,"sb":0,"sf":0,"i":0}]}]},{"b":113.5,"g":8,"e":[{"f":{"f":1,"p":1},"d":1,"t":1,"w":0,"b":0,"r":0,"i":0,"l":[{"b":1.0,"c":2,"s":0,"f":0,"sb":0,"sf":0,"i":0}]}]},{"b":113.5,"g":9,"e":[{"f":{"f":1,"p":1},"d":1,"t":1,"w":0,"b":0,"r":0,"i":0,"l":[{"b":1.0,"c":2,"s":0,"f":0,"sb":0,"sf":0,"i":0}]}]},{"b":114.0,"g":8,"e":[{"f":{"f":1,"p":1},"d":1,"t":1,"w":0,"b":0,"r":0,"i":0,"l":[{"b":0,"c":2,"s":0,"f":0,"sb":0,"sf":0,"i":0}]}]},{"b":114.0,"g":9,"e":[{"f":{"f":1,"p":1},"d":1,"t":1,"w":0,"b":0,"r":0,"i":0,"l":[{"b":0,"c":2,"s":0,"f":0,"sb":0,"sf":0,"i":0}]}]},{"b":114.5,"g":8,"e":[{"f":{"f":1,"p":1},"d":1,"t":1,"w":0,"b":0,"r":0,"i":0,"l":[{"b":1.0,"c":2,"s":0,"f":0,"sb":0,"sf":0,"i":0}]}]},{"b":114.5,"g":9,"e":[{"f":{"f":1,"p":1},"d":1,"t":1,"w":0,"b":0,"r":0,"i":0,"l":[{"b":1.0,"c":2,"s":0,"f":0,"sb":0,"sf":0,"i":0}]}]},{"b":115.0,"g":8,"e":[{"f":{"f":1,"p":1},"d":1,"t":1,"w":0,"b":0,"r":0,"i":0,"l":[{"b":0,"c":2,"s":0,"f":0,"sb":0,"sf":0,"i":0}]}]},{"b":115.0,"g":9,"e":[{"f":{"f":1,"p":1},"d":1,"t":1,"w":0,"b":0,"r":0,"i":0,"l":[{"b":0,"c":2,"s":0,"f":0,"sb":0,"sf":0,"i":0}]}]},{"b":116.0,"g":6,"e":[{"f":{"f":1,"p":1},"d":1,"t":1,"w":0,"b":0,"r":0,"i":0,"l":[{"b":1.0,"c":2,"s":0,"f":0,"sb":0,"sf":0,"i":0}]}]},{"b":116.0,"g":7,"e":[{"f":{"f":1,"p":1},"d":1,"t":1,"w":0,"b":0,"r":0,"i":0,"l":[{"b":1.0,"c":2,"s":0,"f":0,"sb":0,"sf":0,"i":0}]}]},{"b":116.0,"g":8,"e":[{"f":{"f":1,"p":1},"d":1,"t":1,"w":0,"b":0,"r":0,"i":0,"l":[{"b":1.0,"c":2,"s":0,"f":0,"sb":0,"sf":0,"i":0}]}]},{"b":116.0,"g":9,"e":[{"f":{"f":1,"p":1},"d":1,"t":1,"w":0,"b":0,"r":0,"i":0,"l":[{"b":1.0,"c":2,"s":0,"f":0,"sb":0,"sf":0,"i":0}]}]},{"b":116.5,"g":8,"e":[{"f":{"f":1,"p":1},"d":1,"t":1,"w":0,"b":0,"r":0,"i":0,"l":[{"b":0,"c":2,"s":0,"f":0,"sb":0,"sf":0,"i":0}]}]},{"b":116.5,"g":9,"e":[{"f":{"f":1,"p":1},"d":1,"t":1,"w":0,"b":0,"r":0,"i":0,"l":[{"b":0,"c":2,"s":0,"f":0,"sb":0,"sf":0,"i":0}]}]},{"b":117.0,"g":6,"e":[{"f":{"f":1,"p":1},"d":1,"t":1,"w":0,"b":0,"r":0,"i":0,"l":[{"b":0,"c":2,"s":0,"f":0,"sb":0,"sf":0,"i":0}]}]},{"b":117.0,"g":7,"e":[{"f":{"f":1,"p":1},"d":1,"t":1,"w":0,"b":0,"r":0,"i":0,"l":[{"b":0,"c":2,"s":0,"f":0,"sb":0,"sf":0,"i":0}]}]},{"b":119.0,"g":6,"e":[{"f":{"f":1,"p":1,"n":2,"s":1928140074},"w":1.0,"d":1,"t":1,"b":0,"r":0,"i":0,"l":[{"b":1.0,"c":2,"s":0,"f":0,"sb":0,"sf":0,"i":0}]}]},{"b":119.0,"g":7,"e":[{"f":{"f":1,"p":1,"n":2,"s":944184364},"w":1.0,"d":1,"t":1,"b":0,"r":0,"i":0,"l":[{"b":1.0,"c":2,"s":0,"f":0,"sb":0,"sf":0,"i":0}]}]},{"b":120.0,"g":6,"e":[{"f":{"f":1,"p":1},"d":1,"t":1,"w":0,"b":0,"r":0,"i":0,"l":[{"b":0,"c":2,"s":0,"f":0,"sb":0,"sf":0,"i":0}]}]},{"b":120.0,"g":7,"e":[{"f":{"f":1,"p":1},"d":1,"t":1,"w":0,"b":0,"r":0,"i":0,"l":[{"b":0,"c":2,"s":0,"f":0,"sb":0,"sf":0,"i":0}]}]},{"b":150.0,"g":6,"e":[{"f":{"f":1,"p":1,"n":2,"s":1496806976},"w":2.0,"d":1,"t":1,"b":0,"r":0,"i":0,"l":[{"b":1.0,"c":2,"s":0,"f":0,"sb":0,"sf":0,"i":0}]}]},{"b":150.0,"g":7,"e":[{"f":{"f":1,"p":1,"n":2,"s":805105425},"w":2.0,"d":1,"t":1,"b":0,"r":0,"i":0,"l":[{"b":1.0,"c":2,"s":0,"f":0,"sb":0,"sf":0,"i":0}]}]},{"b":152.0,"g":6,"e":[{"f":{"f":1,"p":1},"d":1,"t":1,"w":0,"b":0,"r":0,"i":0,"l":[{"b":0,"c":1,"s":0,"f":0,"sb":0,"sf":0,"i":0}]}]},{"b":152.0,"g":7,"e":[{"f":{"f":1,"p":1},"d":1,"t":1,"w":0,"b":0,"r":0,"i":0,"l":[{"b":0,"c":1,"s":0,"f":0,"sb":0,"sf":0,"i":0}]}]},{"b":152.0,"g":0,"e":[{"f":{"f":1,"p":1},"d":1,"t":1,"w":0,"b":0,"r":0,"i":0,"l":[{"b":1.0,"c":1,"s":0,"f":0,"sb":0,"sf":0,"i":0}]}]},{"b":152.0,"g":1,"e":[{"f":{"f":1,"p":1},"d":1,"t":1,"w":0,"b":0,"r":0,"i":0,"l":[{"b":1.0,"c":1,"s":0,"f":0,"sb":0,"sf":0,"i":0}]}]},{"b":155.0,"g":6,"e":[{"f":{"f":1,"p":1},"d":1,"t":1,"w":0,"b":0,"r":0,"i":0,"l":[{"b":1.0,"c":0,"s":0,"f":0,"sb":0,"sf":0,"i":0}]}]},{"b":155.0,"g":7,"e":[{"f":{"f":1,"p":1},"d":1,"t":1,"w":0,"b":0,"r":0,"i":0,"l":[{"b":1.0,"c":0,"s":0,"f":0,"sb":0,"sf":0,"i":0}]}]},{"b":156.0,"g":6,"e":[{"f":{"f":1,"p":1},"d":1,"t":1,"w":0,"b":0,"r":0,"i":0,"l":[{"b":0,"c":0,"s":0,"f":0,"sb":0,"sf":0,"i":0}]}]},{"b":156.0,"g":7,"e":[{"f":{"f":1,"p":1},"d":1,"t":1,"w":0,"b":0,"r":0,"i":0,"l":[{"b":0,"c":0,"s":0,"f":0,"sb":0,"sf":0,"i":0}]}]},{"b":159.0,"g":7,"e":[{"f":{"f":1,"p":1},"d":1,"t":1,"w":0,"b":0,"r":0,"i":0,"l":[{"b":1.0,"c":0,"s":0,"f":0,"sb":0,"sf":0,"i":0}]}]},{"b":159.0,"g":6,"e":[{"f":{"f":1,"p":1},"d":1,"t":1,"w":0,"b":0,"r":0,"i":0,"l":[{"b":1.0,"c":0,"s":0,"f":0,"sb":0,"sf":0,"i":0}]}]},{"b":160.0,"g":6,"e":[{"f":{"f":1,"p":1},"d":1,"t":1,"w":0,"b":0,"r":0,"i":0,"l":[{"b":0,"c":0,"s":0,"f":0,"sb":0,"sf":0,"i":0}]}]},{"b":160.0,"g":7,"e":[{"f":{"f":1,"p":1},"d":1,"t":1,"w":0,"b":0,"r":0,"i":0,"l":[{"b":0,"c":0,"s":0,"f":0,"sb":0,"sf":0,"i":0}]}]},{"b":163.0,"g":7,"e":[{"f":{"f":1,"p":1},"d":1,"t":1,"w":0,"b":0,"r":0,"i":0,"l":[{"b":1.0,"c":0,"s":0,"f":0,"sb":0,"sf":0,"i":0}]}]},{"b":163.0,"g":6,"e":[{"f":{"f":1,"p":1},"d":1,"t":1,"w":0,"b":0,"r":0,"i":0,"l":[{"b":1.0,"c":0,"s":0,"f":0,"sb":0,"sf":0,"i":0}]}]},{"b":164.0,"g":6,"e":[{"f":{"f":1,"p":1},"d":1,"t":1,"w":0,"b":0,"r":0,"i":0,"l":[{"b":0,"c":0,"s":0,"f":0,"sb":0,"sf":0,"i":0}]}]},{"b":164.0,"g":7,"e":[{"f":{"f":1,"p":1},"d":1,"t":1,"w":0,"b":0,"r":0,"i":0,"l":[{"b":0,"c":0,"s":0,"f":0,"sb":0,"sf":0,"i":0}]}]},{"b":167.0,"g":7,"e":[{"f":{"f":1,"p":1},"d":1,"t":1,"w":0,"b":0,"r":0,"i":0,"l":[{"b":1.0,"c":0,"s":0,"f":0,"sb":0,"sf":0,"i":0}]}]},{"b":167.0,"g":6,"e":[{"f":{"f":1,"p":1},"d":1,"t":1,"w":0,"b":0,"r":0,"i":0,"l":[{"b":1.0,"c":0,"s":0,"f":0,"sb":0,"sf":0,"i":0}]}]},{"b":168.0,"g":1,"e":[{"f":{"f":1,"p":1},"d":1,"t":1,"w":0,"b":0,"r":0,"i":0,"l":[{"b":1.0,"c":1,"s":0,"f":0,"sb":0,"sf":0,"i":0}]}]},{"b":168.0,"g":0,"e":[{"f":{"f":1,"p":1},"d":1,"t":1,"w":0,"b":0,"r":0,"i":0,"l":[{"b":1.0,"c":1,"s":0,"f":0,"sb":0,"sf":0,"i":0}]}]},{"b":168.0,"g":6,"e":[{"f":{"f":1,"p":1},"d":1,"t":1,"w":0,"b":0,"r":0,"i":0,"l":[{"b":0,"c":0,"s":0,"f":0,"sb":0,"sf":0,"i":0}]}]},{"b":168.0,"g":7,"e":[{"f":{"f":1,"p":1},"d":1,"t":1,"w":0,"b":0,"r":0,"i":0,"l":[{"b":0,"c":0,"s":0,"f":0,"sb":0,"sf":0,"i":0}]}]},{"b":168.5,"g":0,"e":[{"f":{"f":1,"p":1},"d":1,"t":1,"w":0,"b":0,"r":0,"i":0,"l":[{"b":0,"c":1,"s":0,"f":0,"sb":0,"sf":0,"i":0}]}]},{"b":168.5,"g":1,"e":[{"f":{"f":1,"p":1},"d":1,"t":1,"w":0,"b":0,"r":0,"i":0,"l":[{"b":0,"c":1,"s":0,"f":0,"sb":0,"sf":0,"i":0}]}]},{"b":176.0,"g":12,"e":[{"f":{"f":1,"p":1},"d":1,"t":1,"w":0,"b":0,"r":0,"i":0,"l":[{"b":1.0,"c":0,"s":0,"f":0,"sb":0,"sf":0,"i":0}]}]},{"b":176.0,"g":13,"e":[{"f":{"f":1,"p":1},"d":1,"t":1,"w":0,"b":0,"r":0,"i":0,"l":[{"b":1.0,"c":0,"s":0,"f":0,"sb":0,"sf":0,"i":0}]}]},{"b":176.0,"g":1,"e":[{"f":{"f":1,"p":1},"d":1,"t":1,"w":0,"b":0,"r":0,"i":0,"l":[{"b":1.0,"c":1,"s":0,"f":0,"sb":0,"sf":0,"i":0}]}]},{"b":176.0,"g":0,"e":[{"f":{"f":1,"p":1},"d":1,"t":1,"w":0,"b":0,"r":0,"i":0,"l":[{"b":1.0,"c":1,"s":0,"f":0,"sb":0,"sf":0,"i":0}]}]},{"b":176.0,"g":6,"e":[{"f":{"f":1,"p":1},"d":1,"t":1,"w":0,"b":0,"r":0,"i":0,"l":[{"b":1.0,"c":2,"s":0,"f":0,"sb":0,"sf":0,"i":0}]}]},{"b":176.0,"g":7,"e":[{"f":{"f":1,"p":1},"d":1,"t":1,"w":0,"b":0,"r":0,"i":0,"l":[{"b":1.0,"c":2,"s":0,"f":0,"sb":0,"sf":0,"i":0}]}]},{"b":176.5,"g":1,"e":[{"f":{"f":1,"p":1},"d":1,"t":1,"w":0,"b":0,"r":0,"i":0,"l":[{"b":0,"c":1,"s":0,"f":0,"sb":0,"sf":0,"i":0}]}]},{"b":176.5,"g":0,"e":[{"f":{"f":1,"p":1},"d":1,"t":1,"w":0,"b":0,"r":0,"i":0,"l":[{"b":0,"c":1,"s":0,"f":0,"sb":0,"sf":0,"i":0}]}]},{"b":177.0,"g":12,"e":[{"f":{"f":1,"p":1},"d":1,"t":1,"w":0,"b":0,"r":0,"i":0,"l":[{"b":0,"c":0,"s":0,"f":0,"sb":0,"sf":0,"i":0}]}]},{"b":177.0,"g":13,"e":[{"f":{"f":1,"p":1},"d":1,"t":1,"w":0,"b":0,"r":0,"i":0,"l":[{"b":0,"c":0,"s":0,"f":0,"sb":0,"sf":0,"i":0}]}]},{"b":177.0,"g":6,"e":[{"f":{"f":1,"p":1},"d":1,"t":1,"w":0,"b":0,"r":0,"i":0,"l":[{"b":0,"c":2,"s":0,"f":0,"sb":0,"sf":0,"i":0}]}]},{"b":177.0,"g":7,"e":[{"f":{"f":1,"p":1},"d":1,"t":1,"w":0,"b":0,"r":0,"i":0,"l":[{"b":0,"c":2,"s":0,"f":0,"sb":0,"sf":0,"i":0}]}]},{"b":179.0,"g":12,"e":[{"f":{"f":1,"p":1},"d":1,"t":1,"w":0,"b":0,"r":0,"i":0,"l":[{"b":1.0,"c":0,"s":0,"f":0,"sb":0,"sf":0,"i":0}]}]},{"b":179.0,"g":13,"e":[{"f":{"f":1,"p":1},"d":1,"t":1,"w":0,"b":0,"r":0,"i":0,"l":[{"b":1.0,"c":0,"s":0,"f":0,"sb":0,"sf":0,"i":0}]}]},{"b":179.0,"g":1,"e":[{"f":{"f":1,"p":1},"d":1,"t":1,"w":0,"b":0,"r":0,"i":0,"l":[{"b":1.0,"c":1,"s":0,"f":0,"sb":0,"sf":0,"i":0}]}]},{"b":179.0,"g":0,"e":[{"f":{"f":1,"p":1},"d":1,"t":1,"w":0,"b":0,"r":0,"i":0,"l":[{"b":1.0,"c":1,"s":0,"f":0,"sb":0,"sf":0,"i":0}]}]},{"b":179.0,"g":7,"e":[{"f":{"f":1,"p":1},"d":1,"t":1,"w":0,"b":0,"r":0,"i":0,"l":[{"b":1.0,"c":2,"s":0,"f":0,"sb":0,"sf":0,"i":0}]}]},{"b":179.0,"g":6,"e":[{"f":{"f":1,"p":1},"d":1,"t":1,"w":0,"b":0,"r":0,"i":0,"l":[{"b":1.0,"c":2,"s":0,"f":0,"sb":0,"sf":0,"i":0}]}]},{"b":179.5,"g":1,"e":[{"f":{"f":1,"p":1},"d":1,"t":1,"w":0,"b":0,"r":0,"i":0,"l":[{"b":0,"c":1,"s":0,"f":0,"sb":0,"sf":0,"i":0}]}]},{"b":179.5,"g":0,"e":[{"f":{"f":1,"p":1},"d":1,"t":1,"w":0,"b":0,"r":0,"i":0,"l":[{"b":0,"c":1,"s":0,"f":0,"sb":0,"sf":0,"i":0}]}]},{"b":180.0,"g":12,"e":[{"f":{"f":1,"p":1},"d":1,"t":1,"w":0,"b":0,"r":0,"i":0,"l":[{"b":0,"c":0,"s":0,"f":0,"sb":0,"sf":0,"i":0}]}]},{"b":180.0,"g":13,"e":[{"f":{"f":1,"p":1},"d":1,"t":1,"w":0,"b":0,"r":0,"i":0,"l":[{"b":0,"c":0,"s":0,"f":0,"sb":0,"sf":0,"i":0}]}]},{"b":180.0,"g":6,"e":[{"f":{"f":1,"p":1},"d":1,"t":1,"w":0,"b":0,"r":0,"i":0,"l":[{"b":0,"c":2,"s":0,"f":0,"sb":0,"sf":0,"i":0}]}]},{"b":180.0,"g":7,"e":[{"f":{"f":1,"p":1},"d":1,"t":1,"w":0,"b":0,"r":0,"i":0,"l":[{"b":0,"c":2,"s":0,"f":0,"sb":0,"sf":0,"i":0}]}]},{"b":182.0,"g":12,"e":[{"f":{"f":1,"p":1},"d":1,"t":1,"w":0,"b":0,"r":0,"i":0,"l":[{"b":1.0,"c":0,"s":0,"f":0,"sb":0,"sf":0,"i":0}]}]},{"b":182.0,"g":13,"e":[{"f":{"f":1,"p":1},"d":1,"t":1,"w":0,"b":0,"r":0,"i":0,"l":[{"b":1.0,"c":0,"s":0,"f":0,"sb":0,"sf":0,"i":0}]}]},{"b":182.0,"g":1,"e":[{"f":{"f":1,"p":1},"d":1,"t":1,"w":0,"b":0,"r":0,"i":0,"l":[{"b":1.0,"c":1,"s":0,"f":0,"sb":0,"sf":0,"i":0}]}]},{"b":182.0,"g":0,"e":[{"f":{"f":1,"p":1},"d":1,"t":1,"w":0,"b":0,"r":0,"i":0,"l":[{"b":1.0,"c":1,"s":0,"f":0,"sb":0,"sf":0,"i":0}]}]},{"b":182.0,"g":7,"e":[{"f":{"f":1,"p":1},"d":1,"t":1,"w":0,"b":0,"r":0,"i":0,"l":[{"b":1.0,"c":2,"s":0,"f":0,"sb":0,"sf":0,"i":0}]}]},{"b":182.0,"g":6,"e":[{"f":{"f":1,"p":1},"d":1,"t":1,"w":0,"b":0,"r":0,"i":0,"l":[{"b":1.0,"c":2,"s":0,"f":0,"sb":0,"sf":0,"i":0}]}]},{"b":182.5,"g":1,"e":[{"f":{"f":1,"p":1},"d":1,"t":1,"w":0,"b":0,"r":0,"i":0,"l":[{"b":0,"c":1,"s":0,"f":0,"sb":0,"sf":0,"i":0}]}]},{"b":182.5,"g":0,"e":[{"f":{"f":1,"p":1},"d":1,"t":1,"w":0,"b":0,"r":0,"i":0,"l":[{"b":0,"c":1,"s":0,"f":0,"sb":0,"sf":0,"i":0}]}]},{"b":183.0,"g":12,"e":[{"f":{"f":1,"p":1},"d":1,"t":1,"w":0,"b":0,"r":0,"i":0,"l":[{"b":0,"c":0,"s":0,"f":0,"sb":0,"sf":0,"i":0}]}]},{"b":183.0,"g":13,"e":[{"f":{"f":1,"p":1},"d":1,"t":1,"w":0,"b":0,"r":0,"i":0,"l":[{"b":0,"c":0,"s":0,"f":0,"sb":0,"sf":0,"i":0}]}]},{"b":183.0,"g":6,"e":[{"f":{"f":1,"p":1},"d":1,"t":1,"w":0,"b":0,"r":0,"i":0,"l":[{"b":0,"c":2,"s":0,"f":0,"sb":0,"sf":0,"i":0}]}]},{"b":183.0,"g":7,"e":[{"f":{"f":1,"p":1},"d":1,"t":1,"w":0,"b":0,"r":0,"i":0,"l":[{"b":0,"c":2,"s":0,"f":0,"sb":0,"sf":0,"i":0}]}]},{"b":184.0,"g":0,"e":[{"f":{"f":1,"p":1},"d":1,"t":1,"w":0,"b":0,"r":0,"i":0,"l":[{"b":1.0,"c":2,"s":0,"f":0,"sb":0,"sf":0,"i":0}]}]},{"b":184.0,"g":1,"e":[{"f":{"f":1,"p":1},"d":1,"t":1,"w":0,"b":0,"r":0,"i":0,"l":[{"b":1.0,"c":2,"s":0,"f":0,"sb":0,"sf":0,"i":0}]}]},{"b":186.0,"g":6,"e":[{"f":{"f":1,"p":1},"d":1,"t":1,"w":0,"b":0,"r":0,"i":0,"l":[{"b":1.0,"c":1,"s":0,"f":0,"sb":0,"sf":0,"i":0}]}]},{"b":186.0,"g":7,"e":[{"f":{"f":1,"p":1},"d":1,"t":1,"w":0,"b":0,"r":0,"i":0,"l":[{"b":1.0,"c":1,"s":0,"f":0,"sb":0,"sf":0,"i":0}]}]},{"b":187.0,"g":6,"e":[{"f":{"f":1,"p":1},"d":1,"t":1,"w":0,"b":0,"r":0,"i":0,"l":[{"b":0,"c":1,"s":0,"f":0,"sb":0,"sf":0,"i":0}]}]},{"b":187.0,"g":7,"e":[{"f":{"f":1,"p":1},"d":1,"t":1,"w":0,"b":0,"r":0,"i":0,"l":[{"b":0,"c":1,"s":0,"f":0,"sb":0,"sf":0,"i":0}]}]},{"b":188.0,"g":0,"e":[{"f":{"f":1,"p":1},"d":1,"t":1,"w":0,"b":0,"r":0,"i":0,"l":[{"b":1.0,"c":1,"s":0,"f":0,"sb":0,"sf":0,"i":0}]}]},{"b":188.0,"g":1,"e":[{"f":{"f":1,"p":1},"d":1,"t":1,"w":0,"b":0,"r":0,"i":0,"l":[{"b":1.0,"c":1,"s":0,"f":0,"sb":0,"sf":0,"i":0}]}]},{"b":190.0,"g":7,"e":[{"f":{"f":1,"p":1},"d":1,"t":1,"w":0,"b":0,"r":0,"i":0,"l":[{"b":1.0,"c":1,"s":0,"f":0,"sb":0,"sf":0,"i":0}]}]},{"b":190.0,"g":6,"e":[{"f":{"f":1,"p":1},"d":1,"t":1,"w":0,"b":0,"r":0,"i":0,"l":[{"b":1.0,"c":1,"s":0,"f":0,"sb":0,"sf":0,"i":0}]}]},{"b":191.0,"g":6,"e":[{"f":{"f":1,"p":1},"d":1,"t":1,"w":0,"b":0,"r":0,"i":0,"l":[{"b":0,"c":1,"s":0,"f":0,"sb":0,"sf":0,"i":0}]}]},{"b":191.0,"g":7,"e":[{"f":{"f":1,"p":1},"d":1,"t":1,"w":0,"b":0,"r":0,"i":0,"l":[{"b":0,"c":1,"s":0,"f":0,"sb":0,"sf":0,"i":0}]}]},{"b":192.0,"g":6,"e":[{"f":{"f":1,"p":1,"n":2,"s":1349504838},"w":4.0,"d":1,"t":1,"b":0,"r":0,"i":0,"l":[{"b":1.0,"c":1,"s":0,"f":0,"sb":0,"sf":0,"i":0}]}]},{"b":192.0,"g":7,"e":[{"f":{"f":1,"p":1,"n":2,"s":276856752},"w":4.0,"d":1,"t":1,"b":0,"r":0,"i":0,"l":[{"b":1.0,"c":1,"s":0,"f":0,"sb":0,"sf":0,"i":0}]}]},{"b":196.0,"g":0,"e":[{"f":{"f":1,"p":1},"d":1,"t":1,"w":0,"b":0,"r":0,"i":0,"l":[{"b":1.0,"c":1,"s":0,"f":0,"sb":0,"sf":0,"i":0}]}]},{"b":196.0,"g":1,"e":[{"f":{"f":1,"p":1},"d":1,"t":1,"w":0,"b":0,"r":0,"i":0,"l":[{"b":1.0,"c":1,"s":0,"f":0,"sb":0,"sf":0,"i":0}]}]},{"b":196.0,"g":6,"e":[{"f":{"f":1,"p":1},"d":1,"t":1,"w":0,"b":0,"r":0,"i":0,"l":[{"b":0,"c":1,"s":0,"f":0,"sb":0,"sf":0,"i":0}]}]},{"b":196.0,"g":7,"e":[{"f":{"f":1,"p":1},"d":1,"t":1,"w":0,"b":0,"r":0,"i":0,"l":[{"b":0,"c":1,"s":0,"f":0,"sb":0,"sf":0,"i":0}]}]},{"b":197.0,"g":0,"e":[{"f":{"f":1,"p":1},"d":1,"t":1,"w":0,"b":0,"r":0,"i":0,"l":[{"b":0,"c":1,"s":0,"f":0,"sb":0,"sf":0,"i":0}]}]},{"b":197.0,"g":1,"e":[{"f":{"f":1,"p":1},"d":1,"t":1,"w":0,"b":0,"r":0,"i":0,"l":[{"b":0,"c":1,"s":0,"f":0,"sb":0,"sf":0,"i":0}]}]},{"b":199.5,"g":12,"e":[{"f":{"f":1,"p":1},"d":1,"t":1,"w":0,"b":0,"r":0,"i":0,"l":[{"b":1.0,"c":0,"s":0,"f":0,"sb":0,"sf":0,"i":0}]}]},{"b":199.5,"g":13,"e":[{"f":{"f":1,"p":1},"d":1,"t":1,"w":0,"b":0,"r":0,"i":0,"l":[{"b":1.0,"c":0,"s":0,"f":0,"sb":0,"sf":0,"i":0}]}]},{"b":199.5,"g":0,"e":[{"f":{"f":1,"p":1},"d":1,"t":1,"w":0,"b":0,"r":0,"i":0,"l":[{"b":1.0,"c":0,"s":0,"f":0,"sb":0,"sf":0,"i":0}]}]},{"b":199.5,"g":1,"e":[{"f":{"f":1,"p":1},"d":1,"t":1,"w":0,"b":0,"r":0,"i":0,"l":[{"b":1.0,"c":0,"s":0,"f":0,"sb":0,"sf":0,"i":0}]}]},{"b":201.0,"g":6,"e":[{"f":{"f":1,"p":1},"d":1,"t":1,"w":0,"b":0,"r":0,"i":0,"l":[{"b":1.0,"c":2,"s":0,"f":0,"sb":0,"sf":0,"i":0}]}]},{"b":201.0,"g":7,"e":[{"f":{"f":1,"p":1},"d":1,"t":1,"w":0,"b":0,"r":0,"i":0,"l":[{"b":1.0,"c":2,"s":0,"f":0,"sb":0,"sf":0,"i":0}]}]},{"b":202.0,"g":6,"e":[{"f":{"f":1,"p":1},"d":1,"t":1,"w":0,"b":0,"r":0,"i":0,"l":[{"b":0,"c":2,"s":0,"f":0,"sb":0,"sf":0,"i":0}]}]},{"b":202.0,"g":7,"e":[{"f":{"f":1,"p":1},"d":1,"t":1,"w":0,"b":0,"r":0,"i":0,"l":[{"b":0,"c":2,"s":0,"f":0,"sb":0,"sf":0,"i":0}]}]},{"b":203.0,"g":6,"e":[{"f":{"f":1,"p":1},"d":1,"t":1,"w":0,"b":0,"r":0,"i":0,"l":[{"b":1.0,"c":2,"s":0,"f":0,"sb":0,"sf":0,"i":0}]}]},{"b":203.0,"g":7,"e":[{"f":{"f":1,"p":1},"d":1,"t":1,"w":0,"b":0,"r":0,"i":0,"l":[{"b":1.0,"c":2,"s":0,"f":0,"sb":0,"sf":0,"i":0}]}]},{"b":204.0,"g":6,"e":[{"f":{"f":1,"p":1},"d":1,"t":1,"w":0,"b":0,"r":0,"i":0,"l":[{"b":0,"c":2,"s":0,"f":0,"sb":0,"sf":0,"i":0}]}]},{"b":204.0,"g":7,"e":[{"f":{"f":1,"p":1},"d":1,"t":1,"w":0,"b":0,"r":0,"i":0,"l":[{"b":0,"c":2,"s":0,"f":0,"sb":0,"sf":0,"i":0}]}]},{"b":205.0,"g":6,"e":[{"f":{"f":1,"p":1},"d":1,"t":1,"w":0,"b":0,"r":0,"i":0,"l":[{"b":1.0,"c":2,"s":0,"f":0,"sb":0,"sf":0,"i":0}]}]},{"b":205.0,"g":7,"e":[{"f":{"f":1,"p":1},"d":1,"t":1,"w":0,"b":0,"r":0,"i":0,"l":[{"b":1.0,"c":2,"s":0,"f":0,"sb":0,"sf":0,"i":0}]}]},{"b":206.0,"g":6,"e":[{"f":{"f":1,"p":1},"d":1,"t":1,"w":0,"b":0,"r":0,"i":0,"l":[{"b":0,"c":2,"s":0,"f":0,"sb":0,"sf":0,"i":0}]}]},{"b":206.0,"g":7,"e":[{"f":{"f":1,"p":1},"d":1,"t":1,"w":0,"b":0,"r":0,"i":0,"l":[{"b":0,"c":2,"s":0,"f":0,"sb":0,"sf":0,"i":0}]}]},{"b":207.0,"g":6,"e":[{"f":{"f":1,"p":1},"d":1,"t":1,"w":0,"b":0,"r":0,"i":0,"l":[{"b":1.0,"c":2,"s":0,"f":0,"sb":0,"sf":0,"i":0}]}]},{"b":207.0,"g":7,"e":[{"f":{"f":1,"p":1},"d":1,"t":1,"w":0,"b":0,"r":0,"i":0,"l":[{"b":1.0,"c":2,"s":0,"f":0,"sb":0,"sf":0,"i":0}]}]},{"b":208.0,"g":12,"e":[{"f":{"f":1,"p":1},"d":1,"t":1,"w":0,"b":0,"r":0,"i":0,"l":[{"b":0,"c":0,"s":0,"f":0,"sb":0,"sf":0,"i":0}]}]},{"b":208.0,"g":13,"e":[{"f":{"f":1,"p":1},"d":1,"t":1,"w":0,"b":0,"r":0,"i":0,"l":[{"b":0,"c":0,"s":0,"f":0,"sb":0,"sf":0,"i":0}]}]},{"b":208.0,"g":6,"e":[{"f":{"f":1,"p":1},"d":1,"t":1,"w":0,"b":0,"r":0,"i":0,"l":[{"b":0,"c":2,"s":0,"f":0,"sb":0,"sf":0,"i":0}]}]},{"b":208.0,"g":7,"e":[{"f":{"f":1,"p":1},"d":1,"t":1,"w":0,"b":0,"r":0,"i":0,"l":[{"b":0,"c":2,"s":0,"f":0,"sb":0,"sf":0,"i":0}]}]},{"b":209.0,"g":6,"e":[{"f":{"f":1,"p":1},"d":1,"t":1,"w":0,"b":0,"r":0,"i":0,"l":[{"b":1.0,"c":2,"s":0,"f":0,"sb":0,"sf":0,"i":0}]}]},{"b":209.0,"g":7,"e":[{"f":{"f":1,"p":1},"d":1,"t":1,"w":0,"b":0,"r":0,"i":0,"l":[{"b":1.0,"c":2,"s":0,"f":0,"sb":0,"sf":0,"i":0}]}]},{"b":210.0,"g":6,"e":[{"f":{"f":1,"p":1},"d":1,"t":1,"w":0,"b":0,"r":0,"i":0,"l":[{"b":0,"c":2,"s":0,"f":0,"sb":0,"sf":0,"i":0}]}]},{"b":210.0,"g":7,"e":[{"f":{"f":1,"p":1},"d":1,"t":1,"w":0,"b":0,"r":0,"i":0,"l":[{"b":0,"c":2,"s":0,"f":0,"sb":0,"sf":0,"i":0}]}]},{"b":211.0,"g":6,"e":[{"f":{"f":1,"p":1},"d":1,"t":1,"w":0,"b":0,"r":0,"i":0,"l":[{"b":1.0,"c":2,"s":0,"f":0,"sb":0,"sf":0,"i":0}]}]},{"b":211.0,"g":7,"e":[{"f":{"f":1,"p":1},"d":1,"t":1,"w":0,"b":0,"r":0,"i":0,"l":[{"b":1.0,"c":2,"s":0,"f":0,"sb":0,"sf":0,"i":0}]}]},{"b":212.0,"g":6,"e":[{"f":{"f":1,"p":1},"d":1,"t":1,"w":0,"b":0,"r":0,"i":0,"l":[{"b":0,"c":2,"s":0,"f":0,"sb":0,"sf":0,"i":0}]}]},{"b":212.0,"g":7,"e":[{"f":{"f":1,"p":1},"d":1,"t":1,"w":0,"b":0,"r":0,"i":0,"l":[{"b":0,"c":2,"s":0,"f":0,"sb":0,"sf":0,"i":0}]}]},{"b":213.0,"g":6,"e":[{"f":{"f":1,"p":1},"d":1,"t":1,"w":0,"b":0,"r":0,"i":0,"l":[{"b":1.0,"c":2,"s":0,"f":0,"sb":0,"sf":0,"i":0}]}]},{"b":213.0,"g":7,"e":[{"f":{"f":1,"p":1},"d":1,"t":1,"w":0,"b":0,"r":0,"i":0,"l":[{"b":1.0,"c":2,"s":0,"f":0,"sb":0,"sf":0,"i":0}]}]},{"b":214.0,"g":6,"e":[{"f":{"f":1,"p":1},"d":1,"t":1,"w":0,"b":0,"r":0,"i":0,"l":[{"b":0,"c":2,"s":0,"f":0,"sb":0,"sf":0,"i":0}]}]},{"b":214.0,"g":7,"e":[{"f":{"f":1,"p":1},"d":1,"t":1,"w":0,"b":0,"r":0,"i":0,"l":[{"b":0,"c":2,"s":0,"f":0,"sb":0,"sf":0,"i":0}]}]},{"b":215.0,"g":6,"e":[{"f":{"f":1,"p":1},"d":1,"t":1,"w":0,"b":0,"r":0,"i":0,"l":[{"b":1.0,"c":2,"s":0,"f":0,"sb":0,"sf":0,"i":0}]}]},{"b":215.0,"g":7,"e":[{"f":{"f":1,"p":1},"d":1,"t":1,"w":0,"b":0,"r":0,"i":0,"l":[{"b":1.0,"c":2,"s":0,"f":0,"sb":0,"sf":0,"i":0}]}]},{"b":215.5,"g":12,"e":[{"f":{"f":1,"p":1},"d":1,"t":1,"w":0,"b":0,"r":0,"i":0,"l":[{"b":1.0,"c":0,"s":0,"f":0,"sb":0,"sf":0,"i":0}]}]},{"b":215.5,"g":13,"e":[{"f":{"f":1,"p":1},"d":1,"t":1,"w":0,"b":0,"r":0,"i":0,"l":[{"b":1.0,"c":0,"s":0,"f":0,"sb":0,"sf":0,"i":0}]}]},{"b":216.0,"g":6,"e":[{"f":{"f":1,"p":1},"d":1,"t":1,"w":0,"b":0,"r":0,"i":0,"l":[{"b":0,"c":2,"s":0,"f":0,"sb":0,"sf":0,"i":0}]}]},{"b":216.0,"g":7,"e":[{"f":{"f":1,"p":1},"d":1,"t":1,"w":0,"b":0,"r":0,"i":0,"l":[{"b":0,"c":2,"s":0,"f":0,"sb":0,"sf":0,"i":0}]}]},{"b":217.0,"g":6,"e":[{"f":{"f":1,"p":1},"d":1,"t":1,"w":0,"b":0,"r":0,"i":0,"l":[{"b":1.0,"c":2,"s":0,"f":0,"sb":0,"sf":0,"i":0}]}]},{"b":217.0,"g":7,"e":[{"f":{"f":1,"p":1},"d":1,"t":1,"w":0,"b":0,"r":0,"i":0,"l":[{"b":1.0,"c":2,"s":0,"f":0,"sb":0,"sf":0,"i":0}]}]},{"b":218.0,"g":6,"e":[{"f":{"f":1,"p":1},"d":1,"t":1,"w":0,"b":0,"r":0,"i":0,"l":[{"b":0,"c":2,"s":0,"f":0,"sb":0,"sf":0,"i":0}]}]},{"b":218.0,"g":7,"e":[{"f":{"f":1,"p":1},"d":1,"t":1,"w":0,"b":0,"r":0,"i":0,"l":[{"b":0,"c":2,"s":0,"f":0,"sb":0,"sf":0,"i":0}]}]},{"b":219.0,"g":6,"e":[{"f":{"f":1,"p":1},"d":1,"t":1,"w":0,"b":0,"r":0,"i":0,"l":[{"b":1.0,"c":2,"s":0,"f":0,"sb":0,"sf":0,"i":0}]}]},{"b":219.0,"g":7,"e":[{"f":{"f":1,"p":1},"d":1,"t":1,"w":0,"b":0,"r":0,"i":0,"l":[{"b":1.0,"c":2,"s":0,"f":0,"sb":0,"sf":0,"i":0}]}]},{"b":220.0,"g":6,"e":[{"f":{"f":1,"p":1},"d":1,"t":1,"w":0,"b":0,"r":0,"i":0,"l":[{"b":0,"c":2,"s":0,"f":0,"sb":0,"sf":0,"i":0}]}]},{"b":220.0,"g":7,"e":[{"f":{"f":1,"p":1},"d":1,"t":1,"w":0,"b":0,"r":0,"i":0,"l":[{"b":0,"c":2,"s":0,"f":0,"sb":0,"sf":0,"i":0}]}]},{"b":221.0,"g":6,"e":[{"f":{"f":1,"p":1},"d":1,"t":1,"w":0,"b":0,"r":0,"i":0,"l":[{"b":1.0,"c":2,"s":0,"f":0,"sb":0,"sf":0,"i":0}]}]},{"b":221.0,"g":7,"e":[{"f":{"f":1,"p":1},"d":1,"t":1,"w":0,"b":0,"r":0,"i":0,"l":[{"b":1.0,"c":2,"s":0,"f":0,"sb":0,"sf":0,"i":0}]}]},{"b":222.0,"g":6,"e":[{"f":{"f":1,"p":1},"d":1,"t":1,"w":0,"b":0,"r":0,"i":0,"l":[{"b":0,"c":2,"s":0,"f":0,"sb":0,"sf":0,"i":0}]}]},{"b":222.0,"g":7,"e":[{"f":{"f":1,"p":1},"d":1,"t":1,"w":0,"b":0,"r":0,"i":0,"l":[{"b":0,"c":2,"s":0,"f":0,"sb":0,"sf":0,"i":0}]}]},{"b":223.0,"g":6,"e":[{"f":{"f":1,"p":1},"d":1,"t":1,"w":0,"b":0,"r":0,"i":0,"l":[{"b":1.0,"c":2,"s":0,"f":0,"sb":0,"sf":0,"i":0}]}]},{"b":223.0,"g":7,"e":[{"f":{"f":1,"p":1},"d":1,"t":1,"w":0,"b":0,"r":0,"i":0,"l":[{"b":1.0,"c":2,"s":0,"f":0,"sb":0,"sf":0,"i":0}]}]},{"b":224.0,"g":12,"e":[{"f":{"f":1,"p":1},"d":1,"t":1,"w":0,"b":0,"r":0,"i":0,"l":[{"b":0,"c":0,"s":0,"f":0,"sb":0,"sf":0,"i":0}]}]},{"b":224.0,"g":13,"e":[{"f":{"f":1,"p":1},"d":1,"t":1,"w":0,"b":0,"r":0,"i":0,"l":[{"b":0,"c":0,"s":0,"f":0,"sb":0,"sf":0,"i":0}]}]},{"b":224.0,"g":6,"e":[{"f":{"f":1,"p":1},"d":1,"t":1,"w":0,"b":0,"r":0,"i":0,"l":[{"b":0,"c":2,"s":0,"f":0,"sb":0,"sf":0,"i":0}]}]},{"b":224.0,"g":7,"e":[{"f":{"f":1,"p":1},"d":1,"t":1,"w":0,"b":0,"r":0,"i":0,"l":[{"b":0,"c":2,"s":0,"f":0,"sb":0,"sf":0,"i":0}]}]},{"b":225.0,"g":6,"e":[{"f":{"f":1,"p":1},"d":1,"t":1,"w":0,"b":0,"r":0,"i":0,"l":[{"b":1.0,"c":2,"s":0,"f":0,"sb":0,"sf":0,"i":0}]}]},{"b":225.0,"g":7,"e":[{"f":{"f":1,"p":1},"d":1,"t":1,"w":0,"b":0,"r":0,"i":0,"l":[{"b":1.0,"c":2,"s":0,"f":0,"sb":0,"sf":0,"i":0}]}]},{"b":226.0,"g":6,"e":[{"f":{"f":1,"p":1},"d":1,"t":1,"w":0,"b":0,"r":0,"i":0,"l":[{"b":0,"c":2,"s":0,"f":0,"sb":0,"sf":0,"i":0}]}]},{"b":226.0,"g":7,"e":[{"f":{"f":1,"p":1},"d":1,"t":1,"w":0,"b":0,"r":0,"i":0,"l":[{"b":0,"c":2,"s":0,"f":0,"sb":0,"sf":0,"i":0}]}]},{"b":227.0,"g":6,"e":[{"f":{"f":1,"p":1},"d":1,"t":1,"w":0,"b":0,"r":0,"i":0,"l":[{"b":1.0,"c":2,"s":0,"f":0,"sb":0,"sf":0,"i":0}]}]},{"b":227.0,"g":7,"e":[{"f":{"f":1,"p":1},"d":1,"t":1,"w":0,"b":0,"r":0,"i":0,"l":[{"b":1.0,"c":2,"s":0,"f":0,"sb":0,"sf":0,"i":0}]}]},{"b":228.0,"g":6,"e":[{"f":{"f":1,"p":1},"d":1,"t":1,"w":0,"b":0,"r":0,"i":0,"l":[{"b":0,"c":2,"s":0,"f":0,"sb":0,"sf":0,"i":0}]}]},{"b":228.0,"g":7,"e":[{"f":{"f":1,"p":1},"d":1,"t":1,"w":0,"b":0,"r":0,"i":0,"l":[{"b":0,"c":2,"s":0,"f":0,"sb":0,"sf":0,"i":0}]}]},{"b":229.0,"g":6,"e":[{"f":{"f":1,"p":1},"d":1,"t":1,"w":0,"b":0,"r":0,"i":0,"l":[{"b":1.0,"c":2,"s":0,"f":0,"sb":0,"sf":0,"i":0}]}]},{"b":229.0,"g":7,"e":[{"f":{"f":1,"p":1},"d":1,"t":1,"w":0,"b":0,"r":0,"i":0,"l":[{"b":1.0,"c":2,"s":0,"f":0,"sb":0,"sf":0,"i":0}]}]},{"b":230.0,"g":6,"e":[{"f":{"f":1,"p":1},"d":1,"t":1,"w":0,"b":0,"r":0,"i":0,"l":[{"b":0,"c":2,"s":0,"f":0,"sb":0,"sf":0,"i":0}]}]},{"b":230.0,"g":7,"e":[{"f":{"f":1,"p":1},"d":1,"t":1,"w":0,"b":0,"r":0,"i":0,"l":[{"b":0,"c":2,"s":0,"f":0,"sb":0,"sf":0,"i":0}]}]},{"b":231.0,"g":6,"e":[{"f":{"f":1,"p":1},"d":1,"t":1,"w":0,"b":0,"r":0,"i":0,"l":[{"b":1.0,"c":2,"s":0,"f":0,"sb":0,"sf":0,"i":0}]}]},{"b":231.0,"g":7,"e":[{"f":{"f":1,"p":1},"d":1,"t":1,"w":0,"b":0,"r":0,"i":0,"l":[{"b":1.0,"c":2,"s":0,"f":0,"sb":0,"sf":0,"i":0}]}]},{"b":231.5,"g":12,"e":[{"f":{"f":1,"p":1},"d":1,"t":1,"w":0,"b":0,"r":0,"i":0,"l":[{"b":1.0,"c":0,"s":0,"f":0,"sb":0,"sf":0,"i":0}]}]},{"b":231.5,"g":13,"e":[{"f":{"f":1,"p":1},"d":1,"t":1,"w":0,"b":0,"r":0,"i":0,"l":[{"b":1.0,"c":0,"s":0,"f":0,"sb":0,"sf":0,"i":0}]}]},{"b":232.0,"g":6,"e":[{"f":{"f":1,"p":1},"d":1,"t":1,"w":0,"b":0,"r":0,"i":0,"l":[{"b":0,"c":2,"s":0,"f":0,"sb":0,"sf":0,"i":0}]}]},{"b":232.0,"g":7,"e":[{"f":{"f":1,"p":1},"d":1,"t":1,"w":0,"b":0,"r":0,"i":0,"l":[{"b":0,"c":2,"s":0,"f":0,"sb":0,"sf":0,"i":0}]}]},{"b":233.0,"g":6,"e":[{"f":{"f":1,"p":1},"d":1,"t":1,"w":0,"b":0,"r":0,"i":0,"l":[{"b":1.0,"c":2,"s":0,"f":0,"sb":0,"sf":0,"i":0}]}]},{"b":233.0,"g":7,"e":[{"f":{"f":1,"p":1},"d":1,"t":1,"w":0,"b":0,"r":0,"i":0,"l":[{"b":1.0,"c":2,"s":0,"f":0,"sb":0,"sf":0,"i":0}]}]},{"b":234.0,"g":6,"e":[{"f":{"f":1,"p":1},"d":1,"t":1,"w":0,"b":0,"r":0,"i":0,"l":[{"b":0,"c":2,"s":0,"f":0,"sb":0,"sf":0,"i":0}]}]},{"b":234.0,"g":7,"e":[{"f":{"f":1,"p":1},"d":1,"t":1,"w":0,"b":0,"r":0,"i":0,"l":[{"b":0,"c":2,"s":0,"f":0,"sb":0,"sf":0,"i":0}]}]},{"b":235.0,"g":6,"e":[{"f":{"f":1,"p":1},"d":1,"t":1,"w":0,"b":0,"r":0,"i":0,"l":[{"b":1.0,"c":2,"s":0,"f":0,"sb":0,"sf":0,"i":0}]}]},{"b":235.0,"g":7,"e":[{"f":{"f":1,"p":1},"d":1,"t":1,"w":0,"b":0,"r":0,"i":0,"l":[{"b":1.0,"c":2,"s":0,"f":0,"sb":0,"sf":0,"i":0}]}]},{"b":236.0,"g":6,"e":[{"f":{"f":1,"p":1},"d":1,"t":1,"w":0,"b":0,"r":0,"i":0,"l":[{"b":0,"c":2,"s":0,"f":0,"sb":0,"sf":0,"i":0}]}]},{"b":236.0,"g":7,"e":[{"f":{"f":1,"p":1},"d":1,"t":1,"w":0,"b":0,"r":0,"i":0,"l":[{"b":0,"c":2,"s":0,"f":0,"sb":0,"sf":0,"i":0}]}]},{"b":237.0,"g":6,"e":[{"f":{"f":1,"p":1},"d":1,"t":1,"w":0,"b":0,"r":0,"i":0,"l":[{"b":1.0,"c":2,"s":0,"f":0,"sb":0,"sf":0,"i":0}]}]},{"b":237.0,"g":7,"e":[{"f":{"f":1,"p":1},"d":1,"t":1,"w":0,"b":0,"r":0,"i":0,"l":[{"b":1.0,"c":2,"s":0,"f":0,"sb":0,"sf":0,"i":0}]}]},{"b":238.0,"g":6,"e":[{"f":{"f":1,"p":1},"d":1,"t":1,"w":0,"b":0,"r":0,"i":0,"l":[{"b":0,"c":2,"s":0,"f":0,"sb":0,"sf":0,"i":0}]}]},{"b":238.0,"g":7,"e":[{"f":{"f":1,"p":1},"d":1,"t":1,"w":0,"b":0,"r":0,"i":0,"l":[{"b":0,"c":2,"s":0,"f":0,"sb":0,"sf":0,"i":0}]}]},{"b":239.0,"g":6,"e":[{"f":{"f":1,"p":1},"d":1,"t":1,"w":0,"b":0,"r":0,"i":0,"l":[{"b":1.0,"c":2,"s":0,"f":0,"sb":0,"sf":0,"i":0}]}]},{"b":239.0,"g":7,"e":[{"f":{"f":1,"p":1},"d":1,"t":1,"w":0,"b":0,"r":0,"i":0,"l":[{"b":1.0,"c":2,"s":0,"f":0,"sb":0,"sf":0,"i":0}]}]},{"b":239.5,"g":6,"e":[{"f":{"f":1,"p":1},"d":1,"t":1,"w":0,"b":0,"r":0,"i":0,"l":[{"b":0,"c":2,"s":0,"f":0,"sb":0,"sf":0,"i":0}]}]},{"b":239.5,"g":7,"e":[{"f":{"f":1,"p":1},"d":1,"t":1,"w":0,"b":0,"r":0,"i":0,"l":[{"b":0,"c":2,"s":0,"f":0,"sb":0,"sf":0,"i":0}]}]},{"b":240.0,"g":12,"e":[{"f":{"f":1,"p":1},"d":1,"t":1,"w":0,"b":0,"r":0,"i":0,"l":[{"b":0,"c":0,"s":0,"f":0,"sb":0,"sf":0,"i":0}]}]},{"b":240.0,"g":13,"e":[{"f":{"f":1,"p":1},"d":1,"t":1,"w":0,"b":0,"r":0,"i":0,"l":[{"b":0,"c":0,"s":0,"f":0,"sb":0,"sf":0,"i":0}]}]},{"b":240.0,"g":7,"e":[{"f":{"f":1,"p":1},"d":1,"t":1,"w":0,"b":0,"r":0,"i":0,"l":[{"b":1.0,"c":2,"s":0,"f":0,"sb":0,"sf":0,"i":0}]}]},{"b":240.0,"g":6,"e":[{"f":{"f":1,"p":1},"d":1,"t":1,"w":0,"b":0,"r":0,"i":0,"l":[{"b":1.0,"c":2,"s":0,"f":0,"sb":0,"sf":0,"i":0}]}]},{"b":240.5,"g":6,"e":[{"f":{"f":1,"p":1},"d":1,"t":1,"w":0,"b":0,"r":0,"i":0,"l":[{"b":0,"c":2,"s":0,"f":0,"sb":0,"sf":0,"i":0}]}]},{"b":240.5,"g":7,"e":[{"f":{"f":1,"p":1},"d":1,"t":1,"w":0,"b":0,"r":0,"i":0,"l":[{"b":0,"c":2,"s":0,"f":0,"sb":0,"sf":0,"i":0}]}]},{"b":241.5,"g":6,"e":[{"f":{"f":1,"p":1},"d":1,"t":1,"w":0,"b":0,"r":0,"i":0,"l":[{"b":1.0,"c":2,"s":0,"f":0,"sb":0,"sf":0,"i":0}]}]},{"b":241.5,"g":7,"e":[{"f":{"f":1,"p":1},"d":1,"t":1,"w":0,"b":0,"r":0,"i":0,"l":[{"b":1.0,"c":2,"s":0,"f":0,"sb":0,"sf":0,"i":0}]}]},{"b":242.0,"g":6,"e":[{"f":{"f":1,"p":1},"d":1,"t":1,"w":0,"b":0,"r":0,"i":0,"l":[{"b":0,"c":2,"s":0,"f":0,"sb":0,"sf":0,"i":0}]}]},{"b":242.0,"g":7,"e":[{"f":{"f":1,"p":1},"d":1,"t":1,"w":0,"b":0,"r":0,"i":0,"l":[{"b":0,"c":2,"s":0,"f":0,"sb":0,"sf":0,"i":0}]}]},{"b":243.0,"g":6,"e":[{"f":{"f":1,"p":1},"d":1,"t":1,"w":0,"b":0,"r":0,"i":0,"l":[{"b":1.0,"c":2,"s":0,"f":0,"sb":0,"sf":0,"i":0}]}]},{"b":243.0,"g":7,"e":[{"f":{"f":1,"p":1},"d":1,"t":1,"w":0,"b":0,"r":0,"i":0,"l":[{"b":1.0,"c":2,"s":0,"f":0,"sb":0,"sf":0,"i":0}]}]},{"b":243.5,"g":6,"e":[{"f":{"f":1,"p":1},"d":1,"t":1,"w":0,"b":0,"r":0,"i":0,"l":[{"b":0,"c":2,"s":0,"f":0,"sb":0,"sf":0,"i":0}]}]},{"b":243.5,"g":7,"e":[{"f":{"f":1,"p":1},"d":1,"t":1,"w":0,"b":0,"r":0,"i":0,"l":[{"b":0,"c":2,"s":0,"f":0,"sb":0,"sf":0,"i":0}]}]},{"b":244.5,"g":6,"e":[{"f":{"f":1,"p":1},"d":1,"t":1,"w":0,"b":0,"r":0,"i":0,"l":[{"b":1.0,"c":2,"s":0,"f":0,"sb":0,"sf":0,"i":0}]}]},{"b":244.5,"g":7,"e":[{"f":{"f":1,"p":1},"d":1,"t":1,"w":0,"b":0,"r":0,"i":0,"l":[{"b":1.0,"c":2,"s":0,"f":0,"sb":0,"sf":0,"i":0}]}]},{"b":245.0,"g":6,"e":[{"f":{"f":1,"p":1},"d":1,"t":1,"w":0,"b":0,"r":0,"i":0,"l":[{"b":0,"c":2,"s":0,"f":0,"sb":0,"sf":0,"i":0}]}]},{"b":245.0,"g":7,"e":[{"f":{"f":1,"p":1},"d":1,"t":1,"w":0,"b":0,"r":0,"i":0,"l":[{"b":0,"c":2,"s":0,"f":0,"sb":0,"sf":0,"i":0}]}]},{"b":246.0,"g":6,"e":[{"f":{"f":1,"p":1},"d":1,"t":1,"w":0,"b":0,"r":0,"i":0,"l":[{"b":1.0,"c":2,"s":0,"f":0,"sb":0,"sf":0,"i":0}]}]},{"b":246.0,"g":7,"e":[{"f":{"f":1,"p":1},"d":1,"t":1,"w":0,"b":0,"r":0,"i":0,"l":[{"b":1.0,"c":2,"s":0,"f":0,"sb":0,"sf":0,"i":0}]}]},{"b":246.5,"g":6,"e":[{"f":{"f":1,"p":1},"d":1,"t":1,"w":0,"b":0,"r":0,"i":0,"l":[{"b":0,"c":2,"s":0,"f":0,"sb":0,"sf":0,"i":0}]}]},{"b":246.5,"g":7,"e":[{"f":{"f":1,"p":1},"d":1,"t":1,"w":0,"b":0,"r":0,"i":0,"l":[{"b":0,"c":2,"s":0,"f":0,"sb":0,"sf":0,"i":0}]}]},{"b":248.0,"g":6,"e":[{"f":{"f":1,"p":1},"d":1,"t":1,"w":0,"b":0,"r":0,"i":0,"l":[{"b":1.0,"c":2,"s":0,"f":0,"sb":0,"sf":0,"i":0}]}]},{"b":248.0,"g":7,"e":[{"f":{"f":1,"p":1},"d":1,"t":1,"w":0,"b":0,"r":0,"i":0,"l":[{"b":1.0,"c":2,"s":0,"f":0,"sb":0,"sf":0,"i":0}]}]},{"b":248.5,"g":6,"e":[{"f":{"f":1,"p":1},"d":1,"t":1,"w":0,"b":0,"r":0,"i":0,"l":[{"b":0,"c":2,"s":0,"f":0,"sb":0,"sf":0,"i":0}]}]},{"b":248.5,"g":7,"e":[{"f":{"f":1,"p":1},"d":1,"t":1,"w":0,"b":0,"r":0,"i":0,"l":[{"b":0,"c":2,"s":0,"f":0,"sb":0,"sf":0,"i":0}]}]},{"b":249.0,"g":6,"e":[{"f":{"f":1,"p":1},"d":1,"t":1,"w":0,"b":0,"r":0,"i":0,"l":[{"b":1.0,"c":2,"s":0,"f":0,"sb":0,"sf":0,"i":0}]}]},{"b":249.0,"g":7,"e":[{"f":{"f":1,"p":1},"d":1,"t":1,"w":0,"b":0,"r":0,"i":0,"l":[{"b":1.0,"c":2,"s":0,"f":0,"sb":0,"sf":0,"i":0}]}]},{"b":249.5,"g":6,"e":[{"f":{"f":1,"p":1},"d":1,"t":1,"w":0,"b":0,"r":0,"i":0,"l":[{"b":0,"c":2,"s":0,"f":0,"sb":0,"sf":0,"i":0}]}]},{"b":249.5,"g":7,"e":[{"f":{"f":1,"p":1},"d":1,"t":1,"w":0,"b":0,"r":0,"i":0,"l":[{"b":0,"c":2,"s":0,"f":0,"sb":0,"sf":0,"i":0}]}]},{"b":250.0,"g":6,"e":[{"f":{"f":1,"p":1},"d":1,"t":1,"w":0,"b":0,"r":0,"i":0,"l":[{"b":1.0,"c":2,"s":0,"f":0,"sb":0,"sf":0,"i":0}]}]},{"b":250.0,"g":7,"e":[{"f":{"f":1,"p":1},"d":1,"t":1,"w":0,"b":0,"r":0,"i":0,"l":[{"b":1.0,"c":2,"s":0,"f":0,"sb":0,"sf":0,"i":0}]}]},{"b":250.5,"g":6,"e":[{"f":{"f":1,"p":1},"d":1,"t":1,"w":0,"b":0,"r":0,"i":0,"l":[{"b":0,"c":2,"s":0,"f":0,"sb":0,"sf":0,"i":0}]}]},{"b":250.5,"g":7,"e":[{"f":{"f":1,"p":1},"d":1,"t":1,"w":0,"b":0,"r":0,"i":0,"l":[{"b":0,"c":2,"s":0,"f":0,"sb":0,"sf":0,"i":0}]}]},{"b":251.0,"g":6,"e":[{"f":{"f":1,"p":1},"d":1,"t":1,"w":0,"b":0,"r":0,"i":0,"l":[{"b":1.0,"c":2,"s":0,"f":0,"sb":0,"sf":0,"i":0}]}]},{"b":251.0,"g":7,"e":[{"f":{"f":1,"p":1},"d":1,"t":1,"w":0,"b":0,"r":0,"i":0,"l":[{"b":1.0,"c":2,"s":0,"f":0,"sb":0,"sf":0,"i":0}]}]},{"b":251.5,"g":6,"e":[{"f":{"f":1,"p":1},"d":1,"t":1,"w":0,"b":0,"r":0,"i":0,"l":[{"b":0,"c":2,"s":0,"f":0,"sb":0,"sf":0,"i":0}]}]},{"b":251.5,"g":7,"e":[{"f":{"f":1,"p":1},"d":1,"t":1,"w":0,"b":0,"r":0,"i":0,"l":[{"b":0,"c":2,"s":0,"f":0,"sb":0,"sf":0,"i":0}]}]},{"b":252.0,"g":6,"e":[{"f":{"f":1,"p":1},"d":1,"t":1,"w":0,"b":0,"r":0,"i":0,"l":[{"b":1.0,"c":2,"s":0,"f":0,"sb":0,"sf":0,"i":0}]}]},{"b":252.0,"g":7,"e":[{"f":{"f":1,"p":1},"d":1,"t":1,"w":0,"b":0,"r":0,"i":0,"l":[{"b":1.0,"c":2,"s":0,"f":0,"sb":0,"sf":0,"i":0}]}]},{"b":252.5,"g":6,"e":[{"f":{"f":1,"p":1},"d":1,"t":1,"w":0,"b":0,"r":0,"i":0,"l":[{"b":0,"c":2,"s":0,"f":0,"sb":0,"sf":0,"i":0}]}]},{"b":252.5,"g":7,"e":[{"f":{"f":1,"p":1},"d":1,"t":1,"w":0,"b":0,"r":0,"i":0,"l":[{"b":0,"c":2,"s":0,"f":0,"sb":0,"sf":0,"i":0}]}]},{"b":253.0,"g":6,"e":[{"f":{"f":1,"p":1},"d":1,"t":1,"w":0,"b":0,"r":0,"i":0,"l":[{"b":1.0,"c":2,"s":0,"f":0,"sb":0,"sf":0,"i":0}]}]},{"b":253.0,"g":7,"e":[{"f":{"f":1,"p":1},"d":1,"t":1,"w":0,"b":0,"r":0,"i":0,"l":[{"b":1.0,"c":2,"s":0,"f":0,"sb":0,"sf":0,"i":0}]}]},{"b":253.5,"g":6,"e":[{"f":{"f":1,"p":1},"d":1,"t":1,"w":0,"b":0,"r":0,"i":0,"l":[{"b":0,"c":2,"s":0,"f":0,"sb":0,"sf":0,"i":0}]}]},{"b":253.5,"g":7,"e":[{"f":{"f":1,"p":1},"d":1,"t":1,"w":0,"b":0,"r":0,"i":0,"l":[{"b":0,"c":2,"s":0,"f":0,"sb":0,"sf":0,"i":0}]}]},{"b":254.0,"g":6,"e":[{"f":{"f":1,"p":1},"d":1,"t":1,"w":0,"b":0,"r":0,"i":0,"l":[{"b":1.0,"c":2,"s":0,"f":0,"sb":0,"sf":0,"i":0}]}]},{"b":254.0,"g":7,"e":[{"f":{"f":1,"p":1},"d":1,"t":1,"w":0,"b":0,"r":0,"i":0,"l":[{"b":1.0,"c":2,"s":0,"f":0,"sb":0,"sf":0,"i":0}]}]},{"b":254.5,"g":6,"e":[{"f":{"f":1,"p":1},"d":1,"t":1,"w":0,"b":0,"r":0,"i":0,"l":[{"b":0,"c":2,"s":0,"f":0,"sb":0,"sf":0,"i":0}]}]},{"b":254.5,"g":7,"e":[{"f":{"f":1,"p":1},"d":1,"t":1,"w":0,"b":0,"r":0,"i":0,"l":[{"b":0,"c":2,"s":0,"f":0,"sb":0,"sf":0,"i":0}]}]},{"b":255.0,"g":6,"e":[{"f":{"f":1,"p":1},"d":1,"t":1,"w":0,"b":0,"r":0,"i":0,"l":[{"b":1.0,"c":2,"s":0,"f":0,"sb":0,"sf":0,"i":0}]}]},{"b":255.0,"g":7,"e":[{"f":{"f":1,"p":1},"d":1,"t":1,"w":0,"b":0,"r":0,"i":0,"l":[{"b":1.0,"c":2,"s":0,"f":0,"sb":0,"sf":0,"i":0}]}]},{"b":255.5,"g":6,"e":[{"f":{"f":1,"p":1},"d":1,"t":1,"w":0,"b":0,"r":0,"i":0,"l":[{"b":0,"c":2,"s":0,"f":0,"sb":0,"sf":0,"i":0}]}]},{"b":255.5,"g":7,"e":[{"f":{"f":1,"p":1},"d":1,"t":1,"w":0,"b":0,"r":0,"i":0,"l":[{"b":0,"c":2,"s":0,"f":0,"sb":0,"sf":0,"i":0}]}]},{"b":256.0,"g":6,"e":[{"f":{"f":1,"p":1},"d":1,"t":1,"w":0,"b":0,"r":0,"i":0,"l":[{"b":1.0,"c":2,"s":0,"f":0,"sb":0,"sf":0,"i":0}]}]},{"b":256.0,"g":7,"e":[{"f":{"f":1,"p":1},"d":1,"t":1,"w":0,"b":0,"r":0,"i":0,"l":[{"b":1.0,"c":2,"s":0,"f":0,"sb":0,"sf":0,"i":0}]}]},{"b":256.0,"g":0,"e":[{"f":{"f":1,"p":1},"d":1,"t":1,"w":0,"b":0,"r":0,"i":0,"l":[{"b":1.0,"c":0,"s":0,"f":0,"sb":0,"sf":0,"i":0}]}]},{"b":256.0,"g":1,"e":[{"f":{"f":1,"p":1},"d":1,"t":1,"w":0,"b":0,"r":0,"i":0,"l":[{"b":1.0,"c":0,"s":0,"f":0,"sb":0,"sf":0,"i":0}]}]},{"b":256.5,"g":6,"e":[{"f":{"f":1,"p":1},"d":1,"t":1,"w":0,"b":0,"r":0,"i":0,"l":[{"b":0,"c":2,"s":0,"f":0,"sb":0,"sf":0,"i":0}]}]},{"b":256.5,"g":7,"e":[{"f":{"f":1,"p":1},"d":1,"t":1,"w":0,"b":0,"r":0,"i":0,"l":[{"b":0,"c":2,"s":0,"f":0,"sb":0,"sf":0,"i":0}]}]},{"b":256.5,"g":0,"e":[{"f":{"f":1,"p":1},"d":1,"t":1,"w":0,"b":0,"r":0,"i":0,"l":[{"b":0,"c":0,"s":0,"f":0,"sb":0,"sf":0,"i":0}]}]},{"b":256.5,"g":1,"e":[{"f":{"f":1,"p":1},"d":1,"t":1,"w":0,"b":0,"r":0,"i":0,"l":[{"b":0,"c":0,"s":0,"f":0,"sb":0,"sf":0,"i":0}]}]},{"b":258.0,"g":6,"e":[{"f":{"f":1,"p":1},"d":1,"t":1,"w":0,"b":0,"r":0,"i":0,"l":[{"b":1.0,"c":2,"s":0,"f":0,"sb":0,"sf":0,"i":0}]}]},{"b":258.0,"g":7,"e":[{"f":{"f":1,"p":1},"d":1,"t":1,"w":0,"b":0,"r":0,"i":0,"l":[{"b":1.0,"c":2,"s":0,"f":0,"sb":0,"sf":0,"i":0}]}]},{"b":258.0,"g":0,"e":[{"f":{"f":1,"p":1},"d":1,"t":1,"w":0,"b":0,"r":0,"i":0,"l":[{"b":1.0,"c":0,"s":0,"f":0,"sb":0,"sf":0,"i":0}]}]},{"b":258.0,"g":1,"e":[{"f":{"f":1,"p":1},"d":1,"t":1,"w":0,"b":0,"r":0,"i":0,"l":[{"b":1.0,"c":0,"s":0,"f":0,"sb":0,"sf":0,"i":0}]}]},{"b":258.25,"g":6,"e":[{"f":{"f":1,"p":1},"d":1,"t":1,"w":0,"b":0,"r":0,"i":0,"l":[{"b":0,"c":2,"s":0,"f":0,"sb":0,"sf":0,"i":0}]}]},{"b":258.25,"g":7,"e":[{"f":{"f":1,"p":1},"d":1,"t":1,"w":0,"b":0,"r":0,"i":0,"l":[{"b":0,"c":2,"s":0,"f":0,"sb":0,"sf":0,"i":0}]}]},{"b":258.25,"g":0,"e":[{"f":{"f":1,"p":1},"d":1,"t":1,"w":0,"b":0,"r":0,"i":0,"l":[{"b":0,"c":0,"s":0,"f":0,"sb":0,"sf":0,"i":0}]}]},{"b":258.25,"g":1,"e":[{"f":{"f":1,"p":1},"d":1,"t":1,"w":0,"b":0,"r":0,"i":0,"l":[{"b":0,"c":0,"s":0,"f":0,"sb":0,"sf":0,"i":0}]}]},{"b":258.5,"g":7,"e":[{"f":{"f":1,"p":1},"d":1,"t":1,"w":0,"b":0,"r":0,"i":0,"l":[{"b":1.0,"c":2,"s":0,"f":0,"sb":0,"sf":0,"i":0}]}]},{"b":258.5,"g":6,"e":[{"f":{"f":1,"p":1},"d":1,"t":1,"w":0,"b":0,"r":0,"i":0,"l":[{"b":1.0,"c":2,"s":0,"f":0,"sb":0,"sf":0,"i":0}]}]},{"b":258.5,"g":1,"e":[{"f":{"f":1,"p":1},"d":1,"t":1,"w":0,"b":0,"r":0,"i":0,"l":[{"b":1.0,"c":0,"s":0,"f":0,"sb":0,"sf":0,"i":0}]}]},{"b":258.5,"g":0,"e":[{"f":{"f":1,"p":1},"d":1,"t":1,"w":0,"b":0,"r":0,"i":0,"l":[{"b":1.0,"c":0,"s":0,"f":0,"sb":0,"sf":0,"i":0}]}]},{"b":258.75,"g":7,"e":[{"f":{"f":1,"p":1},"d":1,"t":1,"w":0,"b":0,"r":0,"i":0,"l":[{"b":0,"c":2,"s":0,"f":0,"sb":0,"sf":0,"i":0}]}]},{"b":258.75,"g":6,"e":[{"f":{"f":1,"p":1},"d":1,"t":1,"w":0,"b":0,"r":0,"i":0,"l":[{"b":0,"c":2,"s":0,"f":0,"sb":0,"sf":0,"i":0}]}]},{"b":258.75,"g":1,"e":[{"f":{"f":1,"p":1},"d":1,"t":1,"w":0,"b":0,"r":0,"i":0,"l":[{"b":0,"c":0,"s":0,"f":0,"sb":0,"sf":0,"i":0}]}]},{"b":258.75,"g":0,"e":[{"f":{"f":1,"p":1},"d":1,"t":1,"w":0,"b":0,"r":0,"i":0,"l":[{"b":0,"c":0,"s":0,"f":0,"sb":0,"sf":0,"i":0}]}]},{"b":259.5,"g":6,"e":[{"f":{"f":1,"p":1},"d":1,"t":1,"w":0,"b":0,"r":0,"i":0,"l":[{"b":1.0,"c":2,"s":0,"f":0,"sb":0,"sf":0,"i":0}]}]},{"b":259.5,"g":7,"e":[{"f":{"f":1,"p":1},"d":1,"t":1,"w":0,"b":0,"r":0,"i":0,"l":[{"b":1.0,"c":2,"s":0,"f":0,"sb":0,"sf":0,"i":0}]}]},{"b":259.5,"g":1,"e":[{"f":{"f":1,"p":1},"d":1,"t":1,"w":0,"b":0,"r":0,"i":0,"l":[{"b":1.0,"c":0,"s":0,"f":0,"sb":0,"sf":0,"i":0}]}]},{"b":259.5,"g":0,"e":[{"f":{"f":1,"p":1},"d":1,"t":1,"w":0,"b":0,"r":0,"i":0,"l":[{"b":1.0,"c":0,"s":0,"f":0,"sb":0,"sf":0,"i":0}]}]},{"b":260.0,"g":0,"e":[{"f":{"f":1,"p":1},"d":1,"t":1,"w":0,"b":0,"r":0,"i":0,"l":[{"b":0,"c":0,"s":0,"f":0,"sb":0,"sf":0,"i":0}]}]},{"b":260.0,"g":1,"e":[{"f":{"f":1,"p":1},"d":1,"t":1,"w":0,"b":0,"r":0,"i":0,"l":[{"b":0,"c":0,"s":0,"f":0,"sb":0,"sf":0,"i":0}]}]},{"b":260.5,"g":6,"e":[{"f":{"f":1,"p":1},"d":1,"t":1,"w":0,"b":0,"r":0,"i":0,"l":[{"b":0,"c":2,"s":0,"f":0,"sb":0,"sf":0,"i":0}]}]},{"b":260.5,"g":7,"e":[{"f":{"f":1,"p":1},"d":1,"t":1,"w":0,"b":0,"r":0,"i":0,"l":[{"b":0,"c":2,"s":0,"f":0,"sb":0,"sf":0,"i":0}]}]},{"b":261.0,"g":6,"e":[{"f":{"f":1,"p":1,"n":2,"s":-721987449},"w":3.0,"d":1,"t":1,"b":0,"r":0,"i":0,"l":[{"b":1.0,"c":2,"s":0,"f":0,"sb":0,"sf":0,"i":0}]}]},{"b":261.0,"g":7,"e":[{"f":{"f":1,"p":1,"n":2,"s":-1274519754},"w":3.0,"d":1,"t":1,"b":0,"r":0,"i":0,"l":[{"b":1.0,"c":2,"s":0,"f":0,"sb":0,"sf":0,"i":0}]}]},{"b":263.0,"g":6,"e":[{"f":{"f":1,"p":1},"d":1,"t":1,"w":0,"b":0,"r":0,"i":0,"l":[{"b":0,"c":2,"s":0,"f":0,"sb":0,"sf":0,"i":0}]}]},{"b":263.0,"g":7,"e":[{"f":{"f":1,"p":1},"d":1,"t":1,"w":0,"b":0,"r":0,"i":0,"l":[{"b":0,"c":2,"s":0,"f":0,"sb":0,"sf":0,"i":0}]}]},{"b":264.0,"g":0,"e":[{"f":{"f":1,"p":1},"d":1,"t":1,"w":0,"b":0,"r":0,"i":0,"l":[{"b":1.0,"c":2,"s":0,"f":0,"sb":0,"sf":0,"i":0}]}]},{"b":264.0,"g":1,"e":[{"f":{"f":1,"p":1},"d":1,"t":1,"w":0,"b":0,"r":0,"i":0,"l":[{"b":1.0,"c":2,"s":0,"f":0,"sb":0,"sf":0,"i":0}]}]},{"b":264.0,"g":9,"e":[{"f":{"f":2},"d":1,"t":1,"w":0,"b":0,"r":0,"i":0,"l":[{"b":1.0,"c":2,"s":0,"f":0,"sb":0,"sf":0,"i":0},{"b":1.5,"c":2,"s":0,"f":0,"sb":0,"sf":0,"i":0}]},{"f":{"f":2,"p":1},"d":1,"t":1,"w":0,"b":0,"r":0,"i":0,"l":[{"b":1.0,"c":2,"s":0,"f":0,"sb":0,"sf":0,"i":0},{"b":1.0,"c":2,"s":0,"f":0,"sb":0,"sf":0,"i":0}]},{"f":{"f":2,"p":2},"d":1,"t":1,"w":0,"b":0,"r":0,"i":0,"l":[{"b":1.0,"c":2,"s":0,"f":0,"sb":0,"sf":0,"i":0},{"b":0.5,"c":2,"s":0,"f":0,"sb":0,"sf":0,"i":0},{"b":1.0,"c":2,"s":0,"f":0,"sb":0,"sf":0,"i":0},{"b":5.0,"c":2,"s":0,"f":0,"sb":0,"sf":0,"i":0}]},{"f":{"f":2,"p":3},"d":1,"t":1,"w":0,"b":0,"r":0,"i":0,"l":[]}]},{"b":272.0,"g":9,"e":[{"f":{"f":2},"d":1,"t":1,"w":0,"b":0,"r":0,"i":0,"l":[{"b":1.0,"c":2,"s":0,"f":0,"sb":0,"sf":0,"i":0},{"b":0.5,"c":2,"s":0,"f":0,"sb":0,"sf":0,"i":0}]},{"f":{"f":2,"p":1},"d":1,"t":1,"w":0,"b":0,"r":0,"i":0,"l":[]},{"f":{"f":2,"p":2},"d":1,"t":1,"w":0,"b":0,"r":0,"i":0,"l":[]},{"f":{"f":2,"p":3},"d":1,"t":1,"w":0,"b":0,"r":0,"i":0,"l":[]}]},{"b":272.5,"g":8,"e":[{"f":{"f":2},"d":1,"t":1,"w":0,"b":0,"r":0,"i":0,"l":[{"b":1.0,"c":2,"s":0,"f":0,"sb":0,"sf":0,"i":0},{"b":0.5,"c":2,"s":0,"f":0,"sb":0,"sf":0,"i":0},{"b":1.0,"c":2,"s":0,"f":0,"sb":0,"sf":0,"i":0},{"b":3.5,"c":2,"s":0,"f":0,"sb":0,"sf":0,"i":0}]},{"f":{"f":2,"p":1},"d":1,"t":1,"w":0,"b":0,"r":0,"i":0,"l":[{"b":1.0,"c":2,"s":0,"f":0,"sb":0,"sf":0,"i":0},{"b":1.0,"c":2,"s":0,"f":0,"sb":0,"sf":0,"i":0},{"b":1.0,"c":2,"s":0,"f":0,"sb":0,"sf":0,"i":0},{"b":2.0,"c":2,"s":0,"f":0,"sb":0,"sf":0,"i":0},{"b":1.0,"c":2,"s":0,"f":0,"sb":0,"sf":0,"i":0},{"b":3.0,"c":2,"s":0,"f":0,"sb":0,"sf":0,"i":0}]},{"f":{"f":2,"p":2},"d":1,"t":1,"w":0,"b":0,"r":0,"i":0,"l":[{"b":1.0,"c":2,"s":0,"f":0,"sb":0,"sf":0,"i":0},{"b":1.5,"c":2,"s":0,"f":0,"sb":0,"sf":0,"i":0},{"b":1.0,"c":2,"s":0,"f":0,"sb":0,"sf":0,"i":0},{"b":2.5,"c":2,"s":0,"f":0,"sb":0,"sf":0,"i":0}]},{"f":{"f":2,"p":3},"d":1,"t":1,"w":0,"b":0,"r":0,"i":0,"l":[]}]},{"b":276.0,"g":9,"e":[{"f":{"f":2},"d":1,"t":1,"w":0,"b":0,"r":0,"i":0,"l":[{"b":1.0,"c":2,"s":0,"f":0,"sb":0,"sf":0,"i":0},{"b":0.5,"c":2,"s":0,"f":0,"sb":0,"sf":0,"i":0},{"b":1.0,"c":2,"s":0,"f":0,"sb":0,"sf":0,"i":0},{"b":1.25,"c":2,"s":0,"f":0,"sb":0,"sf":0,"i":0},{"b":1.0,"c":2,"s":0,"f":0,"sb":0,"sf":0,"i":0},{"b":3.75,"c":2,"s":0,"f":0,"sb":0,"sf":0,"i":0}]},{"f":{"f":2,"p":1},"d":1,"t":1,"w":0,"b":0,"r":0,"i":0,"l":[{"b":1.0,"c":2,"s":0,"f":0,"sb":0,"sf":0,"i":0},{"b":1.0,"c":2,"s":0,"f":0,"sb":0,"sf":0,"i":0},{"b":1.0,"c":2,"s":0,"f":0,"sb":0,"sf":0,"i":0},{"b":2.0,"c":2,"s":0,"f":0,"sb":0,"sf":0,"i":0}]},{"f":{"f":2,"p":2},"d":1,"t":1,"w":0,"b":0,"r":0,"i":0,"l":[]},{"f":{"f":2,"p":3},"d":1,"t":1,"w":0,"b":0,"r":0,"i":0,"l":[]}]},{"b":280.0,"g":0,"e":[{"f":{"f":1,"p":1},"d":1,"t":1,"w":0,"b":0,"r":0,"i":0,"l":[{"b":1.0,"c":0,"s":0,"f":0,"sb":0,"sf":0,"i":0}]}]},{"b":280.0,"g":1,"e":[{"f":{"f":1,"p":1},"d":1,"t":1,"w":0,"b":0,"r":0,"i":0,"l":[{"b":1.0,"c":0,"s":0,"f":0,"sb":0,"sf":0,"i":0}]}]},{"b":280.0,"g":8,"e":[{"f":{"f":1,"p":1},"d":1,"t":1,"w":0,"b":0,"r":0,"i":0,"l":[{"b":1.0,"c":0,"s":0,"f":0,"sb":0,"sf":0,"i":0}]}]},{"b":280.0,"g":9,"e":[{"f":{"f":1,"p":1},"d":1,"t":1,"w":0,"b":0,"r":0,"i":0,"l":[{"b":1.0,"c":0,"s":0,"f":0,"sb":0,"sf":0,"i":0}]}]},{"b":280.25,"g":8,"e":[{"f":{"f":1,"p":1},"d":1,"t":1,"w":0,"b":0,"r":0,"i":0,"l":[{"b":0,"c":0,"s":0,"f":0,"sb":0,"sf":0,"i":0}]}]},{"b":280.25,"g":9,"e":[{"f":{"f":1,"p":1},"d":1,"t":1,"w":0,"b":0,"r":0,"i":0,"l":[{"b":0,"c":0,"s":0,"f":0,"sb":0,"sf":0,"i":0}]}]},{"b":280.5,"g":8,"e":[{"f":{"f":1,"p":1},"d":1,"t":1,"w":0,"b":0,"r":0,"i":0,"l":[{"b":1.0,"c":0,"s":0,"f":0,"sb":0,"sf":0,"i":0}]}]},{"b":280.5,"g":9,"e":[{"f":{"f":1,"p":1},"d":1,"t":1,"w":0,"b":0,"r":0,"i":0,"l":[{"b":1.0,"c":0,"s":0,"f":0,"sb":0,"sf":0,"i":0}]}]},{"b":280.75,"g":8,"e":[{"f":{"f":1,"p":1},"d":1,"t":1,"w":0,"b":0,"r":0,"i":0,"l":[{"b":0,"c":0,"s":0,"f":0,"sb":0,"sf":0,"i":0}]}]},{"b":280.75,"g":9,"e":[{"f":{"f":1,"p":1},"d":1,"t":1,"w":0,"b":0,"r":0,"i":0,"l":[{"b":0,"c":0,"s":0,"f":0,"sb":0,"sf":0,"i":0}]}]},{"b":281.0,"g":8,"e":[{"f":{"f":1,"p":1},"d":1,"t":1,"w":0,"b":0,"r":0,"i":0,"l":[{"b":1.0,"c":0,"s":0,"f":0,"sb":0,"sf":0,"i":0}]}]},{"b":281.0,"g":9,"e":[{"f":{"f":1,"p":1},"d":1,"t":1,"w":0,"b":0,"r":0,"i":0,"l":[{"b":1.0,"c":0,"s":0,"f":0,"sb":0,"sf":0,"i":0}]}]},{"b":281.0,"g":6,"e":[{"f":{"f":1,"p":1},"d":1,"t":1,"w":0,"b":0,"r":0,"i":0,"l":[{"b":1.0,"c":2,"s":0,"f":0,"sb":0,"sf":0,"i":0}]}]},{"b":281.0,"g":7,"e":[{"f":{"f":1,"p":1},"d":1,"t":1,"w":0,"b":0,"r":0,"i":0,"l":[{"b":1.0,"c":2,"s":0,"f":0,"sb":0,"sf":0,"i":0}]}]},{"b":281.25,"g":8,"e":[{"f":{"f":1,"p":1},"d":1,"t":1,"w":0,"b":0,"r":0,"i":0,"l":[{"b":0,"c":0,"s":0,"f":0,"sb":0,"sf":0,"i":0}]}]},{"b":281.25,"g":9,"e":[{"f":{"f":1,"p":1},"d":1,"t":1,"w":0,"b":0,"r":0,"i":0,"l":[{"b":0,"c":0,"s":0,"f":0,"sb":0,"sf":0,"i":0}]}]},{"b":281.5,"g":8,"e":[{"f":{"f":1,"p":1},"d":1,"t":1,"w":0,"b":0,"r":0,"i":0,"l":[{"b":1.0,"c":0,"s":0,"f":0,"sb":0,"sf":0,"i":0}]}]},{"b":281.5,"g":9,"e":[{"f":{"f":1,"p":1},"d":1,"t":1,"w":0,"b":0,"r":0,"i":0,"l":[{"b":1.0,"c":0,"s":0,"f":0,"sb":0,"sf":0,"i":0}]}]},{"b":281.5,"g":6,"e":[{"f":{"f":1,"p":1},"d":1,"t":1,"w":0,"b":0,"r":0,"i":0,"l":[{"b":0,"c":2,"s":0,"f":0,"sb":0,"sf":0,"i":0}]}]},{"b":281.5,"g":7,"e":[{"f":{"f":1,"p":1},"d":1,"t":1,"w":0,"b":0,"r":0,"i":0,"l":[{"b":0,"c":2,"s":0,"f":0,"sb":0,"sf":0,"i":0}]}]},{"b":281.75,"g":8,"e":[{"f":{"f":1,"p":1},"d":1,"t":1,"w":0,"b":0,"r":0,"i":0,"l":[{"b":0,"c":0,"s":0,"f":0,"sb":0,"sf":0,"i":0}]}]},{"b":281.75,"g":9,"e":[{"f":{"f":1,"p":1},"d":1,"t":1,"w":0,"b":0,"r":0,"i":0,"l":[{"b":0,"c":0,"s":0,"f":0,"sb":0,"sf":0,"i":0}]}]},{"b":282.0,"g":8,"e":[{"f":{"f":1,"p":1},"d":1,"t":1,"w":0,"b":0,"r":0,"i":0,"l":[{"b":1.0,"c":0,"s":0,"f":0,"sb":0,"sf":0,"i":0}]}]},{"b":282.0,"g":9,"e":[{"f":{"f":1,"p":1},"d":1,"t":1,"w":0,"b":0,"r":0,"i":0,"l":[{"b":1.0,"c":0,"s":0,"f":0,"sb":0,"sf":0,"i":0}]}]},{"b":282.25,"g":8,"e":[{"f":{"f":1,"p":1},"d":1,"t":1,"w":0,"b":0,"r":0,"i":0,"l":[{"b":0,"c":0,"s":0,"f":0,"sb":0,"sf":0,"i":0}]}]},{"b":282.25,"g":9,"e":[{"f":{"f":1,"p":1},"d":1,"t":1,"w":0,"b":0,"r":0,"i":0,"l":[{"b":0,"c":0,"s":0,"f":0,"sb":0,"sf":0,"i":0}]}]},{"b":282.5,"g":8,"e":[{"f":{"f":1,"p":1},"d":1,"t":1,"w":0,"b":0,"r":0,"i":0,"l":[{"b":1.0,"c":0,"s":0,"f":0,"sb":0,"sf":0,"i":0}]}]},{"b":282.5,"g":9,"e":[{"f":{"f":1,"p":1},"d":1,"t":1,"w":0,"b":0,"r":0,"i":0,"l":[{"b":1.0,"c":0,"s":0,"f":0,"sb":0,"sf":0,"i":0}]}]},{"b":282.75,"g":8,"e":[{"f":{"f":1,"p":1},"d":1,"t":1,"w":0,"b":0,"r":0,"i":0,"l":[{"b":0,"c":0,"s":0,"f":0,"sb":0,"sf":0,"i":0}]}]},{"b":282.75,"g":9,"e":[{"f":{"f":1,"p":1},"d":1,"t":1,"w":0,"b":0,"r":0,"i":0,"l":[{"b":0,"c":0,"s":0,"f":0,"sb":0,"sf":0,"i":0}]}]},{"b":283.0,"g":8,"e":[{"f":{"f":1,"p":1},"d":1,"t":1,"w":0,"b":0,"r":0,"i":0,"l":[{"b":1.0,"c":0,"s":0,"f":0,"sb":0,"sf":0,"i":0}]}]},{"b":283.0,"g":9,"e":[{"f":{"f":1,"p":1},"d":1,"t":1,"w":0,"b":0,"r":0,"i":0,"l":[{"b":1.0,"c":0,"s":0,"f":0,"sb":0,"sf":0,"i":0}]}]},{"b":283.0,"g":7,"e":[{"f":{"f":1,"p":1},"d":1,"t":1,"w":0,"b":0,"r":0,"i":0,"l":[{"b":1.0,"c":2,"s":0,"f":0,"sb":0,"sf":0,"i":0}]}]},{"b":283.0,"g":6,"e":[{"f":{"f":1,"p":1},"d":1,"t":1,"w":0,"b":0,"r":0,"i":0,"l":[{"b":1.0,"c":2,"s":0,"f":0,"sb":0,"sf":0,"i":0}]}]},{"b":283.25,"g":8,"e":[{"f":{"f":1,"p":1},"d":1,"t":1,"w":0,"b":0,"r":0,"i":0,"l":[{"b":0,"c":0,"s":0,"f":0,"sb":0,"sf":0,"i":0}]}]},{"b":283.25,"g":9,"e":[{"f":{"f":1,"p":1},"d":1,"t":1,"w":0,"b":0,"r":0,"i":0,"l":[{"b":0,"c":0,"s":0,"f":0,"sb":0,"sf":0,"i":0}]}]},{"b":283.5,"g":8,"e":[{"f":{"f":1,"p":1},"d":1,"t":1,"w":0,"b":0,"r":0,"i":0,"l":[{"b":1.0,"c":0,"s":0,"f":0,"sb":0,"sf":0,"i":0}]}]},{"b":283.5,"g":9,"e":[{"f":{"f":1,"p":1},"d":1,"t":1,"w":0,"b":0,"r":0,"i":0,"l":[{"b":1.0,"c":0,"s":0,"f":0,"sb":0,"sf":0,"i":0}]}]},{"b":283.5,"g":7,"e":[{"f":{"f":1,"p":1},"d":1,"t":1,"w":0,"b":0,"r":0,"i":0,"l":[{"b":0,"c":2,"s":0,"f":0,"sb":0,"sf":0,"i":0}]}]},{"b":283.5,"g":6,"e":[{"f":{"f":1,"p":1},"d":1,"t":1,"w":0,"b":0,"r":0,"i":0,"l":[{"b":0,"c":2,"s":0,"f":0,"sb":0,"sf":0,"i":0}]}]},{"b":283.75,"g":8,"e":[{"f":{"f":1,"p":1},"d":1,"t":1,"w":0,"b":0,"r":0,"i":0,"l":[{"b":0,"c":0,"s":0,"f":0,"sb":0,"sf":0,"i":0}]}]},{"b":283.75,"g":9,"e":[{"f":{"f":1,"p":1},"d":1,"t":1,"w":0,"b":0,"r":0,"i":0,"l":[{"b":0,"c":0,"s":0,"f":0,"sb":0,"sf":0,"i":0}]}]},{"b":284.0,"g":8,"e":[{"f":{"f":1,"p":1},"d":1,"t":1,"w":0,"b":0,"r":0,"i":0,"l":[{"b":1.0,"c":0,"s":0,"f":0,"sb":0,"sf":0,"i":0}]}]},{"b":284.0,"g":9,"e":[{"f":{"f":1,"p":1},"d":1,"t":1,"w":0,"b":0,"r":0,"i":0,"l":[{"b":1.0,"c":0,"s":0,"f":0,"sb":0,"sf":0,"i":0}]}]},{"b":284.25,"g":8,"e":[{"f":{"f":1,"p":1},"d":1,"t":1,"w":0,"b":0,"r":0,"i":0,"l":[{"b":0,"c":0,"s":0,"f":0,"sb":0,"sf":0,"i":0}]}]},{"b":284.25,"g":9,"e":[{"f":{"f":1,"p":1},"d":1,"t":1,"w":0,"b":0,"r":0,"i":0,"l":[{"b":0,"c":0,"s":0,"f":0,"sb":0,"sf":0,"i":0}]}]},{"b":284.5,"g":8,"e":[{"f":{"f":1,"p":1},"d":1,"t":1,"w":0,"b":0,"r":0,"i":0,"l":[{"b":1.0,"c":0,"s":0,"f":0,"sb":0,"sf":0,"i":0}]}]},{"b":284.5,"g":9,"e":[{"f":{"f":1,"p":1},"d":1,"t":1,"w":0,"b":0,"r":0,"i":0,"l":[{"b":1.0,"c":0,"s":0,"f":0,"sb":0,"sf":0,"i":0}]}]},{"b":284.75,"g":8,"e":[{"f":{"f":1,"p":1},"d":1,"t":1,"w":0,"b":0,"r":0,"i":0,"l":[{"b":0,"c":0,"s":0,"f":0,"sb":0,"sf":0,"i":0}]}]},{"b":284.75,"g":9,"e":[{"f":{"f":1,"p":1},"d":1,"t":1,"w":0,"b":0,"r":0,"i":0,"l":[{"b":0,"c":0,"s":0,"f":0,"sb":0,"sf":0,"i":0}]}]},{"b":285.0,"g":8,"e":[{"f":{"f":1,"p":1},"d":1,"t":1,"w":0,"b":0,"r":0,"i":0,"l":[{"b":1.0,"c":0,"s":0,"f":0,"sb":0,"sf":0,"i":0}]}]},{"b":285.0,"g":9,"e":[{"f":{"f":1,"p":1},"d":1,"t":1,"w":0,"b":0,"r":0,"i":0,"l":[{"b":1.0,"c":0,"s":0,"f":0,"sb":0,"sf":0,"i":0}]}]},{"b":285.0,"g":7,"e":[{"f":{"f":1,"p":1},"d":1,"t":1,"w":0,"b":0,"r":0,"i":0,"l":[{"b":1.0,"c":2,"s":0,"f":0,"sb":0,"sf":0,"i":0}]}]},{"b":285.0,"g":6,"e":[{"f":{"f":1,"p":1},"d":1,"t":1,"w":0,"b":0,"r":0,"i":0,"l":[{"b":1.0,"c":2,"s":0,"f":0,"sb":0,"sf":0,"i":0}]}]},{"b":285.25,"g":8,"e":[{"f":{"f":1,"p":1},"d":1,"t":1,"w":0,"b":0,"r":0,"i":0,"l":[{"b":0,"c":0,"s":0,"f":0,"sb":0,"sf":0,"i":0}]}]},{"b":285.25,"g":9,"e":[{"f":{"f":1,"p":1},"d":1,"t":1,"w":0,"b":0,"r":0,"i":0,"l":[{"b":0,"c":0,"s":0,"f":0,"sb":0,"sf":0,"i":0}]}]},{"b":285.5,"g":8,"e":[{"f":{"f":1,"p":1},"d":1,"t":1,"w":0,"b":0,"r":0,"i":0,"l":[{"b":1.0,"c":0,"s":0,"f":0,"sb":0,"sf":0,"i":0}]}]},{"b":285.5,"g":9,"e":[{"f":{"f":1,"p":1},"d":1,"t":1,"w":0,"b":0,"r":0,"i":0,"l":[{"b":1.0,"c":0,"s":0,"f":0,"sb":0,"sf":0,"i":0}]}]},{"b":285.5,"g":7,"e":[{"f":{"f":1,"p":1},"d":1,"t":1,"w":0,"b":0,"r":0,"i":0,"l":[{"b":0,"c":2,"s":0,"f":0,"sb":0,"sf":0,"i":0}]}]},{"b":285.5,"g":6,"e":[{"f":{"f":1,"p":1},"d":1,"t":1,"w":0,"b":0,"r":0,"i":0,"l":[{"b":0,"c":2,"s":0,"f":0,"sb":0,"sf":0,"i":0}]}]},{"b":285.75,"g":8,"e":[{"f":{"f":1,"p":1},"d":1,"t":1,"w":0,"b":0,"r":0,"i":0,"l":[{"b":0,"c":0,"s":0,"f":0,"sb":0,"sf":0,"i":0}]}]},{"b":285.75,"g":9,"e":[{"f":{"f":1,"p":1},"d":1,"t":1,"w":0,"b":0,"r":0,"i":0,"l":[{"b":0,"c":0,"s":0,"f":0,"sb":0,"sf":0,"i":0}]}]},{"b":286.0,"g":8,"e":[{"f":{"f":1,"p":1},"d":1,"t":1,"w":0,"b":0,"r":0,"i":0,"l":[{"b":1.0,"c":0,"s":0,"f":0,"sb":0,"sf":0,"i":0}]}]},{"b":286.0,"g":9,"e":[{"f":{"f":1,"p":1},"d":1,"t":1,"w":0,"b":0,"r":0,"i":0,"l":[{"b":1.0,"c":0,"s":0,"f":0,"sb":0,"sf":0,"i":0}]}]},{"b":286.25,"g":8,"e":[{"f":{"f":1,"p":1},"d":1,"t":1,"w":0,"b":0,"r":0,"i":0,"l":[{"b":0,"c":0,"s":0,"f":0,"sb":0,"sf":0,"i":0}]}]},{"b":286.25,"g":9,"e":[{"f":{"f":1,"p":1},"d":1,"t":1,"w":0,"b":0,"r":0,"i":0,"l":[{"b":0,"c":0,"s":0,"f":0,"sb":0,"sf":0,"i":0}]}]},{"b":286.5,"g":8,"e":[{"f":{"f":1,"p":1},"d":1,"t":1,"w":0,"b":0,"r":0,"i":0,"l":[{"b":1.0,"c":0,"s":0,"f":0,"sb":0,"sf":0,"i":0}]}]},{"b":286.5,"g":9,"e":[{"f":{"f":1,"p":1},"d":1,"t":1,"w":0,"b":0,"r":0,"i":0,"l":[{"b":1.0,"c":0,"s":0,"f":0,"sb":0,"sf":0,"i":0}]}]},{"b":286.75,"g":8,"e":[{"f":{"f":1,"p":1},"d":1,"t":1,"w":0,"b":0,"r":0,"i":0,"l":[{"b":0,"c":0,"s":0,"f":0,"sb":0,"sf":0,"i":0}]}]},{"b":286.75,"g":9,"e":[{"f":{"f":1,"p":1},"d":1,"t":1,"w":0,"b":0,"r":0,"i":0,"l":[{"b":0,"c":0,"s":0,"f":0,"sb":0,"sf":0,"i":0}]}]},{"b":287.0,"g":8,"e":[{"f":{"f":1,"p":1},"d":1,"t":1,"w":0,"b":0,"r":0,"i":0,"l":[{"b":1.0,"c":0,"s":0,"f":0,"sb":0,"sf":0,"i":0}]}]},{"b":287.0,"g":9,"e":[{"f":{"f":1,"p":1},"d":1,"t":1,"w":0,"b":0,"r":0,"i":0,"l":[{"b":1.0,"c":0,"s":0,"f":0,"sb":0,"sf":0,"i":0}]}]},{"b":287.0,"g":7,"e":[{"f":{"f":1,"p":1},"d":1,"t":1,"w":0,"b":0,"r":0,"i":0,"l":[{"b":1.0,"c":2,"s":0,"f":0,"sb":0,"sf":0,"i":0}]}]},{"b":287.0,"g":6,"e":[{"f":{"f":1,"p":1},"d":1,"t":1,"w":0,"b":0,"r":0,"i":0,"l":[{"b":1.0,"c":2,"s":0,"f":0,"sb":0,"sf":0,"i":0}]}]},{"b":287.25,"g":8,"e":[{"f":{"f":1,"p":1},"d":1,"t":1,"w":0,"b":0,"r":0,"i":0,"l":[{"b":0,"c":0,"s":0,"f":0,"sb":0,"sf":0,"i":0}]}]},{"b":287.25,"g":9,"e":[{"f":{"f":1,"p":1},"d":1,"t":1,"w":0,"b":0,"r":0,"i":0,"l":[{"b":0,"c":0,"s":0,"f":0,"sb":0,"sf":0,"i":0}]}]},{"b":287.5,"g":8,"e":[{"f":{"f":1,"p":1},"d":1,"t":1,"w":0,"b":0,"r":0,"i":0,"l":[{"b":1.0,"c":0,"s":0,"f":0,"sb":0,"sf":0,"i":0}]}]},{"b":287.5,"g":9,"e":[{"f":{"f":1,"p":1},"d":1,"t":1,"w":0,"b":0,"r":0,"i":0,"l":[{"b":1.0,"c":0,"s":0,"f":0,"sb":0,"sf":0,"i":0}]}]},{"b":287.5,"g":7,"e":[{"f":{"f":1,"p":1},"d":1,"t":1,"w":0,"b":0,"r":0,"i":0,"l":[{"b":0,"c":2,"s":0,"f":0,"sb":0,"sf":0,"i":0}]}]},{"b":287.5,"g":6,"e":[{"f":{"f":1,"p":1},"d":1,"t":1,"w":0,"b":0,"r":0,"i":0,"l":[{"b":0,"c":2,"s":0,"f":0,"sb":0,"sf":0,"i":0}]}]},{"b":287.75,"g":8,"e":[{"f":{"f":1,"p":1},"d":1,"t":1,"w":0,"b":0,"r":0,"i":0,"l":[{"b":0,"c":0,"s":0,"f":0,"sb":0,"sf":0,"i":0}]}]},{"b":287.75,"g":9,"e":[{"f":{"f":1,"p":1},"d":1,"t":1,"w":0,"b":0,"r":0,"i":0,"l":[{"b":0,"c":0,"s":0,"f":0,"sb":0,"sf":0,"i":0}]}]},{"b":288.0,"g":8,"e":[{"f":{"f":1,"p":1},"d":1,"t":1,"w":0,"b":0,"r":0,"i":0,"l":[{"b":1.0,"c":0,"s":0,"f":0,"sb":0,"sf":0,"i":0}]}]},{"b":288.0,"g":9,"e":[{"f":{"f":1,"p":1},"d":1,"t":1,"w":0,"b":0,"r":0,"i":0,"l":[{"b":1.0,"c":0,"s":0,"f":0,"sb":0,"sf":0,"i":0}]}]},{"b":288.25,"g":8,"e":[{"f":{"f":1,"p":1},"d":1,"t":1,"w":0,"b":0,"r":0,"i":0,"l":[{"b":0,"c":0,"s":0,"f":0,"sb":0,"sf":0,"i":0}]}]},{"b":288.25,"g":9,"e":[{"f":{"f":1,"p":1},"d":1,"t":1,"w":0,"b":0,"r":0,"i":0,"l":[{"b":0,"c":0,"s":0,"f":0,"sb":0,"sf":0,"i":0}]}]},{"b":288.5,"g":8,"e":[{"f":{"f":1,"p":1},"d":1,"t":1,"w":0,"b":0,"r":0,"i":0,"l":[{"b":1.0,"c":0,"s":0,"f":0,"sb":0,"sf":0,"i":0}]}]},{"b":288.5,"g":9,"e":[{"f":{"f":1,"p":1},"d":1,"t":1,"w":0,"b":0,"r":0,"i":0,"l":[{"b":1.0,"c":0,"s":0,"f":0,"sb":0,"sf":0,"i":0}]}]},{"b":288.75,"g":8,"e":[{"f":{"f":1,"p":1},"d":1,"t":1,"w":0,"b":0,"r":0,"i":0,"l":[{"b":0,"c":0,"s":0,"f":0,"sb":0,"sf":0,"i":0}]}]},{"b":288.75,"g":9,"e":[{"f":{"f":1,"p":1},"d":1,"t":1,"w":0,"b":0,"r":0,"i":0,"l":[{"b":0,"c":0,"s":0,"f":0,"sb":0,"sf":0,"i":0}]}]},{"b":289.0,"g":8,"e":[{"f":{"f":1,"p":1},"d":1,"t":1,"w":0,"b":0,"r":0,"i":0,"l":[{"b":1.0,"c":0,"s":0,"f":0,"sb":0,"sf":0,"i":0}]}]},{"b":289.0,"g":9,"e":[{"f":{"f":1,"p":1},"d":1,"t":1,"w":0,"b":0,"r":0,"i":0,"l":[{"b":1.0,"c":0,"s":0,"f":0,"sb":0,"sf":0,"i":0}]}]},{"b":289.0,"g":7,"e":[{"f":{"f":1,"p":1},"d":1,"t":1,"w":0,"b":0,"r":0,"i":0,"l":[{"b":1.0,"c":2,"s":0,"f":0,"sb":0,"sf":0,"i":0}]}]},{"b":289.0,"g":6,"e":[{"f":{"f":1,"p":1},"d":1,"t":1,"w":0,"b":0,"r":0,"i":0,"l":[{"b":1.0,"c":2,"s":0,"f":0,"sb":0,"sf":0,"i":0}]}]},{"b":289.25,"g":8,"e":[{"f":{"f":1,"p":1},"d":1,"t":1,"w":0,"b":0,"r":0,"i":0,"l":[{"b":0,"c":0,"s":0,"f":0,"sb":0,"sf":0,"i":0}]}]},{"b":289.25,"g":9,"e":[{"f":{"f":1,"p":1},"d":1,"t":1,"w":0,"b":0,"r":0,"i":0,"l":[{"b":0,"c":0,"s":0,"f":0,"sb":0,"sf":0,"i":0}]}]},{"b":289.5,"g":8,"e":[{"f":{"f":1,"p":1},"d":1,"t":1,"w":0,"b":0,"r":0,"i":0,"l":[{"b":1.0,"c":0,"s":0,"f":0,"sb":0,"sf":0,"i":0}]}]},{"b":289.5,"g":9,"e":[{"f":{"f":1,"p":1},"d":1,"t":1,"w":0,"b":0,"r":0,"i":0,"l":[{"b":1.0,"c":0,"s":0,"f":0,"sb":0,"sf":0,"i":0}]}]},{"b":289.5,"g":7,"e":[{"f":{"f":1,"p":1},"d":1,"t":1,"w":0,"b":0,"r":0,"i":0,"l":[{"b":0,"c":2,"s":0,"f":0,"sb":0,"sf":0,"i":0}]}]},{"b":289.5,"g":6,"e":[{"f":{"f":1,"p":1},"d":1,"t":1,"w":0,"b":0,"r":0,"i":0,"l":[{"b":0,"c":2,"s":0,"f":0,"sb":0,"sf":0,"i":0}]}]},{"b":289.75,"g":8,"e":[{"f":{"f":1,"p":1},"d":1,"t":1,"w":0,"b":0,"r":0,"i":0,"l":[{"b":0,"c":0,"s":0,"f":0,"sb":0,"sf":0,"i":0}]}]},{"b":289.75,"g":9,"e":[{"f":{"f":1,"p":1},"d":1,"t":1,"w":0,"b":0,"r":0,"i":0,"l":[{"b":0,"c":0,"s":0,"f":0,"sb":0,"sf":0,"i":0}]}]},{"b":290.0,"g":8,"e":[{"f":{"f":1,"p":1},"d":1,"t":1,"w":0,"b":0,"r":0,"i":0,"l":[{"b":1.0,"c":0,"s":0,"f":0,"sb":0,"sf":0,"i":0}]}]},{"b":290.0,"g":9,"e":[{"f":{"f":1,"p":1},"d":1,"t":1,"w":0,"b":0,"r":0,"i":0,"l":[{"b":1.0,"c":0,"s":0,"f":0,"sb":0,"sf":0,"i":0}]}]},{"b":290.25,"g":8,"e":[{"f":{"f":1,"p":1},"d":1,"t":1,"w":0,"b":0,"r":0,"i":0,"l":[{"b":0,"c":0,"s":0,"f":0,"sb":0,"sf":0,"i":0}]}]},{"b":290.25,"g":9,"e":[{"f":{"f":1,"p":1},"d":1,"t":1,"w":0,"b":0,"r":0,"i":0,"l":[{"b":0,"c":0,"s":0,"f":0,"sb":0,"sf":0,"i":0}]}]},{"b":290.5,"g":8,"e":[{"f":{"f":1,"p":1},"d":1,"t":1,"w":0,"b":0,"r":0,"i":0,"l":[{"b":1.0,"c":0,"s":0,"f":0,"sb":0,"sf":0,"i":0}]}]},{"b":290.5,"g":9,"e":[{"f":{"f":1,"p":1},"d":1,"t":1,"w":0,"b":0,"r":0,"i":0,"l":[{"b":1.0,"c":0,"s":0,"f":0,"sb":0,"sf":0,"i":0}]}]},{"b":290.75,"g":8,"e":[{"f":{"f":1,"p":1},"d":1,"t":1,"w":0,"b":0,"r":0,"i":0,"l":[{"b":0,"c":0,"s":0,"f":0,"sb":0,"sf":0,"i":0}]}]},{"b":290.75,"g":9,"e":[{"f":{"f":1,"p":1},"d":1,"t":1,"w":0,"b":0,"r":0,"i":0,"l":[{"b":0,"c":0,"s":0,"f":0,"sb":0,"sf":0,"i":0}]}]},{"b":291.0,"g":8,"e":[{"f":{"f":1,"p":1},"d":1,"t":1,"w":0,"b":0,"r":0,"i":0,"l":[{"b":1.0,"c":0,"s":0,"f":0,"sb":0,"sf":0,"i":0}]}]},{"b":291.0,"g":9,"e":[{"f":{"f":1,"p":1},"d":1,"t":1,"w":0,"b":0,"r":0,"i":0,"l":[{"b":1.0,"c":0,"s":0,"f":0,"sb":0,"sf":0,"i":0}]}]},{"b":291.0,"g":7,"e":[{"f":{"f":1,"p":1},"d":1,"t":1,"w":0,"b":0,"r":0,"i":0,"l":[{"b":1.0,"c":2,"s":0,"f":0,"sb":0,"sf":0,"i":0}]}]},{"b":291.0,"g":6,"e":[{"f":{"f":1,"p":1},"d":1,"t":1,"w":0,"b":0,"r":0,"i":0,"l":[{"b":1.0,"c":2,"s":0,"f":0,"sb":0,"sf":0,"i":0}]}]},{"b":291.25,"g":8,"e":[{"f":{"f":1,"p":1},"d":1,"t":1,"w":0,"b":0,"r":0,"i":0,"l":[{"b":0,"c":0,"s":0,"f":0,"sb":0,"sf":0,"i":0}]}]},{"b":291.25,"g":9,"e":[{"f":{"f":1,"p":1},"d":1,"t":1,"w":0,"b":0,"r":0,"i":0,"l":[{"b":0,"c":0,"s":0,"f":0,"sb":0,"sf":0,"i":0}]}]},{"b":291.5,"g":8,"e":[{"f":{"f":1,"p":1},"d":1,"t":1,"w":0,"b":0,"r":0,"i":0,"l":[{"b":1.0,"c":0,"s":0,"f":0,"sb":0,"sf":0,"i":0}]}]},{"b":291.5,"g":9,"e":[{"f":{"f":1,"p":1},"d":1,"t":1,"w":0,"b":0,"r":0,"i":0,"l":[{"b":1.0,"c":0,"s":0,"f":0,"sb":0,"sf":0,"i":0}]}]},{"b":291.5,"g":7,"e":[{"f":{"f":1,"p":1},"d":1,"t":1,"w":0,"b":0,"r":0,"i":0,"l":[{"b":0,"c":2,"s":0,"f":0,"sb":0,"sf":0,"i":0}]}]},{"b":291.5,"g":6,"e":[{"f":{"f":1,"p":1},"d":1,"t":1,"w":0,"b":0,"r":0,"i":0,"l":[{"b":0,"c":2,"s":0,"f":0,"sb":0,"sf":0,"i":0}]}]},{"b":291.75,"g":8,"e":[{"f":{"f":1,"p":1},"d":1,"t":1,"w":0,"b":0,"r":0,"i":0,"l":[{"b":0,"c":0,"s":0,"f":0,"sb":0,"sf":0,"i":0}]}]},{"b":291.75,"g":9,"e":[{"f":{"f":1,"p":1},"d":1,"t":1,"w":0,"b":0,"r":0,"i":0,"l":[{"b":0,"c":0,"s":0,"f":0,"sb":0,"sf":0,"i":0}]}]},{"b":292.0,"g":8,"e":[{"f":{"f":1,"p":1},"d":1,"t":1,"w":0,"b":0,"r":0,"i":0,"l":[{"b":1.0,"c":0,"s":0,"f":0,"sb":0,"sf":0,"i":0}]}]},{"b":292.0,"g":9,"e":[{"f":{"f":1,"p":1},"d":1,"t":1,"w":0,"b":0,"r":0,"i":0,"l":[{"b":1.0,"c":0,"s":0,"f":0,"sb":0,"sf":0,"i":0}]}]},{"b":292.25,"g":8,"e":[{"f":{"f":1,"p":1},"d":1,"t":1,"w":0,"b":0,"r":0,"i":0,"l":[{"b":0,"c":0,"s":0,"f":0,"sb":0,"sf":0,"i":0}]}]},{"b":292.25,"g":9,"e":[{"f":{"f":1,"p":1},"d":1,"t":1,"w":0,"b":0,"r":0,"i":0,"l":[{"b":0,"c":0,"s":0,"f":0,"sb":0,"sf":0,"i":0}]}]},{"b":292.5,"g":8,"e":[{"f":{"f":1,"p":1},"d":1,"t":1,"w":0,"b":0,"r":0,"i":0,"l":[{"b":1.0,"c":0,"s":0,"f":0,"sb":0,"sf":0,"i":0}]}]},{"b":292.5,"g":9,"e":[{"f":{"f":1,"p":1},"d":1,"t":1,"w":0,"b":0,"r":0,"i":0,"l":[{"b":1.0,"c":0,"s":0,"f":0,"sb":0,"sf":0,"i":0}]}]},{"b":292.75,"g":8,"e":[{"f":{"f":1,"p":1},"d":1,"t":1,"w":0,"b":0,"r":0,"i":0,"l":[{"b":0,"c":0,"s":0,"f":0,"sb":0,"sf":0,"i":0}]}]},{"b":292.75,"g":9,"e":[{"f":{"f":1,"p":1},"d":1,"t":1,"w":0,"b":0,"r":0,"i":0,"l":[{"b":0,"c":0,"s":0,"f":0,"sb":0,"sf":0,"i":0}]}]},{"b":293.0,"g":8,"e":[{"f":{"f":1,"p":1},"d":1,"t":1,"w":0,"b":0,"r":0,"i":0,"l":[{"b":1.0,"c":0,"s":0,"f":0,"sb":0,"sf":0,"i":0}]}]},{"b":293.0,"g":9,"e":[{"f":{"f":1,"p":1},"d":1,"t":1,"w":0,"b":0,"r":0,"i":0,"l":[{"b":1.0,"c":0,"s":0,"f":0,"sb":0,"sf":0,"i":0}]}]},{"b":293.0,"g":7,"e":[{"f":{"f":1,"p":1},"d":1,"t":1,"w":0,"b":0,"r":0,"i":0,"l":[{"b":1.0,"c":2,"s":0,"f":0,"sb":0,"sf":0,"i":0}]}]},{"b":293.0,"g":6,"e":[{"f":{"f":1,"p":1},"d":1,"t":1,"w":0,"b":0,"r":0,"i":0,"l":[{"b":1.0,"c":2,"s":0,"f":0,"sb":0,"sf":0,"i":0}]}]},{"b":293.25,"g":8,"e":[{"f":{"f":1,"p":1},"d":1,"t":1,"w":0,"b":0,"r":0,"i":0,"l":[{"b":0,"c":0,"s":0,"f":0,"sb":0,"sf":0,"i":0}]}]},{"b":293.25,"g":9,"e":[{"f":{"f":1,"p":1},"d":1,"t":1,"w":0,"b":0,"r":0,"i":0,"l":[{"b":0,"c":0,"s":0,"f":0,"sb":0,"sf":0,"i":0}]}]},{"b":293.5,"g":8,"e":[{"f":{"f":1,"p":1},"d":1,"t":1,"w":0,"b":0,"r":0,"i":0,"l":[{"b":1.0,"c":0,"s":0,"f":0,"sb":0,"sf":0,"i":0}]}]},{"b":293.5,"g":9,"e":[{"f":{"f":1,"p":1},"d":1,"t":1,"w":0,"b":0,"r":0,"i":0,"l":[{"b":1.0,"c":0,"s":0,"f":0,"sb":0,"sf":0,"i":0}]}]},{"b":293.5,"g":7,"e":[{"f":{"f":1,"p":1},"d":1,"t":1,"w":0,"b":0,"r":0,"i":0,"l":[{"b":0,"c":2,"s":0,"f":0,"sb":0,"sf":0,"i":0}]}]},{"b":293.5,"g":6,"e":[{"f":{"f":1,"p":1},"d":1,"t":1,"w":0,"b":0,"r":0,"i":0,"l":[{"b":0,"c":2,"s":0,"f":0,"sb":0,"sf":0,"i":0}]}]},{"b":293.75,"g":8,"e":[{"f":{"f":1,"p":1},"d":1,"t":1,"w":0,"b":0,"r":0,"i":0,"l":[{"b":0,"c":0,"s":0,"f":0,"sb":0,"sf":0,"i":0}]}]},{"b":293.75,"g":9,"e":[{"f":{"f":1,"p":1},"d":1,"t":1,"w":0,"b":0,"r":0,"i":0,"l":[{"b":0,"c":0,"s":0,"f":0,"sb":0,"sf":0,"i":0}]}]},{"b":294.0,"g":8,"e":[{"f":{"f":1,"p":1},"d":1,"t":1,"w":0,"b":0,"r":0,"i":0,"l":[{"b":1.0,"c":0,"s":0,"f":0,"sb":0,"sf":0,"i":0}]}]},{"b":294.0,"g":9,"e":[{"f":{"f":1,"p":1},"d":1,"t":1,"w":0,"b":0,"r":0,"i":0,"l":[{"b":1.0,"c":0,"s":0,"f":0,"sb":0,"sf":0,"i":0}]}]},{"b":294.25,"g":8,"e":[{"f":{"f":1,"p":1},"d":1,"t":1,"w":0,"b":0,"r":0,"i":0,"l":[{"b":0,"c":0,"s":0,"f":0,"sb":0,"sf":0,"i":0}]}]},{"b":294.25,"g":9,"e":[{"f":{"f":1,"p":1},"d":1,"t":1,"w":0,"b":0,"r":0,"i":0,"l":[{"b":0,"c":0,"s":0,"f":0,"sb":0,"sf":0,"i":0}]}]},{"b":294.5,"g":8,"e":[{"f":{"f":1,"p":1},"d":1,"t":1,"w":0,"b":0,"r":0,"i":0,"l":[{"b":1.0,"c":0,"s":0,"f":0,"sb":0,"sf":0,"i":0}]}]},{"b":294.5,"g":9,"e":[{"f":{"f":1,"p":1},"d":1,"t":1,"w":0,"b":0,"r":0,"i":0,"l":[{"b":1.0,"c":0,"s":0,"f":0,"sb":0,"sf":0,"i":0}]}]},{"b":294.75,"g":8,"e":[{"f":{"f":1,"p":1},"d":1,"t":1,"w":0,"b":0,"r":0,"i":0,"l":[{"b":0,"c":0,"s":0,"f":0,"sb":0,"sf":0,"i":0}]}]},{"b":294.75,"g":9,"e":[{"f":{"f":1,"p":1},"d":1,"t":1,"w":0,"b":0,"r":0,"i":0,"l":[{"b":0,"c":0,"s":0,"f":0,"sb":0,"sf":0,"i":0}]}]},{"b":295.0,"g":8,"e":[{"f":{"f":1,"p":1},"d":1,"t":1,"w":0,"b":0,"r":0,"i":0,"l":[{"b":1.0,"c":0,"s":0,"f":0,"sb":0,"sf":0,"i":0}]}]},{"b":295.0,"g":9,"e":[{"f":{"f":1,"p":1},"d":1,"t":1,"w":0,"b":0,"r":0,"i":0,"l":[{"b":1.0,"c":0,"s":0,"f":0,"sb":0,"sf":0,"i":0}]}]},{"b":295.0,"g":7,"e":[{"f":{"f":1,"p":1},"d":1,"t":1,"w":0,"b":0,"r":0,"i":0,"l":[{"b":1.0,"c":2,"s":0,"f":0,"sb":0,"sf":0,"i":0}]}]},{"b":295.0,"g":6,"e":[{"f":{"f":1,"p":1},"d":1,"t":1,"w":0,"b":0,"r":0,"i":0,"l":[{"b":1.0,"c":2,"s":0,"f":0,"sb":0,"sf":0,"i":0}]}]},{"b":295.25,"g":8,"e":[{"f":{"f":1,"p":1},"d":1,"t":1,"w":0,"b":0,"r":0,"i":0,"l":[{"b":0,"c":0,"s":0,"f":0,"sb":0,"sf":0,"i":0}]}]},{"b":295.25,"g":9,"e":[{"f":{"f":1,"p":1},"d":1,"t":1,"w":0,"b":0,"r":0,"i":0,"l":[{"b":0,"c":0,"s":0,"f":0,"sb":0,"sf":0,"i":0}]}]},{"b":295.5,"g":8,"e":[{"f":{"f":1,"p":1},"d":1,"t":1,"w":0,"b":0,"r":0,"i":0,"l":[{"b":1.0,"c":0,"s":0,"f":0,"sb":0,"sf":0,"i":0}]}]},{"b":295.5,"g":9,"e":[{"f":{"f":1,"p":1},"d":1,"t":1,"w":0,"b":0,"r":0,"i":0,"l":[{"b":1.0,"c":0,"s":0,"f":0,"sb":0,"sf":0,"i":0}]}]},{"b":295.5,"g":7,"e":[{"f":{"f":1,"p":1},"d":1,"t":1,"w":0,"b":0,"r":0,"i":0,"l":[{"b":0,"c":2,"s":0,"f":0,"sb":0,"sf":0,"i":0}]}]},{"b":295.5,"g":6,"e":[{"f":{"f":1,"p":1},"d":1,"t":1,"w":0,"b":0,"r":0,"i":0,"l":[{"b":0,"c":2,"s":0,"f":0,"sb":0,"sf":0,"i":0}]}]},{"b":295.75,"g":8,"e":[{"f":{"f":1,"p":1},"d":1,"t":1,"w":0,"b":0,"r":0,"i":0,"l":[{"b":0,"c":0,"s":0,"f":0,"sb":0,"sf":0,"i":0}]}]},{"b":295.75,"g":9,"e":[{"f":{"f":1,"p":1},"d":1,"t":1,"w":0,"b":0,"r":0,"i":0,"l":[{"b":0,"c":0,"s":0,"f":0,"sb":0,"sf":0,"i":0}]}]},{"b":296.0,"g":8,"e":[{"f":{"f":1,"p":1},"d":1,"t":1,"w":0,"b":0,"r":0,"i":0,"l":[{"b":1.0,"c":0,"s":0,"f":0,"sb":0,"sf":0,"i":0}]}]},{"b":296.0,"g":9,"e":[{"f":{"f":1,"p":1},"d":1,"t":1,"w":0,"b":0,"r":0,"i":0,"l":[{"b":1.0,"c":0,"s":0,"f":0,"sb":0,"sf":0,"i":0}]}]},{"b":296.25,"g":8,"e":[{"f":{"f":1,"p":1},"d":1,"t":1,"w":0,"b":0,"r":0,"i":0,"l":[{"b":0,"c":0,"s":0,"f":0,"sb":0,"sf":0,"i":0}]}]},{"b":296.25,"g":9,"e":[{"f":{"f":1,"p":1},"d":1,"t":1,"w":0,"b":0,"r":0,"i":0,"l":[{"b":0,"c":0,"s":0,"f":0,"sb":0,"sf":0,"i":0}]}]},{"b":296.5,"g":8,"e":[{"f":{"f":1,"p":1},"d":1,"t":1,"w":0,"b":0,"r":0,"i":0,"l":[{"b":1.0,"c":0,"s":0,"f":0,"sb":0,"sf":0,"i":0}]}]},{"b":296.5,"g":9,"e":[{"f":{"f":1,"p":1},"d":1,"t":1,"w":0,"b":0,"r":0,"i":0,"l":[{"b":1.0,"c":0,"s":0,"f":0,"sb":0,"sf":0,"i":0}]}]},{"b":296.75,"g":8,"e":[{"f":{"f":1,"p":1},"d":1,"t":1,"w":0,"b":0,"r":0,"i":0,"l":[{"b":0,"c":0,"s":0,"f":0,"sb":0,"sf":0,"i":0}]}]},{"b":296.75,"g":9,"e":[{"f":{"f":1,"p":1},"d":1,"t":1,"w":0,"b":0,"r":0,"i":0,"l":[{"b":0,"c":0,"s":0,"f":0,"sb":0,"sf":0,"i":0}]}]},{"b":297.0,"g":8,"e":[{"f":{"f":1,"p":1},"d":1,"t":1,"w":0,"b":0,"r":0,"i":0,"l":[{"b":1.0,"c":0,"s":0,"f":0,"sb":0,"sf":0,"i":0}]}]},{"b":297.0,"g":9,"e":[{"f":{"f":1,"p":1},"d":1,"t":1,"w":0,"b":0,"r":0,"i":0,"l":[{"b":1.0,"c":0,"s":0,"f":0,"sb":0,"sf":0,"i":0}]}]},{"b":297.0,"g":7,"e":[{"f":{"f":1,"p":1},"d":1,"t":1,"w":0,"b":0,"r":0,"i":0,"l":[{"b":1.0,"c":2,"s":0,"f":0,"sb":0,"sf":0,"i":0}]}]},{"b":297.0,"g":6,"e":[{"f":{"f":1,"p":1},"d":1,"t":1,"w":0,"b":0,"r":0,"i":0,"l":[{"b":1.0,"c":2,"s":0,"f":0,"sb":0,"sf":0,"i":0}]}]},{"b":297.25,"g":8,"e":[{"f":{"f":1,"p":1},"d":1,"t":1,"w":0,"b":0,"r":0,"i":0,"l":[{"b":0,"c":0,"s":0,"f":0,"sb":0,"sf":0,"i":0}]}]},{"b":297.25,"g":9,"e":[{"f":{"f":1,"p":1},"d":1,"t":1,"w":0,"b":0,"r":0,"i":0,"l":[{"b":0,"c":0,"s":0,"f":0,"sb":0,"sf":0,"i":0}]}]},{"b":297.5,"g":8,"e":[{"f":{"f":1,"p":1},"d":1,"t":1,"w":0,"b":0,"r":0,"i":0,"l":[{"b":1.0,"c":0,"s":0,"f":0,"sb":0,"sf":0,"i":0}]}]},{"b":297.5,"g":9,"e":[{"f":{"f":1,"p":1},"d":1,"t":1,"w":0,"b":0,"r":0,"i":0,"l":[{"b":1.0,"c":0,"s":0,"f":0,"sb":0,"sf":0,"i":0}]}]},{"b":297.5,"g":7,"e":[{"f":{"f":1,"p":1},"d":1,"t":1,"w":0,"b":0,"r":0,"i":0,"l":[{"b":0,"c":2,"s":0,"f":0,"sb":0,"sf":0,"i":0}]}]},{"b":297.5,"g":6,"e":[{"f":{"f":1,"p":1},"d":1,"t":1,"w":0,"b":0,"r":0,"i":0,"l":[{"b":0,"c":2,"s":0,"f":0,"sb":0,"sf":0,"i":0}]}]},{"b":297.75,"g":8,"e":[{"f":{"f":1,"p":1},"d":1,"t":1,"w":0,"b":0,"r":0,"i":0,"l":[{"b":0,"c":0,"s":0,"f":0,"sb":0,"sf":0,"i":0}]}]},{"b":297.75,"g":9,"e":[{"f":{"f":1,"p":1},"d":1,"t":1,"w":0,"b":0,"r":0,"i":0,"l":[{"b":0,"c":0,"s":0,"f":0,"sb":0,"sf":0,"i":0}]}]},{"b":298.0,"g":8,"e":[{"f":{"f":1,"p":1},"d":1,"t":1,"w":0,"b":0,"r":0,"i":0,"l":[{"b":1.0,"c":0,"s":0,"f":0,"sb":0,"sf":0,"i":0}]}]},{"b":298.0,"g":9,"e":[{"f":{"f":1,"p":1},"d":1,"t":1,"w":0,"b":0,"r":0,"i":0,"l":[{"b":1.0,"c":0,"s":0,"f":0,"sb":0,"sf":0,"i":0}]}]},{"b":298.25,"g":8,"e":[{"f":{"f":1,"p":1},"d":1,"t":1,"w":0,"b":0,"r":0,"i":0,"l":[{"b":0,"c":0,"s":0,"f":0,"sb":0,"sf":0,"i":0}]}]},{"b":298.25,"g":9,"e":[{"f":{"f":1,"p":1},"d":1,"t":1,"w":0,"b":0,"r":0,"i":0,"l":[{"b":0,"c":0,"s":0,"f":0,"sb":0,"sf":0,"i":0}]}]},{"b":298.5,"g":8,"e":[{"f":{"f":1,"p":1},"d":1,"t":1,"w":0,"b":0,"r":0,"i":0,"l":[{"b":1.0,"c":0,"s":0,"f":0,"sb":0,"sf":0,"i":0}]}]},{"b":298.5,"g":9,"e":[{"f":{"f":1,"p":1},"d":1,"t":1,"w":0,"b":0,"r":0,"i":0,"l":[{"b":1.0,"c":0,"s":0,"f":0,"sb":0,"sf":0,"i":0}]}]},{"b":298.75,"g":8,"e":[{"f":{"f":1,"p":1},"d":1,"t":1,"w":0,"b":0,"r":0,"i":0,"l":[{"b":0,"c":0,"s":0,"f":0,"sb":0,"sf":0,"i":0}]}]},{"b":298.75,"g":9,"e":[{"f":{"f":1,"p":1},"d":1,"t":1,"w":0,"b":0,"r":0,"i":0,"l":[{"b":0,"c":0,"s":0,"f":0,"sb":0,"sf":0,"i":0}]}]},{"b":299.0,"g":8,"e":[{"f":{"f":1,"p":1},"d":1,"t":1,"w":0,"b":0,"r":0,"i":0,"l":[{"b":1.0,"c":0,"s":0,"f":0,"sb":0,"sf":0,"i":0}]}]},{"b":299.0,"g":9,"e":[{"f":{"f":1,"p":1},"d":1,"t":1,"w":0,"b":0,"r":0,"i":0,"l":[{"b":1.0,"c":0,"s":0,"f":0,"sb":0,"sf":0,"i":0}]}]},{"b":299.0,"g":7,"e":[{"f":{"f":1,"p":1},"d":1,"t":1,"w":0,"b":0,"r":0,"i":0,"l":[{"b":1.0,"c":2,"s":0,"f":0,"sb":0,"sf":0,"i":0}]}]},{"b":299.0,"g":6,"e":[{"f":{"f":1,"p":1},"d":1,"t":1,"w":0,"b":0,"r":0,"i":0,"l":[{"b":1.0,"c":2,"s":0,"f":0,"sb":0,"sf":0,"i":0}]}]},{"b":299.25,"g":8,"e":[{"f":{"f":1,"p":1},"d":1,"t":1,"w":0,"b":0,"r":0,"i":0,"l":[{"b":0,"c":0,"s":0,"f":0,"sb":0,"sf":0,"i":0}]}]},{"b":299.25,"g":9,"e":[{"f":{"f":1,"p":1},"d":1,"t":1,"w":0,"b":0,"r":0,"i":0,"l":[{"b":0,"c":0,"s":0,"f":0,"sb":0,"sf":0,"i":0}]}]},{"b":299.5,"g":8,"e":[{"f":{"f":1,"p":1},"d":1,"t":1,"w":0,"b":0,"r":0,"i":0,"l":[{"b":1.0,"c":0,"s":0,"f":0,"sb":0,"sf":0,"i":0}]}]},{"b":299.5,"g":9,"e":[{"f":{"f":1,"p":1},"d":1,"t":1,"w":0,"b":0,"r":0,"i":0,"l":[{"b":1.0,"c":0,"s":0,"f":0,"sb":0,"sf":0,"i":0}]}]},{"b":299.5,"g":7,"e":[{"f":{"f":1,"p":1},"d":1,"t":1,"w":0,"b":0,"r":0,"i":0,"l":[{"b":0,"c":2,"s":0,"f":0,"sb":0,"sf":0,"i":0}]}]},{"b":299.5,"g":6,"e":[{"f":{"f":1,"p":1},"d":1,"t":1,"w":0,"b":0,"r":0,"i":0,"l":[{"b":0,"c":2,"s":0,"f":0,"sb":0,"sf":0,"i":0}]}]},{"b":299.75,"g":8,"e":[{"f":{"f":1,"p":1},"d":1,"t":1,"w":0,"b":0,"r":0,"i":0,"l":[{"b":0,"c":0,"s":0,"f":0,"sb":0,"sf":0,"i":0}]}]},{"b":299.75,"g":9,"e":[{"f":{"f":1,"p":1},"d":1,"t":1,"w":0,"b":0,"r":0,"i":0,"l":[{"b":0,"c":0,"s":0,"f":0,"sb":0,"sf":0,"i":0}]}]},{"b":300.0,"g":8,"e":[{"f":{"f":1,"p":1},"d":1,"t":1,"w":0,"b":0,"r":0,"i":0,"l":[{"b":1.0,"c":0,"s":0,"f":0,"sb":0,"sf":0,"i":0}]}]},{"b":300.0,"g":9,"e":[{"f":{"f":1,"p":1},"d":1,"t":1,"w":0,"b":0,"r":0,"i":0,"l":[{"b":1.0,"c":0,"s":0,"f":0,"sb":0,"sf":0,"i":0}]}]},{"b":300.25,"g":8,"e":[{"f":{"f":1,"p":1},"d":1,"t":1,"w":0,"b":0,"r":0,"i":0,"l":[{"b":0,"c":0,"s":0,"f":0,"sb":0,"sf":0,"i":0}]}]},{"b":300.25,"g":9,"e":[{"f":{"f":1,"p":1},"d":1,"t":1,"w":0,"b":0,"r":0,"i":0,"l":[{"b":0,"c":0,"s":0,"f":0,"sb":0,"sf":0,"i":0}]}]},{"b":300.5,"g":8,"e":[{"f":{"f":1,"p":1},"d":1,"t":1,"w":0,"b":0,"r":0,"i":0,"l":[{"b":1.0,"c":0,"s":0,"f":0,"sb":0,"sf":0,"i":0}]}]},{"b":300.5,"g":9,"e":[{"f":{"f":1,"p":1},"d":1,"t":1,"w":0,"b":0,"r":0,"i":0,"l":[{"b":1.0,"c":0,"s":0,"f":0,"sb":0,"sf":0,"i":0}]}]},{"b":300.75,"g":8,"e":[{"f":{"f":1,"p":1},"d":1,"t":1,"w":0,"b":0,"r":0,"i":0,"l":[{"b":0,"c":0,"s":0,"f":0,"sb":0,"sf":0,"i":0}]}]},{"b":300.75,"g":9,"e":[{"f":{"f":1,"p":1},"d":1,"t":1,"w":0,"b":0,"r":0,"i":0,"l":[{"b":0,"c":0,"s":0,"f":0,"sb":0,"sf":0,"i":0}]}]},{"b":301.0,"g":8,"e":[{"f":{"f":1,"p":1},"d":1,"t":1,"w":0,"b":0,"r":0,"i":0,"l":[{"b":1.0,"c":0,"s":0,"f":0,"sb":0,"sf":0,"i":0}]}]},{"b":301.0,"g":9,"e":[{"f":{"f":1,"p":1},"d":1,"t":1,"w":0,"b":0,"r":0,"i":0,"l":[{"b":1.0,"c":0,"s":0,"f":0,"sb":0,"sf":0,"i":0}]}]},{"b":301.0,"g":7,"e":[{"f":{"f":1,"p":1},"d":1,"t":1,"w":0,"b":0,"r":0,"i":0,"l":[{"b":1.0,"c":2,"s":0,"f":0,"sb":0,"sf":0,"i":0}]}]},{"b":301.0,"g":6,"e":[{"f":{"f":1,"p":1},"d":1,"t":1,"w":0,"b":0,"r":0,"i":0,"l":[{"b":1.0,"c":2,"s":0,"f":0,"sb":0,"sf":0,"i":0}]}]},{"b":301.25,"g":8,"e":[{"f":{"f":1,"p":1},"d":1,"t":1,"w":0,"b":0,"r":0,"i":0,"l":[{"b":0,"c":0,"s":0,"f":0,"sb":0,"sf":0,"i":0}]}]},{"b":301.25,"g":9,"e":[{"f":{"f":1,"p":1},"d":1,"t":1,"w":0,"b":0,"r":0,"i":0,"l":[{"b":0,"c":0,"s":0,"f":0,"sb":0,"sf":0,"i":0}]}]},{"b":301.5,"g":8,"e":[{"f":{"f":1,"p":1},"d":1,"t":1,"w":0,"b":0,"r":0,"i":0,"l":[{"b":1.0,"c":0,"s":0,"f":0,"sb":0,"sf":0,"i":0}]}]},{"b":301.5,"g":9,"e":[{"f":{"f":1,"p":1},"d":1,"t":1,"w":0,"b":0,"r":0,"i":0,"l":[{"b":1.0,"c":0,"s":0,"f":0,"sb":0,"sf":0,"i":0}]}]},{"b":301.5,"g":7,"e":[{"f":{"f":1,"p":1},"d":1,"t":1,"w":0,"b":0,"r":0,"i":0,"l":[{"b":0,"c":2,"s":0,"f":0,"sb":0,"sf":0,"i":0}]}]},{"b":301.5,"g":6,"e":[{"f":{"f":1,"p":1},"d":1,"t":1,"w":0,"b":0,"r":0,"i":0,"l":[{"b":0,"c":2,"s":0,"f":0,"sb":0,"sf":0,"i":0}]}]},{"b":301.75,"g":8,"e":[{"f":{"f":1,"p":1},"d":1,"t":1,"w":0,"b":0,"r":0,"i":0,"l":[{"b":0,"c":0,"s":0,"f":0,"sb":0,"sf":0,"i":0}]}]},{"b":301.75,"g":9,"e":[{"f":{"f":1,"p":1},"d":1,"t":1,"w":0,"b":0,"r":0,"i":0,"l":[{"b":0,"c":0,"s":0,"f":0,"sb":0,"sf":0,"i":0}]}]},{"b":302.0,"g":8,"e":[{"f":{"f":1,"p":1},"d":1,"t":1,"w":0,"b":0,"r":0,"i":0,"l":[{"b":1.0,"c":0,"s":0,"f":0,"sb":0,"sf":0,"i":0}]}]},{"b":302.0,"g":9,"e":[{"f":{"f":1,"p":1},"d":1,"t":1,"w":0,"b":0,"r":0,"i":0,"l":[{"b":1.0,"c":0,"s":0,"f":0,"sb":0,"sf":0,"i":0}]}]},{"b":302.25,"g":8,"e":[{"f":{"f":1,"p":1},"d":1,"t":1,"w":0,"b":0,"r":0,"i":0,"l":[{"b":0,"c":0,"s":0,"f":0,"sb":0,"sf":0,"i":0}]}]},{"b":302.25,"g":9,"e":[{"f":{"f":1,"p":1},"d":1,"t":1,"w":0,"b":0,"r":0,"i":0,"l":[{"b":0,"c":0,"s":0,"f":0,"sb":0,"sf":0,"i":0}]}]},{"b":302.5,"g":8,"e":[{"f":{"f":1,"p":1},"d":1,"t":1,"w":0,"b":0,"r":0,"i":0,"l":[{"b":1.0,"c":0,"s":0,"f":0,"sb":0,"sf":0,"i":0}]}]},{"b":302.5,"g":9,"e":[{"f":{"f":1,"p":1},"d":1,"t":1,"w":0,"b":0,"r":0,"i":0,"l":[{"b":1.0,"c":0,"s":0,"f":0,"sb":0,"sf":0,"i":0}]}]},{"b":302.75,"g":8,"e":[{"f":{"f":1,"p":1},"d":1,"t":1,"w":0,"b":0,"r":0,"i":0,"l":[{"b":0,"c":0,"s":0,"f":0,"sb":0,"sf":0,"i":0}]}]},{"b":302.75,"g":9,"e":[{"f":{"f":1,"p":1},"d":1,"t":1,"w":0,"b":0,"r":0,"i":0,"l":[{"b":0,"c":0,"s":0,"f":0,"sb":0,"sf":0,"i":0}]}]},{"b":303.0,"g":8,"e":[{"f":{"f":1,"p":1},"d":1,"t":1,"w":0,"b":0,"r":0,"i":0,"l":[{"b":1.0,"c":0,"s":0,"f":0,"sb":0,"sf":0,"i":0}]}]},{"b":303.0,"g":9,"e":[{"f":{"f":1,"p":1},"d":1,"t":1,"w":0,"b":0,"r":0,"i":0,"l":[{"b":1.0,"c":0,"s":0,"f":0,"sb":0,"sf":0,"i":0}]}]},{"b":303.0,"g":7,"e":[{"f":{"f":1,"p":1},"d":1,"t":1,"w":0,"b":0,"r":0,"i":0,"l":[{"b":1.0,"c":2,"s":0,"f":0,"sb":0,"sf":0,"i":0}]}]},{"b":303.0,"g":6,"e":[{"f":{"f":1,"p":1},"d":1,"t":1,"w":0,"b":0,"r":0,"i":0,"l":[{"b":1.0,"c":2,"s":0,"f":0,"sb":0,"sf":0,"i":0}]}]},{"b":303.25,"g":8,"e":[{"f":{"f":1,"p":1},"d":1,"t":1,"w":0,"b":0,"r":0,"i":0,"l":[{"b":0,"c":0,"s":0,"f":0,"sb":0,"sf":0,"i":0}]}]},{"b":303.25,"g":9,"e":[{"f":{"f":1,"p":1},"d":1,"t":1,"w":0,"b":0,"r":0,"i":0,"l":[{"b":0,"c":0,"s":0,"f":0,"sb":0,"sf":0,"i":0}]}]},{"b":303.5,"g":8,"e":[{"f":{"f":1,"p":1},"d":1,"t":1,"w":0,"b":0,"r":0,"i":0,"l":[{"b":1.0,"c":0,"s":0,"f":0,"sb":0,"sf":0,"i":0}]}]},{"b":303.5,"g":9,"e":[{"f":{"f":1,"p":1},"d":1,"t":1,"w":0,"b":0,"r":0,"i":0,"l":[{"b":1.0,"c":0,"s":0,"f":0,"sb":0,"sf":0,"i":0}]}]},{"b":303.5,"g":7,"e":[{"f":{"f":1,"p":1},"d":1,"t":1,"w":0,"b":0,"r":0,"i":0,"l":[{"b":0,"c":2,"s":0,"f":0,"sb":0,"sf":0,"i":0}]}]},{"b":303.5,"g":6,"e":[{"f":{"f":1,"p":1},"d":1,"t":1,"w":0,"b":0,"r":0,"i":0,"l":[{"b":0,"c":2,"s":0,"f":0,"sb":0,"sf":0,"i":0}]}]},{"b":303.75,"g":8,"e":[{"f":{"f":1,"p":1},"d":1,"t":1,"w":0,"b":0,"r":0,"i":0,"l":[{"b":0,"c":0,"s":0,"f":0,"sb":0,"sf":0,"i":0}]}]},{"b":303.75,"g":9,"e":[{"f":{"f":1,"p":1},"d":1,"t":1,"w":0,"b":0,"r":0,"i":0,"l":[{"b":0,"c":0,"s":0,"f":0,"sb":0,"sf":0,"i":0}]}]},{"b":304.0,"g":8,"e":[{"f":{"f":1,"p":1},"d":1,"t":1,"w":0,"b":0,"r":0,"i":0,"l":[{"b":1.0,"c":0,"s":0,"f":0,"sb":0,"sf":0,"i":0}]}]},{"b":304.0,"g":9,"e":[{"f":{"f":1,"p":1},"d":1,"t":1,"w":0,"b":0,"r":0,"i":0,"l":[{"b":1.0,"c":0,"s":0,"f":0,"sb":0,"sf":0,"i":0}]}]},{"b":304.25,"g":8,"e":[{"f":{"f":1,"p":1},"d":1,"t":1,"w":0,"b":0,"r":0,"i":0,"l":[{"b":0,"c":0,"s":0,"f":0,"sb":0,"sf":0,"i":0}]}]},{"b":304.25,"g":9,"e":[{"f":{"f":1,"p":1},"d":1,"t":1,"w":0,"b":0,"r":0,"i":0,"l":[{"b":0,"c":0,"s":0,"f":0,"sb":0,"sf":0,"i":0}]}]},{"b":304.5,"g":8,"e":[{"f":{"f":1,"p":1},"d":1,"t":1,"w":0,"b":0,"r":0,"i":0,"l":[{"b":1.0,"c":0,"s":0,"f":0,"sb":0,"sf":0,"i":0}]}]},{"b":304.5,"g":9,"e":[{"f":{"f":1,"p":1},"d":1,"t":1,"w":0,"b":0,"r":0,"i":0,"l":[{"b":1.0,"c":0,"s":0,"f":0,"sb":0,"sf":0,"i":0}]}]},{"b":304.75,"g":8,"e":[{"f":{"f":1,"p":1},"d":1,"t":1,"w":0,"b":0,"r":0,"i":0,"l":[{"b":0,"c":0,"s":0,"f":0,"sb":0,"sf":0,"i":0}]}]},{"b":304.75,"g":9,"e":[{"f":{"f":1,"p":1},"d":1,"t":1,"w":0,"b":0,"r":0,"i":0,"l":[{"b":0,"c":0,"s":0,"f":0,"sb":0,"sf":0,"i":0}]}]},{"b":305.0,"g":8,"e":[{"f":{"f":1,"p":1},"d":1,"t":1,"w":0,"b":0,"r":0,"i":0,"l":[{"b":1.0,"c":0,"s":0,"f":0,"sb":0,"sf":0,"i":0}]}]},{"b":305.0,"g":9,"e":[{"f":{"f":1,"p":1},"d":1,"t":1,"w":0,"b":0,"r":0,"i":0,"l":[{"b":1.0,"c":0,"s":0,"f":0,"sb":0,"sf":0,"i":0}]}]},{"b":305.0,"g":7,"e":[{"f":{"f":1,"p":1},"d":1,"t":1,"w":0,"b":0,"r":0,"i":0,"l":[{"b":1.0,"c":2,"s":0,"f":0,"sb":0,"sf":0,"i":0}]}]},{"b":305.0,"g":6,"e":[{"f":{"f":1,"p":1},"d":1,"t":1,"w":0,"b":0,"r":0,"i":0,"l":[{"b":1.0,"c":2,"s":0,"f":0,"sb":0,"sf":0,"i":0}]}]},{"b":305.25,"g":8,"e":[{"f":{"f":1,"p":1},"d":1,"t":1,"w":0,"b":0,"r":0,"i":0,"l":[{"b":0,"c":0,"s":0,"f":0,"sb":0,"sf":0,"i":0}]}]},{"b":305.25,"g":9,"e":[{"f":{"f":1,"p":1},"d":1,"t":1,"w":0,"b":0,"r":0,"i":0,"l":[{"b":0,"c":0,"s":0,"f":0,"sb":0,"sf":0,"i":0}]}]},{"b":305.5,"g":8,"e":[{"f":{"f":1,"p":1},"d":1,"t":1,"w":0,"b":0,"r":0,"i":0,"l":[{"b":1.0,"c":0,"s":0,"f":0,"sb":0,"sf":0,"i":0}]}]},{"b":305.5,"g":9,"e":[{"f":{"f":1,"p":1},"d":1,"t":1,"w":0,"b":0,"r":0,"i":0,"l":[{"b":1.0,"c":0,"s":0,"f":0,"sb":0,"sf":0,"i":0}]}]},{"b":305.5,"g":7,"e":[{"f":{"f":1,"p":1},"d":1,"t":1,"w":0,"b":0,"r":0,"i":0,"l":[{"b":0,"c":2,"s":0,"f":0,"sb":0,"sf":0,"i":0}]}]},{"b":305.5,"g":6,"e":[{"f":{"f":1,"p":1},"d":1,"t":1,"w":0,"b":0,"r":0,"i":0,"l":[{"b":0,"c":2,"s":0,"f":0,"sb":0,"sf":0,"i":0}]}]},{"b":305.75,"g":8,"e":[{"f":{"f":1,"p":1},"d":1,"t":1,"w":0,"b":0,"r":0,"i":0,"l":[{"b":0,"c":0,"s":0,"f":0,"sb":0,"sf":0,"i":0}]}]},{"b":305.75,"g":9,"e":[{"f":{"f":1,"p":1},"d":1,"t":1,"w":0,"b":0,"r":0,"i":0,"l":[{"b":0,"c":0,"s":0,"f":0,"sb":0,"sf":0,"i":0}]}]},{"b":306.0,"g":8,"e":[{"f":{"f":1,"p":1},"d":1,"t":1,"w":0,"b":0,"r":0,"i":0,"l":[{"b":1.0,"c":0,"s":0,"f":0,"sb":0,"sf":0,"i":0}]}]},{"b":306.0,"g":9,"e":[{"f":{"f":1,"p":1},"d":1,"t":1,"w":0,"b":0,"r":0,"i":0,"l":[{"b":1.0,"c":0,"s":0,"f":0,"sb":0,"sf":0,"i":0}]}]},{"b":306.25,"g":8,"e":[{"f":{"f":1,"p":1},"d":1,"t":1,"w":0,"b":0,"r":0,"i":0,"l":[{"b":0,"c":0,"s":0,"f":0,"sb":0,"sf":0,"i":0}]}]},{"b":306.25,"g":9,"e":[{"f":{"f":1,"p":1},"d":1,"t":1,"w":0,"b":0,"r":0,"i":0,"l":[{"b":0,"c":0,"s":0,"f":0,"sb":0,"sf":0,"i":0}]}]},{"b":306.5,"g":8,"e":[{"f":{"f":1,"p":1},"d":1,"t":1,"w":0,"b":0,"r":0,"i":0,"l":[{"b":1.0,"c":0,"s":0,"f":0,"sb":0,"sf":0,"i":0}]}]},{"b":306.5,"g":9,"e":[{"f":{"f":1,"p":1},"d":1,"t":1,"w":0,"b":0,"r":0,"i":0,"l":[{"b":1.0,"c":0,"s":0,"f":0,"sb":0,"sf":0,"i":0}]}]},{"b":306.75,"g":8,"e":[{"f":{"f":1,"p":1},"d":1,"t":1,"w":0,"b":0,"r":0,"i":0,"l":[{"b":0,"c":0,"s":0,"f":0,"sb":0,"sf":0,"i":0}]}]},{"b":306.75,"g":9,"e":[{"f":{"f":1,"p":1},"d":1,"t":1,"w":0,"b":0,"r":0,"i":0,"l":[{"b":0,"c":0,"s":0,"f":0,"sb":0,"sf":0,"i":0}]}]},{"b":307.0,"g":8,"e":[{"f":{"f":1,"p":1},"d":1,"t":1,"w":0,"b":0,"r":0,"i":0,"l":[{"b":1.0,"c":0,"s":0,"f":0,"sb":0,"sf":0,"i":0}]}]},{"b":307.0,"g":9,"e":[{"f":{"f":1,"p":1},"d":1,"t":1,"w":0,"b":0,"r":0,"i":0,"l":[{"b":1.0,"c":0,"s":0,"f":0,"sb":0,"sf":0,"i":0}]}]},{"b":307.0,"g":7,"e":[{"f":{"f":1,"p":1},"d":1,"t":1,"w":0,"b":0,"r":0,"i":0,"l":[{"b":1.0,"c":2,"s":0,"f":0,"sb":0,"sf":0,"i":0}]}]},{"b":307.0,"g":6,"e":[{"f":{"f":1,"p":1},"d":1,"t":1,"w":0,"b":0,"r":0,"i":0,"l":[{"b":1.0,"c":2,"s":0,"f":0,"sb":0,"sf":0,"i":0}]}]},{"b":307.25,"g":8,"e":[{"f":{"f":1,"p":1},"d":1,"t":1,"w":0,"b":0,"r":0,"i":0,"l":[{"b":0,"c":0,"s":0,"f":0,"sb":0,"sf":0,"i":0}]}]},{"b":307.25,"g":9,"e":[{"f":{"f":1,"p":1},"d":1,"t":1,"w":0,"b":0,"r":0,"i":0,"l":[{"b":0,"c":0,"s":0,"f":0,"sb":0,"sf":0,"i":0}]}]},{"b":307.5,"g":8,"e":[{"f":{"f":1,"p":1},"d":1,"t":1,"w":0,"b":0,"r":0,"i":0,"l":[{"b":1.0,"c":0,"s":0,"f":0,"sb":0,"sf":0,"i":0}]}]},{"b":307.5,"g":9,"e":[{"f":{"f":1,"p":1},"d":1,"t":1,"w":0,"b":0,"r":0,"i":0,"l":[{"b":1.0,"c":0,"s":0,"f":0,"sb":0,"sf":0,"i":0}]}]},{"b":307.5,"g":7,"e":[{"f":{"f":1,"p":1},"d":1,"t":1,"w":0,"b":0,"r":0,"i":0,"l":[{"b":0,"c":2,"s":0,"f":0,"sb":0,"sf":0,"i":0}]}]},{"b":307.5,"g":6,"e":[{"f":{"f":1,"p":1},"d":1,"t":1,"w":0,"b":0,"r":0,"i":0,"l":[{"b":0,"c":2,"s":0,"f":0,"sb":0,"sf":0,"i":0}]}]},{"b":307.75,"g":8,"e":[{"f":{"f":1,"p":1},"d":1,"t":1,"w":0,"b":0,"r":0,"i":0,"l":[{"b":0,"c":0,"s":0,"f":0,"sb":0,"sf":0,"i":0}]}]},{"b":307.75,"g":9,"e":[{"f":{"f":1,"p":1},"d":1,"t":1,"w":0,"b":0,"r":0,"i":0,"l":[{"b":0,"c":0,"s":0,"f":0,"sb":0,"sf":0,"i":0}]}]},{"b":308.0,"g":0,"e":[{"f":{"f":1,"p":1},"d":1,"t":1,"w":0,"b":0,"r":0,"i":0,"l":[{"b":0,"c":0,"s":0,"f":0,"sb":0,"sf":0,"i":0}]}]},{"b":308.0,"g":1,"e":[{"f":{"f":1,"p":1},"d":1,"t":1,"w":0,"b":0,"r":0,"i":0,"l":[{"b":0,"c":0,"s":0,"f":0,"sb":0,"sf":0,"i":0}]}]},{"b":312.0,"g":9,"e":[{"f":{"f":2},"d":1,"t":1,"w":0,"b":0,"r":0,"i":0,"l":[{"b":1.0,"c":2,"s":0,"f":0,"sb":0,"sf":0,"i":0},{"b":2.0,"c":2,"s":0,"f":0,"sb":0,"sf":0,"i":0},{"b":1.0,"c":2,"s":0,"f":0,"sb":0,"sf":0,"i":0},{"b":6.5,"c":2,"s":0,"f":0,"sb":0,"sf":0,"i":0}]},{"f":{"f":2,"p":1},"d":1,"t":1,"w":0,"b":0,"r":0,"i":0,"l":[{"b":1.0,"c":2,"s":0,"f":0,"sb":0,"sf":0,"i":0},{"b":1.5,"c":2,"s":0,"f":0,"sb":0,"sf":0,"i":0},{"b":1.0,"c":2,"s":0,"f":0,"sb":0,"sf":0,"i":0},{"b":3.0,"c":2,"s":0,"f":0,"sb":0,"sf":0,"i":0},{"b":1.0,"c":2,"s":0,"f":0,"sb":0,"sf":0,"i":0},{"b":6.0,"c":2,"s":0,"f":0,"sb":0,"sf":0,"i":0}]},{"f":{"f":2,"p":2},"d":1,"t":1,"w":0,"b":0,"r":0,"i":0,"l":[{"b":1.0,"c":2,"s":0,"f":0,"sb":0,"sf":0,"i":0},{"b":1.0,"c":2,"s":0,"f":0,"sb":0,"sf":0,"i":0},{"b":1.0,"c":2,"s":0,"f":0,"sb":0,"sf":0,"i":0},{"b":5.5,"c":2,"s":0,"f":0,"sb":0,"sf":0,"i":0}]},{"f":{"f":2,"p":3},"d":1,"t":1,"w":0,"b":0,"r":0,"i":0,"l":[{"b":1.0,"c":2,"s":0,"f":0,"sb":0,"sf":0,"i":0},{"b":0.5,"c":2,"s":0,"f":0,"sb":0,"sf":0,"i":0},{"b":1.0,"c":2,"s":0,"f":0,"sb":0,"sf":0,"i":0},{"b":5.0,"c":2,"s":0,"f":0,"sb":0,"sf":0,"i":0}]}]},{"b":312.0,"g":1,"e":[{"f":{"f":1,"p":1},"d":1,"t":1,"w":0,"b":0,"r":0,"i":0,"l":[{"b":0.5,"c":2,"s":0,"f":0,"sb":0,"sf":0,"i":0}]}]},{"b":312.0,"g":0,"e":[{"f":{"f":1,"p":1},"d":1,"t":1,"w":0,"b":0,"r":0,"i":0,"l":[{"b":0.5,"c":2,"s":0,"f":0,"sb":0,"sf":0,"i":0}]}]},{"b":313.0,"g":6,"e":[{"f":{"f":1,"p":1},"d":1,"t":1,"w":0,"b":0,"r":0,"i":0,"l":[{"b":0.5,"c":1,"s":0,"f":0,"sb":0,"sf":0,"i":0}]}]},{"b":313.0,"g":7,"e":[{"f":{"f":1,"p":1},"d":1,"t":1,"w":0,"b":0,"r":0,"i":0,"l":[{"b":0.5,"c":1,"s":0,"f":0,"sb":0,"sf":0,"i":0}]}]},{"b":313.5,"g":6,"e":[{"f":{"f":1,"p":1},"d":1,"t":1,"w":0,"b":0,"r":0,"i":0,"l":[{"b":0,"c":1,"s":0,"f":0,"sb":0,"sf":0,"i":0}]}]},{"b":313.5,"g":7,"e":[{"f":{"f":1,"p":1},"d":1,"t":1,"w":0,"b":0,"r":0,"i":0,"l":[{"b":0,"c":1,"s":0,"f":0,"sb":0,"sf":0,"i":0}]}]},{"b":315.0,"g":6,"e":[{"f":{"f":1,"p":1},"d":1,"t":1,"w":0,"b":0,"r":0,"i":0,"l":[{"b":0.5,"c":1,"s":0,"f":0,"sb":0,"sf":0,"i":0}]}]},{"b":315.0,"g":7,"e":[{"f":{"f":1,"p":1},"d":1,"t":1,"w":0,"b":0,"r":0,"i":0,"l":[{"b":0.5,"c":1,"s":0,"f":0,"sb":0,"sf":0,"i":0}]}]},{"b":315.5,"g":6,"e":[{"f":{"f":1,"p":1},"d":1,"t":1,"w":0,"b":0,"r":0,"i":0,"l":[{"b":0,"c":1,"s":0,"f":0,"sb":0,"sf":0,"i":0}]}]},{"b":315.5,"g":7,"e":[{"f":{"f":1,"p":1},"d":1,"t":1,"w":0,"b":0,"r":0,"i":0,"l":[{"b":0,"c":1,"s":0,"f":0,"sb":0,"sf":0,"i":0}]}]},{"b":317.0,"g":6,"e":[{"f":{"f":1,"p":1},"d":1,"t":1,"w":0,"b":0,"r":0,"i":0,"l":[{"b":0.5,"c":1,"s":0,"f":0,"sb":0,"sf":0,"i":0}]}]},{"b":317.0,"g":7,"e":[{"f":{"f":1,"p":1},"d":1,"t":1,"w":0,"b":0,"r":0,"i":0,"l":[{"b":0.5,"c":1,"s":0,"f":0,"sb":0,"sf":0,"i":0}]}]},{"b":317.5,"g":6,"e":[{"f":{"f":1,"p":1},"d":1,"t":1,"w":0,"b":0,"r":0,"i":0,"l":[{"b":0,"c":1,"s":0,"f":0,"sb":0,"sf":0,"i":0}]}]},{"b":317.5,"g":7,"e":[{"f":{"f":1,"p":1},"d":1,"t":1,"w":0,"b":0,"r":0,"i":0,"l":[{"b":0,"c":1,"s":0,"f":0,"sb":0,"sf":0,"i":0}]}]},{"b":318.5,"g":8,"e":[{"f":{"f":2,"r":1},"d":1,"t":1,"w":0,"b":0,"r":0,"i":0,"l":[{"b":1.0,"c":2,"s":0,"f":0,"sb":0,"sf":0,"i":0},{"b":2.0,"c":2,"s":0,"f":0,"sb":0,"sf":0,"i":0}]},{"f":{"f":2,"p":1,"r":1},"d":1,"t":1,"w":0,"b":0,"r":0,"i":0,"l":[{"b":1.0,"c":2,"s":0,"f":0,"sb":0,"sf":0,"i":0},{"b":1.5,"c":2,"s":0,"f":0,"sb":0,"sf":0,"i":0},{"b":1.0,"c":2,"s":0,"f":0,"sb":0,"sf":0,"i":0},{"b":2.5,"c":2,"s":0,"f":0,"sb":0,"sf":0,"i":0}]},{"f":{"f":2,"p":2,"r":1},"d":1,"t":1,"w":0,"b":0,"r":0,"i":0,"l":[{"b":1.0,"c":2,"s":0,"f":0,"sb":0,"sf":0,"i":0},{"b":1.0,"c":2,"s":0,"f":0,"sb":0,"sf":0,"i":0}]},{"f":{"f":2,"p":3,"r":1},"d":1,"t":1,"w":0,"b":0,"r":0,"i":0,"l":[{"b":1.0,"c":2,"s":0,"f":0,"sb":0,"sf":0,"i":0},{"b":0.5,"c":2,"s":0,"f":0,"sb":0,"sf":0,"i":0}]}]},{"b":319.0,"g":6,"e":[{"f":{"f":1,"p":1},"d":1,"t":1,"w":0,"b":0,"r":0,"i":0,"l":[{"b":0.5,"c":1,"s":0,"f":0,"sb":0,"sf":0,"i":0}]}]},{"b":319.0,"g":7,"e":[{"f":{"f":1,"p":1},"d":1,"t":1,"w":0,"b":0,"r":0,"i":0,"l":[{"b":0.5,"c":1,"s":0,"f":0,"sb":0,"sf":0,"i":0}]}]},{"b":319.5,"g":6,"e":[{"f":{"f":1,"p":1},"d":1,"t":1,"w":0,"b":0,"r":0,"i":0,"l":[{"b":0,"c":1,"s":0,"f":0,"sb":0,"sf":0,"i":0}]}]},{"b":319.5,"g":7,"e":[{"f":{"f":1,"p":1},"d":1,"t":1,"w":0,"b":0,"r":0,"i":0,"l":[{"b":0,"c":1,"s":0,"f":0,"sb":0,"sf":0,"i":0}]}]},{"b":321.0,"g":6,"e":[{"f":{"f":1,"p":1},"d":1,"t":1,"w":0,"b":0,"r":0,"i":0,"l":[{"b":0.5,"c":1,"s":0,"f":0,"sb":0,"sf":0,"i":0}]}]},{"b":321.0,"g":7,"e":[{"f":{"f":1,"p":1},"d":1,"t":1,"w":0,"b":0,"r":0,"i":0,"l":[{"b":0.5,"c":1,"s":0,"f":0,"sb":0,"sf":0,"i":0}]}]},{"b":321.0,"g":9,"e":[{"f":{"f":2},"d":1,"t":1,"w":0,"b":0,"r":0,"i":0,"l":[{"b":1.0,"c":2,"s":0,"f":0,"sb":0,"sf":0,"i":0},{"b":0.5,"c":2,"s":0,"f":0,"sb":0,"sf":0,"i":0}]},{"f":{"f":2,"p":1},"d":1,"t":1,"w":0,"b":0,"r":0,"i":0,"l":[]},{"f":{"f":2,"p":2},"d":1,"t":1,"w":0,"b":0,"r":0,"i":0,"l":[]},{"f":{"f":2,"p":3},"d":1,"t":1,"w":0,"b":0,"r":0,"i":0,"l":[]}]},{"b":321.5,"g":6,"e":[{"f":{"f":1,"p":1},"d":1,"t":1,"w":0,"b":0,"r":0,"i":0,"l":[{"b":0,"c":1,"s":0,"f":0,"sb":0,"sf":0,"i":0}]}]},{"b":321.5,"g":7,"e":[{"f":{"f":1,"p":1},"d":1,"t":1,"w":0,"b":0,"r":0,"i":0,"l":[{"b":0,"c":1,"s":0,"f":0,"sb":0,"sf":0,"i":0}]}]},{"b":321.5,"g":8,"e":[{"f":{"f":2},"d":1,"t":1,"w":0,"b":0,"r":0,"i":0,"l":[{"b":1.0,"c":2,"s":0,"f":0,"sb":0,"sf":0,"i":0},{"b":0.5,"c":2,"s":0,"f":0,"sb":0,"sf":0,"i":0},{"b":1.0,"c":2,"s":0,"f":0,"sb":0,"sf":0,"i":0},{"b":1.5,"c":2,"s":0,"f":0,"sb":0,"sf":0,"i":0}]},{"f":{"f":2,"p":1},"d":1,"t":1,"w":0,"b":0,"r":0,"i":0,"l":[{"b":1.0,"c":2,"s":0,"f":0,"sb":0,"sf":0,"i":0},{"b":1.0,"c":2,"s":0,"f":0,"sb":0,"sf":0,"i":0}]},{"f":{"f":2,"p":2},"d":1,"t":1,"w":0,"b":0,"r":0,"i":0,"l":[]},{"f":{"f":2,"p":3},"d":1,"t":1,"w":0,"b":0,"r":0,"i":0,"l":[]}]},{"b":323.0,"g":6,"e":[{"f":{"f":1,"p":1},"d":1,"t":1,"w":0,"b":0,"r":0,"i":0,"l":[{"b":0.5,"c":1,"s":0,"f":0,"sb":0,"sf":0,"i":0}]}]},{"b":323.0,"g":7,"e":[{"f":{"f":1,"p":1},"d":1,"t":1,"w":0,"b":0,"r":0,"i":0,"l":[{"b":0.5,"c":1,"s":0,"f":0,"sb":0,"sf":0,"i":0}]}]},{"b":323.0,"g":9,"e":[{"f":{"f":2},"d":1,"t":1,"w":0,"b":0,"r":0,"i":0,"l":[{"b":1.0,"c":2,"s":0,"f":0,"sb":0,"sf":0,"i":0},{"b":0.5,"c":2,"s":0,"f":0,"sb":0,"sf":0,"i":0},{"b":1.0,"c":2,"s":0,"f":0,"sb":0,"sf":0,"i":0},{"b":4.5,"c":2,"s":0,"f":0,"sb":0,"sf":0,"i":0}]},{"f":{"f":2,"p":1},"d":1,"t":1,"w":0,"b":0,"r":0,"i":0,"l":[{"b":1.0,"c":2,"s":0,"f":0,"sb":0,"sf":0,"i":0},{"b":1.0,"c":2,"s":0,"f":0,"sb":0,"sf":0,"i":0},{"b":1.0,"c":2,"s":0,"f":0,"sb":0,"sf":0,"i":0},{"b":2.5,"c":2,"s":0,"f":0,"sb":0,"sf":0,"i":0},{"b":1.0,"c":2,"s":0,"f":0,"sb":0,"sf":0,"i":0},{"b":4.0,"c":2,"s":0,"f":0,"sb":0,"sf":0,"i":0}]},{"f":{"f":2,"p":2},"d":1,"t":1,"w":0,"b":0,"r":0,"i":0,"l":[{"b":1.0,"c":2,"s":0,"f":0,"sb":0,"sf":0,"i":0},{"b":2.0,"c":2,"s":0,"f":0,"sb":0,"sf":0,"i":0},{"b":1.0,"c":2,"s":0,"f":0,"sb":0,"sf":0,"i":0},{"b":3.5,"c":2,"s":0,"f":0,"sb":0,"sf":0,"i":0}]},{"f":{"f":2,"p":3},"d":1,"t":1,"w":0,"b":0,"r":0,"i":0,"l":[{"b":1.0,"c":2,"s":0,"f":0,"sb":0,"sf":0,"i":0},{"b":1.5,"c":2,"s":0,"f":0,"sb":0,"sf":0,"i":0},{"b":1.0,"c":2,"s":0,"f":0,"sb":0,"sf":0,"i":0},{"b":3.0,"c":2,"s":0,"f":0,"sb":0,"sf":0,"i":0}]}]},{"b":323.5,"g":6,"e":[{"f":{"f":1,"p":1},"d":1,"t":1,"w":0,"b":0,"r":0,"i":0,"l":[{"b":0,"c":1,"s":0,"f":0,"sb":0,"sf":0,"i":0}]}]},{"b":323.5,"g":7,"e":[{"f":{"f":1,"p":1},"d":1,"t":1,"w":0,"b":0,"r":0,"i":0,"l":[{"b":0,"c":1,"s":0,"f":0,"sb":0,"sf":0,"i":0}]}]},{"b":325.0,"g":6,"e":[{"f":{"f":1,"p":1},"d":1,"t":1,"w":0,"b":0,"r":0,"i":0,"l":[{"b":0.5,"c":1,"s":0,"f":0,"sb":0,"sf":0,"i":0}]}]},{"b":325.0,"g":7,"e":[{"f":{"f":1,"p":1},"d":1,"t":1,"w":0,"b":0,"r":0,"i":0,"l":[{"b":0.5,"c":1,"s":0,"f":0,"sb":0,"sf":0,"i":0}]}]},{"b":325.5,"g":6,"e":[{"f":{"f":1,"p":1},"d":1,"t":1,"w":0,"b":0,"r":0,"i":0,"l":[{"b":0,"c":1,"s":0,"f":0,"sb":0,"sf":0,"i":0}]}]},{"b":325.5,"g":7,"e":[{"f":{"f":1,"p":1},"d":1,"t":1,"w":0,"b":0,"r":0,"i":0,"l":[{"b":0,"c":1,"s":0,"f":0,"sb":0,"sf":0,"i":0}]}]},{"b":327.0,"g":6,"e":[{"f":{"f":1,"p":1},"d":1,"t":1,"w":0,"b":0,"r":0,"i":0,"l":[{"b":0.5,"c":1,"s":0,"f":0,"sb":0,"sf":0,"i":0}]}]},{"b":327.0,"g":7,"e":[{"f":{"f":1,"p":1},"d":1,"t":1,"w":0,"b":0,"r":0,"i":0,"l":[{"b":0.5,"c":1,"s":0,"f":0,"sb":0,"sf":0,"i":0}]}]},{"b":327.5,"g":6,"e":[{"f":{"f":1,"p":1},"d":1,"t":1,"w":0,"b":0,"r":0,"i":0,"l":[{"b":0,"c":1,"s":0,"f":0,"sb":0,"sf":0,"i":0}]}]},{"b":327.5,"g":7,"e":[{"f":{"f":1,"p":1},"d":1,"t":1,"w":0,"b":0,"r":0,"i":0,"l":[{"b":0,"c":1,"s":0,"f":0,"sb":0,"sf":0,"i":0}]}]},{"b":327.5,"g":8,"e":[{"f":{"f":2,"r":1},"d":1,"t":1,"w":0,"b":0,"r":0,"i":0,"l":[{"b":1.0,"c":2,"s":0,"f":0,"sb":0,"sf":0,"i":0},{"b":1.5,"c":2,"s":0,"f":0,"sb":0,"sf":0,"i":0},{"b":1.0,"c":2,"s":0,"f":0,"sb":0,"sf":0,"i":0},{"b":5.0,"c":2,"s":0,"f":0,"sb":0,"sf":0,"i":0}]},{"f":{"f":2,"p":1,"r":1},"d":1,"t":1,"w":0,"b":0,"r":0,"i":0,"l":[{"b":1.0,"c":2,"s":0,"f":0,"sb":0,"sf":0,"i":0},{"b":1.0,"c":2,"s":0,"f":0,"sb":0,"sf":0,"i":0},{"b":1.0,"c":2,"s":0,"f":0,"sb":0,"sf":0,"i":0},{"b":2.0,"c":2,"s":0,"f":0,"sb":0,"sf":0,"i":0},{"b":1.0,"c":2,"s":0,"f":0,"sb":0,"sf":0,"i":0},{"b":5.5,"c":2,"s":0,"f":0,"sb":0,"sf":0,"i":0}]},{"f":{"f":2,"p":2,"r":1},"d":1,"t":1,"w":0,"b":0,"r":0,"i":0,"l":[{"b":1.0,"c":2,"s":0,"f":0,"sb":0,"sf":0,"i":0},{"b":2.5,"c":2,"s":0,"f":0,"sb":0,"sf":0,"i":0},{"b":1.0,"c":2,"s":0,"f":0,"sb":0,"sf":0,"i":0},{"b":6.0,"c":2,"s":0,"f":0,"sb":0,"sf":0,"i":0}]},{"f":{"f":2,"p":3,"r":1},"d":1,"t":1,"w":0,"b":0,"r":0,"i":0,"l":[{"b":1.0,"c":2,"s":0,"f":0,"sb":0,"sf":0,"i":0},{"b":0.5,"c":2,"s":0,"f":0,"sb":0,"sf":0,"i":0},{"b":1.0,"c":2,"s":0,"f":0,"sb":0,"sf":0,"i":0},{"b":4.5,"c":2,"s":0,"f":0,"sb":0,"sf":0,"i":0},{"b":1.0,"c":2,"s":0,"f":0,"sb":0,"sf":0,"i":0},{"b":6.5,"c":2,"s":0,"f":0,"sb":0,"sf":0,"i":0}]}]},{"b":329.0,"g":6,"e":[{"f":{"f":1,"p":1},"d":1,"t":1,"w":0,"b":0,"r":0,"i":0,"l":[{"b":0.5,"c":1,"s":0,"f":0,"sb":0,"sf":0,"i":0}]}]},{"b":329.0,"g":7,"e":[{"f":{"f":1,"p":1},"d":1,"t":1,"w":0,"b":0,"r":0,"i":0,"l":[{"b":0.5,"c":1,"s":0,"f":0,"sb":0,"sf":0,"i":0}]}]},{"b":329.5,"g":6,"e":[{"f":{"f":1,"p":1},"d":1,"t":1,"w":0,"b":0,"r":0,"i":0,"l":[{"b":0,"c":1,"s":0,"f":0,"sb":0,"sf":0,"i":0}]}]},{"b":329.5,"g":7,"e":[{"f":{"f":1,"p":1},"d":1,"t":1,"w":0,"b":0,"r":0,"i":0,"l":[{"b":0,"c":1,"s":0,"f":0,"sb":0,"sf":0,"i":0}]}]},{"b":331.0,"g":6,"e":[{"f":{"f":1,"p":1},"d":1,"t":1,"w":0,"b":0,"r":0,"i":0,"l":[{"b":0.5,"c":1,"s":0,"f":0,"sb":0,"sf":0,"i":0}]}]},{"b":331.0,"g":7,"e":[{"f":{"f":1,"p":1},"d":1,"t":1,"w":0,"b":0,"r":0,"i":0,"l":[{"b":0.5,"c":1,"s":0,"f":0,"sb":0,"sf":0,"i":0}]}]},{"b":331.5,"g":6,"e":[{"f":{"f":1,"p":1},"d":1,"t":1,"w":0,"b":0,"r":0,"i":0,"l":[{"b":0,"c":1,"s":0,"f":0,"sb":0,"sf":0,"i":0}]}]},{"b":331.5,"g":7,"e":[{"f":{"f":1,"p":1},"d":1,"t":1,"w":0,"b":0,"r":0,"i":0,"l":[{"b":0,"c":1,"s":0,"f":0,"sb":0,"sf":0,"i":0}]}]},{"b":333.0,"g":6,"e":[{"f":{"f":1,"p":1},"d":1,"t":1,"w":0,"b":0,"r":0,"i":0,"l":[{"b":0.5,"c":1,"s":0,"f":0,"sb":0,"sf":0,"i":0}]}]},{"b":333.0,"g":7,"e":[{"f":{"f":1,"p":1},"d":1,"t":1,"w":0,"b":0,"r":0,"i":0,"l":[{"b":0.5,"c":1,"s":0,"f":0,"sb":0,"sf":0,"i":0}]}]},{"b":333.5,"g":6,"e":[{"f":{"f":1,"p":1},"d":1,"t":1,"w":0,"b":0,"r":0,"i":0,"l":[{"b":0,"c":1,"s":0,"f":0,"sb":0,"sf":0,"i":0}]}]},{"b":333.5,"g":7,"e":[{"f":{"f":1,"p":1},"d":1,"t":1,"w":0,"b":0,"r":0,"i":0,"l":[{"b":0,"c":1,"s":0,"f":0,"sb":0,"sf":0,"i":0}]}]},{"b":334.0,"g":6,"e":[{"f":{"f":1,"p":1,"n":2,"s":-369977633},"w":2.0,"d":1,"t":1,"b":0,"r":0,"i":0,"l":[{"b":1.0,"c":1,"s":0,"f":0,"sb":0,"sf":0,"i":0}]}]},{"b":334.0,"g":7,"e":[{"f":{"f":1,"p":1,"n":2,"s":1414411418},"w":2.0,"d":1,"t":1,"b":0,"r":0,"i":0,"l":[{"b":1.0,"c":1,"s":0,"f":0,"sb":0,"sf":0,"i":0}]}]},{"b":334.0,"g":9,"e":[{"f":{"f":2},"d":1,"t":1,"w":0,"b":0,"r":0,"i":0,"l":[{"b":1.0,"c":2,"s":0,"f":0,"sb":0,"sf":0,"i":0},{"b":0.5,"c":2,"s":0,"f":0,"sb":0,"sf":0,"i":0}]},{"f":{"f":2,"p":1},"d":1,"t":1,"w":0,"b":0,"r":0,"i":0,"l":[{"b":1.0,"c":2,"s":0,"f":0,"sb":0,"sf":0,"i":0},{"b":1.0,"c":2,"s":0,"f":0,"sb":0,"sf":0,"i":0}]},{"f":{"f":2,"p":2},"d":1,"t":1,"w":0,"b":0,"r":0,"i":0,"l":[{"b":1.0,"c":2,"s":0,"f":0,"sb":0,"sf":0,"i":0},{"b":1.75,"c":2,"s":0,"f":0,"sb":0,"sf":0,"i":0}]},{"f":{"f":2,"p":3},"d":1,"t":1,"w":0,"b":0,"r":0,"i":0,"l":[]}]},{"b":336.0,"g":6,"e":[{"f":{"f":1,"p":1},"d":1,"t":1,"w":0,"b":0,"r":0,"i":0,"l":[{"b":0,"c":1,"s":0,"f":0,"sb":0,"sf":0,"i":0}]}]},{"b":336.0,"g":7,"e":[{"f":{"f":1,"p":1},"d":1,"t":1,"w":0,"b":0,"r":0,"i":0,"l":[{"b":0,"c":1,"s":0,"f":0,"sb":0,"sf":0,"i":0}]}]},{"b":336.0,"g":8,"e":[{"f":{"f":1,"p":1},"d":1,"t":1,"w":0,"b":0,"r":0,"i":0,"l":[{"b":1.0,"c":2,"s":0,"f":0,"sb":0,"sf":0,"i":0}]}]},{"b":336.0,"g":9,"e":[{"f":{"f":1,"p":1},"d":1,"t":1,"w":0,"b":0,"r":0,"i":0,"l":[{"b":1.0,"c":2,"s":0,"f":0,"sb":0,"sf":0,"i":0}]}]},{"b":336.5,"g":8,"e":[{"f":{"f":1,"p":1},"d":1,"t":1,"w":0,"b":0,"r":0,"i":0,"l":[{"b":0,"c":2,"s":0,"f":0,"sb":0,"sf":0,"i":0}]}]},{"b":336.5,"g":9,"e":[{"f":{"f":1,"p":1},"d":1,"t":1,"w":0,"b":0,"r":0,"i":0,"l":[{"b":0,"c":2,"s":0,"f":0,"sb":0,"sf":0,"i":0}]}]},{"b":337.0,"g":8,"e":[{"f":{"f":1,"p":1},"d":1,"t":1,"w":0,"b":0,"r":0,"i":0,"l":[{"b":1.0,"c":2,"s":0,"f":0,"sb":0,"sf":0,"i":0}]}]},{"b":337.0,"g":9,"e":[{"f":{"f":1,"p":1},"d":1,"t":1,"w":0,"b":0,"r":0,"i":0,"l":[{"b":1.0,"c":2,"s":0,"f":0,"sb":0,"sf":0,"i":0}]}]},{"b":337.25,"g":8,"e":[{"f":{"f":1,"p":1},"d":1,"t":1,"w":0,"b":0,"r":0,"i":0,"l":[{"b":0,"c":2,"s":0,"f":0,"sb":0,"sf":0,"i":0}]}]},{"b":337.25,"g":9,"e":[{"f":{"f":1,"p":1},"d":1,"t":1,"w":0,"b":0,"r":0,"i":0,"l":[{"b":0,"c":2,"s":0,"f":0,"sb":0,"sf":0,"i":0}]}]},{"b":337.5,"g":8,"e":[{"f":{"f":1,"p":1},"d":1,"t":1,"w":0,"b":0,"r":0,"i":0,"l":[{"b":1.0,"c":2,"s":0,"f":0,"sb":0,"sf":0,"i":0}]}]},{"b":337.5,"g":9,"e":[{"f":{"f":1,"p":1},"d":1,"t":1,"w":0,"b":0,"r":0,"i":0,"l":[{"b":1.0,"c":2,"s":0,"f":0,"sb":0,"sf":0,"i":0}]}]},{"b":338.0,"g":8,"e":[{"f":{"f":1,"p":1},"d":1,"t":1,"w":0,"b":0,"r":0,"i":0,"l":[{"b":0,"c":2,"s":0,"f":0,"sb":0,"sf":0,"i":0}]}]},{"b":338.0,"g":9,"e":[{"f":{"f":1,"p":1},"d":1,"t":1,"w":0,"b":0,"r":0,"i":0,"l":[{"b":0,"c":2,"s":0,"f":0,"sb":0,"sf":0,"i":0}]}]},{"b":338.5,"g":8,"e":[{"f":{"f":1,"p":1},"d":1,"t":1,"w":0,"b":0,"r":0,"i":0,"l":[{"b":1.0,"c":2,"s":0,"f":0,"sb":0,"sf":0,"i":0}]}]},{"b":338.5,"g":9,"e":[{"f":{"f":1,"p":1},"d":1,"t":1,"w":0,"b":0,"r":0,"i":0,"l":[{"b":1.0,"c":2,"s":0,"f":0,"sb":0,"sf":0,"i":0}]}]},{"b":339.0,"g":8,"e":[{"f":{"f":1,"p":1},"d":1,"t":1,"w":0,"b":0,"r":0,"i":0,"l":[{"b":0,"c":2,"s":0,"f":0,"sb":0,"sf":0,"i":0}]}]},{"b":339.0,"g":9,"e":[{"f":{"f":1,"p":1},"d":1,"t":1,"w":0,"b":0,"r":0,"i":0,"l":[{"b":0,"c":2,"s":0,"f":0,"sb":0,"sf":0,"i":0}]}]},{"b":340.0,"g":6,"e":[{"f":{"f":1,"p":1,"n":2,"s":135819536},"w":4.0,"d":1,"t":1,"b":0,"r":0,"i":0,"l":[{"b":1.0,"c":1,"s":0,"f":0,"sb":0,"sf":0,"i":0}]}]},{"b":340.0,"g":7,"e":[{"f":{"f":1,"p":1,"n":2,"s":1119581078},"w":4.0,"d":1,"t":1,"b":0,"r":0,"i":0,"l":[{"b":1.0,"c":1,"s":0,"f":0,"sb":0,"sf":0,"i":0}]}]},{"b":340.0,"g":8,"e":[{"f":{"f":1,"p":1},"d":1,"t":1,"w":0,"b":0,"r":0,"i":0,"l":[{"b":1.0,"c":2,"s":0,"f":0,"sb":0,"sf":0,"i":0}]}]},{"b":340.0,"g":9,"e":[{"f":{"f":1,"p":1},"d":1,"t":1,"w":0,"b":0,"r":0,"i":0,"l":[{"b":1.0,"c":2,"s":0,"f":0,"sb":0,"sf":0,"i":0}]}]},{"b":340.0,"g":0,"e":[{"f":{"f":1,"p":1},"d":1,"t":1,"w":0,"b":0,"r":0,"i":0,"l":[{"b":0.5,"c":2,"s":0,"f":0,"sb":0,"sf":0,"i":0}]}]},{"b":340.0,"g":1,"e":[{"f":{"f":1,"p":1},"d":1,"t":1,"w":0,"b":0,"r":0,"i":0,"l":[{"b":0.5,"c":2,"s":0,"f":0,"sb":0,"sf":0,"i":0}]}]},{"b":340.5,"g":8,"e":[{"f":{"f":1,"p":1},"d":1,"t":1,"w":0,"b":0,"r":0,"i":0,"l":[{"b":0,"c":2,"s":0,"f":0,"sb":0,"sf":0,"i":0}]}]},{"b":340.5,"g":9,"e":[{"f":{"f":1,"p":1},"d":1,"t":1,"w":0,"b":0,"r":0,"i":0,"l":[{"b":0,"c":2,"s":0,"f":0,"sb":0,"sf":0,"i":0}]}]},{"b":344.0,"g":6,"e":[{"f":{"f":1,"p":1},"d":1,"t":1,"w":0,"b":0,"r":0,"i":0,"l":[{"b":1.0,"c":1,"s":0,"f":0,"sb":0,"sf":0,"i":0}]}]},{"b":344.0,"g":7,"e":[{"f":{"f":1,"p":1},"d":1,"t":1,"w":0,"b":0,"r":0,"i":0,"l":[{"b":1.0,"c":1,"s":0,"f":0,"sb":0,"sf":0,"i":0}]}]},{"b":344.0,"g":0,"e":[{"f":{"f":1,"p":1},"d":1,"t":1,"w":0,"b":0,"r":0,"i":0,"l":[{"b":1.0,"c":0,"s":0,"f":0,"sb":0,"sf":0,"i":0}]}]},{"b":344.0,"g":1,"e":[{"f":{"f":1,"p":1},"d":1,"t":1,"w":0,"b":0,"r":0,"i":0,"l":[{"b":1.0,"c":0,"s":0,"f":0,"sb":0,"sf":0,"i":0}]}]},{"b":344.5,"g":6,"e":[{"f":{"f":1,"p":1},"d":1,"t":1,"w":0,"b":0,"r":0,"i":0,"l":[{"b":0,"c":1,"s":0,"f":0,"sb":0,"sf":0,"i":0}]}]},{"b":344.5,"g":7,"e":[{"f":{"f":1,"p":1},"d":1,"t":1,"w":0,"b":0,"r":0,"i":0,"l":[{"b":0,"c":1,"s":0,"f":0,"sb":0,"sf":0,"i":0}]}]},{"b":346.0,"g":7,"e":[{"f":{"f":1,"p":1},"d":1,"t":1,"w":0,"b":0,"r":0,"i":0,"l":[{"b":1.0,"c":1,"s":0,"f":0,"sb":0,"sf":0,"i":0}]}]},{"b":346.0,"g":6,"e":[{"f":{"f":1,"p":1},"d":1,"t":1,"w":0,"b":0,"r":0,"i":0,"l":[{"b":1.0,"c":1,"s":0,"f":0,"sb":0,"sf":0,"i":0}]}]},{"b":346.5,"g":7,"e":[{"f":{"f":1,"p":1},"d":1,"t":1,"w":0,"b":0,"r":0,"i":0,"l":[{"b":0,"c":1,"s":0,"f":0,"sb":0,"sf":0,"i":0}]}]},{"b":346.5,"g":6,"e":[{"f":{"f":1,"p":1},"d":1,"t":1,"w":0,"b":0,"r":0,"i":0,"l":[{"b":0,"c":1,"s":0,"f":0,"sb":0,"sf":0,"i":0}]}]},{"b":348.0,"g":7,"e":[{"f":{"f":1,"p":1},"d":1,"t":1,"w":0,"b":0,"r":0,"i":0,"l":[{"b":1.0,"c":1,"s":0,"f":0,"sb":0,"sf":0,"i":0}]}]},{"b":348.0,"g":6,"e":[{"f":{"f":1,"p":1},"d":1,"t":1,"w":0,"b":0,"r":0,"i":0,"l":[{"b":1.0,"c":1,"s":0,"f":0,"sb":0,"sf":0,"i":0}]}]},{"b":348.5,"g":7,"e":[{"f":{"f":1,"p":1},"d":1,"t":1,"w":0,"b":0,"r":0,"i":0,"l":[{"b":0,"c":1,"s":0,"f":0,"sb":0,"sf":0,"i":0}]}]},{"b":348.5,"g":6,"e":[{"f":{"f":1,"p":1},"d":1,"t":1,"w":0,"b":0,"r":0,"i":0,"l":[{"b":0,"c":1,"s":0,"f":0,"sb":0,"sf":0,"i":0}]}]},{"b":356.0,"g":7,"e":[{"f":{"f":1,"p":1},"d":1,"t":1,"w":0,"b":0,"r":0,"i":0,"l":[{"b":1.0,"c":1,"s":0,"f":0,"sb":0,"sf":0,"i":0}]}]},{"b":356.0,"g":6,"e":[{"f":{"f":1,"p":1},"d":1,"t":1,"w":0,"b":0,"r":0,"i":0,"l":[{"b":1.0,"c":1,"s":0,"f":0,"sb":0,"sf":0,"i":0}]}]},{"b":356.5,"g":7,"e":[{"f":{"f":1,"p":1},"d":1,"t":1,"w":0,"b":0,"r":0,"i":0,"l":[{"b":0,"c":1,"s":0,"f":0,"sb":0,"sf":0,"i":0}]}]},{"b":356.5,"g":6,"e":[{"f":{"f":1,"p":1},"d":1,"t":1,"w":0,"b":0,"r":0,"i":0,"l":[{"b":0,"c":1,"s":0,"f":0,"sb":0,"sf":0,"i":0}]}]},{"b":357.0,"g":6,"e":[{"f":{"f":1,"p":1,"n":2,"s":2110376633},"w":7.0,"d":1,"t":1,"b":0,"r":0,"i":0,"l":[{"b":1.0,"c":2,"s":0,"f":0,"sb":0,"sf":0,"i":0}]}]},{"b":357.0,"g":7,"e":[{"f":{"f":1,"p":1,"n":2,"s":1251091153},"w":7.0,"d":1,"t":1,"b":0,"r":0,"i":0,"l":[{"b":1.0,"c":2,"s":0,"f":0,"sb":0,"sf":0,"i":0}]}]},{"b":364.0,"g":6,"e":[{"f":{"f":1,"p":1},"d":1,"t":1,"w":0,"b":0,"r":0,"i":0,"l":[{"b":1.0,"c":2,"s":0,"f":0,"sb":0,"sf":0,"i":0}]}]},{"b":364.0,"g":7,"e":[{"f":{"f":1,"p":1},"d":1,"t":1,"w":0,"b":0,"r":0,"i":0,"l":[{"b":1.0,"c":2,"s":0,"f":0,"sb":0,"sf":0,"i":0}]}]},{"b":364.5,"g":6,"e":[{"f":{"f":1,"p":1},"d":1,"t":1,"w":0,"b":0,"r":0,"i":0,"l":[{"b":0,"c":2,"s":0,"f":0,"sb":0,"sf":0,"i":0}]}]},{"b":364.5,"g":7,"e":[{"f":{"f":1,"p":1},"d":1,"t":1,"w":0,"b":0,"r":0,"i":0,"l":[{"b":0,"c":2,"s":0,"f":0,"sb":0,"sf":0,"i":0}]}]},{"b":376.0,"g":7,"e":[{"f":{"f":1,"p":1},"d":1,"t":1,"w":0,"b":0,"r":0,"i":0,"l":[{"b":1.0,"c":1,"s":0,"f":0,"sb":0,"sf":0,"i":0}]}]},{"b":376.0,"g":6,"e":[{"f":{"f":1,"p":1},"d":1,"t":1,"w":0,"b":0,"r":0,"i":0,"l":[{"b":1.0,"c":1,"s":0,"f":0,"sb":0,"sf":0,"i":0}]}]},{"b":376.5,"g":6,"e":[{"f":{"f":1,"p":1},"d":1,"t":1,"w":0,"b":0,"r":0,"i":0,"l":[{"b":0,"c":1,"s":0,"f":0,"sb":0,"sf":0,"i":0}]}]},{"b":376.5,"g":7,"e":[{"f":{"f":1,"p":1},"d":1,"t":1,"w":0,"b":0,"r":0,"i":0,"l":[{"b":0,"c":1,"s":0,"f":0,"sb":0,"sf":0,"i":0}]}]},{"b":384.0,"g":7,"e":[{"f":{"f":1,"p":1},"d":1,"t":1,"w":0,"b":0,"r":0,"i":0,"l":[{"b":1.0,"c":1,"s":0,"f":0,"sb":0,"sf":0,"i":0}]}]},{"b":384.0,"g":6,"e":[{"f":{"f":1,"p":1},"d":1,"t":1,"w":0,"b":0,"r":0,"i":0,"l":[{"b":1.0,"c":1,"s":0,"f":0,"sb":0,"sf":0,"i":0}]}]},{"b":384.5,"g":6,"e":[{"f":{"f":1,"p":1},"d":1,"t":1,"w":0,"b":0,"r":0,"i":0,"l":[{"b":0,"c":1,"s":0,"f":0,"sb":0,"sf":0,"i":0}]}]},{"b":384.5,"g":7,"e":[{"f":{"f":1,"p":1},"d":1,"t":1,"w":0,"b":0,"r":0,"i":0,"l":[{"b":0,"c":1,"s":0,"f":0,"sb":0,"sf":0,"i":0}]}]},{"b":392.0,"g":7,"e":[{"f":{"f":1,"p":1},"d":1,"t":1,"w":0,"b":0,"r":0,"i":0,"l":[{"b":1.0,"c":1,"s":0,"f":0,"sb":0,"sf":0,"i":0}]}]},{"b":392.0,"g":6,"e":[{"f":{"f":1,"p":1},"d":1,"t":1,"w":0,"b":0,"r":0,"i":0,"l":[{"b":1.0,"c":1,"s":0,"f":0,"sb":0,"sf":0,"i":0}]}]},{"b":392.5,"g":6,"e":[{"f":{"f":1,"p":1},"d":1,"t":1,"w":0,"b":0,"r":0,"i":0,"l":[{"b":0,"c":1,"s":0,"f":0,"sb":0,"sf":0,"i":0}]}]},{"b":392.5,"g":7,"e":[{"f":{"f":1,"p":1},"d":1,"t":1,"w":0,"b":0,"r":0,"i":0,"l":[{"b":0,"c":1,"s":0,"f":0,"sb":0,"sf":0,"i":0}]}]},{"b":400.0,"g":7,"e":[{"f":{"f":1,"p":1},"d":1,"t":1,"w":0,"b":0,"r":0,"i":0,"l":[{"b":1.0,"c":1,"s":0,"f":0,"sb":0,"sf":0,"i":0}]}]},{"b":400.0,"g":6,"e":[{"f":{"f":1,"p":1},"d":1,"t":1,"w":0,"b":0,"r":0,"i":0,"l":[{"b":1.0,"c":1,"s":0,"f":0,"sb":0,"sf":0,"i":0}]}]},{"b":400.5,"g":6,"e":[{"f":{"f":1,"p":1},"d":1,"t":1,"w":0,"b":0,"r":0,"i":0,"l":[{"b":0,"c":1,"s":0,"f":0,"sb":0,"sf":0,"i":0}]}]},{"b":400.5,"g":7,"e":[{"f":{"f":1,"p":1},"d":1,"t":1,"w":0,"b":0,"r":0,"i":0,"l":[{"b":0,"c":1,"s":0,"f":0,"sb":0,"sf":0,"i":0}]}]},{"b":404.0,"g":7,"e":[{"f":{"f":1,"p":1},"d":1,"t":1,"w":0,"b":0,"r":0,"i":0,"l":[{"b":1.0,"c":1,"s":0,"f":0,"sb":0,"sf":0,"i":0}]}]},{"b":404.0,"g":6,"e":[{"f":{"f":1,"p":1},"d":1,"t":1,"w":0,"b":0,"r":0,"i":0,"l":[{"b":1.0,"c":1,"s":0,"f":0,"sb":0,"sf":0,"i":0}]}]},{"b":404.0,"g":0,"e":[{"f":{"f":1,"p":1},"d":1,"t":1,"w":0,"b":0,"r":0,"i":0,"l":[{"b":1.0,"c":0,"s":0,"f":0,"sb":0,"sf":0,"i":0}]}]},{"b":404.0,"g":1,"e":[{"f":{"f":1,"p":1},"d":1,"t":1,"w":0,"b":0,"r":0,"i":0,"l":[{"b":1.0,"c":0,"s":0,"f":0,"sb":0,"sf":0,"i":0}]}]},{"b":404.5,"g":6,"e":[{"f":{"f":1,"p":1},"d":1,"t":1,"w":0,"b":0,"r":0,"i":0,"l":[{"b":0,"c":1,"s":0,"f":0,"sb":0,"sf":0,"i":0}]}]},{"b":404.5,"g":7,"e":[{"f":{"f":1,"p":1},"d":1,"t":1,"w":0,"b":0,"r":0,"i":0,"l":[{"b":0,"c":1,"s":0,"f":0,"sb":0,"sf":0,"i":0}]}]},{"b":404.5,"g":0,"e":[{"f":{"f":1,"p":1},"d":1,"t":1,"w":0,"b":0,"r":0,"i":0,"l":[{"b":0,"c":0,"s":0,"f":0,"sb":0,"sf":0,"i":0}]}]},{"b":404.5,"g":1,"e":[{"f":{"f":1,"p":1},"d":1,"t":1,"w":0,"b":0,"r":0,"i":0,"l":[{"b":0,"c":0,"s":0,"f":0,"sb":0,"sf":0,"i":0}]}]},{"b":405.0,"g":7,"e":[{"f":{"f":1,"p":1},"d":1,"t":1,"w":0,"b":0,"r":0,"i":0,"l":[{"b":1.0,"c":1,"s":0,"f":0,"sb":0,"sf":0,"i":0}]}]},{"b":405.0,"g":6,"e":[{"f":{"f":1,"p":1},"d":1,"t":1,"w":0,"b":0,"r":0,"i":0,"l":[{"b":1.0,"c":1,"s":0,"f":0,"sb":0,"sf":0,"i":0}]}]},{"b":405.0,"g":1,"e":[{"f":{"f":1,"p":1},"d":1,"t":1,"w":0,"b":0,"r":0,"i":0,"l":[{"b":1.0,"c":0,"s":0,"f":0,"sb":0,"sf":0,"i":0}]}]},{"b":405.0,"g":0,"e":[{"f":{"f":1,"p":1},"d":1,"t":1,"w":0,"b":0,"r":0,"i":0,"l":[{"b":1.0,"c":0,"s":0,"f":0,"sb":0,"sf":0,"i":0}]}]},{"b":405.5,"g":6,"e":[{"f":{"f":1,"p":1},"d":1,"t":1,"w":0,"b":0,"r":0,"i":0,"l":[{"b":0,"c":1,"s":0,"f":0,"sb":0,"sf":0,"i":0}]}]},{"b":405.5,"g":7,"e":[{"f":{"f":1,"p":1},"d":1,"t":1,"w":0,"b":0,"r":0,"i":0,"l":[{"b":0,"c":1,"s":0,"f":0,"sb":0,"sf":0,"i":0}]}]},{"b":405.5,"g":1,"e":[{"f":{"f":1,"p":1},"d":1,"t":1,"w":0,"b":0,"r":0,"i":0,"l":[{"b":0,"c":0,"s":0,"f":0,"sb":0,"sf":0,"i":0}]}]},{"b":405.5,"g":0,"e":[{"f":{"f":1,"p":1},"d":1,"t":1,"w":0,"b":0,"r":0,"i":0,"l":[{"b":0,"c":0,"s":0,"f":0,"sb":0,"sf":0,"i":0}]}]},{"b":406.0,"g":7,"e":[{"f":{"f":1,"p":1},"d":1,"t":1,"w":0,"b":0,"r":0,"i":0,"l":[{"b":1.0,"c":1,"s":0,"f":0,"sb":0,"sf":0,"i":0}]}]},{"b":406.0,"g":6,"e":[{"f":{"f":1,"p":1},"d":1,"t":1,"w":0,"b":0,"r":0,"i":0,"l":[{"b":1.0,"c":1,"s":0,"f":0,"sb":0,"sf":0,"i":0}]}]},{"b":406.0,"g":1,"e":[{"f":{"f":1,"p":1},"d":1,"t":1,"w":0,"b":0,"r":0,"i":0,"l":[{"b":1.0,"c":0,"s":0,"f":0,"sb":0,"sf":0,"i":0}]}]},{"b":406.0,"g":0,"e":[{"f":{"f":1,"p":1},"d":1,"t":1,"w":0,"b":0,"r":0,"i":0,"l":[{"b":1.0,"c":0,"s":0,"f":0,"sb":0,"sf":0,"i":0}]}]},{"b":406.5,"g":6,"e":[{"f":{"f":1,"p":1},"d":1,"t":1,"w":0,"b":0,"r":0,"i":0,"l":[{"b":0,"c":1,"s":0,"f":0,"sb":0,"sf":0,"i":0}]}]},{"b":406.5,"g":7,"e":[{"f":{"f":1,"p":1},"d":1,"t":1,"w":0,"b":0,"r":0,"i":0,"l":[{"b":0,"c":1,"s":0,"f":0,"sb":0,"sf":0,"i":0}]}]},{"b":406.5,"g":1,"e":[{"f":{"f":1,"p":1},"d":1,"t":1,"w":0,"b":0,"r":0,"i":0,"l":[{"b":0,"c":0,"s":0,"f":0,"sb":0,"sf":0,"i":0}]}]},{"b":406.5,"g":0,"e":[{"f":{"f":1,"p":1},"d":1,"t":1,"w":0,"b":0,"r":0,"i":0,"l":[{"b":0,"c":0,"s":0,"f":0,"sb":0,"sf":0,"i":0}]}]},{"b":407.0,"g":7,"e":[{"f":{"f":1,"p":1},"d":1,"t":1,"w":0,"b":0,"r":0,"i":0,"l":[{"b":1.0,"c":1,"s":0,"f":0,"sb":0,"sf":0,"i":0}]}]},{"b":407.0,"g":6,"e":[{"f":{"f":1,"p":1},"d":1,"t":1,"w":0,"b":0,"r":0,"i":0,"l":[{"b":1.0,"c":1,"s":0,"f":0,"sb":0,"sf":0,"i":0}]}]},{"b":407.0,"g":1,"e":[{"f":{"f":1,"p":1},"d":1,"t":1,"w":0,"b":0,"r":0,"i":0,"l":[{"b":1.0,"c":0,"s":0,"f":0,"sb":0,"sf":0,"i":0}]}]},{"b":407.0,"g":0,"e":[{"f":{"f":1,"p":1},"d":1,"t":1,"w":0,"b":0,"r":0,"i":0,"l":[{"b":1.0,"c":0,"s":0,"f":0,"sb":0,"sf":0,"i":0}]}]},{"b":407.5,"g":6,"e":[{"f":{"f":1,"p":1},"d":1,"t":1,"w":0,"b":0,"r":0,"i":0,"l":[{"b":0,"c":1,"s":0,"f":0,"sb":0,"sf":0,"i":0}]}]},{"b":407.5,"g":7,"e":[{"f":{"f":1,"p":1},"d":1,"t":1,"w":0,"b":0,"r":0,"i":0,"l":[{"b":0,"c":1,"s":0,"f":0,"sb":0,"sf":0,"i":0}]}]},{"b":407.5,"g":1,"e":[{"f":{"f":1,"p":1},"d":1,"t":1,"w":0,"b":0,"r":0,"i":0,"l":[{"b":0,"c":0,"s":0,"f":0,"sb":0,"sf":0,"i":0}]}]},{"b":407.5,"g":0,"e":[{"f":{"f":1,"p":1},"d":1,"t":1,"w":0,"b":0,"r":0,"i":0,"l":[{"b":0,"c":0,"s":0,"f":0,"sb":0,"sf":0,"i":0}]}]},{"b":408.0,"g":7,"e":[{"f":{"f":1,"p":1},"d":1,"t":1,"w":0,"b":0,"r":0,"i":0,"l":[{"b":1.0,"c":1,"s":0,"f":0,"sb":0,"sf":0,"i":0}]}]},{"b":408.0,"g":6,"e":[{"f":{"f":1,"p":1},"d":1,"t":1,"w":0,"b":0,"r":0,"i":0,"l":[{"b":1.0,"c":1,"s":0,"f":0,"sb":0,"sf":0,"i":0}]}]},{"b":408.0,"g":1,"e":[{"f":{"f":1,"p":1},"d":1,"t":1,"w":0,"b":0,"r":0,"i":0,"l":[{"b":1.0,"c":0,"s":0,"f":0,"sb":0,"sf":0,"i":0}]}]},{"b":408.0,"g":0,"e":[{"f":{"f":1,"p":1},"d":1,"t":1,"w":0,"b":0,"r":0,"i":0,"l":[{"b":1.0,"c":0,"s":0,"f":0,"sb":0,"sf":0,"i":0}]}]},{"b":408.5,"g":6,"e":[{"f":{"f":1,"p":1},"d":1,"t":1,"w":0,"b":0,"r":0,"i":0,"l":[{"b":0,"c":1,"s":0,"f":0,"sb":0,"sf":0,"i":0}]}]},{"b":408.5,"g":7,"e":[{"f":{"f":1,"p":1},"d":1,"t":1,"w":0,"b":0,"r":0,"i":0,"l":[{"b":0,"c":1,"s":0,"f":0,"sb":0,"sf":0,"i":0}]}]},{"b":408.5,"g":1,"e":[{"f":{"f":1,"p":1},"d":1,"t":1,"w":0,"b":0,"r":0,"i":0,"l":[{"b":0,"c":0,"s":0,"f":0,"sb":0,"sf":0,"i":0}]}]},{"b":408.5,"g":0,"e":[{"f":{"f":1,"p":1},"d":1,"t":1,"w":0,"b":0,"r":0,"i":0,"l":[{"b":0,"c":0,"s":0,"f":0,"sb":0,"sf":0,"i":0}]}]},{"b":409.0,"g":7,"e":[{"f":{"f":1,"p":1},"d":1,"t":1,"w":0,"b":0,"r":0,"i":0,"l":[{"b":1.0,"c":1,"s":0,"f":0,"sb":0,"sf":0,"i":0}]}]},{"b":409.0,"g":6,"e":[{"f":{"f":1,"p":1},"d":1,"t":1,"w":0,"b":0,"r":0,"i":0,"l":[{"b":1.0,"c":1,"s":0,"f":0,"sb":0,"sf":0,"i":0}]}]},{"b":409.0,"g":1,"e":[{"f":{"f":1,"p":1},"d":1,"t":1,"w":0,"b":0,"r":0,"i":0,"l":[{"b":1.0,"c":0,"s":0,"f":0,"sb":0,"sf":0,"i":0}]}]},{"b":409.0,"g":0,"e":[{"f":{"f":1,"p":1},"d":1,"t":1,"w":0,"b":0,"r":0,"i":0,"l":[{"b":1.0,"c":0,"s":0,"f":0,"sb":0,"sf":0,"i":0}]}]},{"b":409.5,"g":6,"e":[{"f":{"f":1,"p":1},"d":1,"t":1,"w":0,"b":0,"r":0,"i":0,"l":[{"b":0,"c":1,"s":0,"f":0,"sb":0,"sf":0,"i":0}]}]},{"b":409.5,"g":7,"e":[{"f":{"f":1,"p":1},"d":1,"t":1,"w":0,"b":0,"r":0,"i":0,"l":[{"b":0,"c":1,"s":0,"f":0,"sb":0,"sf":0,"i":0}]}]},{"b":409.5,"g":1,"e":[{"f":{"f":1,"p":1},"d":1,"t":1,"w":0,"b":0,"r":0,"i":0,"l":[{"b":0,"c":0,"s":0,"f":0,"sb":0,"sf":0,"i":0}]}]},{"b":409.5,"g":0,"e":[{"f":{"f":1,"p":1},"d":1,"t":1,"w":0,"b":0,"r":0,"i":0,"l":[{"b":0,"c":0,"s":0,"f":0,"sb":0,"sf":0,"i":0}]}]},{"b":410.0,"g":7,"e":[{"f":{"f":1,"p":1},"d":1,"t":1,"w":0,"b":0,"r":0,"i":0,"l":[{"b":1.0,"c":1,"s":0,"f":0,"sb":0,"sf":0,"i":0}]}]},{"b":410.0,"g":6,"e":[{"f":{"f":1,"p":1},"d":1,"t":1,"w":0,"b":0,"r":0,"i":0,"l":[{"b":1.0,"c":1,"s":0,"f":0,"sb":0,"sf":0,"i":0}]}]},{"b":410.0,"g":1,"e":[{"f":{"f":1,"p":1},"d":1,"t":1,"w":0,"b":0,"r":0,"i":0,"l":[{"b":1.0,"c":0,"s":0,"f":0,"sb":0,"sf":0,"i":0}]}]},{"b":410.0,"g":0,"e":[{"f":{"f":1,"p":1},"d":1,"t":1,"w":0,"b":0,"r":0,"i":0,"l":[{"b":1.0,"c":0,"s":0,"f":0,"sb":0,"sf":0,"i":0}]}]},{"b":410.5,"g":6,"e":[{"f":{"f":1,"p":1},"d":1,"t":1,"w":0,"b":0,"r":0,"i":0,"l":[{"b":0,"c":1,"s":0,"f":0,"sb":0,"sf":0,"i":0}]}]},{"b":410.5,"g":7,"e":[{"f":{"f":1,"p":1},"d":1,"t":1,"w":0,"b":0,"r":0,"i":0,"l":[{"b":0,"c":1,"s":0,"f":0,"sb":0,"sf":0,"i":0}]}]},{"b":410.5,"g":1,"e":[{"f":{"f":1,"p":1},"d":1,"t":1,"w":0,"b":0,"r":0,"i":0,"l":[{"b":0,"c":0,"s":0,"f":0,"sb":0,"sf":0,"i":0}]}]},{"b":410.5,"g":0,"e":[{"f":{"f":1,"p":1},"d":1,"t":1,"w":0,"b":0,"r":0,"i":0,"l":[{"b":0,"c":0,"s":0,"f":0,"sb":0,"sf":0,"i":0}]}]},{"b":411.0,"g":7,"e":[{"f":{"f":1,"p":1},"d":1,"t":1,"w":0,"b":0,"r":0,"i":0,"l":[{"b":1.0,"c":1,"s":0,"f":0,"sb":0,"sf":0,"i":0}]}]},{"b":411.0,"g":6,"e":[{"f":{"f":1,"p":1},"d":1,"t":1,"w":0,"b":0,"r":0,"i":0,"l":[{"b":1.0,"c":1,"s":0,"f":0,"sb":0,"sf":0,"i":0}]}]},{"b":411.0,"g":1,"e":[{"f":{"f":1,"p":1},"d":1,"t":1,"w":0,"b":0,"r":0,"i":0,"l":[{"b":1.0,"c":0,"s":0,"f":0,"sb":0,"sf":0,"i":0}]}]},{"b":411.0,"g":0,"e":[{"f":{"f":1,"p":1},"d":1,"t":1,"w":0,"b":0,"r":0,"i":0,"l":[{"b":1.0,"c":0,"s":0,"f":0,"sb":0,"sf":0,"i":0}]}]},{"b":411.5,"g":6,"e":[{"f":{"f":1,"p":1},"d":1,"t":1,"w":0,"b":0,"r":0,"i":0,"l":[{"b":0,"c":1,"s":0,"f":0,"sb":0,"sf":0,"i":0}]}]},{"b":411.5,"g":7,"e":[{"f":{"f":1,"p":1},"d":1,"t":1,"w":0,"b":0,"r":0,"i":0,"l":[{"b":0,"c":1,"s":0,"f":0,"sb":0,"sf":0,"i":0}]}]},{"b":411.5,"g":1,"e":[{"f":{"f":1,"p":1},"d":1,"t":1,"w":0,"b":0,"r":0,"i":0,"l":[{"b":0,"c":0,"s":0,"f":0,"sb":0,"sf":0,"i":0}]}]},{"b":411.5,"g":0,"e":[{"f":{"f":1,"p":1},"d":1,"t":1,"w":0,"b":0,"r":0,"i":0,"l":[{"b":0,"c":0,"s":0,"f":0,"sb":0,"sf":0,"i":0}]}]},{"b":412.0,"g":7,"e":[{"f":{"f":1,"p":1},"d":1,"t":1,"w":0,"b":0,"r":0,"i":0,"l":[{"b":1.0,"c":1,"s":0,"f":0,"sb":0,"sf":0,"i":0}]}]},{"b":412.0,"g":6,"e":[{"f":{"f":1,"p":1},"d":1,"t":1,"w":0,"b":0,"r":0,"i":0,"l":[{"b":1.0,"c":1,"s":0,"f":0,"sb":0,"sf":0,"i":0}]}]},{"b":412.0,"g":1,"e":[{"f":{"f":1,"p":1},"d":1,"t":1,"w":0,"b":0,"r":0,"i":0,"l":[{"b":1.0,"c":0,"s":0,"f":0,"sb":0,"sf":0,"i":0}]}]},{"b":412.0,"g":0,"e":[{"f":{"f":1,"p":1},"d":1,"t":1,"w":0,"b":0,"r":0,"i":0,"l":[{"b":1.0,"c":0,"s":0,"f":0,"sb":0,"sf":0,"i":0}]}]},{"b":412.5,"g":6,"e":[{"f":{"f":1,"p":1},"d":1,"t":1,"w":0,"b":0,"r":0,"i":0,"l":[{"b":0,"c":1,"s":0,"f":0,"sb":0,"sf":0,"i":0}]}]},{"b":412.5,"g":7,"e":[{"f":{"f":1,"p":1},"d":1,"t":1,"w":0,"b":0,"r":0,"i":0,"l":[{"b":0,"c":1,"s":0,"f":0,"sb":0,"sf":0,"i":0}]}]},{"b":412.5,"g":1,"e":[{"f":{"f":1,"p":1},"d":1,"t":1,"w":0,"b":0,"r":0,"i":0,"l":[{"b":0,"c":0,"s":0,"f":0,"sb":0,"sf":0,"i":0}]}]},{"b":412.5,"g":0,"e":[{"f":{"f":1,"p":1},"d":1,"t":1,"w":0,"b":0,"r":0,"i":0,"l":[{"b":0,"c":0,"s":0,"f":0,"sb":0,"sf":0,"i":0}]}]},{"b":414.0,"g":9,"e":[{"f":{"f":2},"d":1,"t":1,"w":0,"b":0,"r":0,"i":0,"l":[{"b":1.0,"c":1,"s":0,"f":0,"sb":0,"sf":0,"i":0},{"b":1.0,"c":1,"s":0,"f":0,"sb":0,"sf":0,"i":0}]},{"f":{"f":2,"p":1},"d":1,"t":1,"w":0,"b":0,"r":0,"i":0,"l":[{"b":1.0,"c":1,"s":0,"f":0,"sb":0,"sf":0,"i":0},{"b":0.75,"c":1,"s":0,"f":0,"sb":0,"sf":0,"i":0}]},{"f":{"f":2,"p":2},"d":1,"t":1,"w":0,"b":0,"r":0,"i":0,"l":[{"b":1.0,"c":1,"s":0,"f":0,"sb":0,"sf":0,"i":0},{"b":0.5,"c":1,"s":0,"f":0,"sb":0,"sf":0,"i":0}]},{"f":{"f":2,"p":3},"d":1,"t":1,"w":0,"b":0,"r":0,"i":0,"l":[{"b":1.0,"c":1,"s":0,"f":0,"sb":0,"sf":0,"i":0},{"b":0.25,"c":1,"s":0,"f":0,"sb":0,"sf":0,"i":0}]}]},{"b":415.0,"g":8,"e":[{"f":{"f":2},"d":1,"t":1,"w":0,"b":0,"r":0,"i":0,"l":[{"b":1.0,"c":1,"s":0,"f":0,"sb":0,"sf":0,"i":0},{"b":0.25,"c":1,"s":0,"f":0,"sb":0,"sf":0,"i":0},{"b":1.0,"c":1,"s":0,"f":0,"sb":0,"sf":0,"i":0},{"b":1.75,"c":1,"s":0,"f":0,"sb":0,"sf":0,"i":0}]},{"f":{"f":2,"p":1},"d":1,"t":1,"w":0,"b":0,"r":0,"i":0,"l":[{"b":1.0,"c":1,"s":0,"f":0,"sb":0,"sf":0,"i":0},{"b":0.5,"c":1,"s":0,"f":0,"sb":0,"sf":0,"i":0},{"b":1.0,"c":1,"s":0,"f":0,"sb":0,"sf":0,"i":0},{"b":1.5,"c":1,"s":0,"f":0,"sb":0,"sf":0,"i":0}]},{"f":{"f":2,"p":2},"d":1,"t":1,"w":0,"b":0,"r":0,"i":0,"l":[{"b":1.0,"c":1,"s":0,"f":0,"sb":0,"sf":0,"i":0},{"b":0.75,"c":1,"s":0,"f":0,"sb":0,"sf":0,"i":0},{"b":1.0,"c":1,"s":0,"f":0,"sb":0,"sf":0,"i":0},{"b":1.25,"c":1,"s":0,"f":0,"sb":0,"sf":0,"i":0}]},{"f":{"f":2,"p":3},"d":1,"t":1,"w":0,"b":0,"r":0,"i":0,"l":[{"b":1.0,"c":1,"s":0,"f":0,"sb":0,"sf":0,"i":0},{"b":1.0,"c":1,"s":0,"f":0,"sb":0,"sf":0,"i":0}]}]},{"b":416.75,"g":9,"e":[{"f":{"f":2},"d":1,"t":1,"w":0,"b":0,"r":0,"i":0,"l":[{"b":1.0,"c":1,"s":0,"f":0,"sb":0,"sf":0,"i":0},{"b":0.25,"c":1,"s":0,"f":0,"sb":0,"sf":0,"i":0},{"b":1.0,"c":1,"s":0,"f":0,"sb":0,"sf":0,"i":0},{"b":1.75,"c":1,"s":0,"f":0,"sb":0,"sf":0,"i":0}]},{"f":{"f":2,"p":1},"d":1,"t":1,"w":0,"b":0,"r":0,"i":0,"l":[{"b":1.0,"c":1,"s":0,"f":0,"sb":0,"sf":0,"i":0},{"b":0.5,"c":1,"s":0,"f":0,"sb":0,"sf":0,"i":0},{"b":1.0,"c":1,"s":0,"f":0,"sb":0,"sf":0,"i":0},{"b":1.5,"c":1,"s":0,"f":0,"sb":0,"sf":0,"i":0}]},{"f":{"f":2,"p":2},"d":1,"t":1,"w":0,"b":0,"r":0,"i":0,"l":[{"b":1.0,"c":1,"s":0,"f":0,"sb":0,"sf":0,"i":0},{"b":0.75,"c":1,"s":0,"f":0,"sb":0,"sf":0,"i":0},{"b":1.0,"c":1,"s":0,"f":0,"sb":0,"sf":0,"i":0},{"b":1.25,"c":1,"s":0,"f":0,"sb":0,"sf":0,"i":0}]},{"f":{"f":2,"p":3},"d":1,"t":1,"w":0,"b":0,"r":0,"i":0,"l":[{"b":1.0,"c":1,"s":0,"f":0,"sb":0,"sf":0,"i":0},{"b":1.0,"c":1,"s":0,"f":0,"sb":0,"sf":0,"i":0}]}]},{"b":418.5,"g":8,"e":[{"f":{"f":2},"d":1,"t":1,"w":0,"b":0,"r":0,"i":0,"l":[{"b":1.0,"c":1,"s":0,"f":0,"sb":0,"sf":0,"i":0},{"b":0.25,"c":1,"s":0,"f":0,"sb":0,"sf":0,"i":0},{"b":1.0,"c":1,"s":0,"f":0,"sb":0,"sf":0,"i":0},{"b":1.75,"c":1,"s":0,"f":0,"sb":0,"sf":0,"i":0}]},{"f":{"f":2,"p":1},"d":1,"t":1,"w":0,"b":0,"r":0,"i":0,"l":[{"b":1.0,"c":1,"s":0,"f":0,"sb":0,"sf":0,"i":0},{"b":0.5,"c":1,"s":0,"f":0,"sb":0,"sf":0,"i":0},{"b":1.0,"c":1,"s":0,"f":0,"sb":0,"sf":0,"i":0},{"b":1.5,"c":1,"s":0,"f":0,"sb":0,"sf":0,"i":0}]},{"f":{"f":2,"p":2},"d":1,"t":1,"w":0,"b":0,"r":0,"i":0,"l":[{"b":1.0,"c":1,"s":0,"f":0,"sb":0,"sf":0,"i":0},{"b":0.75,"c":1,"s":0,"f":0,"sb":0,"sf":0,"i":0},{"b":1.0,"c":1,"s":0,"f":0,"sb":0,"sf":0,"i":0},{"b":1.25,"c":1,"s":0,"f":0,"sb":0,"sf":0,"i":0}]},{"f":{"f":2,"p":3},"d":1,"t":1,"w":0,"b":0,"r":0,"i":0,"l":[{"b":1.0,"c":1,"s":0,"f":0,"sb":0,"sf":0,"i":0},{"b":1.0,"c":1,"s":0,"f":0,"sb":0,"sf":0,"i":0}]}]},{"b":420.0,"g":2,"e":[{"f":{"f":2,"r":1},"d":1,"t":1,"w":0,"b":0,"r":0,"i":0,"l":[{"b":1.0,"c":0,"s":0,"f":0,"sb":0,"sf":0,"i":0},{"b":1.5,"c":0,"s":0,"f":0,"sb":0,"sf":0,"i":0}]},{"f":{"f":2,"p":1,"r":1},"d":1,"t":1,"w":0,"b":0,"r":0,"i":0,"l":[{"b":1.0,"c":0,"s":0,"f":0,"sb":0,"sf":0,"i":0},{"b":1.5,"c":0,"s":0,"f":0,"sb":0,"sf":0,"i":0}]},{"f":{"f":2,"p":2,"r":1},"d":1,"t":1,"w":0,"b":0,"r":0,"i":0,"l":[{"b":1.0,"c":0,"s":0,"f":0,"sb":0,"sf":0,"i":0},{"b":3.0,"c":0,"s":0,"f":0,"sb":0,"sf":0,"i":0}]},{"f":{"f":2,"p":3,"r":1},"d":1,"t":1,"w":0,"b":0,"r":0,"i":0,"l":[{"b":1.0,"c":0,"s":0,"f":0,"sb":0,"sf":0,"i":0},{"b":3.0,"c":0,"s":0,"f":0,"sb":0,"sf":0,"i":0}]},{"f":{"f":2,"p":4,"r":1},"d":1,"t":1,"w":0,"b":0,"r":0,"i":0,"l":[{"b":1.0,"c":0,"s":0,"f":0,"sb":0,"sf":0,"i":0},{"b":3.0,"c":0,"s":0,"f":0,"sb":0,"sf":0,"i":0}]}]},{"b":423.0,"g":3,"e":[{"f":{"f":2},"d":1,"t":1,"w":0,"b":0,"r":0,"i":0,"l":[{"b":1.0,"c":0,"s":0,"f":0,"sb":0,"sf":0,"i":0},{"b":1.0,"c":0,"s":0,"f":0,"sb":0,"sf":0,"i":0}]},{"f":{"f":2,"p":1},"d":1,"t":1,"w":0,"b":0,"r":0,"i":0,"l":[{"b":1.0,"c":0,"s":0,"f":0,"sb":0,"sf":0,"i":0},{"b":1.0,"c":0,"s":0,"f":0,"sb":0,"sf":0,"i":0}]},{"f":{"f":2,"p":2},"d":1,"t":1,"w":0,"b":0,"r":0,"i":0,"l":[{"b":1.0,"c":0,"s":0,"f":0,"sb":0,"sf":0,"i":0},{"b":1.0,"c":0,"s":0,"f":0,"sb":0,"sf":0,"i":0}]},{"f":{"f":2,"p":3},"d":1,"t":1,"w":0,"b":0,"r":0,"i":0,"l":[]},{"f":{"f":2,"p":4},"d":1,"t":1,"w":0,"b":0,"r":0,"i":0,"l":[]}]},{"b":424.0,"g":0,"e":[{"f":{"f":1,"p":1},"d":1,"t":1,"w":0,"b":0,"r":0,"i":0,"l":[{"b":0.5,"c":2,"s":0,"f":0,"sb":0,"sf":0,"i":0}]}]},{"b":424.0,"g":1,"e":[{"f":{"f":1,"p":1},"d":1,"t":1,"w":0,"b":0,"r":0,"i":0,"l":[{"b":0.5,"c":2,"s":0,"f":0,"sb":0,"sf":0,"i":0}]}]},{"b":454.0,"g":6,"e":[{"f":{"f":1,"p":1,"n":2,"s":1496806976},"w":2.0,"d":1,"t":1,"b":0,"r":0,"i":0,"l":[{"b":1.0,"c":2,"s":0,"f":0,"sb":0,"sf":0,"i":0}]}]},{"b":454.0,"g":7,"e":[{"f":{"f":1,"p":1,"n":2,"s":805105425},"w":2.0,"d":1,"t":1,"b":0,"r":0,"i":0,"l":[{"b":1.0,"c":2,"s":0,"f":0,"sb":0,"sf":0,"i":0}]}]},{"b":456.0,"g":6,"e":[{"f":{"f":1,"p":1},"d":1,"t":1,"w":0,"b":0,"r":0,"i":0,"l":[{"b":0,"c":1,"s":0,"f":0,"sb":0,"sf":0,"i":0}]}]},{"b":456.0,"g":7,"e":[{"f":{"f":1,"p":1},"d":1,"t":1,"w":0,"b":0,"r":0,"i":0,"l":[{"b":0,"c":1,"s":0,"f":0,"sb":0,"sf":0,"i":0}]}]},{"b":456.0,"g":0,"e":[{"f":{"f":1,"p":1},"d":1,"t":1,"w":0,"b":0,"r":0,"i":0,"l":[{"b":1.0,"c":1,"s":0,"f":0,"sb":0,"sf":0,"i":0}]}]},{"b":456.0,"g":1,"e":[{"f":{"f":1,"p":1},"d":1,"t":1,"w":0,"b":0,"r":0,"i":0,"l":[{"b":1.0,"c":1,"s":0,"f":0,"sb":0,"sf":0,"i":0}]}]},{"b":459.0,"g":6,"e":[{"f":{"f":1,"p":1},"d":1,"t":1,"w":0,"b":0,"r":0,"i":0,"l":[{"b":1.0,"c":0,"s":0,"f":0,"sb":0,"sf":0,"i":0}]}]},{"b":459.0,"g":7,"e":[{"f":{"f":1,"p":1},"d":1,"t":1,"w":0,"b":0,"r":0,"i":0,"l":[{"b":1.0,"c":0,"s":0,"f":0,"sb":0,"sf":0,"i":0}]}]},{"b":460.0,"g":6,"e":[{"f":{"f":1,"p":1},"d":1,"t":1,"w":0,"b":0,"r":0,"i":0,"l":[{"b":0,"c":0,"s":0,"f":0,"sb":0,"sf":0,"i":0}]}]},{"b":460.0,"g":7,"e":[{"f":{"f":1,"p":1},"d":1,"t":1,"w":0,"b":0,"r":0,"i":0,"l":[{"b":0,"c":0,"s":0,"f":0,"sb":0,"sf":0,"i":0}]}]},{"b":463.0,"g":6,"e":[{"f":{"f":1,"p":1},"d":1,"t":1,"w":0,"b":0,"r":0,"i":0,"l":[{"b":1.0,"c":0,"s":0,"f":0,"sb":0,"sf":0,"i":0}]}]},{"b":463.0,"g":7,"e":[{"f":{"f":1,"p":1},"d":1,"t":1,"w":0,"b":0,"r":0,"i":0,"l":[{"b":1.0,"c":0,"s":0,"f":0,"sb":0,"sf":0,"i":0}]}]},{"b":464.0,"g":6,"e":[{"f":{"f":1,"p":1},"d":1,"t":1,"w":0,"b":0,"r":0,"i":0,"l":[{"b":0,"c":0,"s":0,"f":0,"sb":0,"sf":0,"i":0}]}]},{"b":464.0,"g":7,"e":[{"f":{"f":1,"p":1},"d":1,"t":1,"w":0,"b":0,"r":0,"i":0,"l":[{"b":0,"c":0,"s":0,"f":0,"sb":0,"sf":0,"i":0}]}]},{"b":467.0,"g":6,"e":[{"f":{"f":1,"p":1},"d":1,"t":1,"w":0,"b":0,"r":0,"i":0,"l":[{"b":1.0,"c":0,"s":0,"f":0,"sb":0,"sf":0,"i":0}]}]},{"b":467.0,"g":7,"e":[{"f":{"f":1,"p":1},"d":1,"t":1,"w":0,"b":0,"r":0,"i":0,"l":[{"b":1.0,"c":0,"s":0,"f":0,"sb":0,"sf":0,"i":0}]}]},{"b":468.0,"g":6,"e":[{"f":{"f":1,"p":1},"d":1,"t":1,"w":0,"b":0,"r":0,"i":0,"l":[{"b":0,"c":0,"s":0,"f":0,"sb":0,"sf":0,"i":0}]}]},{"b":468.0,"g":7,"e":[{"f":{"f":1,"p":1},"d":1,"t":1,"w":0,"b":0,"r":0,"i":0,"l":[{"b":0,"c":0,"s":0,"f":0,"sb":0,"sf":0,"i":0}]}]},{"b":471.0,"g":6,"e":[{"f":{"f":1,"p":1},"d":1,"t":1,"w":0,"b":0,"r":0,"i":0,"l":[{"b":1.0,"c":0,"s":0,"f":0,"sb":0,"sf":0,"i":0}]}]},{"b":471.0,"g":7,"e":[{"f":{"f":1,"p":1},"d":1,"t":1,"w":0,"b":0,"r":0,"i":0,"l":[{"b":1.0,"c":0,"s":0,"f":0,"sb":0,"sf":0,"i":0}]}]},{"b":472.0,"g":6,"e":[{"f":{"f":1,"p":1},"d":1,"t":1,"w":0,"b":0,"r":0,"i":0,"l":[{"b":0,"c":0,"s":0,"f":0,"sb":0,"sf":0,"i":0}]}]},{"b":472.0,"g":7,"e":[{"f":{"f":1,"p":1},"d":1,"t":1,"w":0,"b":0,"r":0,"i":0,"l":[{"b":0,"c":0,"s":0,"f":0,"sb":0,"sf":0,"i":0}]}]},{"b":472.0,"g":0,"e":[{"f":{"f":1,"p":1},"d":1,"t":1,"w":0,"b":0,"r":0,"i":0,"l":[{"b":1.0,"c":1,"s":0,"f":0,"sb":0,"sf":0,"i":0}]}]},{"b":472.0,"g":1,"e":[{"f":{"f":1,"p":1},"d":1,"t":1,"w":0,"b":0,"r":0,"i":0,"l":[{"b":1.0,"c":1,"s":0,"f":0,"sb":0,"sf":0,"i":0}]}]},{"b":472.5,"g":0,"e":[{"f":{"f":1,"p":1},"d":1,"t":1,"w":0,"b":0,"r":0,"i":0,"l":[{"b":0,"c":1,"s":0,"f":0,"sb":0,"sf":0,"i":0}]}]},{"b":472.5,"g":1,"e":[{"f":{"f":1,"p":1},"d":1,"t":1,"w":0,"b":0,"r":0,"i":0,"l":[{"b":0,"c":1,"s":0,"f":0,"sb":0,"sf":0,"i":0}]}]},{"b":480.0,"g":6,"e":[{"f":{"f":1,"p":1},"d":1,"t":1,"w":0,"b":0,"r":0,"i":0,"l":[{"b":1.0,"c":2,"s":0,"f":0,"sb":0,"sf":0,"i":0}]}]},{"b":480.0,"g":7,"e":[{"f":{"f":1,"p":1},"d":1,"t":1,"w":0,"b":0,"r":0,"i":0,"l":[{"b":1.0,"c":2,"s":0,"f":0,"sb":0,"sf":0,"i":0}]}]},{"b":480.0,"g":0,"e":[{"f":{"f":1,"p":1},"d":1,"t":1,"w":0,"b":0,"r":0,"i":0,"l":[{"b":1.0,"c":1,"s":0,"f":0,"sb":0,"sf":0,"i":0}]}]},{"b":480.0,"g":1,"e":[{"f":{"f":1,"p":1},"d":1,"t":1,"w":0,"b":0,"r":0,"i":0,"l":[{"b":1.0,"c":1,"s":0,"f":0,"sb":0,"sf":0,"i":0}]}]},{"b":480.5,"g":0,"e":[{"f":{"f":1,"p":1},"d":1,"t":1,"w":0,"b":0,"r":0,"i":0,"l":[{"b":0,"c":1,"s":0,"f":0,"sb":0,"sf":0,"i":0}]}]},{"b":480.5,"g":1,"e":[{"f":{"f":1,"p":1},"d":1,"t":1,"w":0,"b":0,"r":0,"i":0,"l":[{"b":0,"c":1,"s":0,"f":0,"sb":0,"sf":0,"i":0}]}]},{"b":481.0,"g":6,"e":[{"f":{"f":1,"p":1},"d":1,"t":1,"w":0,"b":0,"r":0,"i":0,"l":[{"b":0,"c":2,"s":0,"f":0,"sb":0,"sf":0,"i":0}]}]},{"b":481.0,"g":7,"e":[{"f":{"f":1,"p":1},"d":1,"t":1,"w":0,"b":0,"r":0,"i":0,"l":[{"b":0,"c":2,"s":0,"f":0,"sb":0,"sf":0,"i":0}]}]},{"b":483.0,"g":6,"e":[{"f":{"f":1,"p":1},"d":1,"t":1,"w":0,"b":0,"r":0,"i":0,"l":[{"b":1.0,"c":2,"s":0,"f":0,"sb":0,"sf":0,"i":0}]}]},{"b":483.0,"g":7,"e":[{"f":{"f":1,"p":1},"d":1,"t":1,"w":0,"b":0,"r":0,"i":0,"l":[{"b":1.0,"c":2,"s":0,"f":0,"sb":0,"sf":0,"i":0}]}]},{"b":483.0,"g":0,"e":[{"f":{"f":1,"p":1},"d":1,"t":1,"w":0,"b":0,"r":0,"i":0,"l":[{"b":1.0,"c":1,"s":0,"f":0,"sb":0,"sf":0,"i":0}]}]},{"b":483.0,"g":1,"e":[{"f":{"f":1,"p":1},"d":1,"t":1,"w":0,"b":0,"r":0,"i":0,"l":[{"b":1.0,"c":1,"s":0,"f":0,"sb":0,"sf":0,"i":0}]}]},{"b":483.5,"g":0,"e":[{"f":{"f":1,"p":1},"d":1,"t":1,"w":0,"b":0,"r":0,"i":0,"l":[{"b":0,"c":1,"s":0,"f":0,"sb":0,"sf":0,"i":0}]}]},{"b":483.5,"g":1,"e":[{"f":{"f":1,"p":1},"d":1,"t":1,"w":0,"b":0,"r":0,"i":0,"l":[{"b":0,"c":1,"s":0,"f":0,"sb":0,"sf":0,"i":0}]}]},{"b":484.0,"g":6,"e":[{"f":{"f":1,"p":1},"d":1,"t":1,"w":0,"b":0,"r":0,"i":0,"l":[{"b":0,"c":2,"s":0,"f":0,"sb":0,"sf":0,"i":0}]}]},{"b":484.0,"g":7,"e":[{"f":{"f":1,"p":1},"d":1,"t":1,"w":0,"b":0,"r":0,"i":0,"l":[{"b":0,"c":2,"s":0,"f":0,"sb":0,"sf":0,"i":0}]}]},{"b":486.0,"g":6,"e":[{"f":{"f":1,"p":1},"d":1,"t":1,"w":0,"b":0,"r":0,"i":0,"l":[{"b":1.0,"c":2,"s":0,"f":0,"sb":0,"sf":0,"i":0}]}]},{"b":486.0,"g":7,"e":[{"f":{"f":1,"p":1},"d":1,"t":1,"w":0,"b":0,"r":0,"i":0,"l":[{"b":1.0,"c":2,"s":0,"f":0,"sb":0,"sf":0,"i":0}]}]},{"b":486.0,"g":0,"e":[{"f":{"f":1,"p":1},"d":1,"t":1,"w":0,"b":0,"r":0,"i":0,"l":[{"b":1.0,"c":1,"s":0,"f":0,"sb":0,"sf":0,"i":0}]}]},{"b":486.0,"g":1,"e":[{"f":{"f":1,"p":1},"d":1,"t":1,"w":0,"b":0,"r":0,"i":0,"l":[{"b":1.0,"c":1,"s":0,"f":0,"sb":0,"sf":0,"i":0}]}]},{"b":486.5,"g":0,"e":[{"f":{"f":1,"p":1},"d":1,"t":1,"w":0,"b":0,"r":0,"i":0,"l":[{"b":0,"c":1,"s":0,"f":0,"sb":0,"sf":0,"i":0}]}]},{"b":486.5,"g":1,"e":[{"f":{"f":1,"p":1},"d":1,"t":1,"w":0,"b":0,"r":0,"i":0,"l":[{"b":0,"c":1,"s":0,"f":0,"sb":0,"sf":0,"i":0}]}]},{"b":487.0,"g":6,"e":[{"f":{"f":1,"p":1},"d":1,"t":1,"w":0,"b":0,"r":0,"i":0,"l":[{"b":0,"c":2,"s":0,"f":0,"sb":0,"sf":0,"i":0}]}]},{"b":487.0,"g":7,"e":[{"f":{"f":1,"p":1},"d":1,"t":1,"w":0,"b":0,"r":0,"i":0,"l":[{"b":0,"c":2,"s":0,"f":0,"sb":0,"sf":0,"i":0}]}]},{"b":488.0,"g":0,"e":[{"f":{"f":1,"p":1},"d":1,"t":1,"w":0,"b":0,"r":0,"i":0,"l":[{"b":1.0,"c":2,"s":0,"f":0,"sb":0,"sf":0,"i":0}]}]},{"b":488.0,"g":1,"e":[{"f":{"f":1,"p":1},"d":1,"t":1,"w":0,"b":0,"r":0,"i":0,"l":[{"b":1.0,"c":2,"s":0,"f":0,"sb":0,"sf":0,"i":0}]}]},{"b":490.0,"g":6,"e":[{"f":{"f":1,"p":1},"d":1,"t":1,"w":0,"b":0,"r":0,"i":0,"l":[{"b":1.0,"c":1,"s":0,"f":0,"sb":0,"sf":0,"i":0}]}]},{"b":490.0,"g":7,"e":[{"f":{"f":1,"p":1},"d":1,"t":1,"w":0,"b":0,"r":0,"i":0,"l":[{"b":1.0,"c":1,"s":0,"f":0,"sb":0,"sf":0,"i":0}]}]},{"b":491.0,"g":6,"e":[{"f":{"f":1,"p":1},"d":1,"t":1,"w":0,"b":0,"r":0,"i":0,"l":[{"b":0,"c":1,"s":0,"f":0,"sb":0,"sf":0,"i":0}]}]},{"b":491.0,"g":7,"e":[{"f":{"f":1,"p":1},"d":1,"t":1,"w":0,"b":0,"r":0,"i":0,"l":[{"b":0,"c":1,"s":0,"f":0,"sb":0,"sf":0,"i":0}]}]},{"b":492.0,"g":0,"e":[{"f":{"f":1,"p":1},"d":1,"t":1,"w":0,"b":0,"r":0,"i":0,"l":[{"b":1.0,"c":1,"s":0,"f":0,"sb":0,"sf":0,"i":0}]}]},{"b":492.0,"g":1,"e":[{"f":{"f":1,"p":1},"d":1,"t":1,"w":0,"b":0,"r":0,"i":0,"l":[{"b":1.0,"c":1,"s":0,"f":0,"sb":0,"sf":0,"i":0}]}]},{"b":494.0,"g":6,"e":[{"f":{"f":1,"p":1},"d":1,"t":1,"w":0,"b":0,"r":0,"i":0,"l":[{"b":1.0,"c":1,"s":0,"f":0,"sb":0,"sf":0,"i":0}]}]},{"b":494.0,"g":7,"e":[{"f":{"f":1,"p":1},"d":1,"t":1,"w":0,"b":0,"r":0,"i":0,"l":[{"b":1.0,"c":1,"s":0,"f":0,"sb":0,"sf":0,"i":0}]}]},{"b":495.0,"g":6,"e":[{"f":{"f":1,"p":1},"d":1,"t":1,"w":0,"b":0,"r":0,"i":0,"l":[{"b":0,"c":1,"s":0,"f":0,"sb":0,"sf":0,"i":0}]}]},{"b":495.0,"g":7,"e":[{"f":{"f":1,"p":1},"d":1,"t":1,"w":0,"b":0,"r":0,"i":0,"l":[{"b":0,"c":1,"s":0,"f":0,"sb":0,"sf":0,"i":0}]}]},{"b":498.0,"g":6,"e":[{"f":{"f":1,"p":1},"d":1,"t":1,"w":0,"b":0,"r":0,"i":0,"l":[{"b":1.0,"c":1,"s":0,"f":0,"sb":0,"sf":0,"i":0}]}]},{"b":498.0,"g":7,"e":[{"f":{"f":1,"p":1},"d":1,"t":1,"w":0,"b":0,"r":0,"i":0,"l":[{"b":1.0,"c":1,"s":0,"f":0,"sb":0,"sf":0,"i":0}]}]},{"b":499.0,"g":6,"e":[{"f":{"f":1,"p":1},"d":1,"t":1,"w":0,"b":0,"r":0,"i":0,"l":[{"b":0,"c":1,"s":0,"f":0,"sb":0,"sf":0,"i":0}]}]},{"b":499.0,"g":7,"e":[{"f":{"f":1,"p":1},"d":1,"t":1,"w":0,"b":0,"r":0,"i":0,"l":[{"b":0,"c":1,"s":0,"f":0,"sb":0,"sf":0,"i":0}]}]},{"b":502.0,"g":6,"e":[{"f":{"f":1,"p":1},"d":1,"t":1,"w":0,"b":0,"r":0,"i":0,"l":[{"b":1.0,"c":1,"s":0,"f":0,"sb":0,"sf":0,"i":0}]}]},{"b":502.0,"g":7,"e":[{"f":{"f":1,"p":1},"d":1,"t":1,"w":0,"b":0,"r":0,"i":0,"l":[{"b":1.0,"c":1,"s":0,"f":0,"sb":0,"sf":0,"i":0}]}]},{"b":503.0,"g":6,"e":[{"f":{"f":1,"p":1},"d":1,"t":1,"w":0,"b":0,"r":0,"i":0,"l":[{"b":0,"c":1,"s":0,"f":0,"sb":0,"sf":0,"i":0}]}]},{"b":503.0,"g":7,"e":[{"f":{"f":1,"p":1},"d":1,"t":1,"w":0,"b":0,"r":0,"i":0,"l":[{"b":0,"c":1,"s":0,"f":0,"sb":0,"sf":0,"i":0}]}]},{"b":504.0,"g":6,"e":[{"f":{"f":1,"p":1,"n":2,"s":145644430},"w":4.0,"d":1,"t":1,"b":0,"r":0,"i":0,"l":[{"b":1.0,"c":1,"s":0,"f":0,"sb":0,"sf":0,"i":0}]}]},{"b":504.0,"g":7,"e":[{"f":{"f":1,"p":1,"n":2,"s":-1873040588},"w":4.0,"d":1,"t":1,"b":0,"r":0,"i":0,"l":[{"b":1.0,"c":1,"s":0,"f":0,"sb":0,"sf":0,"i":0}]}]},{"b":504.5,"g":8,"e":[{"f":{"f":1,"p":1},"d":1,"t":1,"w":0,"b":0,"r":0,"i":0,"l":[{"b":1.0,"c":2,"s":0,"f":0,"sb":0,"sf":0,"i":0}]}]},{"b":505.0,"g":8,"e":[{"f":{"f":1,"p":1},"d":1,"t":1,"w":0,"b":0,"r":0,"i":0,"l":[{"b":0,"c":2,"s":0,"f":0,"sb":0,"sf":0,"i":0}]}]},{"b":505.5,"g":9,"e":[{"f":{"f":1,"p":1},"d":1,"t":1,"w":0,"b":0,"r":0,"i":0,"l":[{"b":1.0,"c":2,"s":0,"f":0,"sb":0,"sf":0,"i":0}]}]},{"b":506.0,"g":9,"e":[{"f":{"f":1,"p":1},"d":1,"t":1,"w":0,"b":0,"r":0,"i":0,"l":[{"b":0,"c":2,"s":0,"f":0,"sb":0,"sf":0,"i":0}]}]},{"b":506.5,"g":8,"e":[{"f":{"f":1,"p":1},"d":1,"t":1,"w":0,"b":0,"r":0,"i":0,"l":[{"b":1.0,"c":2,"s":0,"f":0,"sb":0,"sf":0,"i":0}]}]},{"b":507.0,"g":8,"e":[{"f":{"f":1,"p":1},"d":1,"t":1,"w":0,"b":0,"r":0,"i":0,"l":[{"b":0,"c":2,"s":0,"f":0,"sb":0,"sf":0,"i":0}]}]},{"b":507.5,"g":9,"e":[{"f":{"f":1,"p":1},"d":1,"t":1,"w":0,"b":0,"r":0,"i":0,"l":[{"b":1.0,"c":2,"s":0,"f":0,"sb":0,"sf":0,"i":0}]}]},{"b":507.75,"g":9,"e":[{"f":{"f":1,"p":1},"d":1,"t":1,"w":0,"b":0,"r":0,"i":0,"l":[{"b":0,"c":2,"s":0,"f":0,"sb":0,"sf":0,"i":0}]}]},{"b":508.0,"g":6,"e":[{"f":{"f":1,"p":1},"d":1,"t":1,"w":0,"b":0,"r":0,"i":0,"l":[{"b":0,"c":1,"s":0,"f":0,"sb":0,"sf":0,"i":0}]}]},{"b":508.0,"g":7,"e":[{"f":{"f":1,"p":1},"d":1,"t":1,"w":0,"b":0,"r":0,"i":0,"l":[{"b":0,"c":1,"s":0,"f":0,"sb":0,"sf":0,"i":0}]}]},{"b":508.0,"g":0,"e":[{"f":{"f":1,"p":1},"d":1,"t":1,"w":0,"b":0,"r":0,"i":0,"l":[{"b":0,"c":1,"s":0,"f":0,"sb":0,"sf":0,"i":0}]}]},{"b":508.0,"g":1,"e":[{"f":{"f":1,"p":1},"d":1,"t":1,"w":0,"b":0,"r":0,"i":0,"l":[{"b":0,"c":1,"s":0,"f":0,"sb":0,"sf":0,"i":0}]}]},{"b":508.0,"g":8,"e":[{"f":{"f":1,"p":1},"d":1,"t":1,"w":0,"b":0,"r":0,"i":0,"l":[{"b":1.0,"c":2,"s":0,"f":0,"sb":0,"sf":0,"i":0}]}]},{"b":508.0,"g":9,"e":[{"f":{"f":1,"p":1},"d":1,"t":1,"w":0,"b":0,"r":0,"i":0,"l":[{"b":1.0,"c":2,"s":0,"f":0,"sb":0,"sf":0,"i":0}]}]},{"b":508.5,"g":8,"e":[{"f":{"f":1,"p":1},"d":1,"t":1,"w":0,"b":0,"r":0,"i":0,"l":[{"b":0,"c":2,"s":0,"f":0,"sb":0,"sf":0,"i":0}]}]},{"b":508.5,"g":9,"e":[{"f":{"f":1,"p":1},"d":1,"t":1,"w":0,"b":0,"r":0,"i":0,"l":[{"b":0,"c":2,"s":0,"f":0,"sb":0,"sf":0,"i":0}]}]},{"b":513.0,"g":6,"e":[{"f":{"f":1,"p":1},"d":1,"t":1,"w":0,"b":0,"r":0,"i":0,"l":[{"b":1.0,"c":2,"s":0,"f":0,"sb":0,"sf":0,"i":0}]}]},{"b":513.0,"g":7,"e":[{"f":{"f":1,"p":1},"d":1,"t":1,"w":0,"b":0,"r":0,"i":0,"l":[{"b":1.0,"c":2,"s":0,"f":0,"sb":0,"sf":0,"i":0}]}]},{"b":513.0,"g":0,"e":[{"f":{"f":1,"p":1},"d":1,"t":1,"w":0,"b":0,"r":0,"i":0,"l":[{"b":1.0,"c":0,"s":0,"f":0,"sb":0,"sf":0,"i":0}]}]},{"b":513.0,"g":1,"e":[{"f":{"f":1,"p":1},"d":1,"t":1,"w":0,"b":0,"r":0,"i":0,"l":[{"b":1.0,"c":0,"s":0,"f":0,"sb":0,"sf":0,"i":0}]}]},{"b":513.5,"g":6,"e":[{"f":{"f":1,"p":1},"d":1,"t":1,"w":0,"b":0,"r":0,"i":0,"l":[{"b":0,"c":2,"s":0,"f":0,"sb":0,"sf":0,"i":0}]}]},{"b":513.5,"g":7,"e":[{"f":{"f":1,"p":1},"d":1,"t":1,"w":0,"b":0,"r":0,"i":0,"l":[{"b":0,"c":2,"s":0,"f":0,"sb":0,"sf":0,"i":0}]}]},{"b":513.5,"g":0,"e":[{"f":{"f":1,"p":1},"d":1,"t":1,"w":0,"b":0,"r":0,"i":0,"l":[{"b":0,"c":0,"s":0,"f":0,"sb":0,"sf":0,"i":0}]}]},{"b":513.5,"g":1,"e":[{"f":{"f":1,"p":1},"d":1,"t":1,"w":0,"b":0,"r":0,"i":0,"l":[{"b":0,"c":0,"s":0,"f":0,"sb":0,"sf":0,"i":0}]}]},{"b":514.0,"g":7,"e":[{"f":{"f":1,"p":1},"d":1,"t":1,"w":0,"b":0,"r":0,"i":0,"l":[{"b":1.0,"c":2,"s":0,"f":0,"sb":0,"sf":0,"i":0}]}]},{"b":514.0,"g":6,"e":[{"f":{"f":1,"p":1},"d":1,"t":1,"w":0,"b":0,"r":0,"i":0,"l":[{"b":1.0,"c":2,"s":0,"f":0,"sb":0,"sf":0,"i":0}]}]},{"b":514.0,"g":1,"e":[{"f":{"f":1,"p":1},"d":1,"t":1,"w":0,"b":0,"r":0,"i":0,"l":[{"b":1.0,"c":0,"s":0,"f":0,"sb":0,"sf":0,"i":0}]}]},{"b":514.0,"g":0,"e":[{"f":{"f":1,"p":1},"d":1,"t":1,"w":0,"b":0,"r":0,"i":0,"l":[{"b":1.0,"c":0,"s":0,"f":0,"sb":0,"sf":0,"i":0}]}]},{"b":514.5,"g":6,"e":[{"f":{"f":1,"p":1},"d":1,"t":1,"w":0,"b":0,"r":0,"i":0,"l":[{"b":0,"c":2,"s":0,"f":0,"sb":0,"sf":0,"i":0}]}]},{"b":514.5,"g":7,"e":[{"f":{"f":1,"p":1},"d":1,"t":1,"w":0,"b":0,"r":0,"i":0,"l":[{"b":0,"c":2,"s":0,"f":0,"sb":0,"sf":0,"i":0}]}]},{"b":514.5,"g":1,"e":[{"f":{"f":1,"p":1},"d":1,"t":1,"w":0,"b":0,"r":0,"i":0,"l":[{"b":0,"c":0,"s":0,"f":0,"sb":0,"sf":0,"i":0}]}]},{"b":514.5,"g":0,"e":[{"f":{"f":1,"p":1},"d":1,"t":1,"w":0,"b":0,"r":0,"i":0,"l":[{"b":0,"c":0,"s":0,"f":0,"sb":0,"sf":0,"i":0}]}]},{"b":515.0,"g":7,"e":[{"f":{"f":1,"p":1},"d":1,"t":1,"w":0,"b":0,"r":0,"i":0,"l":[{"b":1.0,"c":2,"s":0,"f":0,"sb":0,"sf":0,"i":0}]}]},{"b":515.0,"g":6,"e":[{"f":{"f":1,"p":1},"d":1,"t":1,"w":0,"b":0,"r":0,"i":0,"l":[{"b":1.0,"c":2,"s":0,"f":0,"sb":0,"sf":0,"i":0}]}]},{"b":515.0,"g":1,"e":[{"f":{"f":1,"p":1},"d":1,"t":1,"w":0,"b":0,"r":0,"i":0,"l":[{"b":1.0,"c":0,"s":0,"f":0,"sb":0,"sf":0,"i":0}]}]},{"b":515.0,"g":0,"e":[{"f":{"f":1,"p":1},"d":1,"t":1,"w":0,"b":0,"r":0,"i":0,"l":[{"b":1.0,"c":0,"s":0,"f":0,"sb":0,"sf":0,"i":0}]}]},{"b":515.5,"g":6,"e":[{"f":{"f":1,"p":1},"d":1,"t":1,"w":0,"b":0,"r":0,"i":0,"l":[{"b":0,"c":2,"s":0,"f":0,"sb":0,"sf":0,"i":0}]}]},{"b":515.5,"g":7,"e":[{"f":{"f":1,"p":1},"d":1,"t":1,"w":0,"b":0,"r":0,"i":0,"l":[{"b":0,"c":2,"s":0,"f":0,"sb":0,"sf":0,"i":0}]}]},{"b":515.5,"g":1,"e":[{"f":{"f":1,"p":1},"d":1,"t":1,"w":0,"b":0,"r":0,"i":0,"l":[{"b":0,"c":0,"s":0,"f":0,"sb":0,"sf":0,"i":0}]}]},{"b":515.5,"g":0,"e":[{"f":{"f":1,"p":1},"d":1,"t":1,"w":0,"b":0,"r":0,"i":0,"l":[{"b":0,"c":0,"s":0,"f":0,"sb":0,"sf":0,"i":0}]}]},{"b":516.0,"g":7,"e":[{"f":{"f":1,"p":1},"d":1,"t":1,"w":0,"b":0,"r":0,"i":0,"l":[{"b":1.0,"c":2,"s":0,"f":0,"sb":0,"sf":0,"i":0}]}]},{"b":516.0,"g":6,"e":[{"f":{"f":1,"p":1},"d":1,"t":1,"w":0,"b":0,"r":0,"i":0,"l":[{"b":1.0,"c":2,"s":0,"f":0,"sb":0,"sf":0,"i":0}]}]},{"b":516.0,"g":1,"e":[{"f":{"f":1,"p":1},"d":1,"t":1,"w":0,"b":0,"r":0,"i":0,"l":[{"b":1.0,"c":0,"s":0,"f":0,"sb":0,"sf":0,"i":0}]}]},{"b":516.0,"g":0,"e":[{"f":{"f":1,"p":1},"d":1,"t":1,"w":0,"b":0,"r":0,"i":0,"l":[{"b":1.0,"c":0,"s":0,"f":0,"sb":0,"sf":0,"i":0}]}]},{"b":516.5,"g":6,"e":[{"f":{"f":1,"p":1},"d":1,"t":1,"w":0,"b":0,"r":0,"i":0,"l":[{"b":0,"c":2,"s":0,"f":0,"sb":0,"sf":0,"i":0}]}]},{"b":516.5,"g":7,"e":[{"f":{"f":1,"p":1},"d":1,"t":1,"w":0,"b":0,"r":0,"i":0,"l":[{"b":0,"c":2,"s":0,"f":0,"sb":0,"sf":0,"i":0}]}]},{"b":516.5,"g":1,"e":[{"f":{"f":1,"p":1},"d":1,"t":1,"w":0,"b":0,"r":0,"i":0,"l":[{"b":0,"c":0,"s":0,"f":0,"sb":0,"sf":0,"i":0}]}]},{"b":516.5,"g":0,"e":[{"f":{"f":1,"p":1},"d":1,"t":1,"w":0,"b":0,"r":0,"i":0,"l":[{"b":0,"c":0,"s":0,"f":0,"sb":0,"sf":0,"i":0}]}]},{"b":517.0,"g":7,"e":[{"f":{"f":1,"p":1},"d":1,"t":1,"w":0,"b":0,"r":0,"i":0,"l":[{"b":1.0,"c":2,"s":0,"f":0,"sb":0,"sf":0,"i":0}]}]},{"b":517.0,"g":6,"e":[{"f":{"f":1,"p":1},"d":1,"t":1,"w":0,"b":0,"r":0,"i":0,"l":[{"b":1.0,"c":2,"s":0,"f":0,"sb":0,"sf":0,"i":0}]}]},{"b":517.0,"g":1,"e":[{"f":{"f":1,"p":1},"d":1,"t":1,"w":0,"b":0,"r":0,"i":0,"l":[{"b":1.0,"c":0,"s":0,"f":0,"sb":0,"sf":0,"i":0}]}]},{"b":517.0,"g":0,"e":[{"f":{"f":1,"p":1},"d":1,"t":1,"w":0,"b":0,"r":0,"i":0,"l":[{"b":1.0,"c":0,"s":0,"f":0,"sb":0,"sf":0,"i":0}]}]},{"b":517.5,"g":6,"e":[{"f":{"f":1,"p":1},"d":1,"t":1,"w":0,"b":0,"r":0,"i":0,"l":[{"b":0,"c":2,"s":0,"f":0,"sb":0,"sf":0,"i":0}]}]},{"b":517.5,"g":7,"e":[{"f":{"f":1,"p":1},"d":1,"t":1,"w":0,"b":0,"r":0,"i":0,"l":[{"b":0,"c":2,"s":0,"f":0,"sb":0,"sf":0,"i":0}]}]},{"b":517.5,"g":1,"e":[{"f":{"f":1,"p":1},"d":1,"t":1,"w":0,"b":0,"r":0,"i":0,"l":[{"b":0,"c":0,"s":0,"f":0,"sb":0,"sf":0,"i":0}]}]},{"b":517.5,"g":0,"e":[{"f":{"f":1,"p":1},"d":1,"t":1,"w":0,"b":0,"r":0,"i":0,"l":[{"b":0,"c":0,"s":0,"f":0,"sb":0,"sf":0,"i":0}]}]},{"b":518.0,"g":7,"e":[{"f":{"f":1,"p":1},"d":1,"t":1,"w":0,"b":0,"r":0,"i":0,"l":[{"b":1.0,"c":2,"s":0,"f":0,"sb":0,"sf":0,"i":0}]}]},{"b":518.0,"g":6,"e":[{"f":{"f":1,"p":1},"d":1,"t":1,"w":0,"b":0,"r":0,"i":0,"l":[{"b":1.0,"c":2,"s":0,"f":0,"sb":0,"sf":0,"i":0}]}]},{"b":518.0,"g":1,"e":[{"f":{"f":1,"p":1},"d":1,"t":1,"w":0,"b":0,"r":0,"i":0,"l":[{"b":1.0,"c":0,"s":0,"f":0,"sb":0,"sf":0,"i":0}]}]},{"b":518.0,"g":0,"e":[{"f":{"f":1,"p":1},"d":1,"t":1,"w":0,"b":0,"r":0,"i":0,"l":[{"b":1.0,"c":0,"s":0,"f":0,"sb":0,"sf":0,"i":0}]}]},{"b":518.5,"g":6,"e":[{"f":{"f":1,"p":1},"d":1,"t":1,"w":0,"b":0,"r":0,"i":0,"l":[{"b":0,"c":2,"s":0,"f":0,"sb":0,"sf":0,"i":0}]}]},{"b":518.5,"g":7,"e":[{"f":{"f":1,"p":1},"d":1,"t":1,"w":0,"b":0,"r":0,"i":0,"l":[{"b":0,"c":2,"s":0,"f":0,"sb":0,"sf":0,"i":0}]}]},{"b":518.5,"g":1,"e":[{"f":{"f":1,"p":1},"d":1,"t":1,"w":0,"b":0,"r":0,"i":0,"l":[{"b":0,"c":0,"s":0,"f":0,"sb":0,"sf":0,"i":0}]}]},{"b":518.5,"g":0,"e":[{"f":{"f":1,"p":1},"d":1,"t":1,"w":0,"b":0,"r":0,"i":0,"l":[{"b":0,"c":0,"s":0,"f":0,"sb":0,"sf":0,"i":0}]}]},{"b":519.0,"g":7,"e":[{"f":{"f":1,"p":1},"d":1,"t":1,"w":0,"b":0,"r":0,"i":0,"l":[{"b":1.0,"c":2,"s":0,"f":0,"sb":0,"sf":0,"i":0}]}]},{"b":519.0,"g":6,"e":[{"f":{"f":1,"p":1},"d":1,"t":1,"w":0,"b":0,"r":0,"i":0,"l":[{"b":1.0,"c":2,"s":0,"f":0,"sb":0,"sf":0,"i":0}]}]},{"b":519.5,"g":6,"e":[{"f":{"f":1,"p":1},"d":1,"t":1,"w":0,"b":0,"r":0,"i":0,"l":[{"b":0,"c":2,"s":0,"f":0,"sb":0,"sf":0,"i":0}]}]},{"b":519.5,"g":7,"e":[{"f":{"f":1,"p":1},"d":1,"t":1,"w":0,"b":0,"r":0,"i":0,"l":[{"b":0,"c":2,"s":0,"f":0,"sb":0,"sf":0,"i":0}]}]},{"b":519.5,"g":0,"e":[{"f":{"f":1,"p":1},"d":1,"t":1,"w":0,"b":0,"r":0,"i":0,"l":[{"b":1.0,"c":0,"s":0,"f":0,"sb":0,"sf":0,"i":0}]}]},{"b":519.5,"g":1,"e":[{"f":{"f":1,"p":1},"d":1,"t":1,"w":0,"b":0,"r":0,"i":0,"l":[{"b":1.0,"c":0,"s":0,"f":0,"sb":0,"sf":0,"i":0}]}]},{"b":519.5,"g":12,"e":[{"f":{"f":1,"p":1},"d":1,"t":1,"w":0,"b":0,"r":0,"i":0,"l":[{"b":1.0,"c":0,"s":0,"f":0,"sb":0,"sf":0,"i":0}]}]},{"b":519.5,"g":13,"e":[{"f":{"f":1,"p":1},"d":1,"t":1,"w":0,"b":0,"r":0,"i":0,"l":[{"b":1.0,"c":0,"s":0,"f":0,"sb":0,"sf":0,"i":0}]}]},{"b":521.0,"g":6,"e":[{"f":{"f":1,"p":1},"d":1,"t":1,"w":0,"b":0,"r":0,"i":0,"l":[{"b":1.0,"c":2,"s":0,"f":0,"sb":0,"sf":0,"i":0}]}]},{"b":521.0,"g":7,"e":[{"f":{"f":1,"p":1},"d":1,"t":1,"w":0,"b":0,"r":0,"i":0,"l":[{"b":1.0,"c":2,"s":0,"f":0,"sb":0,"sf":0,"i":0}]}]},{"b":522.0,"g":6,"e":[{"f":{"f":1,"p":1},"d":1,"t":1,"w":0,"b":0,"r":0,"i":0,"l":[{"b":0,"c":2,"s":0,"f":0,"sb":0,"sf":0,"i":0}]}]},{"b":522.0,"g":7,"e":[{"f":{"f":1,"p":1},"d":1,"t":1,"w":0,"b":0,"r":0,"i":0,"l":[{"b":0,"c":2,"s":0,"f":0,"sb":0,"sf":0,"i":0}]}]},{"b":523.0,"g":6,"e":[{"f":{"f":1,"p":1},"d":1,"t":1,"w":0,"b":0,"r":0,"i":0,"l":[{"b":1.0,"c":2,"s":0,"f":0,"sb":0,"sf":0,"i":0}]}]},{"b":523.0,"g":7,"e":[{"f":{"f":1,"p":1},"d":1,"t":1,"w":0,"b":0,"r":0,"i":0,"l":[{"b":1.0,"c":2,"s":0,"f":0,"sb":0,"sf":0,"i":0}]}]},{"b":524.0,"g":6,"e":[{"f":{"f":1,"p":1},"d":1,"t":1,"w":0,"b":0,"r":0,"i":0,"l":[{"b":0,"c":2,"s":0,"f":0,"sb":0,"sf":0,"i":0}]}]},{"b":524.0,"g":7,"e":[{"f":{"f":1,"p":1},"d":1,"t":1,"w":0,"b":0,"r":0,"i":0,"l":[{"b":0,"c":2,"s":0,"f":0,"sb":0,"sf":0,"i":0}]}]},{"b":525.0,"g":6,"e":[{"f":{"f":1,"p":1},"d":1,"t":1,"w":0,"b":0,"r":0,"i":0,"l":[{"b":1.0,"c":2,"s":0,"f":0,"sb":0,"sf":0,"i":0}]}]},{"b":525.0,"g":7,"e":[{"f":{"f":1,"p":1},"d":1,"t":1,"w":0,"b":0,"r":0,"i":0,"l":[{"b":1.0,"c":2,"s":0,"f":0,"sb":0,"sf":0,"i":0}]}]},{"b":526.0,"g":6,"e":[{"f":{"f":1,"p":1},"d":1,"t":1,"w":0,"b":0,"r":0,"i":0,"l":[{"b":0,"c":2,"s":0,"f":0,"sb":0,"sf":0,"i":0}]}]},{"b":526.0,"g":7,"e":[{"f":{"f":1,"p":1},"d":1,"t":1,"w":0,"b":0,"r":0,"i":0,"l":[{"b":0,"c":2,"s":0,"f":0,"sb":0,"sf":0,"i":0}]}]},{"b":527.0,"g":6,"e":[{"f":{"f":1,"p":1},"d":1,"t":1,"w":0,"b":0,"r":0,"i":0,"l":[{"b":1.0,"c":2,"s":0,"f":0,"sb":0,"sf":0,"i":0}]}]},{"b":527.0,"g":7,"e":[{"f":{"f":1,"p":1},"d":1,"t":1,"w":0,"b":0,"r":0,"i":0,"l":[{"b":1.0,"c":2,"s":0,"f":0,"sb":0,"sf":0,"i":0}]}]},{"b":527.0,"g":12,"e":[{"f":{"f":1,"p":1},"d":1,"t":1,"w":0,"b":0,"r":0,"i":0,"l":[{"b":0,"c":0,"s":0,"f":0,"sb":0,"sf":0,"i":0}]}]},{"b":527.0,"g":13,"e":[{"f":{"f":1,"p":1},"d":1,"t":1,"w":0,"b":0,"r":0,"i":0,"l":[{"b":0,"c":0,"s":0,"f":0,"sb":0,"sf":0,"i":0}]}]},{"b":528.0,"g":6,"e":[{"f":{"f":1,"p":1},"d":1,"t":1,"w":0,"b":0,"r":0,"i":0,"l":[{"b":0,"c":2,"s":0,"f":0,"sb":0,"sf":0,"i":0}]}]},{"b":528.0,"g":7,"e":[{"f":{"f":1,"p":1},"d":1,"t":1,"w":0,"b":0,"r":0,"i":0,"l":[{"b":0,"c":2,"s":0,"f":0,"sb":0,"sf":0,"i":0}]}]},{"b":528.0,"g":12,"e":[{"f":{"f":1,"p":1},"d":1,"t":1,"w":0,"b":0,"r":0,"i":0,"l":[{"b":1.0,"c":0,"s":0,"f":0,"sb":0,"sf":0,"i":0}]}]},{"b":528.0,"g":13,"e":[{"f":{"f":1,"p":1},"d":1,"t":1,"w":0,"b":0,"r":0,"i":0,"l":[{"b":1.0,"c":0,"s":0,"f":0,"sb":0,"sf":0,"i":0}]}]},{"b":529.0,"g":6,"e":[{"f":{"f":1,"p":1},"d":1,"t":1,"w":0,"b":0,"r":0,"i":0,"l":[{"b":1.0,"c":2,"s":0,"f":0,"sb":0,"sf":0,"i":0}]}]},{"b":529.0,"g":7,"e":[{"f":{"f":1,"p":1},"d":1,"t":1,"w":0,"b":0,"r":0,"i":0,"l":[{"b":1.0,"c":2,"s":0,"f":0,"sb":0,"sf":0,"i":0}]}]},{"b":530.0,"g":6,"e":[{"f":{"f":1,"p":1},"d":1,"t":1,"w":0,"b":0,"r":0,"i":0,"l":[{"b":0,"c":2,"s":0,"f":0,"sb":0,"sf":0,"i":0}]}]},{"b":530.0,"g":7,"e":[{"f":{"f":1,"p":1},"d":1,"t":1,"w":0,"b":0,"r":0,"i":0,"l":[{"b":0,"c":2,"s":0,"f":0,"sb":0,"sf":0,"i":0}]}]},{"b":531.0,"g":6,"e":[{"f":{"f":1,"p":1},"d":1,"t":1,"w":0,"b":0,"r":0,"i":0,"l":[{"b":1.0,"c":2,"s":0,"f":0,"sb":0,"sf":0,"i":0}]}]},{"b":531.0,"g":7,"e":[{"f":{"f":1,"p":1},"d":1,"t":1,"w":0,"b":0,"r":0,"i":0,"l":[{"b":1.0,"c":2,"s":0,"f":0,"sb":0,"sf":0,"i":0}]}]},{"b":532.0,"g":6,"e":[{"f":{"f":1,"p":1},"d":1,"t":1,"w":0,"b":0,"r":0,"i":0,"l":[{"b":0,"c":2,"s":0,"f":0,"sb":0,"sf":0,"i":0}]}]},{"b":532.0,"g":7,"e":[{"f":{"f":1,"p":1},"d":1,"t":1,"w":0,"b":0,"r":0,"i":0,"l":[{"b":0,"c":2,"s":0,"f":0,"sb":0,"sf":0,"i":0}]}]},{"b":533.0,"g":6,"e":[{"f":{"f":1,"p":1},"d":1,"t":1,"w":0,"b":0,"r":0,"i":0,"l":[{"b":1.0,"c":2,"s":0,"f":0,"sb":0,"sf":0,"i":0}]}]},{"b":533.0,"g":7,"e":[{"f":{"f":1,"p":1},"d":1,"t":1,"w":0,"b":0,"r":0,"i":0,"l":[{"b":1.0,"c":2,"s":0,"f":0,"sb":0,"sf":0,"i":0}]}]},{"b":534.0,"g":6,"e":[{"f":{"f":1,"p":1},"d":1,"t":1,"w":0,"b":0,"r":0,"i":0,"l":[{"b":0,"c":2,"s":0,"f":0,"sb":0,"sf":0,"i":0}]}]},{"b":534.0,"g":7,"e":[{"f":{"f":1,"p":1},"d":1,"t":1,"w":0,"b":0,"r":0,"i":0,"l":[{"b":0,"c":2,"s":0,"f":0,"sb":0,"sf":0,"i":0}]}]},{"b":535.0,"g":6,"e":[{"f":{"f":1,"p":1},"d":1,"t":1,"w":0,"b":0,"r":0,"i":0,"l":[{"b":1.0,"c":2,"s":0,"f":0,"sb":0,"sf":0,"i":0}]}]},{"b":535.0,"g":7,"e":[{"f":{"f":1,"p":1},"d":1,"t":1,"w":0,"b":0,"r":0,"i":0,"l":[{"b":1.0,"c":2,"s":0,"f":0,"sb":0,"sf":0,"i":0}]}]},{"b":536.0,"g":6,"e":[{"f":{"f":1,"p":1},"d":1,"t":1,"w":0,"b":0,"r":0,"i":0,"l":[{"b":0,"c":2,"s":0,"f":0,"sb":0,"sf":0,"i":0}]}]},{"b":536.0,"g":7,"e":[{"f":{"f":1,"p":1},"d":1,"t":1,"w":0,"b":0,"r":0,"i":0,"l":[{"b":0,"c":2,"s":0,"f":0,"sb":0,"sf":0,"i":0}]}]},{"b":536.5,"g":12,"e":[{"f":{"f":1,"p":1},"d":1,"t":1,"w":0,"b":0,"r":0,"i":0,"l":[{"b":0,"c":0,"s":0,"f":0,"sb":0,"sf":0,"i":0}]}]},{"b":536.5,"g":13,"e":[{"f":{"f":1,"p":1},"d":1,"t":1,"w":0,"b":0,"r":0,"i":0,"l":[{"b":0,"c":0,"s":0,"f":0,"sb":0,"sf":0,"i":0}]}]},{"b":537.0,"g":6,"e":[{"f":{"f":1,"p":1},"d":1,"t":1,"w":0,"b":0,"r":0,"i":0,"l":[{"b":1.0,"c":2,"s":0,"f":0,"sb":0,"sf":0,"i":0}]}]},{"b":537.0,"g":7,"e":[{"f":{"f":1,"p":1},"d":1,"t":1,"w":0,"b":0,"r":0,"i":0,"l":[{"b":1.0,"c":2,"s":0,"f":0,"sb":0,"sf":0,"i":0}]}]},{"b":538.0,"g":6,"e":[{"f":{"f":1,"p":1},"d":1,"t":1,"w":0,"b":0,"r":0,"i":0,"l":[{"b":0,"c":2,"s":0,"f":0,"sb":0,"sf":0,"i":0}]}]},{"b":538.0,"g":7,"e":[{"f":{"f":1,"p":1},"d":1,"t":1,"w":0,"b":0,"r":0,"i":0,"l":[{"b":0,"c":2,"s":0,"f":0,"sb":0,"sf":0,"i":0}]}]},{"b":539.0,"g":6,"e":[{"f":{"f":1,"p":1},"d":1,"t":1,"w":0,"b":0,"r":0,"i":0,"l":[{"b":1.0,"c":2,"s":0,"f":0,"sb":0,"sf":0,"i":0}]}]},{"b":539.0,"g":7,"e":[{"f":{"f":1,"p":1},"d":1,"t":1,"w":0,"b":0,"r":0,"i":0,"l":[{"b":1.0,"c":2,"s":0,"f":0,"sb":0,"sf":0,"i":0}]}]},{"b":540.0,"g":6,"e":[{"f":{"f":1,"p":1},"d":1,"t":1,"w":0,"b":0,"r":0,"i":0,"l":[{"b":0,"c":2,"s":0,"f":0,"sb":0,"sf":0,"i":0}]}]},{"b":540.0,"g":7,"e":[{"f":{"f":1,"p":1},"d":1,"t":1,"w":0,"b":0,"r":0,"i":0,"l":[{"b":0,"c":2,"s":0,"f":0,"sb":0,"sf":0,"i":0}]}]},{"b":541.0,"g":6,"e":[{"f":{"f":1,"p":1},"d":1,"t":1,"w":0,"b":0,"r":0,"i":0,"l":[{"b":1.0,"c":2,"s":0,"f":0,"sb":0,"sf":0,"i":0}]}]},{"b":541.0,"g":7,"e":[{"f":{"f":1,"p":1},"d":1,"t":1,"w":0,"b":0,"r":0,"i":0,"l":[{"b":1.0,"c":2,"s":0,"f":0,"sb":0,"sf":0,"i":0}]}]},{"b":542.0,"g":6,"e":[{"f":{"f":1,"p":1},"d":1,"t":1,"w":0,"b":0,"r":0,"i":0,"l":[{"b":0,"c":2,"s":0,"f":0,"sb":0,"sf":0,"i":0}]}]},{"b":542.0,"g":7,"e":[{"f":{"f":1,"p":1},"d":1,"t":1,"w":0,"b":0,"r":0,"i":0,"l":[{"b":0,"c":2,"s":0,"f":0,"sb":0,"sf":0,"i":0}]}]},{"b":543.0,"g":6,"e":[{"f":{"f":1,"p":1},"d":1,"t":1,"w":0,"b":0,"r":0,"i":0,"l":[{"b":1.0,"c":2,"s":0,"f":0,"sb":0,"sf":0,"i":0}]}]},{"b":543.0,"g":7,"e":[{"f":{"f":1,"p":1},"d":1,"t":1,"w":0,"b":0,"r":0,"i":0,"l":[{"b":1.0,"c":2,"s":0,"f":0,"sb":0,"sf":0,"i":0}]}]},{"b":544.0,"g":6,"e":[{"f":{"f":1,"p":1},"d":1,"t":1,"w":0,"b":0,"r":0,"i":0,"l":[{"b":0,"c":2,"s":0,"f":0,"sb":0,"sf":0,"i":0}]}]},{"b":544.0,"g":7,"e":[{"f":{"f":1,"p":1},"d":1,"t":1,"w":0,"b":0,"r":0,"i":0,"l":[{"b":0,"c":2,"s":0,"f":0,"sb":0,"sf":0,"i":0}]}]},{"b":544.0,"g":12,"e":[{"f":{"f":1,"p":1},"d":1,"t":1,"w":0,"b":0,"r":0,"i":0,"l":[{"b":1.0,"c":0,"s":0,"f":0,"sb":0,"sf":0,"i":0}]}]},{"b":544.0,"g":13,"e":[{"f":{"f":1,"p":1},"d":1,"t":1,"w":0,"b":0,"r":0,"i":0,"l":[{"b":1.0,"c":0,"s":0,"f":0,"sb":0,"sf":0,"i":0}]}]},{"b":545.0,"g":6,"e":[{"f":{"f":1,"p":1},"d":1,"t":1,"w":0,"b":0,"r":0,"i":0,"l":[{"b":1.0,"c":2,"s":0,"f":0,"sb":0,"sf":0,"i":0}]}]},{"b":545.0,"g":7,"e":[{"f":{"f":1,"p":1},"d":1,"t":1,"w":0,"b":0,"r":0,"i":0,"l":[{"b":1.0,"c":2,"s":0,"f":0,"sb":0,"sf":0,"i":0}]}]},{"b":546.0,"g":6,"e":[{"f":{"f":1,"p":1},"d":1,"t":1,"w":0,"b":0,"r":0,"i":0,"l":[{"b":0,"c":2,"s":0,"f":0,"sb":0,"sf":0,"i":0}]}]},{"b":546.0,"g":7,"e":[{"f":{"f":1,"p":1},"d":1,"t":1,"w":0,"b":0,"r":0,"i":0,"l":[{"b":0,"c":2,"s":0,"f":0,"sb":0,"sf":0,"i":0}]}]},{"b":547.0,"g":6,"e":[{"f":{"f":1,"p":1},"d":1,"t":1,"w":0,"b":0,"r":0,"i":0,"l":[{"b":1.0,"c":2,"s":0,"f":0,"sb":0,"sf":0,"i":0}]}]},{"b":547.0,"g":7,"e":[{"f":{"f":1,"p":1},"d":1,"t":1,"w":0,"b":0,"r":0,"i":0,"l":[{"b":1.0,"c":2,"s":0,"f":0,"sb":0,"sf":0,"i":0}]}]},{"b":548.0,"g":6,"e":[{"f":{"f":1,"p":1},"d":1,"t":1,"w":0,"b":0,"r":0,"i":0,"l":[{"b":0,"c":2,"s":0,"f":0,"sb":0,"sf":0,"i":0}]}]},{"b":548.0,"g":7,"e":[{"f":{"f":1,"p":1},"d":1,"t":1,"w":0,"b":0,"r":0,"i":0,"l":[{"b":0,"c":2,"s":0,"f":0,"sb":0,"sf":0,"i":0}]}]},{"b":549.0,"g":6,"e":[{"f":{"f":1,"p":1},"d":1,"t":1,"w":0,"b":0,"r":0,"i":0,"l":[{"b":1.0,"c":2,"s":0,"f":0,"sb":0,"sf":0,"i":0}]}]},{"b":549.0,"g":7,"e":[{"f":{"f":1,"p":1},"d":1,"t":1,"w":0,"b":0,"r":0,"i":0,"l":[{"b":1.0,"c":2,"s":0,"f":0,"sb":0,"sf":0,"i":0}]}]},{"b":550.0,"g":6,"e":[{"f":{"f":1,"p":1},"d":1,"t":1,"w":0,"b":0,"r":0,"i":0,"l":[{"b":0,"c":2,"s":0,"f":0,"sb":0,"sf":0,"i":0}]}]},{"b":550.0,"g":7,"e":[{"f":{"f":1,"p":1},"d":1,"t":1,"w":0,"b":0,"r":0,"i":0,"l":[{"b":0,"c":2,"s":0,"f":0,"sb":0,"sf":0,"i":0}]}]},{"b":551.0,"g":6,"e":[{"f":{"f":1,"p":1},"d":1,"t":1,"w":0,"b":0,"r":0,"i":0,"l":[{"b":1.0,"c":2,"s":0,"f":0,"sb":0,"sf":0,"i":0}]}]},{"b":551.0,"g":7,"e":[{"f":{"f":1,"p":1},"d":1,"t":1,"w":0,"b":0,"r":0,"i":0,"l":[{"b":1.0,"c":2,"s":0,"f":0,"sb":0,"sf":0,"i":0}]}]},{"b":551.5,"g":6,"e":[{"f":{"f":1,"p":1},"d":1,"t":1,"w":0,"b":0,"r":0,"i":0,"l":[{"b":0,"c":2,"s":0,"f":0,"sb":0,"sf":0,"i":0}]}]},{"b":551.5,"g":7,"e":[{"f":{"f":1,"p":1},"d":1,"t":1,"w":0,"b":0,"r":0,"i":0,"l":[{"b":0,"c":2,"s":0,"f":0,"sb":0,"sf":0,"i":0}]}]},{"b":552.0,"g":6,"e":[{"f":{"f":1,"p":1},"d":1,"t":1,"w":0,"b":0,"r":0,"i":0,"l":[{"b":1.0,"c":2,"s":0,"f":0,"sb":0,"sf":0,"i":0}]}]},{"b":552.0,"g":7,"e":[{"f":{"f":1,"p":1},"d":1,"t":1,"w":0,"b":0,"r":0,"i":0,"l":[{"b":1.0,"c":2,"s":0,"f":0,"sb":0,"sf":0,"i":0}]}]},{"b":552.5,"g":6,"e":[{"f":{"f":1,"p":1},"d":1,"t":1,"w":0,"b":0,"r":0,"i":0,"l":[{"b":0,"c":2,"s":0,"f":0,"sb":0,"sf":0,"i":0}]}]},{"b":552.5,"g":7,"e":[{"f":{"f":1,"p":1},"d":1,"t":1,"w":0,"b":0,"r":0,"i":0,"l":[{"b":0,"c":2,"s":0,"f":0,"sb":0,"sf":0,"i":0}]}]},{"b":552.5,"g":12,"e":[{"f":{"f":1,"p":1},"d":1,"t":1,"w":0,"b":0,"r":0,"i":0,"l":[{"b":0,"c":0,"s":0,"f":0,"sb":0,"sf":0,"i":0}]}]},{"b":552.5,"g":13,"e":[{"f":{"f":1,"p":1},"d":1,"t":1,"w":0,"b":0,"r":0,"i":0,"l":[{"b":0,"c":0,"s":0,"f":0,"sb":0,"sf":0,"i":0}]}]},{"b":553.5,"g":6,"e":[{"f":{"f":1,"p":1},"d":1,"t":1,"w":0,"b":0,"r":0,"i":0,"l":[{"b":1.0,"c":2,"s":0,"f":0,"sb":0,"sf":0,"i":0}]}]},{"b":553.5,"g":7,"e":[{"f":{"f":1,"p":1},"d":1,"t":1,"w":0,"b":0,"r":0,"i":0,"l":[{"b":1.0,"c":2,"s":0,"f":0,"sb":0,"sf":0,"i":0}]}]},{"b":554.0,"g":6,"e":[{"f":{"f":1,"p":1},"d":1,"t":1,"w":0,"b":0,"r":0,"i":0,"l":[{"b":0,"c":2,"s":0,"f":0,"sb":0,"sf":0,"i":0}]}]},{"b":554.0,"g":7,"e":[{"f":{"f":1,"p":1},"d":1,"t":1,"w":0,"b":0,"r":0,"i":0,"l":[{"b":0,"c":2,"s":0,"f":0,"sb":0,"sf":0,"i":0}]}]},{"b":555.0,"g":6,"e":[{"f":{"f":1,"p":1},"d":1,"t":1,"w":0,"b":0,"r":0,"i":0,"l":[{"b":1.0,"c":2,"s":0,"f":0,"sb":0,"sf":0,"i":0}]}]},{"b":555.0,"g":7,"e":[{"f":{"f":1,"p":1},"d":1,"t":1,"w":0,"b":0,"r":0,"i":0,"l":[{"b":1.0,"c":2,"s":0,"f":0,"sb":0,"sf":0,"i":0}]}]},{"b":555.5,"g":6,"e":[{"f":{"f":1,"p":1},"d":1,"t":1,"w":0,"b":0,"r":0,"i":0,"l":[{"b":0,"c":2,"s":0,"f":0,"sb":0,"sf":0,"i":0}]}]},{"b":555.5,"g":7,"e":[{"f":{"f":1,"p":1},"d":1,"t":1,"w":0,"b":0,"r":0,"i":0,"l":[{"b":0,"c":2,"s":0,"f":0,"sb":0,"sf":0,"i":0}]}]},{"b":556.5,"g":6,"e":[{"f":{"f":1,"p":1},"d":1,"t":1,"w":0,"b":0,"r":0,"i":0,"l":[{"b":1.0,"c":2,"s":0,"f":0,"sb":0,"sf":0,"i":0}]}]},{"b":556.5,"g":7,"e":[{"f":{"f":1,"p":1},"d":1,"t":1,"w":0,"b":0,"r":0,"i":0,"l":[{"b":1.0,"c":2,"s":0,"f":0,"sb":0,"sf":0,"i":0}]}]},{"b":557.0,"g":6,"e":[{"f":{"f":1,"p":1},"d":1,"t":1,"w":0,"b":0,"r":0,"i":0,"l":[{"b":0,"c":2,"s":0,"f":0,"sb":0,"sf":0,"i":0}]}]},{"b":557.0,"g":7,"e":[{"f":{"f":1,"p":1},"d":1,"t":1,"w":0,"b":0,"r":0,"i":0,"l":[{"b":0,"c":2,"s":0,"f":0,"sb":0,"sf":0,"i":0}]}]},{"b":558.0,"g":6,"e":[{"f":{"f":1,"p":1},"d":1,"t":1,"w":0,"b":0,"r":0,"i":0,"l":[{"b":1.0,"c":2,"s":0,"f":0,"sb":0,"sf":0,"i":0}]}]},{"b":558.0,"g":7,"e":[{"f":{"f":1,"p":1},"d":1,"t":1,"w":0,"b":0,"r":0,"i":0,"l":[{"b":1.0,"c":2,"s":0,"f":0,"sb":0,"sf":0,"i":0}]}]},{"b":558.5,"g":6,"e":[{"f":{"f":1,"p":1},"d":1,"t":1,"w":0,"b":0,"r":0,"i":0,"l":[{"b":0,"c":2,"s":0,"f":0,"sb":0,"sf":0,"i":0}]}]},{"b":558.5,"g":7,"e":[{"f":{"f":1,"p":1},"d":1,"t":1,"w":0,"b":0,"r":0,"i":0,"l":[{"b":0,"c":2,"s":0,"f":0,"sb":0,"sf":0,"i":0}]}]},{"b":561.0,"g":6,"e":[{"f":{"f":1,"p":1},"d":1,"t":1,"w":0,"b":0,"r":0,"i":0,"l":[{"b":1.0,"c":2,"s":0,"f":0,"sb":0,"sf":0,"i":0}]}]},{"b":561.0,"g":7,"e":[{"f":{"f":1,"p":1},"d":1,"t":1,"w":0,"b":0,"r":0,"i":0,"l":[{"b":1.0,"c":2,"s":0,"f":0,"sb":0,"sf":0,"i":0}]}]},{"b":562.0,"g":6,"e":[{"f":{"f":1,"p":1},"d":1,"t":1,"w":0,"b":0,"r":0,"i":0,"l":[{"b":0,"c":2,"s":0,"f":0,"sb":0,"sf":0,"i":0}]}]},{"b":562.0,"g":7,"e":[{"f":{"f":1,"p":1},"d":1,"t":1,"w":0,"b":0,"r":0,"i":0,"l":[{"b":0,"c":2,"s":0,"f":0,"sb":0,"sf":0,"i":0}]}]},{"b":563.0,"g":6,"e":[{"f":{"f":1,"p":1},"d":1,"t":1,"w":0,"b":0,"r":0,"i":0,"l":[{"b":1.0,"c":2,"s":0,"f":0,"sb":0,"sf":0,"i":0}]}]},{"b":563.0,"g":7,"e":[{"f":{"f":1,"p":1},"d":1,"t":1,"w":0,"b":0,"r":0,"i":0,"l":[{"b":1.0,"c":2,"s":0,"f":0,"sb":0,"sf":0,"i":0}]}]},{"b":564.0,"g":6,"e":[{"f":{"f":1,"p":1},"d":1,"t":1,"w":0,"b":0,"r":0,"i":0,"l":[{"b":0,"c":2,"s":0,"f":0,"sb":0,"sf":0,"i":0}]}]},{"b":564.0,"g":7,"e":[{"f":{"f":1,"p":1},"d":1,"t":1,"w":0,"b":0,"r":0,"i":0,"l":[{"b":0,"c":2,"s":0,"f":0,"sb":0,"sf":0,"i":0}]}]},{"b":565.0,"g":6,"e":[{"f":{"f":1,"p":1},"d":1,"t":1,"w":0,"b":0,"r":0,"i":0,"l":[{"b":1.0,"c":2,"s":0,"f":0,"sb":0,"sf":0,"i":0}]}]},{"b":565.0,"g":7,"e":[{"f":{"f":1,"p":1},"d":1,"t":1,"w":0,"b":0,"r":0,"i":0,"l":[{"b":1.0,"c":2,"s":0,"f":0,"sb":0,"sf":0,"i":0}]}]},{"b":566.0,"g":6,"e":[{"f":{"f":1,"p":1},"d":1,"t":1,"w":0,"b":0,"r":0,"i":0,"l":[{"b":0,"c":2,"s":0,"f":0,"sb":0,"sf":0,"i":0}]}]},{"b":566.0,"g":7,"e":[{"f":{"f":1,"p":1},"d":1,"t":1,"w":0,"b":0,"r":0,"i":0,"l":[{"b":0,"c":2,"s":0,"f":0,"sb":0,"sf":0,"i":0}]}]},{"b":567.0,"g":6,"e":[{"f":{"f":1,"p":1},"d":1,"t":1,"w":0,"b":0,"r":0,"i":0,"l":[{"b":1.0,"c":2,"s":0,"f":0,"sb":0,"sf":0,"i":0}]}]},{"b":567.0,"g":7,"e":[{"f":{"f":1,"p":1},"d":1,"t":1,"w":0,"b":0,"r":0,"i":0,"l":[{"b":1.0,"c":2,"s":0,"f":0,"sb":0,"sf":0,"i":0}]}]},{"b":568.0,"g":6,"e":[{"f":{"f":1,"p":1},"d":1,"t":1,"w":0,"b":0,"r":0,"i":0,"l":[{"b":0,"c":2,"s":0,"f":0,"sb":0,"sf":0,"i":0}]}]},{"b":568.0,"g":7,"e":[{"f":{"f":1,"p":1},"d":1,"t":1,"w":0,"b":0,"r":0,"i":0,"l":[{"b":0,"c":2,"s":0,"f":0,"sb":0,"sf":0,"i":0}]}]},{"b":569.0,"g":6,"e":[{"f":{"f":1,"p":1},"d":1,"t":1,"w":0,"b":0,"r":0,"i":0,"l":[{"b":1.0,"c":2,"s":0,"f":0,"sb":0,"sf":0,"i":0}]}]},{"b":569.0,"g":7,"e":[{"f":{"f":1,"p":1},"d":1,"t":1,"w":0,"b":0,"r":0,"i":0,"l":[{"b":1.0,"c":2,"s":0,"f":0,"sb":0,"sf":0,"i":0}]}]},{"b":570.0,"g":6,"e":[{"f":{"f":1,"p":1},"d":1,"t":1,"w":0,"b":0,"r":0,"i":0,"l":[{"b":0,"c":2,"s":0,"f":0,"sb":0,"sf":0,"i":0}]}]},{"b":570.0,"g":7,"e":[{"f":{"f":1,"p":1},"d":1,"t":1,"w":0,"b":0,"r":0,"i":0,"l":[{"b":0,"c":2,"s":0,"f":0,"sb":0,"sf":0,"i":0}]}]},{"b":571.0,"g":6,"e":[{"f":{"f":1,"p":1},"d":1,"t":1,"w":0,"b":0,"r":0,"i":0,"l":[{"b":1.0,"c":2,"s":0,"f":0,"sb":0,"sf":0,"i":0}]}]},{"b":571.0,"g":7,"e":[{"f":{"f":1,"p":1},"d":1,"t":1,"w":0,"b":0,"r":0,"i":0,"l":[{"b":1.0,"c":2,"s":0,"f":0,"sb":0,"sf":0,"i":0}]}]},{"b":572.0,"g":6,"e":[{"f":{"f":1,"p":1},"d":1,"t":1,"w":0,"b":0,"r":0,"i":0,"l":[{"b":0,"c":2,"s":0,"f":0,"sb":0,"sf":0,"i":0}]}]},{"b":572.0,"g":7,"e":[{"f":{"f":1,"p":1},"d":1,"t":1,"w":0,"b":0,"r":0,"i":0,"l":[{"b":0,"c":2,"s":0,"f":0,"sb":0,"sf":0,"i":0}]}]},{"b":573.0,"g":6,"e":[{"f":{"f":1,"p":1},"d":1,"t":1,"w":0,"b":0,"r":0,"i":0,"l":[{"b":1.0,"c":2,"s":0,"f":0,"sb":0,"sf":0,"i":0}]}]},{"b":573.0,"g":7,"e":[{"f":{"f":1,"p":1},"d":1,"t":1,"w":0,"b":0,"r":0,"i":0,"l":[{"b":1.0,"c":2,"s":0,"f":0,"sb":0,"sf":0,"i":0}]}]},{"b":574.0,"g":6,"e":[{"f":{"f":1,"p":1},"d":1,"t":1,"w":0,"b":0,"r":0,"i":0,"l":[{"b":0,"c":2,"s":0,"f":0,"sb":0,"sf":0,"i":0}]}]},{"b":574.0,"g":7,"e":[{"f":{"f":1,"p":1},"d":1,"t":1,"w":0,"b":0,"r":0,"i":0,"l":[{"b":0,"c":2,"s":0,"f":0,"sb":0,"sf":0,"i":0}]}]},{"b":575.0,"g":6,"e":[{"f":{"f":1,"p":1},"d":1,"t":1,"w":0,"b":0,"r":0,"i":0,"l":[{"b":1.0,"c":2,"s":0,"f":0,"sb":0,"sf":0,"i":0}]}]},{"b":575.0,"g":7,"e":[{"f":{"f":1,"p":1},"d":1,"t":1,"w":0,"b":0,"r":0,"i":0,"l":[{"b":1.0,"c":2,"s":0,"f":0,"sb":0,"sf":0,"i":0}]}]},{"b":576.0,"g":6,"e":[{"f":{"f":1,"p":1},"d":1,"t":1,"w":0,"b":0,"r":0,"i":0,"l":[{"b":0,"c":2,"s":0,"f":0,"sb":0,"sf":0,"i":0}]}]},{"b":576.0,"g":7,"e":[{"f":{"f":1,"p":1},"d":1,"t":1,"w":0,"b":0,"r":0,"i":0,"l":[{"b":0,"c":2,"s":0,"f":0,"sb":0,"sf":0,"i":0}]}]},{"b":576.0,"g":12,"e":[{"f":{"f":1,"p":1},"d":1,"t":1,"w":0,"b":0,"r":0,"i":0,"l":[{"b":1.0,"c":0,"s":0,"f":0,"sb":0,"sf":0,"i":0}]}]},{"b":576.0,"g":13,"e":[{"f":{"f":1,"p":1},"d":1,"t":1,"w":0,"b":0,"r":0,"i":0,"l":[{"b":1.0,"c":0,"s":0,"f":0,"sb":0,"sf":0,"i":0}]}]},{"b":577.0,"g":6,"e":[{"f":{"f":1,"p":1},"d":1,"t":1,"w":0,"b":0,"r":0,"i":0,"l":[{"b":1.0,"c":2,"s":0,"f":0,"sb":0,"sf":0,"i":0}]}]},{"b":577.0,"g":7,"e":[{"f":{"f":1,"p":1},"d":1,"t":1,"w":0,"b":0,"r":0,"i":0,"l":[{"b":1.0,"c":2,"s":0,"f":0,"sb":0,"sf":0,"i":0}]}]},{"b":578.0,"g":6,"e":[{"f":{"f":1,"p":1},"d":1,"t":1,"w":0,"b":0,"r":0,"i":0,"l":[{"b":0,"c":2,"s":0,"f":0,"sb":0,"sf":0,"i":0}]}]},{"b":578.0,"g":7,"e":[{"f":{"f":1,"p":1},"d":1,"t":1,"w":0,"b":0,"r":0,"i":0,"l":[{"b":0,"c":2,"s":0,"f":0,"sb":0,"sf":0,"i":0}]}]},{"b":579.0,"g":6,"e":[{"f":{"f":1,"p":1},"d":1,"t":1,"w":0,"b":0,"r":0,"i":0,"l":[{"b":1.0,"c":2,"s":0,"f":0,"sb":0,"sf":0,"i":0}]}]},{"b":579.0,"g":7,"e":[{"f":{"f":1,"p":1},"d":1,"t":1,"w":0,"b":0,"r":0,"i":0,"l":[{"b":1.0,"c":2,"s":0,"f":0,"sb":0,"sf":0,"i":0}]}]},{"b":580.0,"g":6,"e":[{"f":{"f":1,"p":1},"d":1,"t":1,"w":0,"b":0,"r":0,"i":0,"l":[{"b":0,"c":2,"s":0,"f":0,"sb":0,"sf":0,"i":0}]}]},{"b":580.0,"g":7,"e":[{"f":{"f":1,"p":1},"d":1,"t":1,"w":0,"b":0,"r":0,"i":0,"l":[{"b":0,"c":2,"s":0,"f":0,"sb":0,"sf":0,"i":0}]}]},{"b":581.0,"g":6,"e":[{"f":{"f":1,"p":1},"d":1,"t":1,"w":0,"b":0,"r":0,"i":0,"l":[{"b":1.0,"c":2,"s":0,"f":0,"sb":0,"sf":0,"i":0}]}]},{"b":581.0,"g":7,"e":[{"f":{"f":1,"p":1},"d":1,"t":1,"w":0,"b":0,"r":0,"i":0,"l":[{"b":1.0,"c":2,"s":0,"f":0,"sb":0,"sf":0,"i":0}]}]},{"b":582.0,"g":6,"e":[{"f":{"f":1,"p":1},"d":1,"t":1,"w":0,"b":0,"r":0,"i":0,"l":[{"b":0,"c":2,"s":0,"f":0,"sb":0,"sf":0,"i":0}]}]},{"b":582.0,"g":7,"e":[{"f":{"f":1,"p":1},"d":1,"t":1,"w":0,"b":0,"r":0,"i":0,"l":[{"b":0,"c":2,"s":0,"f":0,"sb":0,"sf":0,"i":0}]}]},{"b":583.0,"g":6,"e":[{"f":{"f":1,"p":1},"d":1,"t":1,"w":0,"b":0,"r":0,"i":0,"l":[{"b":1.0,"c":2,"s":0,"f":0,"sb":0,"sf":0,"i":0}]}]},{"b":583.0,"g":7,"e":[{"f":{"f":1,"p":1},"d":1,"t":1,"w":0,"b":0,"r":0,"i":0,"l":[{"b":1.0,"c":2,"s":0,"f":0,"sb":0,"sf":0,"i":0}]}]},{"b":583.5,"g":6,"e":[{"f":{"f":1,"p":1},"d":1,"t":1,"w":0,"b":0,"r":0,"i":0,"l":[{"b":0,"c":2,"s":0,"f":0,"sb":0,"sf":0,"i":0}]}]},{"b":583.5,"g":7,"e":[{"f":{"f":1,"p":1},"d":1,"t":1,"w":0,"b":0,"r":0,"i":0,"l":[{"b":0,"c":2,"s":0,"f":0,"sb":0,"sf":0,"i":0}]}]},{"b":584.0,"g":6,"e":[{"f":{"f":1,"p":1},"d":1,"t":1,"w":0,"b":0,"r":0,"i":0,"l":[{"b":1.0,"c":2,"s":0,"f":0,"sb":0,"sf":0,"i":0}]}]},{"b":584.0,"g":7,"e":[{"f":{"f":1,"p":1},"d":1,"t":1,"w":0,"b":0,"r":0,"i":0,"l":[{"b":1.0,"c":2,"s":0,"f":0,"sb":0,"sf":0,"i":0}]}]},{"b":584.0,"g":12,"e":[{"f":{"f":1,"p":1},"d":1,"t":1,"w":0,"b":0,"r":0,"i":0,"l":[{"b":0,"c":0,"s":0,"f":0,"sb":0,"sf":0,"i":0}]}]},{"b":584.0,"g":13,"e":[{"f":{"f":1,"p":1},"d":1,"t":1,"w":0,"b":0,"r":0,"i":0,"l":[{"b":0,"c":0,"s":0,"f":0,"sb":0,"sf":0,"i":0}]}]},{"b":584.5,"g":6,"e":[{"f":{"f":1,"p":1},"d":1,"t":1,"w":0,"b":0,"r":0,"i":0,"l":[{"b":0,"c":2,"s":0,"f":0,"sb":0,"sf":0,"i":0}]}]},{"b":584.5,"g":7,"e":[{"f":{"f":1,"p":1},"d":1,"t":1,"w":0,"b":0,"r":0,"i":0,"l":[{"b":0,"c":2,"s":0,"f":0,"sb":0,"sf":0,"i":0}]}]},{"b":585.5,"g":6,"e":[{"f":{"f":1,"p":1},"d":1,"t":1,"w":0,"b":0,"r":0,"i":0,"l":[{"b":1.0,"c":2,"s":0,"f":0,"sb":0,"sf":0,"i":0}]}]},{"b":585.5,"g":7,"e":[{"f":{"f":1,"p":1},"d":1,"t":1,"w":0,"b":0,"r":0,"i":0,"l":[{"b":1.0,"c":2,"s":0,"f":0,"sb":0,"sf":0,"i":0}]}]},{"b":586.0,"g":6,"e":[{"f":{"f":1,"p":1},"d":1,"t":1,"w":0,"b":0,"r":0,"i":0,"l":[{"b":0,"c":2,"s":0,"f":0,"sb":0,"sf":0,"i":0}]}]},{"b":586.0,"g":7,"e":[{"f":{"f":1,"p":1},"d":1,"t":1,"w":0,"b":0,"r":0,"i":0,"l":[{"b":0,"c":2,"s":0,"f":0,"sb":0,"sf":0,"i":0}]}]},{"b":587.0,"g":6,"e":[{"f":{"f":1,"p":1},"d":1,"t":1,"w":0,"b":0,"r":0,"i":0,"l":[{"b":1.0,"c":2,"s":0,"f":0,"sb":0,"sf":0,"i":0}]}]},{"b":587.0,"g":7,"e":[{"f":{"f":1,"p":1},"d":1,"t":1,"w":0,"b":0,"r":0,"i":0,"l":[{"b":1.0,"c":2,"s":0,"f":0,"sb":0,"sf":0,"i":0}]}]},{"b":587.5,"g":6,"e":[{"f":{"f":1,"p":1},"d":1,"t":1,"w":0,"b":0,"r":0,"i":0,"l":[{"b":0,"c":2,"s":0,"f":0,"sb":0,"sf":0,"i":0}]}]},{"b":587.5,"g":7,"e":[{"f":{"f":1,"p":1},"d":1,"t":1,"w":0,"b":0,"r":0,"i":0,"l":[{"b":0,"c":2,"s":0,"f":0,"sb":0,"sf":0,"i":0}]}]},{"b":588.5,"g":6,"e":[{"f":{"f":1,"p":1},"d":1,"t":1,"w":0,"b":0,"r":0,"i":0,"l":[{"b":1.0,"c":2,"s":0,"f":0,"sb":0,"sf":0,"i":0}]}]},{"b":588.5,"g":7,"e":[{"f":{"f":1,"p":1},"d":1,"t":1,"w":0,"b":0,"r":0,"i":0,"l":[{"b":1.0,"c":2,"s":0,"f":0,"sb":0,"sf":0,"i":0}]}]},{"b":589.0,"g":6,"e":[{"f":{"f":1,"p":1},"d":1,"t":1,"w":0,"b":0,"r":0,"i":0,"l":[{"b":0,"c":2,"s":0,"f":0,"sb":0,"sf":0,"i":0}]}]},{"b":589.0,"g":7,"e":[{"f":{"f":1,"p":1},"d":1,"t":1,"w":0,"b":0,"r":0,"i":0,"l":[{"b":0,"c":2,"s":0,"f":0,"sb":0,"sf":0,"i":0}]}]},{"b":590.0,"g":6,"e":[{"f":{"f":1,"p":1},"d":1,"t":1,"w":0,"b":0,"r":0,"i":0,"l":[{"b":1.0,"c":2,"s":0,"f":0,"sb":0,"sf":0,"i":0}]}]},{"b":590.0,"g":7,"e":[{"f":{"f":1,"p":1},"d":1,"t":1,"w":0,"b":0,"r":0,"i":0,"l":[{"b":1.0,"c":2,"s":0,"f":0,"sb":0,"sf":0,"i":0}]}]},{"b":590.5,"g":6,"e":[{"f":{"f":1,"p":1},"d":1,"t":1,"w":0,"b":0,"r":0,"i":0,"l":[{"b":0,"c":2,"s":0,"f":0,"sb":0,"sf":0,"i":0}]}]},{"b":590.5,"g":7,"e":[{"f":{"f":1,"p":1},"d":1,"t":1,"w":0,"b":0,"r":0,"i":0,"l":[{"b":0,"c":2,"s":0,"f":0,"sb":0,"sf":0,"i":0}]}]},{"b":592.0,"g":6,"e":[{"f":{"f":1,"p":1},"d":1,"t":1,"w":0,"b":0,"r":0,"i":0,"l":[{"b":1.0,"c":2,"s":0,"f":0,"sb":0,"sf":0,"i":0}]}]},{"b":592.0,"g":7,"e":[{"f":{"f":1,"p":1},"d":1,"t":1,"w":0,"b":0,"r":0,"i":0,"l":[{"b":1.0,"c":2,"s":0,"f":0,"sb":0,"sf":0,"i":0}]}]},{"b":592.5,"g":6,"e":[{"f":{"f":1,"p":1},"d":1,"t":1,"w":0,"b":0,"r":0,"i":0,"l":[{"b":0,"c":2,"s":0,"f":0,"sb":0,"sf":0,"i":0}]}]},{"b":592.5,"g":7,"e":[{"f":{"f":1,"p":1},"d":1,"t":1,"w":0,"b":0,"r":0,"i":0,"l":[{"b":0,"c":2,"s":0,"f":0,"sb":0,"sf":0,"i":0}]}]},{"b":593.0,"g":6,"e":[{"f":{"f":1,"p":1},"d":1,"t":1,"w":0,"b":0,"r":0,"i":0,"l":[{"b":1.0,"c":2,"s":0,"f":0,"sb":0,"sf":0,"i":0}]}]},{"b":593.0,"g":7,"e":[{"f":{"f":1,"p":1},"d":1,"t":1,"w":0,"b":0,"r":0,"i":0,"l":[{"b":1.0,"c":2,"s":0,"f":0,"sb":0,"sf":0,"i":0}]}]},{"b":593.5,"g":6,"e":[{"f":{"f":1,"p":1},"d":1,"t":1,"w":0,"b":0,"r":0,"i":0,"l":[{"b":0,"c":2,"s":0,"f":0,"sb":0,"sf":0,"i":0}]}]},{"b":593.5,"g":7,"e":[{"f":{"f":1,"p":1},"d":1,"t":1,"w":0,"b":0,"r":0,"i":0,"l":[{"b":0,"c":2,"s":0,"f":0,"sb":0,"sf":0,"i":0}]}]},{"b":594.0,"g":6,"e":[{"f":{"f":1,"p":1},"d":1,"t":1,"w":0,"b":0,"r":0,"i":0,"l":[{"b":1.0,"c":2,"s":0,"f":0,"sb":0,"sf":0,"i":0}]}]},{"b":594.0,"g":7,"e":[{"f":{"f":1,"p":1},"d":1,"t":1,"w":0,"b":0,"r":0,"i":0,"l":[{"b":1.0,"c":2,"s":0,"f":0,"sb":0,"sf":0,"i":0}]}]},{"b":594.5,"g":6,"e":[{"f":{"f":1,"p":1},"d":1,"t":1,"w":0,"b":0,"r":0,"i":0,"l":[{"b":0,"c":2,"s":0,"f":0,"sb":0,"sf":0,"i":0}]}]},{"b":594.5,"g":7,"e":[{"f":{"f":1,"p":1},"d":1,"t":1,"w":0,"b":0,"r":0,"i":0,"l":[{"b":0,"c":2,"s":0,"f":0,"sb":0,"sf":0,"i":0}]}]},{"b":595.0,"g":6,"e":[{"f":{"f":1,"p":1},"d":1,"t":1,"w":0,"b":0,"r":0,"i":0,"l":[{"b":1.0,"c":2,"s":0,"f":0,"sb":0,"sf":0,"i":0}]}]},{"b":595.0,"g":7,"e":[{"f":{"f":1,"p":1},"d":1,"t":1,"w":0,"b":0,"r":0,"i":0,"l":[{"b":1.0,"c":2,"s":0,"f":0,"sb":0,"sf":0,"i":0}]}]},{"b":595.5,"g":6,"e":[{"f":{"f":1,"p":1},"d":1,"t":1,"w":0,"b":0,"r":0,"i":0,"l":[{"b":0,"c":2,"s":0,"f":0,"sb":0,"sf":0,"i":0}]}]},{"b":595.5,"g":7,"e":[{"f":{"f":1,"p":1},"d":1,"t":1,"w":0,"b":0,"r":0,"i":0,"l":[{"b":0,"c":2,"s":0,"f":0,"sb":0,"sf":0,"i":0}]}]},{"b":596.0,"g":6,"e":[{"f":{"f":1,"p":1},"d":1,"t":1,"w":0,"b":0,"r":0,"i":0,"l":[{"b":1.0,"c":2,"s":0,"f":0,"sb":0,"sf":0,"i":0}]}]},{"b":596.0,"g":7,"e":[{"f":{"f":1,"p":1},"d":1,"t":1,"w":0,"b":0,"r":0,"i":0,"l":[{"b":1.0,"c":2,"s":0,"f":0,"sb":0,"sf":0,"i":0}]}]},{"b":596.5,"g":6,"e":[{"f":{"f":1,"p":1},"d":1,"t":1,"w":0,"b":0,"r":0,"i":0,"l":[{"b":0,"c":2,"s":0,"f":0,"sb":0,"sf":0,"i":0}]}]},{"b":596.5,"g":7,"e":[{"f":{"f":1,"p":1},"d":1,"t":1,"w":0,"b":0,"r":0,"i":0,"l":[{"b":0,"c":2,"s":0,"f":0,"sb":0,"sf":0,"i":0}]}]},{"b":597.0,"g":6,"e":[{"f":{"f":1,"p":1},"d":1,"t":1,"w":0,"b":0,"r":0,"i":0,"l":[{"b":1.0,"c":2,"s":0,"f":0,"sb":0,"sf":0,"i":0}]}]},{"b":597.0,"g":7,"e":[{"f":{"f":1,"p":1},"d":1,"t":1,"w":0,"b":0,"r":0,"i":0,"l":[{"b":1.0,"c":2,"s":0,"f":0,"sb":0,"sf":0,"i":0}]}]},{"b":597.5,"g":6,"e":[{"f":{"f":1,"p":1},"d":1,"t":1,"w":0,"b":0,"r":0,"i":0,"l":[{"b":0,"c":2,"s":0,"f":0,"sb":0,"sf":0,"i":0}]}]},{"b":597.5,"g":7,"e":[{"f":{"f":1,"p":1},"d":1,"t":1,"w":0,"b":0,"r":0,"i":0,"l":[{"b":0,"c":2,"s":0,"f":0,"sb":0,"sf":0,"i":0}]}]},{"b":598.0,"g":6,"e":[{"f":{"f":1,"p":1},"d":1,"t":1,"w":0,"b":0,"r":0,"i":0,"l":[{"b":1.0,"c":2,"s":0,"f":0,"sb":0,"sf":0,"i":0}]}]},{"b":598.0,"g":7,"e":[{"f":{"f":1,"p":1},"d":1,"t":1,"w":0,"b":0,"r":0,"i":0,"l":[{"b":1.0,"c":2,"s":0,"f":0,"sb":0,"sf":0,"i":0}]}]},{"b":598.5,"g":6,"e":[{"f":{"f":1,"p":1},"d":1,"t":1,"w":0,"b":0,"r":0,"i":0,"l":[{"b":0,"c":2,"s":0,"f":0,"sb":0,"sf":0,"i":0}]}]},{"b":598.5,"g":7,"e":[{"f":{"f":1,"p":1},"d":1,"t":1,"w":0,"b":0,"r":0,"i":0,"l":[{"b":0,"c":2,"s":0,"f":0,"sb":0,"sf":0,"i":0}]}]},{"b":599.0,"g":6,"e":[{"f":{"f":1,"p":1},"d":1,"t":1,"w":0,"b":0,"r":0,"i":0,"l":[{"b":1.0,"c":2,"s":0,"f":0,"sb":0,"sf":0,"i":0}]}]},{"b":599.0,"g":7,"e":[{"f":{"f":1,"p":1},"d":1,"t":1,"w":0,"b":0,"r":0,"i":0,"l":[{"b":1.0,"c":2,"s":0,"f":0,"sb":0,"sf":0,"i":0}]}]},{"b":599.5,"g":6,"e":[{"f":{"f":1,"p":1},"d":1,"t":1,"w":0,"b":0,"r":0,"i":0,"l":[{"b":0,"c":2,"s":0,"f":0,"sb":0,"sf":0,"i":0}]}]},{"b":599.5,"g":7,"e":[{"f":{"f":1,"p":1},"d":1,"t":1,"w":0,"b":0,"r":0,"i":0,"l":[{"b":0,"c":2,"s":0,"f":0,"sb":0,"sf":0,"i":0}]}]},{"b":600.0,"g":6,"e":[{"f":{"f":1,"p":1},"d":1,"t":1,"w":0,"b":0,"r":0,"i":0,"l":[{"b":1.0,"c":2,"s":0,"f":0,"sb":0,"sf":0,"i":0}]}]},{"b":600.0,"g":7,"e":[{"f":{"f":1,"p":1},"d":1,"t":1,"w":0,"b":0,"r":0,"i":0,"l":[{"b":1.0,"c":2,"s":0,"f":0,"sb":0,"sf":0,"i":0}]}]},{"b":600.0,"g":0,"e":[{"f":{"f":1,"p":1},"d":1,"t":1,"w":0,"b":0,"r":0,"i":0,"l":[{"b":1.0,"c":0,"s":0,"f":0,"sb":0,"sf":0,"i":0}]}]},{"b":600.0,"g":1,"e":[{"f":{"f":1,"p":1},"d":1,"t":1,"w":0,"b":0,"r":0,"i":0,"l":[{"b":1.0,"c":0,"s":0,"f":0,"sb":0,"sf":0,"i":0}]}]},{"b":600.5,"g":6,"e":[{"f":{"f":1,"p":1},"d":1,"t":1,"w":0,"b":0,"r":0,"i":0,"l":[{"b":0,"c":2,"s":0,"f":0,"sb":0,"sf":0,"i":0}]}]},{"b":600.5,"g":7,"e":[{"f":{"f":1,"p":1},"d":1,"t":1,"w":0,"b":0,"r":0,"i":0,"l":[{"b":0,"c":2,"s":0,"f":0,"sb":0,"sf":0,"i":0}]}]},{"b":600.5,"g":0,"e":[{"f":{"f":1,"p":1},"d":1,"t":1,"w":0,"b":0,"r":0,"i":0,"l":[{"b":0,"c":0,"s":0,"f":0,"sb":0,"sf":0,"i":0}]}]},{"b":600.5,"g":1,"e":[{"f":{"f":1,"p":1},"d":1,"t":1,"w":0,"b":0,"r":0,"i":0,"l":[{"b":0,"c":0,"s":0,"f":0,"sb":0,"sf":0,"i":0}]}]},{"b":602.0,"g":6,"e":[{"f":{"f":1,"p":1},"d":1,"t":1,"w":0,"b":0,"r":0,"i":0,"l":[{"b":1.0,"c":2,"s":0,"f":0,"sb":0,"sf":0,"i":0}]}]},{"b":602.0,"g":7,"e":[{"f":{"f":1,"p":1},"d":1,"t":1,"w":0,"b":0,"r":0,"i":0,"l":[{"b":1.0,"c":2,"s":0,"f":0,"sb":0,"sf":0,"i":0}]}]},{"b":602.0,"g":0,"e":[{"f":{"f":1,"p":1},"d":1,"t":1,"w":0,"b":0,"r":0,"i":0,"l":[{"b":1.0,"c":0,"s":0,"f":0,"sb":0,"sf":0,"i":0}]}]},{"b":602.0,"g":1,"e":[{"f":{"f":1,"p":1},"d":1,"t":1,"w":0,"b":0,"r":0,"i":0,"l":[{"b":1.0,"c":0,"s":0,"f":0,"sb":0,"sf":0,"i":0}]}]},{"b":602.25,"g":6,"e":[{"f":{"f":1,"p":1},"d":1,"t":1,"w":0,"b":0,"r":0,"i":0,"l":[{"b":0,"c":2,"s":0,"f":0,"sb":0,"sf":0,"i":0}]}]},{"b":602.25,"g":7,"e":[{"f":{"f":1,"p":1},"d":1,"t":1,"w":0,"b":0,"r":0,"i":0,"l":[{"b":0,"c":2,"s":0,"f":0,"sb":0,"sf":0,"i":0}]}]},{"b":602.25,"g":0,"e":[{"f":{"f":1,"p":1},"d":1,"t":1,"w":0,"b":0,"r":0,"i":0,"l":[{"b":0,"c":0,"s":0,"f":0,"sb":0,"sf":0,"i":0}]}]},{"b":602.25,"g":1,"e":[{"f":{"f":1,"p":1},"d":1,"t":1,"w":0,"b":0,"r":0,"i":0,"l":[{"b":0,"c":0,"s":0,"f":0,"sb":0,"sf":0,"i":0}]}]},{"b":602.5,"g":6,"e":[{"f":{"f":1,"p":1},"d":1,"t":1,"w":0,"b":0,"r":0,"i":0,"l":[{"b":1.0,"c":2,"s":0,"f":0,"sb":0,"sf":0,"i":0}]}]},{"b":602.5,"g":7,"e":[{"f":{"f":1,"p":1},"d":1,"t":1,"w":0,"b":0,"r":0,"i":0,"l":[{"b":1.0,"c":2,"s":0,"f":0,"sb":0,"sf":0,"i":0}]}]},{"b":602.5,"g":0,"e":[{"f":{"f":1,"p":1},"d":1,"t":1,"w":0,"b":0,"r":0,"i":0,"l":[{"b":1.0,"c":0,"s":0,"f":0,"sb":0,"sf":0,"i":0}]}]},{"b":602.5,"g":1,"e":[{"f":{"f":1,"p":1},"d":1,"t":1,"w":0,"b":0,"r":0,"i":0,"l":[{"b":1.0,"c":0,"s":0,"f":0,"sb":0,"sf":0,"i":0}]}]},{"b":602.75,"g":6,"e":[{"f":{"f":1,"p":1},"d":1,"t":1,"w":0,"b":0,"r":0,"i":0,"l":[{"b":0,"c":2,"s":0,"f":0,"sb":0,"sf":0,"i":0}]}]},{"b":602.75,"g":7,"e":[{"f":{"f":1,"p":1},"d":1,"t":1,"w":0,"b":0,"r":0,"i":0,"l":[{"b":0,"c":2,"s":0,"f":0,"sb":0,"sf":0,"i":0}]}]},{"b":602.75,"g":0,"e":[{"f":{"f":1,"p":1},"d":1,"t":1,"w":0,"b":0,"r":0,"i":0,"l":[{"b":0,"c":0,"s":0,"f":0,"sb":0,"sf":0,"i":0}]}]},{"b":602.75,"g":1,"e":[{"f":{"f":1,"p":1},"d":1,"t":1,"w":0,"b":0,"r":0,"i":0,"l":[{"b":0,"c":0,"s":0,"f":0,"sb":0,"sf":0,"i":0}]}]},{"b":603.5,"g":6,"e":[{"f":{"f":1,"p":1},"d":1,"t":1,"w":0,"b":0,"r":0,"i":0,"l":[{"b":1.0,"c":2,"s":0,"f":0,"sb":0,"sf":0,"i":0}]}]},{"b":603.5,"g":7,"e":[{"f":{"f":1,"p":1},"d":1,"t":1,"w":0,"b":0,"r":0,"i":0,"l":[{"b":1.0,"c":2,"s":0,"f":0,"sb":0,"sf":0,"i":0}]}]},{"b":603.5,"g":0,"e":[{"f":{"f":1,"p":1},"d":1,"t":1,"w":0,"b":0,"r":0,"i":0,"l":[{"b":1.0,"c":0,"s":0,"f":0,"sb":0,"sf":0,"i":0}]}]},{"b":603.5,"g":1,"e":[{"f":{"f":1,"p":1},"d":1,"t":1,"w":0,"b":0,"r":0,"i":0,"l":[{"b":1.0,"c":0,"s":0,"f":0,"sb":0,"sf":0,"i":0}]}]},{"b":604.0,"g":6,"e":[{"f":{"f":1,"p":1},"d":1,"t":1,"w":0,"b":0,"r":0,"i":0,"l":[{"b":0,"c":2,"s":0,"f":0,"sb":0,"sf":0,"i":0}]}]},{"b":604.0,"g":7,"e":[{"f":{"f":1,"p":1},"d":1,"t":1,"w":0,"b":0,"r":0,"i":0,"l":[{"b":0,"c":2,"s":0,"f":0,"sb":0,"sf":0,"i":0}]}]},{"b":604.0,"g":0,"e":[{"f":{"f":1,"p":1},"d":1,"t":1,"w":0,"b":0,"r":0,"i":0,"l":[{"b":0,"c":0,"s":0,"f":0,"sb":0,"sf":0,"i":0}]}]},{"b":604.0,"g":1,"e":[{"f":{"f":1,"p":1},"d":1,"t":1,"w":0,"b":0,"r":0,"i":0,"l":[{"b":0,"c":0,"s":0,"f":0,"sb":0,"sf":0,"i":0}]}]},{"b":605.0,"g":6,"e":[{"f":{"f":1,"p":1,"n":2,"s":-1181150678},"w":3.0,"d":1,"t":1,"b":0,"r":0,"i":0,"l":[{"b":1.0,"c":2,"s":0,"f":0,"sb":0,"sf":0,"i":0}]}]},{"b":605.0,"g":7,"e":[{"f":{"f":1,"p":1,"n":2,"s":-290402772},"w":3.0,"d":1,"t":1,"b":0,"r":0,"i":0,"l":[{"b":1.0,"c":2,"s":0,"f":0,"sb":0,"sf":0,"i":0}]}]},{"b":607.0,"g":6,"e":[{"f":{"f":1,"p":1},"d":1,"t":1,"w":0,"b":0,"r":0,"i":0,"l":[{"b":1.0,"c":2,"s":0,"f":0,"sb":0,"sf":0,"i":0}]}]},{"b":607.0,"g":7,"e":[{"f":{"f":1,"p":1},"d":1,"t":1,"w":0,"b":0,"r":0,"i":0,"l":[{"b":1.0,"c":2,"s":0,"f":0,"sb":0,"sf":0,"i":0}]}]},{"b":607.5,"g":6,"e":[{"f":{"f":1,"p":1},"d":1,"t":1,"w":0,"b":0,"r":0,"i":0,"l":[{"b":0,"c":2,"s":0,"f":0,"sb":0,"sf":0,"i":0}]}]},{"b":607.5,"g":7,"e":[{"f":{"f":1,"p":1},"d":1,"t":1,"w":0,"b":0,"r":0,"i":0,"l":[{"b":0,"c":2,"s":0,"f":0,"sb":0,"sf":0,"i":0}]}]},{"b":608.0,"g":2,"e":[{"f":{"f":1,"p":1},"d":1,"t":1,"w":0,"b":0,"r":0,"i":0,"l":[{"b":1.0,"c":1,"s":0,"f":0,"sb":0,"sf":0,"i":0}]}]},{"b":608.0,"g":3,"e":[{"f":{"f":1,"p":1},"d":1,"t":1,"w":0,"b":0,"r":0,"i":0,"l":[{"b":1.0,"c":1,"s":0,"f":0,"sb":0,"sf":0,"i":0}]}]},{"b":608.0,"g":0,"e":[{"f":{"f":1,"p":1},"d":1,"t":1,"w":0,"b":0,"r":0,"i":0,"l":[{"b":0,"c":2,"s":0,"f":0,"sb":0,"sf":0,"i":0}]}]},{"b":608.0,"g":1,"e":[{"f":{"f":1,"p":1},"d":1,"t":1,"w":0,"b":0,"r":0,"i":0,"l":[{"b":0,"c":2,"s":0,"f":0,"sb":0,"sf":0,"i":0}]}]},{"b":608.25,"g":2,"e":[{"f":{"f":1,"p":1},"d":1,"t":1,"w":0,"b":0,"r":0,"i":0,"l":[{"b":0,"c":1,"s":0,"f":0,"sb":0,"sf":0,"i":0}]}]},{"b":608.25,"g":3,"e":[{"f":{"f":1,"p":1},"d":1,"t":1,"w":0,"b":0,"r":0,"i":0,"l":[{"b":0,"c":1,"s":0,"f":0,"sb":0,"sf":0,"i":0}]}]},{"b":608.5,"g":2,"e":[{"f":{"f":1,"p":1},"d":1,"t":1,"w":0,"b":0,"r":0,"i":0,"l":[{"b":1.0,"c":1,"s":0,"f":0,"sb":0,"sf":0,"i":0}]}]},{"b":608.5,"g":3,"e":[{"f":{"f":1,"p":1},"d":1,"t":1,"w":0,"b":0,"r":0,"i":0,"l":[{"b":1.0,"c":1,"s":0,"f":0,"sb":0,"sf":0,"i":0}]}]},{"b":608.75,"g":2,"e":[{"f":{"f":1,"p":1},"d":1,"t":1,"w":0,"b":0,"r":0,"i":0,"l":[{"b":0,"c":1,"s":0,"f":0,"sb":0,"sf":0,"i":0}]}]},{"b":608.75,"g":3,"e":[{"f":{"f":1,"p":1},"d":1,"t":1,"w":0,"b":0,"r":0,"i":0,"l":[{"b":0,"c":1,"s":0,"f":0,"sb":0,"sf":0,"i":0}]}]},{"b":609.0,"g":2,"e":[{"f":{"f":1,"p":1},"d":1,"t":1,"w":0,"b":0,"r":0,"i":0,"l":[{"b":1.0,"c":1,"s":0,"f":0,"sb":0,"sf":0,"i":0}]}]},{"b":609.0,"g":3,"e":[{"f":{"f":1,"p":1},"d":1,"t":1,"w":0,"b":0,"r":0,"i":0,"l":[{"b":1.0,"c":1,"s":0,"f":0,"sb":0,"sf":0,"i":0}]}]},{"b":609.25,"g":2,"e":[{"f":{"f":1,"p":1},"d":1,"t":1,"w":0,"b":0,"r":0,"i":0,"l":[{"b":0,"c":1,"s":0,"f":0,"sb":0,"sf":0,"i":0}]}]},{"b":609.25,"g":3,"e":[{"f":{"f":1,"p":1},"d":1,"t":1,"w":0,"b":0,"r":0,"i":0,"l":[{"b":0,"c":1,"s":0,"f":0,"sb":0,"sf":0,"i":0}]}]},{"b":609.5,"g":2,"e":[{"f":{"f":1,"p":1},"d":1,"t":1,"w":0,"b":0,"r":0,"i":0,"l":[{"b":1.0,"c":1,"s":0,"f":0,"sb":0,"sf":0,"i":0}]}]},{"b":609.5,"g":3,"e":[{"f":{"f":1,"p":1},"d":1,"t":1,"w":0,"b":0,"r":0,"i":0,"l":[{"b":1.0,"c":1,"s":0,"f":0,"sb":0,"sf":0,"i":0}]}]},{"b":609.75,"g":2,"e":[{"f":{"f":1,"p":1},"d":1,"t":1,"w":0,"b":0,"r":0,"i":0,"l":[{"b":0,"c":1,"s":0,"f":0,"sb":0,"sf":0,"i":0}]}]},{"b":609.75,"g":3,"e":[{"f":{"f":1,"p":1},"d":1,"t":1,"w":0,"b":0,"r":0,"i":0,"l":[{"b":0,"c":1,"s":0,"f":0,"sb":0,"sf":0,"i":0}]}]},{"b":610.5,"g":2,"e":[{"f":{"f":1,"p":1},"d":1,"t":1,"w":0,"b":0,"r":0,"i":0,"l":[{"b":1.0,"c":1,"s":0,"f":0,"sb":0,"sf":0,"i":0}]}]},{"b":611.0,"g":2,"e":[{"f":{"f":1,"p":1},"d":1,"t":1,"w":0,"b":0,"r":0,"i":0,"l":[{"b":0,"c":1,"s":0,"f":0,"sb":0,"sf":0,"i":0}]}]},{"b":611.0,"g":3,"e":[{"f":{"f":1,"p":1},"d":1,"t":1,"w":0,"b":0,"r":0,"i":0,"l":[{"b":1.0,"c":1,"s":0,"f":0,"sb":0,"sf":0,"i":0}]}]},{"b":611.5,"g":2,"e":[{"f":{"f":1,"p":1},"d":1,"t":1,"w":0,"b":0,"r":0,"i":0,"l":[{"b":1.0,"c":1,"s":0,"f":0,"sb":0,"sf":0,"i":0}]}]},{"b":611.5,"g":3,"e":[{"f":{"f":1,"p":1},"d":1,"t":1,"w":0,"b":0,"r":0,"i":0,"l":[{"b":0,"c":1,"s":0,"f":0,"sb":0,"sf":0,"i":0}]}]},{"b":612.0,"g":2,"e":[{"f":{"f":1,"p":1},"d":1,"t":1,"w":0,"b":0,"r":0,"i":0,"l":[{"b":1.0,"c":1,"s":0,"f":0,"sb":0,"sf":0,"i":0}]}]},{"b":612.0,"g":3,"e":[{"f":{"f":1,"p":1},"d":1,"t":1,"w":0,"b":0,"r":0,"i":0,"l":[{"b":1.0,"c":1,"s":0,"f":0,"sb":0,"sf":0,"i":0}]}]},{"b":612.25,"g":2,"e":[{"f":{"f":1,"p":1},"d":1,"t":1,"w":0,"b":0,"r":0,"i":0,"l":[{"b":0,"c":1,"s":0,"f":0,"sb":0,"sf":0,"i":0}]}]},{"b":612.25,"g":3,"e":[{"f":{"f":1,"p":1},"d":1,"t":1,"w":0,"b":0,"r":0,"i":0,"l":[{"b":0,"c":1,"s":0,"f":0,"sb":0,"sf":0,"i":0}]}]},{"b":612.5,"g":2,"e":[{"f":{"f":1,"p":1},"d":1,"t":1,"w":0,"b":0,"r":0,"i":0,"l":[{"b":1.0,"c":1,"s":0,"f":0,"sb":0,"sf":0,"i":0}]}]},{"b":612.5,"g":3,"e":[{"f":{"f":1,"p":1},"d":1,"t":1,"w":0,"b":0,"r":0,"i":0,"l":[{"b":1.0,"c":1,"s":0,"f":0,"sb":0,"sf":0,"i":0}]}]},{"b":612.75,"g":2,"e":[{"f":{"f":1,"p":1},"d":1,"t":1,"w":0,"b":0,"r":0,"i":0,"l":[{"b":0,"c":1,"s":0,"f":0,"sb":0,"sf":0,"i":0}]}]},{"b":612.75,"g":3,"e":[{"f":{"f":1,"p":1},"d":1,"t":1,"w":0,"b":0,"r":0,"i":0,"l":[{"b":0,"c":1,"s":0,"f":0,"sb":0,"sf":0,"i":0}]}]},{"b":613.0,"g":2,"e":[{"f":{"f":1,"p":1},"d":1,"t":1,"w":0,"b":0,"r":0,"i":0,"l":[{"b":1.0,"c":1,"s":0,"f":0,"sb":0,"sf":0,"i":0}]}]},{"b":613.0,"g":3,"e":[{"f":{"f":1,"p":1},"d":1,"t":1,"w":0,"b":0,"r":0,"i":0,"l":[{"b":1.0,"c":1,"s":0,"f":0,"sb":0,"sf":0,"i":0}]}]},{"b":613.25,"g":2,"e":[{"f":{"f":1,"p":1},"d":1,"t":1,"w":0,"b":0,"r":0,"i":0,"l":[{"b":0,"c":1,"s":0,"f":0,"sb":0,"sf":0,"i":0}]}]},{"b":613.25,"g":3,"e":[{"f":{"f":1,"p":1},"d":1,"t":1,"w":0,"b":0,"r":0,"i":0,"l":[{"b":0,"c":1,"s":0,"f":0,"sb":0,"sf":0,"i":0}]}]},{"b":613.5,"g":2,"e":[{"f":{"f":1,"p":1},"d":1,"t":1,"w":0,"b":0,"r":0,"i":0,"l":[{"b":1.0,"c":1,"s":0,"f":0,"sb":0,"sf":0,"i":0}]}]},{"b":613.5,"g":3,"e":[{"f":{"f":1,"p":1},"d":1,"t":1,"w":0,"b":0,"r":0,"i":0,"l":[{"b":1.0,"c":1,"s":0,"f":0,"sb":0,"sf":0,"i":0}]}]},{"b":613.75,"g":2,"e":[{"f":{"f":1,"p":1},"d":1,"t":1,"w":0,"b":0,"r":0,"i":0,"l":[{"b":0,"c":1,"s":0,"f":0,"sb":0,"sf":0,"i":0}]}]},{"b":613.75,"g":3,"e":[{"f":{"f":1,"p":1},"d":1,"t":1,"w":0,"b":0,"r":0,"i":0,"l":[{"b":0,"c":1,"s":0,"f":0,"sb":0,"sf":0,"i":0}]}]},{"b":614.5,"g":2,"e":[{"f":{"f":1,"p":1},"d":1,"t":1,"w":0,"b":0,"r":0,"i":0,"l":[{"b":1.0,"c":1,"s":0,"f":0,"sb":0,"sf":0,"i":0}]}]},{"b":615.0,"g":2,"e":[{"f":{"f":1,"p":1},"d":1,"t":1,"w":0,"b":0,"r":0,"i":0,"l":[{"b":0,"c":1,"s":0,"f":0,"sb":0,"sf":0,"i":0}]}]},{"b":615.0,"g":3,"e":[{"f":{"f":1,"p":1},"d":1,"t":1,"w":0,"b":0,"r":0,"i":0,"l":[{"b":1.0,"c":1,"s":0,"f":0,"sb":0,"sf":0,"i":0}]}]},{"b":615.5,"g":2,"e":[{"f":{"f":1,"p":1},"d":1,"t":1,"w":0,"b":0,"r":0,"i":0,"l":[{"b":1.0,"c":1,"s":0,"f":0,"sb":0,"sf":0,"i":0}]}]},{"b":615.5,"g":3,"e":[{"f":{"f":1,"p":1},"d":1,"t":1,"w":0,"b":0,"r":0,"i":0,"l":[{"b":0,"c":1,"s":0,"f":0,"sb":0,"sf":0,"i":0}]}]},{"b":616.0,"g":2,"e":[{"f":{"f":1,"p":1},"d":1,"t":1,"w":0,"b":0,"r":0,"i":0,"l":[{"b":1.0,"c":1,"s":0,"f":0,"sb":0,"sf":0,"i":0}]}]},{"b":616.0,"g":3,"e":[{"f":{"f":1,"p":1},"d":1,"t":1,"w":0,"b":0,"r":0,"i":0,"l":[{"b":1.0,"c":1,"s":0,"f":0,"sb":0,"sf":0,"i":0}]}]},{"b":616.0,"g":9,"e":[{"f":{"f":2},"d":1,"t":1,"w":0,"b":0,"r":0,"i":0,"l":[{"b":1.0,"c":0,"s":0,"f":0,"sb":0,"sf":0,"i":0},{"b":0.5,"c":0,"s":0,"f":0,"sb":0,"sf":0,"i":0}]},{"f":{"f":2,"p":1},"d":1,"t":1,"w":0,"b":0,"r":0,"i":0,"l":[{"b":1.0,"c":0,"s":0,"f":0,"sb":0,"sf":0,"i":0},{"b":0.25,"c":0,"s":0,"f":0,"sb":0,"sf":0,"i":0}]},{"f":{"f":2,"p":2},"d":1,"t":1,"w":0,"b":0,"r":0,"i":0,"l":[]},{"f":{"f":2,"p":3},"d":1,"t":1,"w":0,"b":0,"r":0,"i":0,"l":[]}]},{"b":616.25,"g":2,"e":[{"f":{"f":1,"p":1},"d":1,"t":1,"w":0,"b":0,"r":0,"i":0,"l":[{"b":0,"c":1,"s":0,"f":0,"sb":0,"sf":0,"i":0}]}]},{"b":616.25,"g":3,"e":[{"f":{"f":1,"p":1},"d":1,"t":1,"w":0,"b":0,"r":0,"i":0,"l":[{"b":0,"c":1,"s":0,"f":0,"sb":0,"sf":0,"i":0}]}]},{"b":616.5,"g":2,"e":[{"f":{"f":1,"p":1},"d":1,"t":1,"w":0,"b":0,"r":0,"i":0,"l":[{"b":1.0,"c":1,"s":0,"f":0,"sb":0,"sf":0,"i":0}]}]},{"b":616.5,"g":3,"e":[{"f":{"f":1,"p":1},"d":1,"t":1,"w":0,"b":0,"r":0,"i":0,"l":[{"b":1.0,"c":1,"s":0,"f":0,"sb":0,"sf":0,"i":0}]}]},{"b":616.5,"g":8,"e":[{"f":{"f":2},"d":1,"t":1,"w":0,"b":0,"r":0,"i":0,"l":[{"b":1.0,"c":0,"s":0,"f":0,"sb":0,"sf":0,"i":0},{"b":0.25,"c":0,"s":0,"f":0,"sb":0,"sf":0,"i":0},{"b":1.0,"c":0,"s":0,"f":0,"sb":0,"sf":0,"i":0},{"b":1.25,"c":0,"s":0,"f":0,"sb":0,"sf":0,"i":0}]},{"f":{"f":2,"p":1},"d":1,"t":1,"w":0,"b":0,"r":0,"i":0,"l":[{"b":1.0,"c":0,"s":0,"f":0,"sb":0,"sf":0,"i":0},{"b":0.5,"c":0,"s":0,"f":0,"sb":0,"sf":0,"i":0},{"b":1.0,"c":0,"s":0,"f":0,"sb":0,"sf":0,"i":0},{"b":1.0,"c":0,"s":0,"f":0,"sb":0,"sf":0,"i":0},{"b":1.0,"c":0,"s":0,"f":0,"sb":0,"sf":0,"i":0},{"b":1.5,"c":0,"s":0,"f":0,"sb":0,"sf":0,"i":0}]},{"f":{"f":2,"p":2},"d":1,"t":1,"w":0,"b":0,"r":0,"i":0,"l":[{"b":1.0,"c":0,"s":0,"f":0,"sb":0,"sf":0,"i":0},{"b":0.75,"c":0,"s":0,"f":0,"sb":0,"sf":0,"i":0}]},{"f":{"f":2,"p":3},"d":1,"t":1,"w":0,"b":0,"r":0,"i":0,"l":[]}]},{"b":616.75,"g":2,"e":[{"f":{"f":1,"p":1},"d":1,"t":1,"w":0,"b":0,"r":0,"i":0,"l":[{"b":0,"c":1,"s":0,"f":0,"sb":0,"sf":0,"i":0}]}]},{"b":616.75,"g":3,"e":[{"f":{"f":1,"p":1},"d":1,"t":1,"w":0,"b":0,"r":0,"i":0,"l":[{"b":0,"c":1,"s":0,"f":0,"sb":0,"sf":0,"i":0}]}]},{"b":617.0,"g":2,"e":[{"f":{"f":1,"p":1},"d":1,"t":1,"w":0,"b":0,"r":0,"i":0,"l":[{"b":1.0,"c":1,"s":0,"f":0,"sb":0,"sf":0,"i":0}]}]},{"b":617.0,"g":3,"e":[{"f":{"f":1,"p":1},"d":1,"t":1,"w":0,"b":0,"r":0,"i":0,"l":[{"b":1.0,"c":1,"s":0,"f":0,"sb":0,"sf":0,"i":0}]}]},{"b":617.25,"g":2,"e":[{"f":{"f":1,"p":1},"d":1,"t":1,"w":0,"b":0,"r":0,"i":0,"l":[{"b":0,"c":1,"s":0,"f":0,"sb":0,"sf":0,"i":0}]}]},{"b":617.25,"g":3,"e":[{"f":{"f":1,"p":1},"d":1,"t":1,"w":0,"b":0,"r":0,"i":0,"l":[{"b":0,"c":1,"s":0,"f":0,"sb":0,"sf":0,"i":0}]}]},{"b":617.5,"g":2,"e":[{"f":{"f":1,"p":1},"d":1,"t":1,"w":0,"b":0,"r":0,"i":0,"l":[{"b":1.0,"c":1,"s":0,"f":0,"sb":0,"sf":0,"i":0}]}]},{"b":617.5,"g":3,"e":[{"f":{"f":1,"p":1},"d":1,"t":1,"w":0,"b":0,"r":0,"i":0,"l":[{"b":1.0,"c":1,"s":0,"f":0,"sb":0,"sf":0,"i":0}]}]},{"b":617.75,"g":2,"e":[{"f":{"f":1,"p":1},"d":1,"t":1,"w":0,"b":0,"r":0,"i":0,"l":[{"b":0,"c":1,"s":0,"f":0,"sb":0,"sf":0,"i":0}]}]},{"b":617.75,"g":3,"e":[{"f":{"f":1,"p":1},"d":1,"t":1,"w":0,"b":0,"r":0,"i":0,"l":[{"b":0,"c":1,"s":0,"f":0,"sb":0,"sf":0,"i":0}]}]},{"b":618.0,"g":9,"e":[{"f":{"f":2},"d":1,"t":1,"w":0,"b":0,"r":0,"i":0,"l":[{"b":1.0,"c":0,"s":0,"f":0,"sb":0,"sf":0,"i":0},{"b":0.25,"c":0,"s":0,"f":0,"sb":0,"sf":0,"i":0}]},{"f":{"f":2,"p":1},"d":1,"t":1,"w":0,"b":0,"r":0,"i":0,"l":[]},{"f":{"f":2,"p":2},"d":1,"t":1,"w":0,"b":0,"r":0,"i":0,"l":[]},{"f":{"f":2,"p":3},"d":1,"t":1,"w":0,"b":0,"r":0,"i":0,"l":[]}]},{"b":618.25,"g":8,"e":[{"f":{"f":2},"d":1,"t":1,"w":0,"b":0,"r":0,"i":0,"l":[{"b":1.0,"c":0,"s":0,"f":0,"sb":0,"sf":0,"i":0},{"b":0.25,"c":0,"s":0,"f":0,"sb":0,"sf":0,"i":0},{"b":1.0,"c":0,"s":0,"f":0,"sb":0,"sf":0,"i":0},{"b":1.25,"c":0,"s":0,"f":0,"sb":0,"sf":0,"i":0}]},{"f":{"f":2,"p":1},"d":1,"t":1,"w":0,"b":0,"r":0,"i":0,"l":[{"b":1.0,"c":0,"s":0,"f":0,"sb":0,"sf":0,"i":0},{"b":0.5,"c":0,"s":0,"f":0,"sb":0,"sf":0,"i":0},{"b":1.0,"c":0,"s":0,"f":0,"sb":0,"sf":0,"i":0},{"b":1.0,"c":0,"s":0,"f":0,"sb":0,"sf":0,"i":0},{"b":1.0,"c":0,"s":0,"f":0,"sb":0,"sf":0,"i":0},{"b":1.5,"c":0,"s":0,"f":0,"sb":0,"sf":0,"i":0}]},{"f":{"f":2,"p":2},"d":1,"t":1,"w":0,"b":0,"r":0,"i":0,"l":[{"b":1.0,"c":0,"s":0,"f":0,"sb":0,"sf":0,"i":0},{"b":0.75,"c":0,"s":0,"f":0,"sb":0,"sf":0,"i":0}]},{"f":{"f":2,"p":3},"d":1,"t":1,"w":0,"b":0,"r":0,"i":0,"l":[]}]},{"b":618.5,"g":2,"e":[{"f":{"f":1,"p":1},"d":1,"t":1,"w":0,"b":0,"r":0,"i":0,"l":[{"b":1.0,"c":1,"s":0,"f":0,"sb":0,"sf":0,"i":0}]}]},{"b":619.0,"g":2,"e":[{"f":{"f":1,"p":1},"d":1,"t":1,"w":0,"b":0,"r":0,"i":0,"l":[{"b":0,"c":1,"s":0,"f":0,"sb":0,"sf":0,"i":0}]}]},{"b":619.0,"g":3,"e":[{"f":{"f":1,"p":1},"d":1,"t":1,"w":0,"b":0,"r":0,"i":0,"l":[{"b":1.0,"c":1,"s":0,"f":0,"sb":0,"sf":0,"i":0}]}]},{"b":619.5,"g":2,"e":[{"f":{"f":1,"p":1},"d":1,"t":1,"w":0,"b":0,"r":0,"i":0,"l":[{"b":1.0,"c":1,"s":0,"f":0,"sb":0,"sf":0,"i":0}]}]},{"b":619.5,"g":3,"e":[{"f":{"f":1,"p":1},"d":1,"t":1,"w":0,"b":0,"r":0,"i":0,"l":[{"b":0,"c":1,"s":0,"f":0,"sb":0,"sf":0,"i":0}]}]},{"b":619.75,"g":9,"e":[{"f":{"f":2},"d":1,"t":1,"w":0,"b":0,"r":0,"i":0,"l":[{"b":1.0,"c":0,"s":0,"f":0,"sb":0,"sf":0,"i":0},{"b":0.25,"c":0,"s":0,"f":0,"sb":0,"sf":0,"i":0}]},{"f":{"f":2,"p":1},"d":1,"t":1,"w":0,"b":0,"r":0,"i":0,"l":[{"b":1.0,"c":0,"s":0,"f":0,"sb":0,"sf":0,"i":0},{"b":0.5,"c":0,"s":0,"f":0,"sb":0,"sf":0,"i":0},{"b":1.0,"c":0,"s":0,"f":0,"sb":0,"sf":0,"i":0},{"b":3.25,"c":0,"s":0,"f":0,"sb":0,"sf":0,"i":0}]},{"f":{"f":2,"p":2},"d":1,"t":1,"w":0,"b":0,"r":0,"i":0,"l":[{"b":1.0,"c":0,"s":0,"f":0,"sb":0,"sf":0,"i":0},{"b":2.0,"c":0,"s":0,"f":0,"sb":0,"sf":0,"i":0}]},{"f":{"f":2,"p":3},"d":1,"t":1,"w":0,"b":0,"r":0,"i":0,"l":[]}]},{"b":620.0,"g":2,"e":[{"f":{"f":1,"p":1},"d":1,"t":1,"w":0,"b":0,"r":0,"i":0,"l":[{"b":1.0,"c":1,"s":0,"f":0,"sb":0,"sf":0,"i":0}]}]},{"b":620.0,"g":3,"e":[{"f":{"f":1,"p":1},"d":1,"t":1,"w":0,"b":0,"r":0,"i":0,"l":[{"b":1.0,"c":1,"s":0,"f":0,"sb":0,"sf":0,"i":0}]}]},{"b":620.25,"g":2,"e":[{"f":{"f":1,"p":1},"d":1,"t":1,"w":0,"b":0,"r":0,"i":0,"l":[{"b":0,"c":1,"s":0,"f":0,"sb":0,"sf":0,"i":0}]}]},{"b":620.25,"g":3,"e":[{"f":{"f":1,"p":1},"d":1,"t":1,"w":0,"b":0,"r":0,"i":0,"l":[{"b":0,"c":1,"s":0,"f":0,"sb":0,"sf":0,"i":0}]}]},{"b":620.5,"g":2,"e":[{"f":{"f":1,"p":1},"d":1,"t":1,"w":0,"b":0,"r":0,"i":0,"l":[{"b":1.0,"c":1,"s":0,"f":0,"sb":0,"sf":0,"i":0}]}]},{"b":620.5,"g":3,"e":[{"f":{"f":1,"p":1},"d":1,"t":1,"w":0,"b":0,"r":0,"i":0,"l":[{"b":1.0,"c":1,"s":0,"f":0,"sb":0,"sf":0,"i":0}]}]},{"b":620.75,"g":2,"e":[{"f":{"f":1,"p":1},"d":1,"t":1,"w":0,"b":0,"r":0,"i":0,"l":[{"b":0,"c":1,"s":0,"f":0,"sb":0,"sf":0,"i":0}]}]},{"b":620.75,"g":3,"e":[{"f":{"f":1,"p":1},"d":1,"t":1,"w":0,"b":0,"r":0,"i":0,"l":[{"b":0,"c":1,"s":0,"f":0,"sb":0,"sf":0,"i":0}]}]},{"b":621.0,"g":2,"e":[{"f":{"f":1,"p":1},"d":1,"t":1,"w":0,"b":0,"r":0,"i":0,"l":[{"b":1.0,"c":1,"s":0,"f":0,"sb":0,"sf":0,"i":0}]}]},{"b":621.0,"g":3,"e":[{"f":{"f":1,"p":1},"d":1,"t":1,"w":0,"b":0,"r":0,"i":0,"l":[{"b":1.0,"c":1,"s":0,"f":0,"sb":0,"sf":0,"i":0}]}]},{"b":621.25,"g":2,"e":[{"f":{"f":1,"p":1},"d":1,"t":1,"w":0,"b":0,"r":0,"i":0,"l":[{"b":0,"c":1,"s":0,"f":0,"sb":0,"sf":0,"i":0}]}]},{"b":621.25,"g":3,"e":[{"f":{"f":1,"p":1},"d":1,"t":1,"w":0,"b":0,"r":0,"i":0,"l":[{"b":0,"c":1,"s":0,"f":0,"sb":0,"sf":0,"i":0}]}]},{"b":621.5,"g":2,"e":[{"f":{"f":1,"p":1},"d":1,"t":1,"w":0,"b":0,"r":0,"i":0,"l":[{"b":1.0,"c":1,"s":0,"f":0,"sb":0,"sf":0,"i":0}]}]},{"b":621.5,"g":3,"e":[{"f":{"f":1,"p":1},"d":1,"t":1,"w":0,"b":0,"r":0,"i":0,"l":[{"b":1.0,"c":1,"s":0,"f":0,"sb":0,"sf":0,"i":0}]}]},{"b":621.75,"g":2,"e":[{"f":{"f":1,"p":1},"d":1,"t":1,"w":0,"b":0,"r":0,"i":0,"l":[{"b":0,"c":1,"s":0,"f":0,"sb":0,"sf":0,"i":0}]}]},{"b":621.75,"g":3,"e":[{"f":{"f":1,"p":1},"d":1,"t":1,"w":0,"b":0,"r":0,"i":0,"l":[{"b":0,"c":1,"s":0,"f":0,"sb":0,"sf":0,"i":0}]}]},{"b":622.5,"g":2,"e":[{"f":{"f":1,"p":1},"d":1,"t":1,"w":0,"b":0,"r":0,"i":0,"l":[{"b":1.0,"c":1,"s":0,"f":0,"sb":0,"sf":0,"i":0}]}]},{"b":623.0,"g":2,"e":[{"f":{"f":1,"p":1},"d":1,"t":1,"w":0,"b":0,"r":0,"i":0,"l":[{"b":0,"c":1,"s":0,"f":0,"sb":0,"sf":0,"i":0}]}]},{"b":623.0,"g":3,"e":[{"f":{"f":1,"p":1},"d":1,"t":1,"w":0,"b":0,"r":0,"i":0,"l":[{"b":1.0,"c":1,"s":0,"f":0,"sb":0,"sf":0,"i":0}]}]},{"b":623.5,"g":2,"e":[{"f":{"f":1,"p":1},"d":1,"t":1,"w":0,"b":0,"r":0,"i":0,"l":[{"b":0,"c":1,"s":0,"f":0,"sb":0,"sf":0,"i":0}]}]},{"b":623.5,"g":3,"e":[{"f":{"f":1,"p":1},"d":1,"t":1,"w":0,"b":0,"r":0,"i":0,"l":[{"b":0,"c":1,"s":0,"f":0,"sb":0,"sf":0,"i":0}]}]},{"b":623.5,"g":0,"e":[{"f":{"f":1,"p":1},"d":1,"t":1,"w":0,"b":0,"r":0,"i":0,"l":[{"b":0.5,"c":2,"s":0,"f":0,"sb":0,"sf":0,"i":0}]}]},{"b":623.5,"g":1,"e":[{"f":{"f":1,"p":1},"d":1,"t":1,"w":0,"b":0,"r":0,"i":0,"l":[{"b":0.5,"c":2,"s":0,"f":0,"sb":0,"sf":0,"i":0}]}]},{"b":623.5,"g":9,"e":[{"f":{"f":2},"d":1,"t":1,"w":0,"b":0,"r":0,"i":0,"l":[{"b":1.0,"c":2,"s":0,"f":0,"sb":0,"sf":0,"i":0},{"b":5.0,"c":2,"s":0,"f":0,"sb":0,"sf":0,"i":0}]},{"f":{"f":2,"p":1},"d":1,"t":1,"w":0,"b":0,"r":0,"i":0,"l":[{"b":1.0,"c":2,"s":0,"f":0,"sb":0,"sf":0,"i":0},{"b":1.5,"c":2,"s":0,"f":0,"sb":0,"sf":0,"i":0},{"b":1.0,"c":2,"s":0,"f":0,"sb":0,"sf":0,"i":0},{"b":2.5,"c":2,"s":0,"f":0,"sb":0,"sf":0,"i":0},{"b":1.0,"c":2,"s":0,"f":0,"sb":0,"sf":0,"i":0},{"b":3.5,"c":2,"s":0,"f":0,"sb":0,"sf":0,"i":0},{"b":1.0,"c":2,"s":0,"f":0,"sb":0,"sf":0,"i":0},{"b":4.5,"c":2,"s":0,"f":0,"sb":0,"sf":0,"i":0}]},{"f":{"f":2,"p":2},"d":1,"t":1,"w":0,"b":0,"r":0,"i":0,"l":[{"b":1.0,"c":2,"s":0,"f":0,"sb":0,"sf":0,"i":0},{"b":1.0,"c":2,"s":0,"f":0,"sb":0,"sf":0,"i":0},{"b":1.0,"c":2,"s":0,"f":0,"sb":0,"sf":0,"i":0},{"b":2.0,"c":2,"s":0,"f":0,"sb":0,"sf":0,"i":0},{"b":1.0,"c":2,"s":0,"f":0,"sb":0,"sf":0,"i":0},{"b":3.0,"c":2,"s":0,"f":0,"sb":0,"sf":0,"i":0},{"b":1.0,"c":2,"s":0,"f":0,"sb":0,"sf":0,"i":0},{"b":4.0,"c":2,"s":0,"f":0,"sb":0,"sf":0,"i":0}]},{"f":{"f":2,"p":3},"d":1,"t":1,"w":0,"b":0,"r":0,"i":0,"l":[{"b":1.0,"c":2,"s":0,"f":0,"sb":0,"sf":0,"i":0},{"b":0.5,"c":2,"s":0,"f":0,"sb":0,"sf":0,"i":0}]}]},{"b":628.0,"g":6,"e":[{"f":{"f":1,"p":1,"n":2,"s":687768046},"w":4.0,"d":1,"t":1,"b":0,"r":0,"i":0,"l":[{"b":1.0,"c":1,"s":0,"f":0,"sb":0,"sf":0,"i":0}]}]},{"b":628.0,"g":7,"e":[{"f":{"f":1,"p":1,"n":2,"s":1643489448},"w":4.0,"d":1,"t":1,"b":0,"r":0,"i":0,"l":[{"b":1.0,"c":1,"s":0,"f":0,"sb":0,"sf":0,"i":0}]}]},{"b":628.5,"g":8,"e":[{"f":{"f":2},"d":1,"t":1,"w":0,"b":0,"r":0,"i":0,"l":[{"b":1.0,"c":2,"s":0,"f":0,"sb":0,"sf":0,"i":0},{"b":0.5,"c":2,"s":0,"f":0,"sb":0,"sf":0,"i":0},{"b":1.0,"c":2,"s":0,"f":0,"sb":0,"sf":0,"i":0},{"b":1.5,"c":2,"s":0,"f":0,"sb":0,"sf":0,"i":0}]},{"f":{"f":2,"p":1},"d":1,"t":1,"w":0,"b":0,"r":0,"i":0,"l":[{"b":1.0,"c":2,"s":0,"f":0,"sb":0,"sf":0,"i":0},{"b":1.0,"c":2,"s":0,"f":0,"sb":0,"sf":0,"i":0},{"b":1.0,"c":2,"s":0,"f":0,"sb":0,"sf":0,"i":0},{"b":2.0,"c":2,"s":0,"f":0,"sb":0,"sf":0,"i":0},{"b":1.0,"c":2,"s":0,"f":0,"sb":0,"sf":0,"i":0},{"b":3.0,"c":2,"s":0,"f":0,"sb":0,"sf":0,"i":0}]},{"f":{"f":2,"p":2},"d":1,"t":1,"w":0,"b":0,"r":0,"i":0,"l":[{"b":1.0,"c":2,"s":0,"f":0,"sb":0,"sf":0,"i":0},{"b":2.5,"c":2,"s":0,"f":0,"sb":0,"sf":0,"i":0},{"b":1.0,"c":2,"s":0,"f":0,"sb":0,"sf":0,"i":0},{"b":3.5,"c":2,"s":0,"f":0,"sb":0,"sf":0,"i":0}]},{"f":{"f":2,"p":3},"d":1,"t":1,"w":0,"b":0,"r":0,"i":0,"l":[{"b":1.0,"c":2,"s":0,"f":0,"sb":0,"sf":0,"i":0},{"b":5.0,"c":2,"s":0,"f":0,"sb":0,"sf":0,"i":0}]}]},{"b":632.0,"g":6,"e":[{"f":{"f":1,"p":1},"d":1,"t":1,"w":0,"b":0,"r":0,"i":0,"l":[{"b":1.0,"c":1,"s":0,"f":0,"sb":0,"sf":0,"i":0}]}]},{"b":632.0,"g":7,"e":[{"f":{"f":1,"p":1},"d":1,"t":1,"w":0,"b":0,"r":0,"i":0,"l":[{"b":1.0,"c":1,"s":0,"f":0,"sb":0,"sf":0,"i":0}]}]},{"b":632.0,"g":2,"e":[{"f":{"f":1,"p":1},"d":1,"t":1,"w":0,"b":0,"r":0,"i":0,"l":[{"b":1.0,"c":0,"s":0,"f":0,"sb":0,"sf":0,"i":0}]}]},{"b":632.0,"g":3,"e":[{"f":{"f":1,"p":1},"d":1,"t":1,"w":0,"b":0,"r":0,"i":0,"l":[{"b":1.0,"c":0,"s":0,"f":0,"sb":0,"sf":0,"i":0}]}]},{"b":632.0,"g":0,"e":[{"f":{"f":1,"p":1},"d":1,"t":1,"w":0,"b":0,"r":0,"i":0,"l":[{"b":1.0,"c":2,"s":0,"f":0,"sb":0,"sf":0,"i":0}]}]},{"b":632.0,"g":1,"e":[{"f":{"f":1,"p":1},"d":1,"t":1,"w":0,"b":0,"r":0,"i":0,"l":[{"b":1.0,"c":2,"s":0,"f":0,"sb":0,"sf":0,"i":0}]}]},{"b":633.0,"g":6,"e":[{"f":{"f":1,"p":1},"d":1,"t":1,"w":0,"b":0,"r":0,"i":0,"l":[{"b":0,"c":1,"s":0,"f":0,"sb":0,"sf":0,"i":0}]}]},{"b":633.0,"g":7,"e":[{"f":{"f":1,"p":1},"d":1,"t":1,"w":0,"b":0,"r":0,"i":0,"l":[{"b":0,"c":1,"s":0,"f":0,"sb":0,"sf":0,"i":0}]}]},{"b":633.0,"g":2,"e":[{"f":{"f":1,"p":1},"d":1,"t":1,"w":0,"b":0,"r":0,"i":0,"l":[{"b":0,"c":0,"s":0,"f":0,"sb":0,"sf":0,"i":0}]}]},{"b":633.0,"g":3,"e":[{"f":{"f":1,"p":1},"d":1,"t":1,"w":0,"b":0,"r":0,"i":0,"l":[{"b":0,"c":0,"s":0,"f":0,"sb":0,"sf":0,"i":0}]}]},{"b":633.0,"g":0,"e":[{"f":{"f":1,"p":1},"d":1,"t":1,"w":0,"b":0,"r":0,"i":0,"l":[{"b":0,"c":2,"s":0,"f":0,"sb":0,"sf":0,"i":0}]}]},{"b":633.0,"g":1,"e":[{"f":{"f":1,"p":1},"d":1,"t":1,"w":0,"b":0,"r":0,"i":0,"l":[{"b":0,"c":2,"s":0,"f":0,"sb":0,"sf":0,"i":0}]}]}],"lightRotationEventBoxGroups":[{"b":24.0,"g":8,"e":[{"f":{"f":1,"p":1},"d":1,"t":1,"w":0,"s":0,"b":0,"a":0,"r":0,"i":0,"l":[{"b":0,"e":-1,"r":270.0,"p":0,"d":0,"l":0}]}]},{"b":24.0,"g":9,"e":[{"f":{"f":1,"p":1},"d":1,"t":1,"w":0,"s":0,"b":0,"a":0,"r":0,"i":0,"l":[{"b":0,"p":0,"e":0,"r":0,"d":0,"l":0}]}]},{"b":28.0,"g":8,"e":[{"f":{"f":1,"p":1},"d":1,"t":1,"w":0,"s":0,"b":0,"a":0,"r":0,"i":0,"l":[{"b":0,"p":0,"e":0,"r":0,"d":0,"l":0}]}]},{"b":28.0,"g":9,"e":[{"f":{"f":1,"p":1},"d":1,"t":1,"w":0,"s":0,"b":0,"a":0,"r":0,"i":0,"l":[{"b":0,"r":270.0,"p":0,"e":0,"d":0,"l":0}]}]},{"b":32.0,"g":8,"e":[{"f":{"f":1,"p":1},"d":1,"t":1,"w":0,"s":0,"b":0,"a":0,"r":0,"i":0,"l":[{"b":0,"r":270.0,"p":0,"e":0,"d":0,"l":0}]}]},{"b":32.0,"g":9,"e":[{"f":{"f":1,"p":1},"d":1,"t":1,"w":0,"s":0,"b":0,"a":0,"r":0,"i":0,"l":[{"b":0,"p":0,"e":0,"r":0,"d":0,"l":0}]}]},{"b":36.0,"g":8,"e":[{"f":{"f":1,"p":1},"d":1,"t":1,"w":0,"s":0,"b":0,"a":0,"r":0,"i":0,"l":[{"b":0,"p":0,"e":0,"r":0,"d":0,"l":0}]}]},{"b":36.0,"g":9,"e":[{"f":{"f":1,"p":1},"d":1,"t":1,"w":0,"s":0,"b":0,"a":0,"r":0,"i":0,"l":[{"b":0,"r":270.0,"p":0,"e":0,"d":0,"l":0}]}]},{"b":40.0,"g":8,"e":[{"f":{"f":1,"p":1},"d":1,"t":1,"w":0,"s":0,"b":0,"a":0,"r":0,"i":0,"l":[{"b":0,"r":270.0,"p":0,"e":0,"d":0,"l":0}]}]},{"b":40.0,"g":9,"e":[{"f":{"f":1,"p":1},"d":1,"t":1,"w":0,"s":0,"b":0,"a":0,"r":0,"i":0,"l":[{"b":0,"p":0,"e":0,"r":0,"d":0,"l":0}]}]},{"b":44.0,"g":8,"e":[{"f":{"f":1,"p":1},"d":1,"t":1,"w":0,"s":0,"b":0,"a":0,"r":0,"i":0,"l":[{"b":0,"p":0,"e":0,"r":0,"d":0,"l":0}]}]},{"b":44.0,"g":9,"e":[{"f":{"f":1,"p":1},"d":1,"t":1,"w":0,"s":0,"b":0,"a":0,"r":0,"i":0,"l":[{"b":0,"r":270.0,"p":0,"e":0,"d":0,"l":0}]}]},{"b":48.0,"g":8,"e":[{"f":{"f":1,"p":1},"d":1,"t":1,"w":0,"s":0,"b":0,"a":0,"r":0,"i":0,"l":[{"b":0,"r":270.0,"p":0,"e":0,"d":0,"l":0}]}]},{"b":48.0,"g":9,"e":[{"f":{"f":1,"p":1},"d":1,"t":1,"w":0,"s":0,"b":0,"a":0,"r":0,"i":0,"l":[{"b":0,"p":0,"e":0,"r":0,"d":0,"l":0}]}]},{"b":52.0,"g":8,"e":[{"f":{"f":1,"p":1},"d":1,"t":1,"w":0,"s":0,"b":0,"a":0,"r":0,"i":0,"l":[{"b":0,"p":0,"e":0,"r":0,"d":0,"l":0}]}]},{"b":52.0,"g":9,"e":[{"f":{"f":1,"p":1},"d":1,"t":1,"w":0,"s":0,"b":0,"a":0,"r":0,"i":0,"l":[{"b":0,"r":270.0,"p":0,"e":0,"d":0,"l":0}]}]},{"b":55.75,"g":8,"e":[{"f":{"f":1,"p":1},"d":1,"t":1,"w":0,"s":0,"b":0,"a":0,"r":0,"i":0,"l":[{"b":0,"r":270.0,"p":0,"e":0,"d":0,"l":0}]}]},{"b":56.0,"g":8,"e":[{"f":{"f":1,"p":1},"d":1,"t":1,"w":0,"s":0,"b":0,"a":0,"r":0,"i":0,"l":[{"b":0,"e":-1,"p":0,"r":0,"d":0,"l":0}]}]},{"b":56.0,"g":9,"e":[{"f":{"f":1,"p":1},"d":1,"t":1,"w":0,"s":0,"b":0,"a":0,"r":0,"i":0,"l":[{"b":0,"p":0,"e":0,"r":0,"d":0,"l":0}]}]}],"lightTranslationEventBoxGroups":[],"vfxEventBoxGroups":[]}